
*** crates/tla-syntax/src/parser.rs:608:12: delete ! in Parser::skip_expression_label

*** mutation diff:
--- crates/tla-syntax/src/parser.rs
+++ delete ! in Parser::skip_expression_label
@@ -600,17 +600,17 @@
                         }
                     }
                     Tok::Eof => return None,
                     _ => {}
                 }
                 ahead += 1;
             }
         }
-        if !matches!(self.peek_at(ahead), Tok::ColonColon) {
+        if  /* ~ changed by cargo-mutants ~ */matches!(self.peek_at(ahead), Tok::ColonColon) {
             return None;
         }
         for _ in 0..=ahead {
             self.advance();
         }
         Some(self.expr(0))
     }
 


*** /home/ops/.rustup/toolchains/stable-x86_64-unknown-linux-gnu/bin/cargo test --no-run --verbose --package=tla-syntax@0.1.0
       Dirty tla-syntax v0.1.0 (/tmp/cargo-mutants-tlatools-rs-jMqRFZ.tmp/crates/tla-syntax): the file `crates/tla-syntax/src/parser.rs` has changed (1786402336.345413129s, 3s after last build at 1786402333.900263399s)
   Compiling tla-syntax v0.1.0 (/tmp/cargo-mutants-tlatools-rs-jMqRFZ.tmp/crates/tla-syntax)
     Running `/home/ops/.rustup/toolchains/stable-x86_64-unknown-linux-gnu/bin/rustc --crate-name tla_syntax --edition=2024 crates/tla-syntax/src/lib.rs --error-format=json --json=diagnostic-rendered-ansi,artifacts,future-incompat --emit=dep-info,link -C embed-bitcode=no -C debuginfo=2 '--warn=clippy::pedantic' '--deny=clippy::all' --forbid=unsafe_code '--allow=clippy::similar_names' '--allow=clippy::must_use_candidate' '--allow=clippy::missing_errors_doc' --test --check-cfg 'cfg(docsrs,test)' --check-cfg 'cfg(feature, values())' -C metadata=b9cdaea3d809ecd1 -C extra-filename=-7b1a32620c4b87af --out-dir /tmp/cargo-mutants-tlatools-rs-jMqRFZ.tmp/target/debug/deps -C incremental=/tmp/cargo-mutants-tlatools-rs-jMqRFZ.tmp/target/debug/incremental -L dependency=/tmp/cargo-mutants-tlatools-rs-jMqRFZ.tmp/target/debug/deps`
     Running `/home/ops/.rustup/toolchains/stable-x86_64-unknown-linux-gnu/bin/rustc --crate-name tla_syntax --edition=2024 crates/tla-syntax/src/lib.rs --error-format=json --json=diagnostic-rendered-ansi,artifacts,future-incompat --crate-type lib --emit=dep-info,metadata,link -C embed-bitcode=no -C debuginfo=2 '--warn=clippy::pedantic' '--deny=clippy::all' --forbid=unsafe_code '--allow=clippy::similar_names' '--allow=clippy::must_use_candidate' '--allow=clippy::missing_errors_doc' --check-cfg 'cfg(docsrs,test)' --check-cfg 'cfg(feature, values())' -C metadata=85b1367430153dc6 -C extra-filename=-169d03993c2aec3f --out-dir /tmp/cargo-mutants-tlatools-rs-jMqRFZ.tmp/target/debug/deps -C incremental=/tmp/cargo-mutants-tlatools-rs-jMqRFZ.tmp/target/debug/incremental -L dependency=/tmp/cargo-mutants-tlatools-rs-jMqRFZ.tmp/target/debug/deps`
     Running `/home/ops/.rustup/toolchains/stable-x86_64-unknown-linux-gnu/bin/rustc --crate-name grammar --edition=2024 crates/tla-syntax/tests/grammar.rs --error-format=json --json=diagnostic-rendered-ansi,artifacts,future-incompat --emit=dep-info,link -C embed-bitcode=no -C debuginfo=2 '--warn=clippy::pedantic' '--deny=clippy::all' --forbid=unsafe_code '--allow=clippy::similar_names' '--allow=clippy::must_use_candidate' '--allow=clippy::missing_errors_doc' --test --check-cfg 'cfg(docsrs,test)' --check-cfg 'cfg(feature, values())' -C metadata=0802b3514e0199db -C extra-filename=-209c7b39092f9a9f --out-dir /tmp/cargo-mutants-tlatools-rs-jMqRFZ.tmp/target/debug/deps -C incremental=/tmp/cargo-mutants-tlatools-rs-jMqRFZ.tmp/target/debug/incremental -L dependency=/tmp/cargo-mutants-tlatools-rs-jMqRFZ.tmp/target/debug/deps --extern tla_syntax=/tmp/cargo-mutants-tlatools-rs-jMqRFZ.tmp/target/debug/deps/libtla_syntax-169d03993c2aec3f.rlib`
     Running `/home/ops/.rustup/toolchains/stable-x86_64-unknown-linux-gnu/bin/rustc --crate-name robustness --edition=2024 crates/tla-syntax/tests/robustness.rs --error-format=json --json=diagnostic-rendered-ansi,artifacts,future-incompat --emit=dep-info,link -C embed-bitcode=no -C debuginfo=2 '--warn=clippy::pedantic' '--deny=clippy::all' --forbid=unsafe_code '--allow=clippy::similar_names' '--allow=clippy::must_use_candidate' '--allow=clippy::missing_errors_doc' --test --check-cfg 'cfg(docsrs,test)' --check-cfg 'cfg(feature, values())' -C metadata=3b1de0d84c0f7391 -C extra-filename=-4657dcdff6c43e2f --out-dir /tmp/cargo-mutants-tlatools-rs-jMqRFZ.tmp/target/debug/deps -C incremental=/tmp/cargo-mutants-tlatools-rs-jMqRFZ.tmp/target/debug/incremental -L dependency=/tmp/cargo-mutants-tlatools-rs-jMqRFZ.tmp/target/debug/deps --extern tla_syntax=/tmp/cargo-mutants-tlatools-rs-jMqRFZ.tmp/target/debug/deps/libtla_syntax-169d03993c2aec3f.rlib`
     Running `/home/ops/.rustup/toolchains/stable-x86_64-unknown-linux-gnu/bin/rustc --crate-name queries --edition=2024 crates/tla-syntax/tests/queries.rs --error-format=json --json=diagnostic-rendered-ansi,artifacts,future-incompat --emit=dep-info,link -C embed-bitcode=no -C debuginfo=2 '--warn=clippy::pedantic' '--deny=clippy::all' --forbid=unsafe_code '--allow=clippy::similar_names' '--allow=clippy::must_use_candidate' '--allow=clippy::missing_errors_doc' --test --check-cfg 'cfg(docsrs,test)' --check-cfg 'cfg(feature, values())' -C metadata=fc19234c6e95ae98 -C extra-filename=-2cacbc55350fea8e --out-dir /tmp/cargo-mutants-tlatools-rs-jMqRFZ.tmp/target/debug/deps -C incremental=/tmp/cargo-mutants-tlatools-rs-jMqRFZ.tmp/target/debug/incremental -L dependency=/tmp/cargo-mutants-tlatools-rs-jMqRFZ.tmp/target/debug/deps --extern tla_syntax=/tmp/cargo-mutants-tlatools-rs-jMqRFZ.tmp/target/debug/deps/libtla_syntax-169d03993c2aec3f.rlib`
     Running `/home/ops/.rustup/toolchains/stable-x86_64-unknown-linux-gnu/bin/rustc --crate-name depth --edition=2024 crates/tla-syntax/examples/depth.rs --error-format=json --json=diagnostic-rendered-ansi,artifacts,future-incompat --crate-type bin --emit=dep-info,link -C embed-bitcode=no -C debuginfo=2 '--warn=clippy::pedantic' '--deny=clippy::all' --forbid=unsafe_code '--allow=clippy::similar_names' '--allow=clippy::must_use_candidate' '--allow=clippy::missing_errors_doc' --check-cfg 'cfg(docsrs,test)' --check-cfg 'cfg(feature, values())' -C metadata=945ad0d3a4da74b3 -C extra-filename=-2ef4d05ce566e5e5 --out-dir /tmp/cargo-mutants-tlatools-rs-jMqRFZ.tmp/target/debug/examples -C incremental=/tmp/cargo-mutants-tlatools-rs-jMqRFZ.tmp/target/debug/incremental -L dependency=/tmp/cargo-mutants-tlatools-rs-jMqRFZ.tmp/target/debug/deps --extern tla_syntax=/tmp/cargo-mutants-tlatools-rs-jMqRFZ.tmp/target/debug/deps/libtla_syntax-169d03993c2aec3f.rlib`
     Running `/home/ops/.rustup/toolchains/stable-x86_64-unknown-linux-gnu/bin/rustc --crate-name audit --edition=2024 crates/tla-syntax/examples/audit.rs --error-format=json --json=diagnostic-rendered-ansi,artifacts,future-incompat --crate-type bin --emit=dep-info,link -C embed-bitcode=no -C debuginfo=2 '--warn=clippy::pedantic' '--deny=clippy::all' --forbid=unsafe_code '--allow=clippy::similar_names' '--allow=clippy::must_use_candidate' '--allow=clippy::missing_errors_doc' --check-cfg 'cfg(docsrs,test)' --check-cfg 'cfg(feature, values())' -C metadata=dbbf919ed7279ef0 -C extra-filename=-0e703b0c6e8c99ba --out-dir /tmp/cargo-mutants-tlatools-rs-jMqRFZ.tmp/target/debug/examples -C incremental=/tmp/cargo-mutants-tlatools-rs-jMqRFZ.tmp/target/debug/incremental -L dependency=/tmp/cargo-mutants-tlatools-rs-jMqRFZ.tmp/target/debug/deps --extern tla_syntax=/tmp/cargo-mutants-tlatools-rs-jMqRFZ.tmp/target/debug/deps/libtla_syntax-169d03993c2aec3f.rlib`
     Running `/home/ops/.rustup/toolchains/stable-x86_64-unknown-linux-gnu/bin/rustc --crate-name parse_specs --edition=2024 crates/tla-syntax/tests/parse_specs.rs --error-format=json --json=diagnostic-rendered-ansi,artifacts,future-incompat --emit=dep-info,link -C embed-bitcode=no -C debuginfo=2 '--warn=clippy::pedantic' '--deny=clippy::all' --forbid=unsafe_code '--allow=clippy::similar_names' '--allow=clippy::must_use_candidate' '--allow=clippy::missing_errors_doc' --test --check-cfg 'cfg(docsrs,test)' --check-cfg 'cfg(feature, values())' -C metadata=a8f81c428969cd5b -C extra-filename=-f79b0d0a70f894ac --out-dir /tmp/cargo-mutants-tlatools-rs-jMqRFZ.tmp/target/debug/deps -C incremental=/tmp/cargo-mutants-tlatools-rs-jMqRFZ.tmp/target/debug/incremental -L dependency=/tmp/cargo-mutants-tlatools-rs-jMqRFZ.tmp/target/debug/deps --extern tla_syntax=/tmp/cargo-mutants-tlatools-rs-jMqRFZ.tmp/target/debug/deps/libtla_syntax-169d03993c2aec3f.rlib`
    Finished `test` profile [unoptimized + debuginfo] target(s) in 0.26s
  Executable `/tmp/cargo-mutants-tlatools-rs-jMqRFZ.tmp/target/debug/deps/tla_syntax-7b1a32620c4b87af`
  Executable `/tmp/cargo-mutants-tlatools-rs-jMqRFZ.tmp/target/debug/deps/grammar-209c7b39092f9a9f`
  Executable `/tmp/cargo-mutants-tlatools-rs-jMqRFZ.tmp/target/debug/deps/parse_specs-f79b0d0a70f894ac`
  Executable `/tmp/cargo-mutants-tlatools-rs-jMqRFZ.tmp/target/debug/deps/queries-2cacbc55350fea8e`
  Executable `/tmp/cargo-mutants-tlatools-rs-jMqRFZ.tmp/target/debug/deps/robustness-4657dcdff6c43e2f`

*** result: Success

*** /home/ops/.rustup/toolchains/stable-x86_64-unknown-linux-gnu/bin/cargo test --verbose --package=tla-syntax@0.1.0
       Fresh tla-syntax v0.1.0 (/tmp/cargo-mutants-tlatools-rs-jMqRFZ.tmp/crates/tla-syntax)
    Finished `test` profile [unoptimized + debuginfo] target(s) in 0.01s
     Running `/tmp/cargo-mutants-tlatools-rs-jMqRFZ.tmp/target/debug/deps/tla_syntax-7b1a32620c4b87af`

running 0 tests

test result: ok. 0 passed; 0 failed; 0 ignored; 0 measured; 0 filtered out; finished in 0.00s

     Running `/tmp/cargo-mutants-tlatools-rs-jMqRFZ.tmp/target/debug/deps/grammar-209c7b39092f9a9f`

running 23 tests
test a_choose_inside_braces_is_not_a_set_filter ... FAILED
test a_lambda_may_be_passed_where_an_operator_is_wanted ... FAILED
test a_fairness_subscript_may_be_a_tuple ... FAILED
test a_function_may_be_defined_by_its_graph ... FAILED
test a_module_may_contain_another ... ok
test a_name_may_begin_with_a_digit_or_an_underscore ... ok
test a_named_theorem_keeps_its_statement ... FAILED
test a_postfix_operator_binds_to_what_precedes_it ... FAILED
test a_proof_is_skipped_and_the_module_continues ... ok
test an_infix_operator_can_be_defined ... FAILED
test an_action_subscript_is_recognised_past_an_inner_colon ... FAILED
test an_operator_may_be_passed_as_an_argument ... FAILED
test case_arms_are_separated_by_boxes ... ok
test an_operator_may_follow_a_bulleted_list ... FAILED
test except_accepts_several_indices_at_once ... FAILED
test higher_order_parameters_record_their_arity ... FAILED
test instance_names_may_be_chained_and_take_arguments ... FAILED
test labels_are_read_and_dropped ... FAILED
test prefix_and_postfix_operators_can_be_defined ... FAILED
test prose_outside_the_module_is_not_lexed ... ok
test temporal_quantifiers_parse_and_are_marked_as_such ... FAILED
test set_filters_and_set_maps_are_told_apart ... FAILED
test the_new_forms_round_trip ... FAILED

failures:

---- a_choose_inside_braces_is_not_a_set_filter stdout ----

thread 'a_choose_inside_braces_is_not_a_set_filter' (485829) panicked at crates/tla-syntax/tests/grammar.rs:12:43:
parse error at 2:31: expected Colon, found RBrace
in:
---- MODULE T ----
Pick == {CHOOSE x \in S : TRUE}
====================
note: run with `RUST_BACKTRACE=1` environment variable to display a backtrace

---- a_lambda_may_be_passed_where_an_operator_is_wanted stdout ----

thread 'a_lambda_may_be_passed_where_an_operator_is_wanted' (485832) panicked at crates/tla-syntax/tests/grammar.rs:12:43:
parse error at 3:21: expected an expression, found Eof
in:
---- MODULE T ----
Foo == Apply(LAMBDA x, y : x + y, 1)
====================

---- a_fairness_subscript_may_be_a_tuple stdout ----

thread 'a_fairness_subscript_may_be_a_tuple' (485830) panicked at crates/tla-syntax/tests/grammar.rs:12:43:
parse error at 3:1: expected an expression, found ModuleEnd
in:
---- MODULE T ----
F == WF_<<a, b>>(Next)
====================

---- a_function_may_be_defined_by_its_graph stdout ----

thread 'a_function_may_be_defined_by_its_graph' (485831) panicked at crates/tla-syntax/tests/grammar.rs:12:43:
parse error at 2:12: expected an expression, found DefEq
in:
---- MODULE T ----
f[x \in S] == x + 1
====================

---- a_named_theorem_keeps_its_statement stdout ----

thread 'a_named_theorem_keeps_its_statement' (485835) panicked at crates/tla-syntax/tests/grammar.rs:189:5:
assertion failed: m.units.iter().any(|u| matches!(u, Unit::Theorem(_)))

---- a_postfix_operator_binds_to_what_precedes_it stdout ----

thread 'a_postfix_operator_binds_to_what_precedes_it' (485836) panicked at crates/tla-syntax/tests/grammar.rs:12:43:
parse error at 2:12: expected an expression, found Op(Cup)
in:
---- MODULE T ----
Foo == S^+ \cup T
====================

---- an_infix_operator_can_be_defined stdout ----

thread 'an_infix_operator_can_be_defined' (485839) panicked at crates/tla-syntax/tests/grammar.rs:12:43:
parse error at 3:21: expected an expression, found Eof
in:
---- MODULE T ----
a \prec b == a < b
====================

---- an_action_subscript_is_recognised_past_an_inner_colon stdout ----

thread 'an_action_subscript_is_recognised_past_an_inner_colon' (485838) panicked at crates/tla-syntax/tests/grammar.rs:12:43:
parse error at 2:34: expected an expression, found Op(Eq)
in:
---- MODULE T ----
Keeps == [][\A i \in Proc : p[i] = p'[i]]_vars
====================

---- an_operator_may_be_passed_as_an_argument stdout ----

thread 'an_operator_may_be_passed_as_an_argument' (485840) panicked at crates/tla-syntax/tests/grammar.rs:12:43:
parse error at 3:21: expected an expression, found Eof
in:
---- MODULE T ----
Sum(S) == FoldSet(+, 0, S)
====================

---- an_operator_may_follow_a_bulleted_list stdout ----

thread 'an_operator_may_follow_a_bulleted_list' (485841) panicked at crates/tla-syntax/tests/grammar.rs:12:43:
parse error at 6:21: expected an expression, found Eof
in:
---- MODULE T ----
Safe ==
  /\ TypeOK
  /\ OneVote
  => Consistent
====================

---- except_accepts_several_indices_at_once stdout ----

thread 'except_accepts_several_indices_at_once' (485843) panicked at crates/tla-syntax/tests/grammar.rs:12:43:
parse error at 2:18: expected an expression, found Bang
in:
---- MODULE T ----
Set == [f EXCEPT ![a, b] = v]
====================

---- higher_order_parameters_record_their_arity stdout ----

thread 'higher_order_parameters_record_their_arity' (485844) panicked at crates/tla-syntax/tests/grammar.rs:12:43:
parse error at 3:21: expected an expression, found Eof
in:
---- MODULE T ----
Fold(op(_, _), base, S) == base
====================

---- instance_names_may_be_chained_and_take_arguments stdout ----

thread 'instance_names_may_be_chained_and_take_arguments' (485845) panicked at crates/tla-syntax/tests/grammar.rs:12:43:
parse error at 3:21: expected an expression, found Eof
in:
---- MODULE T ----
Q == A!B!C
====================

---- labels_are_read_and_dropped stdout ----

thread 'labels_are_read_and_dropped' (485846) panicked at crates/tla-syntax/tests/grammar.rs:12:43:
parse error at 2:15: expected a declaration, found ColonColon
in:
---- MODULE T ----
Step == /\ Lbl:: x = 1
        /\ y = 2
====================

---- prefix_and_postfix_operators_can_be_defined stdout ----

thread 'prefix_and_postfix_operators_can_be_defined' (485847) panicked at crates/tla-syntax/tests/grammar.rs:12:43:
parse error at 3:3: expected an expression, found Op(User("^+"))
in:
---- MODULE T ----
-. a == 0 - a
b ^+ == b + 1
====================

---- temporal_quantifiers_parse_and_are_marked_as_such stdout ----

thread 'temporal_quantifiers_parse_and_are_marked_as_such' (485850) panicked at crates/tla-syntax/tests/grammar.rs:12:43:
parse error at 3:21: expected an expression, found Eof
in:
---- MODULE T ----
Hidden == \EE t : Timer(t)
====================

---- set_filters_and_set_maps_are_told_apart stdout ----

thread 'set_filters_and_set_maps_are_told_apart' (485849) panicked at crates/tla-syntax/tests/grammar.rs:12:43:
parse error at 3:1: expected an expression, found ModuleEnd
in:
---- MODULE T ----
A == {x \in S : P(x)}
====================

---- the_new_forms_round_trip stdout ----

thread 'the_new_forms_round_trip' (485851) panicked at crates/tla-syntax/tests/grammar.rs:254:33:
parsing `S^+ \cup T`: parse error at 1:5: expected an expression, found Op(Cup)


failures:
    a_choose_inside_braces_is_not_a_set_filter
    a_fairness_subscript_may_be_a_tuple
    a_function_may_be_defined_by_its_graph
    a_lambda_may_be_passed_where_an_operator_is_wanted
    a_named_theorem_keeps_its_statement
    a_postfix_operator_binds_to_what_precedes_it
    an_action_subscript_is_recognised_past_an_inner_colon
    an_infix_operator_can_be_defined
    an_operator_may_be_passed_as_an_argument
    an_operator_may_follow_a_bulleted_list
    except_accepts_several_indices_at_once
    higher_order_parameters_record_their_arity
    instance_names_may_be_chained_and_take_arguments
    labels_are_read_and_dropped
    prefix_and_postfix_operators_can_be_defined
    set_filters_and_set_maps_are_told_apart
    temporal_quantifiers_parse_and_are_marked_as_such
    the_new_forms_round_trip

test result: FAILED. 5 passed; 18 failed; 0 ignored; 0 measured; 0 filtered out; finished in 0.00s

error: test failed, to rerun pass `-p tla-syntax --test grammar`

*** result: Failure(101)
