
*** crates/tla-oracle/src/check.rs:233:5: replace check_edges -> Option<Report> with Some(Default::default())

*** mutation diff:
--- crates/tla-oracle/src/check.rs
+++ replace check_edges -> Option<Report> with Some(Default::default())
@@ -225,56 +225,17 @@
 }
 
 fn check_edges(
     job: &Job,
     evaluator: &Evaluator<'_>,
     states: &[State],
     stats: &mut Stats,
 ) -> Option<Report> {
-    for (index, (source, target, label)) in job.edges.iter().enumerate() {
-        let (Some(from), Some(to)) = (states.get(*source), states.get(*target)) else {
-            return Some(Report::of(
-                Status::Error,
-                format!("edge {index} refers to a state index outside the graph"),
-                *stats,
-            ));
-        };
-        stats.edges_checked = index + 1;
-        match evaluator.step_allowed(&job.next_op, from, to) {
-            Ok(true) => {}
-            Ok(false) => {
-                let blocked: Vec<BlockedReport> = evaluator
-                    .why_not(&job.next_op, from, to)
-                    .unwrap_or_default()
-                    .into_iter()
-                    .take(MAX_BLOCKED)
-                    .map(BlockedReport::from)
-                    .collect();
-                let mut report =
-                    Report::of(Status::Refines, explain(from, to, blocked.first()), *stats);
-                report.edge = Some(EdgeReport {
-                    index,
-                    source: *source,
-                    target: *target,
-                    label: label.clone(),
-                });
-                report.blocked = blocked;
-                return Some(report);
-            }
-            Err(e) => {
-                return Some(Report::of(
-                    classify(&e),
-                    format!("{}: {e}", job.next_op),
-                    *stats,
-                ));
-            }
-        }
-    }
-    None
+    Some(Default::default()) /* ~ changed by cargo-mutants ~ */
 }
 
 fn check_outcomes(
     job: &Job,
     coverage: &Evaluator<'_>,
     outcomes: &[(String, Expr)],
     stats: &mut Stats,
 ) -> Option<Report> {


*** /home/ops/.rustup/toolchains/stable-x86_64-unknown-linux-gnu/bin/cargo test --no-run --verbose --package=tla-oracle@0.1.0
       Fresh unicode-ident v1.0.24
       Fresh itoa v1.0.18
       Fresh memchr v2.8.3
       Fresh tla-syntax v0.1.0 (/tmp/cargo-mutants-tlatools-rs-EWAJa9.tmp/crates/tla-syntax)
       Fresh proc-macro2 v1.0.107
       Fresh tla-eval v0.1.0 (/tmp/cargo-mutants-tlatools-rs-EWAJa9.tmp/crates/tla-eval)
       Fresh quote v1.0.47
       Fresh serde_core v1.0.229
       Fresh zmij v1.0.23
       Fresh syn v3.0.3
       Fresh serde_json v1.0.151
       Fresh serde_derive v1.0.229
       Fresh serde v1.0.229
   Compiling tla-oracle v0.1.0 (/tmp/cargo-mutants-tlatools-rs-EWAJa9.tmp/crates/tla-oracle)
     Running `/home/ops/.rustup/toolchains/stable-x86_64-unknown-linux-gnu/bin/rustc --crate-name tla_oracle --edition=2024 crates/tla-oracle/src/lib.rs --error-format=json --json=diagnostic-rendered-ansi,artifacts,future-incompat --crate-type lib --emit=dep-info,metadata,link -C embed-bitcode=no -C debuginfo=2 '--warn=clippy::pedantic' '--deny=clippy::all' --forbid=unsafe_code '--allow=clippy::similar_names' '--allow=clippy::must_use_candidate' '--allow=clippy::missing_errors_doc' --check-cfg 'cfg(docsrs,test)' --check-cfg 'cfg(feature, values())' -C metadata=b83f616a193d2c4f -C extra-filename=-05e96871ddace9ec --out-dir /tmp/cargo-mutants-tlatools-rs-EWAJa9.tmp/target/debug/deps -C incremental=/tmp/cargo-mutants-tlatools-rs-EWAJa9.tmp/target/debug/incremental -L dependency=/tmp/cargo-mutants-tlatools-rs-EWAJa9.tmp/target/debug/deps --extern serde=/tmp/cargo-mutants-tlatools-rs-EWAJa9.tmp/target/debug/deps/libserde-50e58405f4925bd5.rmeta --extern serde_json=/tmp/cargo-mutants-tlatools-rs-EWAJa9.tmp/target/debug/deps/libserde_json-1f53e1b7a8e26068.rmeta --extern tla_eval=/tmp/cargo-mutants-tlatools-rs-EWAJa9.tmp/target/debug/deps/libtla_eval-9723028bc8fab821.rmeta --extern tla_syntax=/tmp/cargo-mutants-tlatools-rs-EWAJa9.tmp/target/debug/deps/libtla_syntax-169d03993c2aec3f.rmeta`
     Running `/home/ops/.rustup/toolchains/stable-x86_64-unknown-linux-gnu/bin/rustc --crate-name tla_oracle --edition=2024 crates/tla-oracle/src/lib.rs --error-format=json --json=diagnostic-rendered-ansi,artifacts,future-incompat --emit=dep-info,link -C embed-bitcode=no -C debuginfo=2 '--warn=clippy::pedantic' '--deny=clippy::all' --forbid=unsafe_code '--allow=clippy::similar_names' '--allow=clippy::must_use_candidate' '--allow=clippy::missing_errors_doc' --test --check-cfg 'cfg(docsrs,test)' --check-cfg 'cfg(feature, values())' -C metadata=0ab41740dcdd59c9 -C extra-filename=-1cfd7f127e84a435 --out-dir /tmp/cargo-mutants-tlatools-rs-EWAJa9.tmp/target/debug/deps -C incremental=/tmp/cargo-mutants-tlatools-rs-EWAJa9.tmp/target/debug/incremental -L dependency=/tmp/cargo-mutants-tlatools-rs-EWAJa9.tmp/target/debug/deps --extern serde=/tmp/cargo-mutants-tlatools-rs-EWAJa9.tmp/target/debug/deps/libserde-50e58405f4925bd5.rlib --extern serde_json=/tmp/cargo-mutants-tlatools-rs-EWAJa9.tmp/target/debug/deps/libserde_json-1f53e1b7a8e26068.rlib --extern tla_eval=/tmp/cargo-mutants-tlatools-rs-EWAJa9.tmp/target/debug/deps/libtla_eval-9723028bc8fab821.rlib --extern tla_syntax=/tmp/cargo-mutants-tlatools-rs-EWAJa9.tmp/target/debug/deps/libtla_syntax-169d03993c2aec3f.rlib`
error[E0277]: the trait bound `check::Report: Default` is not satisfied
   --> crates/tla-oracle/src/check.rs:233:10
    |
233 |     Some(Default::default()) /* ~ changed by cargo-mutants ~ */
    |          ^^^^^^^^^^^^^^^^^^ unsatisfied trait bound
    |
help: the trait `Default` is not implemented for `check::Report`
   --> crates/tla-oracle/src/check.rs:115:1
    |
115 | pub struct Report {
    | ^^^^^^^^^^^^^^^^^

For more information about this error, try `rustc --explain E0277`.
error: could not compile `tla-oracle` (lib) due to 1 previous error

Caused by:
  process didn't exit successfully: `/home/ops/.rustup/toolchains/stable-x86_64-unknown-linux-gnu/bin/rustc --crate-name tla_oracle --edition=2024 crates/tla-oracle/src/lib.rs --error-format=json --json=diagnostic-rendered-ansi,artifacts,future-incompat --crate-type lib --emit=dep-info,metadata,link -C embed-bitcode=no -C debuginfo=2 '--warn=clippy::pedantic' '--deny=clippy::all' --forbid=unsafe_code '--allow=clippy::similar_names' '--allow=clippy::must_use_candidate' '--allow=clippy::missing_errors_doc' --check-cfg 'cfg(docsrs,test)' --check-cfg 'cfg(feature, values())' -C metadata=b83f616a193d2c4f -C extra-filename=-05e96871ddace9ec --out-dir /tmp/cargo-mutants-tlatools-rs-EWAJa9.tmp/target/debug/deps -C incremental=/tmp/cargo-mutants-tlatools-rs-EWAJa9.tmp/target/debug/incremental -L dependency=/tmp/cargo-mutants-tlatools-rs-EWAJa9.tmp/target/debug/deps --extern serde=/tmp/cargo-mutants-tlatools-rs-EWAJa9.tmp/target/debug/deps/libserde-50e58405f4925bd5.rmeta --extern serde_json=/tmp/cargo-mutants-tlatools-rs-EWAJa9.tmp/target/debug/deps/libserde_json-1f53e1b7a8e26068.rmeta --extern tla_eval=/tmp/cargo-mutants-tlatools-rs-EWAJa9.tmp/target/debug/deps/libtla_eval-9723028bc8fab821.rmeta --extern tla_syntax=/tmp/cargo-mutants-tlatools-rs-EWAJa9.tmp/target/debug/deps/libtla_syntax-169d03993c2aec3f.rmeta` (exit status: 1)
warning: build failed, waiting for other jobs to finish...
error: could not compile `tla-oracle` (lib test) due to 1 previous error

Caused by:
  process didn't exit successfully: `/home/ops/.rustup/toolchains/stable-x86_64-unknown-linux-gnu/bin/rustc --crate-name tla_oracle --edition=2024 crates/tla-oracle/src/lib.rs --error-format=json --json=diagnostic-rendered-ansi,artifacts,future-incompat --emit=dep-info,link -C embed-bitcode=no -C debuginfo=2 '--warn=clippy::pedantic' '--deny=clippy::all' --forbid=unsafe_code '--allow=clippy::similar_names' '--allow=clippy::must_use_candidate' '--allow=clippy::missing_errors_doc' --test --check-cfg 'cfg(docsrs,test)' --check-cfg 'cfg(feature, values())' -C metadata=0ab41740dcdd59c9 -C extra-filename=-1cfd7f127e84a435 --out-dir /tmp/cargo-mutants-tlatools-rs-EWAJa9.tmp/target/debug/deps -C incremental=/tmp/cargo-mutants-tlatools-rs-EWAJa9.tmp/target/debug/incremental -L dependency=/tmp/cargo-mutants-tlatools-rs-EWAJa9.tmp/target/debug/deps --extern serde=/tmp/cargo-mutants-tlatools-rs-EWAJa9.tmp/target/debug/deps/libserde-50e58405f4925bd5.rlib --extern serde_json=/tmp/cargo-mutants-tlatools-rs-EWAJa9.tmp/target/debug/deps/libserde_json-1f53e1b7a8e26068.rlib --extern tla_eval=/tmp/cargo-mutants-tlatools-rs-EWAJa9.tmp/target/debug/deps/libtla_eval-9723028bc8fab821.rlib --extern tla_syntax=/tmp/cargo-mutants-tlatools-rs-EWAJa9.tmp/target/debug/deps/libtla_syntax-169d03993c2aec3f.rlib` (exit status: 1)

*** result: Failure(101)
