
*** crates/tla-syntax/src/parser.rs:1012:9: replace Parser::bounds -> Result<Vec<Bound>> with Ok(vec![Default::default()])

*** mutation diff:
--- crates/tla-syntax/src/parser.rs
+++ replace Parser::bounds -> Result<Vec<Bound>> with Ok(vec![Default::default()])
@@ -1004,50 +1004,17 @@
             out.push((path, self.expr(0)?));
             if !self.eat(&Tok::Comma) {
                 return Ok(out);
             }
         }
     }
 
     fn bounds(&mut self, terminator: &Tok) -> Result<Vec<Bound>> {
-        let mut out = Vec::new();
-        loop {
-            let mut destructure = false;
-            let mut names = Vec::new();
-            if self.eat(&Tok::LTup) {
-                destructure = true;
-                loop {
-                    names.push(self.expect_ident()?);
-                    if !self.eat(&Tok::Comma) {
-                        break;
-                    }
-                }
-                self.expect(&Tok::RTup)?;
-            } else {
-                names.push(self.expect_ident()?);
-                while *self.peek() == Tok::Comma && matches!(self.peek_at(1), Tok::Ident(_)) {
-                    self.advance();
-                    names.push(self.expect_ident()?);
-                }
-            }
-            let domain = if self.eat(&Tok::Op(Op::In)) {
-                Some(self.expr(0)?)
-            } else {
-                None
-            };
-            out.push(Bound {
-                names,
-                domain,
-                destructure,
-            });
-            if self.peek() == terminator || !self.eat(&Tok::Comma) {
-                return Ok(out);
-            }
-        }
+        Ok(vec![Default::default()]) /* ~ changed by cargo-mutants ~ */
     }
 
     /// Is this `[A]_v`? A quantifier inside the brackets puts a `:` where a
     /// record set would have one, so the only reliable sign is the subscript
     /// after the closing bracket.
     fn subscript_follows_bracket(&self) -> bool {
         let mut depth = 0usize;
         for (offset, t) in self.toks[self.pos..].iter().enumerate() {


*** /home/ops/.rustup/toolchains/stable-x86_64-unknown-linux-gnu/bin/cargo test --no-run --verbose --package=tla-syntax@0.1.0
       Dirty tla-syntax v0.1.0 (/tmp/cargo-mutants-tlatools-rs-ot8uTz.tmp/crates/tla-syntax): the file `crates/tla-syntax/src/parser.rs` has changed (1786402349.987248495s, 393024067ns after last build at 1786402349.594224428s)
   Compiling tla-syntax v0.1.0 (/tmp/cargo-mutants-tlatools-rs-ot8uTz.tmp/crates/tla-syntax)
     Running `/home/ops/.rustup/toolchains/stable-x86_64-unknown-linux-gnu/bin/rustc --crate-name tla_syntax --edition=2024 crates/tla-syntax/src/lib.rs --error-format=json --json=diagnostic-rendered-ansi,artifacts,future-incompat --emit=dep-info,link -C embed-bitcode=no -C debuginfo=2 '--warn=clippy::pedantic' '--deny=clippy::all' --forbid=unsafe_code '--allow=clippy::similar_names' '--allow=clippy::must_use_candidate' '--allow=clippy::missing_errors_doc' --test --check-cfg 'cfg(docsrs,test)' --check-cfg 'cfg(feature, values())' -C metadata=b9cdaea3d809ecd1 -C extra-filename=-7b1a32620c4b87af --out-dir /tmp/cargo-mutants-tlatools-rs-ot8uTz.tmp/target/debug/deps -C incremental=/tmp/cargo-mutants-tlatools-rs-ot8uTz.tmp/target/debug/incremental -L dependency=/tmp/cargo-mutants-tlatools-rs-ot8uTz.tmp/target/debug/deps`
     Running `/home/ops/.rustup/toolchains/stable-x86_64-unknown-linux-gnu/bin/rustc --crate-name tla_syntax --edition=2024 crates/tla-syntax/src/lib.rs --error-format=json --json=diagnostic-rendered-ansi,artifacts,future-incompat --crate-type lib --emit=dep-info,metadata,link -C embed-bitcode=no -C debuginfo=2 '--warn=clippy::pedantic' '--deny=clippy::all' --forbid=unsafe_code '--allow=clippy::similar_names' '--allow=clippy::must_use_candidate' '--allow=clippy::missing_errors_doc' --check-cfg 'cfg(docsrs,test)' --check-cfg 'cfg(feature, values())' -C metadata=85b1367430153dc6 -C extra-filename=-169d03993c2aec3f --out-dir /tmp/cargo-mutants-tlatools-rs-ot8uTz.tmp/target/debug/deps -C incremental=/tmp/cargo-mutants-tlatools-rs-ot8uTz.tmp/target/debug/incremental -L dependency=/tmp/cargo-mutants-tlatools-rs-ot8uTz.tmp/target/debug/deps`
error[E0277]: the trait bound `ast::Bound: Default` is not satisfied
    --> crates/tla-syntax/src/parser.rs:1012:17
     |
1012 |         Ok(vec![Default::default()]) /* ~ changed by cargo-mutants ~ */
     |                 ^^^^^^^^^^^^^^^^^^ the trait `Default` is not implemented for `ast::Bound`
     |
help: consider annotating `ast::Bound` with `#[derive(Default)]`
    -->  crates/tla-syntax/src/ast.rs:95:1
     |
  95 + #[derive(Default)]
  96 | pub struct Bound {
     |

For more information about this error, try `rustc --explain E0277`.
error: could not compile `tla-syntax` (lib test) due to 1 previous error

Caused by:
  process didn't exit successfully: `/home/ops/.rustup/toolchains/stable-x86_64-unknown-linux-gnu/bin/rustc --crate-name tla_syntax --edition=2024 crates/tla-syntax/src/lib.rs --error-format=json --json=diagnostic-rendered-ansi,artifacts,future-incompat --emit=dep-info,link -C embed-bitcode=no -C debuginfo=2 '--warn=clippy::pedantic' '--deny=clippy::all' --forbid=unsafe_code '--allow=clippy::similar_names' '--allow=clippy::must_use_candidate' '--allow=clippy::missing_errors_doc' --test --check-cfg 'cfg(docsrs,test)' --check-cfg 'cfg(feature, values())' -C metadata=b9cdaea3d809ecd1 -C extra-filename=-7b1a32620c4b87af --out-dir /tmp/cargo-mutants-tlatools-rs-ot8uTz.tmp/target/debug/deps -C incremental=/tmp/cargo-mutants-tlatools-rs-ot8uTz.tmp/target/debug/incremental -L dependency=/tmp/cargo-mutants-tlatools-rs-ot8uTz.tmp/target/debug/deps` (exit status: 1)
warning: build failed, waiting for other jobs to finish...
error: could not compile `tla-syntax` (lib) due to 1 previous error

Caused by:
  process didn't exit successfully: `/home/ops/.rustup/toolchains/stable-x86_64-unknown-linux-gnu/bin/rustc --crate-name tla_syntax --edition=2024 crates/tla-syntax/src/lib.rs --error-format=json --json=diagnostic-rendered-ansi,artifacts,future-incompat --crate-type lib --emit=dep-info,metadata,link -C embed-bitcode=no -C debuginfo=2 '--warn=clippy::pedantic' '--deny=clippy::all' --forbid=unsafe_code '--allow=clippy::similar_names' '--allow=clippy::must_use_candidate' '--allow=clippy::missing_errors_doc' --check-cfg 'cfg(docsrs,test)' --check-cfg 'cfg(feature, values())' -C metadata=85b1367430153dc6 -C extra-filename=-169d03993c2aec3f --out-dir /tmp/cargo-mutants-tlatools-rs-ot8uTz.tmp/target/debug/deps -C incremental=/tmp/cargo-mutants-tlatools-rs-ot8uTz.tmp/target/debug/incremental -L dependency=/tmp/cargo-mutants-tlatools-rs-ot8uTz.tmp/target/debug/deps` (exit status: 1)

*** result: Failure(101)
