
*** crates/tla-oracle/src/schema.rs:195:5: replace kind_of -> &'static str with ""

*** mutation diff:
--- crates/tla-oracle/src/schema.rs
+++ replace kind_of -> &'static str with ""
@@ -187,17 +187,10 @@
     )
 }
 
 fn sorted_diff(a: &BTreeSet<&String>, b: &BTreeSet<&String>) -> Vec<String> {
     a.difference(b).map(|s| (*s).clone()).collect()
 }
 
 fn kind_of(json: &Json) -> &'static str {
-    match json {
-        Json::Null => "null",
-        Json::Bool(_) => "a boolean",
-        Json::Number(_) => "a number",
-        Json::String(_) => "a string",
-        Json::Array(_) => "an array",
-        Json::Object(_) => "an object",
-    }
+    "" /* ~ changed by cargo-mutants ~ */
 }


*** /home/ops/.rustup/toolchains/stable-x86_64-unknown-linux-gnu/bin/cargo test --no-run --verbose --package=tla-oracle@0.1.0
    Blocking waiting for file lock on package cache
    Blocking waiting for file lock on package cache
    Blocking waiting for file lock on package cache
       Fresh unicode-ident v1.0.24
       Fresh proc-macro2 v1.0.107
       Fresh memchr v2.8.3
       Fresh tla-syntax v0.1.0 (/tmp/cargo-mutants-tlatools-rs-EWAJa9.tmp/crates/tla-syntax)
       Fresh itoa v1.0.18
       Fresh quote v1.0.47
       Fresh serde_core v1.0.229
       Fresh zmij v1.0.23
       Fresh tla-eval v0.1.0 (/tmp/cargo-mutants-tlatools-rs-EWAJa9.tmp/crates/tla-eval)
       Fresh syn v3.0.3
       Fresh serde_json v1.0.151
       Fresh serde_derive v1.0.229
       Fresh serde v1.0.229
       Dirty tla-oracle v0.1.0 (/tmp/cargo-mutants-tlatools-rs-EWAJa9.tmp/crates/tla-oracle): the file `crates/tla-oracle/src/schema.rs` has changed (1786401647.025202138s, 1s after last build at 1786401646.581174948s)
   Compiling tla-oracle v0.1.0 (/tmp/cargo-mutants-tlatools-rs-EWAJa9.tmp/crates/tla-oracle)
     Running `/home/ops/.rustup/toolchains/stable-x86_64-unknown-linux-gnu/bin/rustc --crate-name tla_oracle --edition=2024 crates/tla-oracle/src/lib.rs --error-format=json --json=diagnostic-rendered-ansi,artifacts,future-incompat --emit=dep-info,link -C embed-bitcode=no -C debuginfo=2 '--warn=clippy::pedantic' '--deny=clippy::all' --forbid=unsafe_code '--allow=clippy::similar_names' '--allow=clippy::must_use_candidate' '--allow=clippy::missing_errors_doc' --test --check-cfg 'cfg(docsrs,test)' --check-cfg 'cfg(feature, values())' -C metadata=0ab41740dcdd59c9 -C extra-filename=-1cfd7f127e84a435 --out-dir /tmp/cargo-mutants-tlatools-rs-EWAJa9.tmp/target/debug/deps -C incremental=/tmp/cargo-mutants-tlatools-rs-EWAJa9.tmp/target/debug/incremental -L dependency=/tmp/cargo-mutants-tlatools-rs-EWAJa9.tmp/target/debug/deps --extern serde=/tmp/cargo-mutants-tlatools-rs-EWAJa9.tmp/target/debug/deps/libserde-50e58405f4925bd5.rlib --extern serde_json=/tmp/cargo-mutants-tlatools-rs-EWAJa9.tmp/target/debug/deps/libserde_json-1f53e1b7a8e26068.rlib --extern tla_eval=/tmp/cargo-mutants-tlatools-rs-EWAJa9.tmp/target/debug/deps/libtla_eval-9723028bc8fab821.rlib --extern tla_syntax=/tmp/cargo-mutants-tlatools-rs-EWAJa9.tmp/target/debug/deps/libtla_syntax-169d03993c2aec3f.rlib`
     Running `/home/ops/.rustup/toolchains/stable-x86_64-unknown-linux-gnu/bin/rustc --crate-name tla_oracle --edition=2024 crates/tla-oracle/src/lib.rs --error-format=json --json=diagnostic-rendered-ansi,artifacts,future-incompat --crate-type lib --emit=dep-info,metadata,link -C embed-bitcode=no -C debuginfo=2 '--warn=clippy::pedantic' '--deny=clippy::all' --forbid=unsafe_code '--allow=clippy::similar_names' '--allow=clippy::must_use_candidate' '--allow=clippy::missing_errors_doc' --check-cfg 'cfg(docsrs,test)' --check-cfg 'cfg(feature, values())' -C metadata=b83f616a193d2c4f -C extra-filename=-05e96871ddace9ec --out-dir /tmp/cargo-mutants-tlatools-rs-EWAJa9.tmp/target/debug/deps -C incremental=/tmp/cargo-mutants-tlatools-rs-EWAJa9.tmp/target/debug/incremental -L dependency=/tmp/cargo-mutants-tlatools-rs-EWAJa9.tmp/target/debug/deps --extern serde=/tmp/cargo-mutants-tlatools-rs-EWAJa9.tmp/target/debug/deps/libserde-50e58405f4925bd5.rmeta --extern serde_json=/tmp/cargo-mutants-tlatools-rs-EWAJa9.tmp/target/debug/deps/libserde_json-1f53e1b7a8e26068.rmeta --extern tla_eval=/tmp/cargo-mutants-tlatools-rs-EWAJa9.tmp/target/debug/deps/libtla_eval-9723028bc8fab821.rmeta --extern tla_syntax=/tmp/cargo-mutants-tlatools-rs-EWAJa9.tmp/target/debug/deps/libtla_syntax-169d03993c2aec3f.rmeta`
warning: unused variable: `json`
   --> crates/tla-oracle/src/schema.rs:194:12
    |
194 | fn kind_of(json: &Json) -> &'static str {
    |            ^^^^ help: if this is intentional, prefix it with an underscore: `_json`
    |
    = note: `#[warn(unused_variables)]` (part of `#[warn(unused)]`) on by default

warning: `tla-oracle` (lib test) generated 1 warning (run `cargo fix --lib -p tla-oracle --tests` to apply 1 suggestion)
warning: `tla-oracle` (lib) generated 1 warning (1 duplicate)
     Running `/home/ops/.rustup/toolchains/stable-x86_64-unknown-linux-gnu/bin/rustc --crate-name jobs --edition=2024 crates/tla-oracle/tests/jobs.rs --error-format=json --json=diagnostic-rendered-ansi,artifacts,future-incompat --emit=dep-info,link -C embed-bitcode=no -C debuginfo=2 '--warn=clippy::pedantic' '--deny=clippy::all' --forbid=unsafe_code '--allow=clippy::similar_names' '--allow=clippy::must_use_candidate' '--allow=clippy::missing_errors_doc' --test --check-cfg 'cfg(docsrs,test)' --check-cfg 'cfg(feature, values())' -C metadata=c96bd47a0a5f8df1 -C extra-filename=-9836ff370b14868d --out-dir /tmp/cargo-mutants-tlatools-rs-EWAJa9.tmp/target/debug/deps -C incremental=/tmp/cargo-mutants-tlatools-rs-EWAJa9.tmp/target/debug/incremental -L dependency=/tmp/cargo-mutants-tlatools-rs-EWAJa9.tmp/target/debug/deps --extern serde=/tmp/cargo-mutants-tlatools-rs-EWAJa9.tmp/target/debug/deps/libserde-50e58405f4925bd5.rlib --extern serde_json=/tmp/cargo-mutants-tlatools-rs-EWAJa9.tmp/target/debug/deps/libserde_json-1f53e1b7a8e26068.rlib --extern tla_eval=/tmp/cargo-mutants-tlatools-rs-EWAJa9.tmp/target/debug/deps/libtla_eval-9723028bc8fab821.rlib --extern tla_oracle=/tmp/cargo-mutants-tlatools-rs-EWAJa9.tmp/target/debug/deps/libtla_oracle-05e96871ddace9ec.rlib --extern tla_syntax=/tmp/cargo-mutants-tlatools-rs-EWAJa9.tmp/target/debug/deps/libtla_syntax-169d03993c2aec3f.rlib`
    Finished `test` profile [unoptimized + debuginfo] target(s) in 0.35s
  Executable `/tmp/cargo-mutants-tlatools-rs-EWAJa9.tmp/target/debug/deps/tla_oracle-1cfd7f127e84a435`
  Executable `/tmp/cargo-mutants-tlatools-rs-EWAJa9.tmp/target/debug/deps/jobs-9836ff370b14868d`

*** result: Success

*** /home/ops/.rustup/toolchains/stable-x86_64-unknown-linux-gnu/bin/cargo test --verbose --package=tla-oracle@0.1.0
       Fresh unicode-ident v1.0.24
       Fresh proc-macro2 v1.0.107
       Fresh tla-syntax v0.1.0 (/tmp/cargo-mutants-tlatools-rs-EWAJa9.tmp/crates/tla-syntax)
       Fresh memchr v2.8.3
       Fresh itoa v1.0.18
       Fresh quote v1.0.47
       Fresh tla-eval v0.1.0 (/tmp/cargo-mutants-tlatools-rs-EWAJa9.tmp/crates/tla-eval)
       Fresh syn v3.0.3
       Fresh serde_core v1.0.229
       Fresh zmij v1.0.23
       Fresh serde_derive v1.0.229
       Fresh serde_json v1.0.151
       Fresh serde v1.0.229
warning: unused variable: `json`
   --> crates/tla-oracle/src/schema.rs:194:12
    |
194 | fn kind_of(json: &Json) -> &'static str {
    |            ^^^^ help: if this is intentional, prefix it with an underscore: `_json`
    |
    = note: `#[warn(unused_variables)]` (part of `#[warn(unused)]`) on by default

warning: `tla-oracle` (lib) generated 1 warning (run `cargo fix --lib -p tla-oracle` to apply 1 suggestion)
warning: `tla-oracle` (lib test) generated 1 warning (1 duplicate)
       Fresh tla-oracle v0.1.0 (/tmp/cargo-mutants-tlatools-rs-EWAJa9.tmp/crates/tla-oracle)
    Finished `test` profile [unoptimized + debuginfo] target(s) in 0.01s
     Running `/tmp/cargo-mutants-tlatools-rs-EWAJa9.tmp/target/debug/deps/tla_oracle-1cfd7f127e84a435`

running 0 tests

test result: ok. 0 passed; 0 failed; 0 ignored; 0 measured; 0 filtered out; finished in 0.00s

     Running `/tmp/cargo-mutants-tlatools-rs-EWAJa9.tmp/target/debug/deps/jobs-9836ff370b14868d`

running 13 tests
test a_broken_specification_is_an_error_not_a_verdict ... ok
test a_constant_without_a_value_is_an_error ... ok
test duplicate_members_of_a_set_are_rejected ... ok
test a_legal_walk_passes ... ok
test a_passing_check_carries_no_diagnosis ... ok
test a_state_of_the_wrong_shape_is_a_contract_violation ... ok
test a_missing_variable_is_a_contract_violation ... ok
test an_illegal_root_is_an_init_failure ... ok
test a_reachable_outcome_passes ... ok
test a_refinement_failure_names_the_action_that_came_closest ... ok
test the_status_names_match_the_harness_vocabulary ... ok
test an_illegal_edge_is_named ... ok
test an_unreachable_outcome_is_a_coverage_failure ... ok

test result: ok. 13 passed; 0 failed; 0 ignored; 0 measured; 0 filtered out; finished in 0.00s

   Doc-tests tla_oracle
     Running `/home/ops/.rustup/toolchains/stable-x86_64-unknown-linux-gnu/bin/rustdoc --edition=2024 --crate-type lib --color auto --crate-name tla_oracle --test crates/tla-oracle/src/lib.rs --test-run-directory /tmp/cargo-mutants-tlatools-rs-EWAJa9.tmp/crates/tla-oracle '--warn=clippy::pedantic' '--deny=clippy::all' --forbid=unsafe_code '--allow=clippy::similar_names' '--allow=clippy::must_use_candidate' '--allow=clippy::missing_errors_doc' --extern serde=/tmp/cargo-mutants-tlatools-rs-EWAJa9.tmp/target/debug/deps/libserde-50e58405f4925bd5.rlib --extern serde_json=/tmp/cargo-mutants-tlatools-rs-EWAJa9.tmp/target/debug/deps/libserde_json-1f53e1b7a8e26068.rlib --extern tla_eval=/tmp/cargo-mutants-tlatools-rs-EWAJa9.tmp/target/debug/deps/libtla_eval-9723028bc8fab821.rlib --extern tla_oracle=/tmp/cargo-mutants-tlatools-rs-EWAJa9.tmp/target/debug/deps/libtla_oracle-05e96871ddace9ec.rlib --extern tla_syntax=/tmp/cargo-mutants-tlatools-rs-EWAJa9.tmp/target/debug/deps/libtla_syntax-169d03993c2aec3f.rlib -L dependency=/tmp/cargo-mutants-tlatools-rs-EWAJa9.tmp/target/debug/deps -C embed-bitcode=no --check-cfg 'cfg(docsrs,test)' --check-cfg 'cfg(feature, values())' --error-format human`

running 0 tests

test result: ok. 0 passed; 0 failed; 0 ignored; 0 measured; 0 filtered out; finished in 0.00s


*** result: Success
