
*** crates/tla-syntax/src/ast.rs:304:9: replace Expr::conjunction -> Expr with Default::default()

*** mutation diff:
--- crates/tla-syntax/src/ast.rs
+++ replace Expr::conjunction -> Expr with Default::default()
@@ -296,17 +296,17 @@
                     .any(|(g, r)| g.mentions_next_state() || r.mentions_next_state())
                     || other.as_ref().is_some_and(|o| o.mentions_next_state())
             }
             Expr::Num(_) | Expr::Str(_) | Expr::Bool(_) | Expr::Ident(_) | Expr::At => false,
         }
     }
 
     pub fn conjunction(items: Vec<Expr>) -> Expr {
-        Self::fold(items, Op::And)
+        Default::default() /* ~ changed by cargo-mutants ~ */
     }
 
     pub fn disjunction(items: Vec<Expr>) -> Expr {
         Self::fold(items, Op::Or)
     }
 
     fn fold(items: Vec<Expr>, op: Op) -> Expr {
         let mut iter = items.into_iter();


*** /home/ops/.rustup/toolchains/stable-x86_64-unknown-linux-gnu/bin/cargo test --no-run --verbose --package=tla-syntax@0.1.0
    Blocking waiting for file lock on package cache
    Blocking waiting for file lock on package cache
       Dirty tla-syntax v0.1.0 (/tmp/cargo-mutants-tlatools-rs-5hvWlL.tmp/crates/tla-syntax): the file `crates/tla-syntax/src/ast.rs` has changed (1786401650.803433500s, 339020760ns after last build at 1786401650.464412740s)
   Compiling tla-syntax v0.1.0 (/tmp/cargo-mutants-tlatools-rs-5hvWlL.tmp/crates/tla-syntax)
     Running `/home/ops/.rustup/toolchains/stable-x86_64-unknown-linux-gnu/bin/rustc --crate-name tla_syntax --edition=2024 crates/tla-syntax/src/lib.rs --error-format=json --json=diagnostic-rendered-ansi,artifacts,future-incompat --emit=dep-info,link -C embed-bitcode=no -C debuginfo=2 '--warn=clippy::pedantic' '--deny=clippy::all' --forbid=unsafe_code '--allow=clippy::similar_names' '--allow=clippy::must_use_candidate' '--allow=clippy::missing_errors_doc' --test --check-cfg 'cfg(docsrs,test)' --check-cfg 'cfg(feature, values())' -C metadata=b9cdaea3d809ecd1 -C extra-filename=-7b1a32620c4b87af --out-dir /tmp/cargo-mutants-tlatools-rs-5hvWlL.tmp/target/debug/deps -C incremental=/tmp/cargo-mutants-tlatools-rs-5hvWlL.tmp/target/debug/incremental -L dependency=/tmp/cargo-mutants-tlatools-rs-5hvWlL.tmp/target/debug/deps`
     Running `/home/ops/.rustup/toolchains/stable-x86_64-unknown-linux-gnu/bin/rustc --crate-name tla_syntax --edition=2024 crates/tla-syntax/src/lib.rs --error-format=json --json=diagnostic-rendered-ansi,artifacts,future-incompat --crate-type lib --emit=dep-info,metadata,link -C embed-bitcode=no -C debuginfo=2 '--warn=clippy::pedantic' '--deny=clippy::all' --forbid=unsafe_code '--allow=clippy::similar_names' '--allow=clippy::must_use_candidate' '--allow=clippy::missing_errors_doc' --check-cfg 'cfg(docsrs,test)' --check-cfg 'cfg(feature, values())' -C metadata=85b1367430153dc6 -C extra-filename=-169d03993c2aec3f --out-dir /tmp/cargo-mutants-tlatools-rs-5hvWlL.tmp/target/debug/deps -C incremental=/tmp/cargo-mutants-tlatools-rs-5hvWlL.tmp/target/debug/incremental -L dependency=/tmp/cargo-mutants-tlatools-rs-5hvWlL.tmp/target/debug/deps`
error[E0277]: the trait bound `Expr: Default` is not satisfied
   --> crates/tla-syntax/src/ast.rs:304:9
    |
304 |         Default::default() /* ~ changed by cargo-mutants ~ */
    |         ^^^^^^^^^^^^^^^^^^ unsatisfied trait bound
    |
help: the trait `Default` is not implemented for `Expr`
   --> crates/tla-syntax/src/ast.rs:132:1
    |
132 | pub enum Expr {
    | ^^^^^^^^^^^^^

For more information about this error, try `rustc --explain E0277`.
error: could not compile `tla-syntax` (lib) due to 1 previous error

Caused by:
  process didn't exit successfully: `/home/ops/.rustup/toolchains/stable-x86_64-unknown-linux-gnu/bin/rustc --crate-name tla_syntax --edition=2024 crates/tla-syntax/src/lib.rs --error-format=json --json=diagnostic-rendered-ansi,artifacts,future-incompat --crate-type lib --emit=dep-info,metadata,link -C embed-bitcode=no -C debuginfo=2 '--warn=clippy::pedantic' '--deny=clippy::all' --forbid=unsafe_code '--allow=clippy::similar_names' '--allow=clippy::must_use_candidate' '--allow=clippy::missing_errors_doc' --check-cfg 'cfg(docsrs,test)' --check-cfg 'cfg(feature, values())' -C metadata=85b1367430153dc6 -C extra-filename=-169d03993c2aec3f --out-dir /tmp/cargo-mutants-tlatools-rs-5hvWlL.tmp/target/debug/deps -C incremental=/tmp/cargo-mutants-tlatools-rs-5hvWlL.tmp/target/debug/incremental -L dependency=/tmp/cargo-mutants-tlatools-rs-5hvWlL.tmp/target/debug/deps` (exit status: 1)
warning: build failed, waiting for other jobs to finish...
error: could not compile `tla-syntax` (lib test) due to 1 previous error

Caused by:
  process didn't exit successfully: `/home/ops/.rustup/toolchains/stable-x86_64-unknown-linux-gnu/bin/rustc --crate-name tla_syntax --edition=2024 crates/tla-syntax/src/lib.rs --error-format=json --json=diagnostic-rendered-ansi,artifacts,future-incompat --emit=dep-info,link -C embed-bitcode=no -C debuginfo=2 '--warn=clippy::pedantic' '--deny=clippy::all' --forbid=unsafe_code '--allow=clippy::similar_names' '--allow=clippy::must_use_candidate' '--allow=clippy::missing_errors_doc' --test --check-cfg 'cfg(docsrs,test)' --check-cfg 'cfg(feature, values())' -C metadata=b9cdaea3d809ecd1 -C extra-filename=-7b1a32620c4b87af --out-dir /tmp/cargo-mutants-tlatools-rs-5hvWlL.tmp/target/debug/deps -C incremental=/tmp/cargo-mutants-tlatools-rs-5hvWlL.tmp/target/debug/incremental -L dependency=/tmp/cargo-mutants-tlatools-rs-5hvWlL.tmp/target/debug/deps` (exit status: 1)

*** result: Failure(101)
