
*** crates/tla-oracle/src/schema.rs:81:20: delete ! in decode

*** mutation diff:
--- crates/tla-oracle/src/schema.rs
+++ delete ! in decode
@@ -73,17 +73,17 @@
             Some(s) => Ok(Value::string(s)),
             None => fail(path, format!("expected a string, got {}", kind_of(json))),
         },
         Schema::Set { of } => {
             let items = array(json, path)?;
             let mut out = BTreeSet::new();
             for (i, item) in items.iter().enumerate() {
                 let value = decode(item, of, &format!("{path}[{i}]"))?;
-                if !out.insert(value) {
+                if  /* ~ changed by cargo-mutants ~ */out.insert(value) {
                     return fail(
                         path,
                         format!("element {i} is a duplicate; a set has no repeats"),
                     );
                 }
             }
             Ok(Value::Set(out))
         }


*** /home/ops/.rustup/toolchains/stable-x86_64-unknown-linux-gnu/bin/cargo test --no-run --verbose --package=tla-oracle@0.1.0
       Fresh unicode-ident v1.0.24
       Fresh proc-macro2 v1.0.107
       Fresh itoa v1.0.18
       Fresh memchr v2.8.3
       Fresh tla-syntax v0.1.0 (/tmp/cargo-mutants-tlatools-rs-2cNtl3.tmp/crates/tla-syntax)
       Fresh quote v1.0.47
       Fresh serde_core v1.0.229
       Fresh tla-eval v0.1.0 (/tmp/cargo-mutants-tlatools-rs-2cNtl3.tmp/crates/tla-eval)
       Fresh syn v3.0.3
       Fresh zmij v1.0.23
       Fresh serde_derive v1.0.229
       Fresh serde_json v1.0.151
       Fresh serde v1.0.229
       Dirty tla-oracle v0.1.0 (/tmp/cargo-mutants-tlatools-rs-2cNtl3.tmp/crates/tla-oracle): the file `crates/tla-oracle/src/schema.rs` has changed (1786401645.968137408s, 387023700ns after last build at 1786401645.581113708s)
   Compiling tla-oracle v0.1.0 (/tmp/cargo-mutants-tlatools-rs-2cNtl3.tmp/crates/tla-oracle)
     Running `/home/ops/.rustup/toolchains/stable-x86_64-unknown-linux-gnu/bin/rustc --crate-name tla_oracle --edition=2024 crates/tla-oracle/src/lib.rs --error-format=json --json=diagnostic-rendered-ansi,artifacts,future-incompat --emit=dep-info,link -C embed-bitcode=no -C debuginfo=2 '--warn=clippy::pedantic' '--deny=clippy::all' --forbid=unsafe_code '--allow=clippy::similar_names' '--allow=clippy::must_use_candidate' '--allow=clippy::missing_errors_doc' --test --check-cfg 'cfg(docsrs,test)' --check-cfg 'cfg(feature, values())' -C metadata=0ab41740dcdd59c9 -C extra-filename=-1cfd7f127e84a435 --out-dir /tmp/cargo-mutants-tlatools-rs-2cNtl3.tmp/target/debug/deps -C incremental=/tmp/cargo-mutants-tlatools-rs-2cNtl3.tmp/target/debug/incremental -L dependency=/tmp/cargo-mutants-tlatools-rs-2cNtl3.tmp/target/debug/deps --extern serde=/tmp/cargo-mutants-tlatools-rs-2cNtl3.tmp/target/debug/deps/libserde-50e58405f4925bd5.rlib --extern serde_json=/tmp/cargo-mutants-tlatools-rs-2cNtl3.tmp/target/debug/deps/libserde_json-1f53e1b7a8e26068.rlib --extern tla_eval=/tmp/cargo-mutants-tlatools-rs-2cNtl3.tmp/target/debug/deps/libtla_eval-9723028bc8fab821.rlib --extern tla_syntax=/tmp/cargo-mutants-tlatools-rs-2cNtl3.tmp/target/debug/deps/libtla_syntax-169d03993c2aec3f.rlib`
     Running `/home/ops/.rustup/toolchains/stable-x86_64-unknown-linux-gnu/bin/rustc --crate-name tla_oracle --edition=2024 crates/tla-oracle/src/lib.rs --error-format=json --json=diagnostic-rendered-ansi,artifacts,future-incompat --crate-type lib --emit=dep-info,metadata,link -C embed-bitcode=no -C debuginfo=2 '--warn=clippy::pedantic' '--deny=clippy::all' --forbid=unsafe_code '--allow=clippy::similar_names' '--allow=clippy::must_use_candidate' '--allow=clippy::missing_errors_doc' --check-cfg 'cfg(docsrs,test)' --check-cfg 'cfg(feature, values())' -C metadata=b83f616a193d2c4f -C extra-filename=-05e96871ddace9ec --out-dir /tmp/cargo-mutants-tlatools-rs-2cNtl3.tmp/target/debug/deps -C incremental=/tmp/cargo-mutants-tlatools-rs-2cNtl3.tmp/target/debug/incremental -L dependency=/tmp/cargo-mutants-tlatools-rs-2cNtl3.tmp/target/debug/deps --extern serde=/tmp/cargo-mutants-tlatools-rs-2cNtl3.tmp/target/debug/deps/libserde-50e58405f4925bd5.rmeta --extern serde_json=/tmp/cargo-mutants-tlatools-rs-2cNtl3.tmp/target/debug/deps/libserde_json-1f53e1b7a8e26068.rmeta --extern tla_eval=/tmp/cargo-mutants-tlatools-rs-2cNtl3.tmp/target/debug/deps/libtla_eval-9723028bc8fab821.rmeta --extern tla_syntax=/tmp/cargo-mutants-tlatools-rs-2cNtl3.tmp/target/debug/deps/libtla_syntax-169d03993c2aec3f.rmeta`
     Running `/home/ops/.rustup/toolchains/stable-x86_64-unknown-linux-gnu/bin/rustc --crate-name jobs --edition=2024 crates/tla-oracle/tests/jobs.rs --error-format=json --json=diagnostic-rendered-ansi,artifacts,future-incompat --emit=dep-info,link -C embed-bitcode=no -C debuginfo=2 '--warn=clippy::pedantic' '--deny=clippy::all' --forbid=unsafe_code '--allow=clippy::similar_names' '--allow=clippy::must_use_candidate' '--allow=clippy::missing_errors_doc' --test --check-cfg 'cfg(docsrs,test)' --check-cfg 'cfg(feature, values())' -C metadata=c96bd47a0a5f8df1 -C extra-filename=-9836ff370b14868d --out-dir /tmp/cargo-mutants-tlatools-rs-2cNtl3.tmp/target/debug/deps -C incremental=/tmp/cargo-mutants-tlatools-rs-2cNtl3.tmp/target/debug/incremental -L dependency=/tmp/cargo-mutants-tlatools-rs-2cNtl3.tmp/target/debug/deps --extern serde=/tmp/cargo-mutants-tlatools-rs-2cNtl3.tmp/target/debug/deps/libserde-50e58405f4925bd5.rlib --extern serde_json=/tmp/cargo-mutants-tlatools-rs-2cNtl3.tmp/target/debug/deps/libserde_json-1f53e1b7a8e26068.rlib --extern tla_eval=/tmp/cargo-mutants-tlatools-rs-2cNtl3.tmp/target/debug/deps/libtla_eval-9723028bc8fab821.rlib --extern tla_oracle=/tmp/cargo-mutants-tlatools-rs-2cNtl3.tmp/target/debug/deps/libtla_oracle-05e96871ddace9ec.rlib --extern tla_syntax=/tmp/cargo-mutants-tlatools-rs-2cNtl3.tmp/target/debug/deps/libtla_syntax-169d03993c2aec3f.rlib`
    Finished `test` profile [unoptimized + debuginfo] target(s) in 0.26s
  Executable `/tmp/cargo-mutants-tlatools-rs-2cNtl3.tmp/target/debug/deps/tla_oracle-1cfd7f127e84a435`
  Executable `/tmp/cargo-mutants-tlatools-rs-2cNtl3.tmp/target/debug/deps/jobs-9836ff370b14868d`

*** result: Success

*** /home/ops/.rustup/toolchains/stable-x86_64-unknown-linux-gnu/bin/cargo test --verbose --package=tla-oracle@0.1.0
       Fresh unicode-ident v1.0.24
       Fresh proc-macro2 v1.0.107
       Fresh itoa v1.0.18
       Fresh tla-syntax v0.1.0 (/tmp/cargo-mutants-tlatools-rs-2cNtl3.tmp/crates/tla-syntax)
       Fresh memchr v2.8.3
       Fresh quote v1.0.47
       Fresh tla-eval v0.1.0 (/tmp/cargo-mutants-tlatools-rs-2cNtl3.tmp/crates/tla-eval)
       Fresh serde_core v1.0.229
       Fresh syn v3.0.3
       Fresh zmij v1.0.23
       Fresh serde_derive v1.0.229
       Fresh serde_json v1.0.151
       Fresh serde v1.0.229
       Fresh tla-oracle v0.1.0 (/tmp/cargo-mutants-tlatools-rs-2cNtl3.tmp/crates/tla-oracle)
    Finished `test` profile [unoptimized + debuginfo] target(s) in 0.01s
     Running `/tmp/cargo-mutants-tlatools-rs-2cNtl3.tmp/target/debug/deps/tla_oracle-1cfd7f127e84a435`

running 0 tests

test result: ok. 0 passed; 0 failed; 0 ignored; 0 measured; 0 filtered out; finished in 0.00s

     Running `/tmp/cargo-mutants-tlatools-rs-2cNtl3.tmp/target/debug/deps/jobs-9836ff370b14868d`

running 13 tests
test a_broken_specification_is_an_error_not_a_verdict ... ok
test a_constant_without_a_value_is_an_error ... ok
test a_missing_variable_is_a_contract_violation ... ok
test duplicate_members_of_a_set_are_rejected ... ok
test a_legal_walk_passes ... ok
test a_passing_check_carries_no_diagnosis ... ok
test a_reachable_outcome_passes ... ok
test a_refinement_failure_names_the_action_that_came_closest ... ok
test an_illegal_root_is_an_init_failure ... ok
test an_illegal_edge_is_named ... ok
test a_state_of_the_wrong_shape_is_a_contract_violation ... ok
test the_status_names_match_the_harness_vocabulary ... ok
test an_unreachable_outcome_is_a_coverage_failure ... ok

test result: ok. 13 passed; 0 failed; 0 ignored; 0 measured; 0 filtered out; finished in 0.00s

   Doc-tests tla_oracle
     Running `/home/ops/.rustup/toolchains/stable-x86_64-unknown-linux-gnu/bin/rustdoc --edition=2024 --crate-type lib --color auto --crate-name tla_oracle --test crates/tla-oracle/src/lib.rs --test-run-directory /tmp/cargo-mutants-tlatools-rs-2cNtl3.tmp/crates/tla-oracle '--warn=clippy::pedantic' '--deny=clippy::all' --forbid=unsafe_code '--allow=clippy::similar_names' '--allow=clippy::must_use_candidate' '--allow=clippy::missing_errors_doc' --extern serde=/tmp/cargo-mutants-tlatools-rs-2cNtl3.tmp/target/debug/deps/libserde-50e58405f4925bd5.rlib --extern serde_json=/tmp/cargo-mutants-tlatools-rs-2cNtl3.tmp/target/debug/deps/libserde_json-1f53e1b7a8e26068.rlib --extern tla_eval=/tmp/cargo-mutants-tlatools-rs-2cNtl3.tmp/target/debug/deps/libtla_eval-9723028bc8fab821.rlib --extern tla_oracle=/tmp/cargo-mutants-tlatools-rs-2cNtl3.tmp/target/debug/deps/libtla_oracle-05e96871ddace9ec.rlib --extern tla_syntax=/tmp/cargo-mutants-tlatools-rs-2cNtl3.tmp/target/debug/deps/libtla_syntax-169d03993c2aec3f.rlib -L dependency=/tmp/cargo-mutants-tlatools-rs-2cNtl3.tmp/target/debug/deps -C embed-bitcode=no --check-cfg 'cfg(docsrs,test)' --check-cfg 'cfg(feature, values())' --error-format human`

running 0 tests

test result: ok. 0 passed; 0 failed; 0 ignored; 0 measured; 0 filtered out; finished in 0.00s


*** result: Success
