
*** crates/tla-syntax/src/lexer.rs:314:9: replace Lexer::scan_word -> Tok with Default::default()

*** mutation diff:
--- crates/tla-syntax/src/lexer.rs
+++ replace Lexer::scan_word -> Tok with Default::default()
@@ -306,40 +306,17 @@
         }
         let text: String = self.chars[start..self.pos].iter().collect();
         text.parse()
             .map(Tok::Num)
             .map_err(|_| self.err(format!("integer literal out of range: {text}")))
     }
 
     fn scan_word(&mut self) -> Tok {
-        let start = self.pos;
-        while self
-            .peek()
-            .is_some_and(|c| c.is_ascii_alphanumeric() || c == '_')
-        {
-            self.bump();
-        }
-        let word: String = self.chars[start..self.pos].iter().collect();
-
-        // `WF_vars` is one word to the lexer but an operator plus a subscript.
-        // `WF_vars` is one word; `WF_<<a, b>>` is the same operator with a
-        // subscript the lexer cannot see, so the name is left empty.
-        for (prefix, strong) in [("WF_", false), ("SF_", true)] {
-            if let Some(rest) = word.strip_prefix(prefix) {
-                return Tok::Fair {
-                    strong,
-                    subscript: rest.to_string(),
-                };
-            }
-        }
-        match Kw::lookup(&word) {
-            Some(kw) => Tok::Kw(kw),
-            None => Tok::Ident(word),
-        }
+        Default::default() /* ~ changed by cargo-mutants ~ */
     }
 
     fn scan_string(&mut self) -> Result<Tok> {
         let (line, col) = (self.line, self.col);
         self.bump();
         let mut s = String::new();
         loop {
             match self.bump() {


*** /home/ops/.rustup/toolchains/stable-x86_64-unknown-linux-gnu/bin/cargo test --no-run --verbose --package=tla-syntax@0.1.0
       Dirty tla-syntax v0.1.0 (/tmp/cargo-mutants-tlatools-rs-2cNtl3.tmp/crates/tla-syntax): the file `crates/tla-syntax/src/lexer.rs` has changed (1786401703.073634295s, 1s after last build at 1786401702.731613351s)
   Compiling tla-syntax v0.1.0 (/tmp/cargo-mutants-tlatools-rs-2cNtl3.tmp/crates/tla-syntax)
     Running `/home/ops/.rustup/toolchains/stable-x86_64-unknown-linux-gnu/bin/rustc --crate-name tla_syntax --edition=2024 crates/tla-syntax/src/lib.rs --error-format=json --json=diagnostic-rendered-ansi,artifacts,future-incompat --emit=dep-info,link -C embed-bitcode=no -C debuginfo=2 '--warn=clippy::pedantic' '--deny=clippy::all' --forbid=unsafe_code '--allow=clippy::similar_names' '--allow=clippy::must_use_candidate' '--allow=clippy::missing_errors_doc' --test --check-cfg 'cfg(docsrs,test)' --check-cfg 'cfg(feature, values())' -C metadata=b9cdaea3d809ecd1 -C extra-filename=-7b1a32620c4b87af --out-dir /tmp/cargo-mutants-tlatools-rs-2cNtl3.tmp/target/debug/deps -C incremental=/tmp/cargo-mutants-tlatools-rs-2cNtl3.tmp/target/debug/incremental -L dependency=/tmp/cargo-mutants-tlatools-rs-2cNtl3.tmp/target/debug/deps`
     Running `/home/ops/.rustup/toolchains/stable-x86_64-unknown-linux-gnu/bin/rustc --crate-name tla_syntax --edition=2024 crates/tla-syntax/src/lib.rs --error-format=json --json=diagnostic-rendered-ansi,artifacts,future-incompat --crate-type lib --emit=dep-info,metadata,link -C embed-bitcode=no -C debuginfo=2 '--warn=clippy::pedantic' '--deny=clippy::all' --forbid=unsafe_code '--allow=clippy::similar_names' '--allow=clippy::must_use_candidate' '--allow=clippy::missing_errors_doc' --check-cfg 'cfg(docsrs,test)' --check-cfg 'cfg(feature, values())' -C metadata=85b1367430153dc6 -C extra-filename=-169d03993c2aec3f --out-dir /tmp/cargo-mutants-tlatools-rs-2cNtl3.tmp/target/debug/deps -C incremental=/tmp/cargo-mutants-tlatools-rs-2cNtl3.tmp/target/debug/incremental -L dependency=/tmp/cargo-mutants-tlatools-rs-2cNtl3.tmp/target/debug/deps`
error[E0277]: the trait bound `Tok: Default` is not satisfied
   --> crates/tla-syntax/src/lexer.rs:314:9
    |
314 |         Default::default() /* ~ changed by cargo-mutants ~ */
    |         ^^^^^^^^^^^^^^^^^^ unsatisfied trait bound
    |
help: the trait `Default` is not implemented for `Tok`
   --> crates/tla-syntax/src/token.rs:321:1
    |
321 | pub enum Tok {
    | ^^^^^^^^^^^^

For more information about this error, try `rustc --explain E0277`.
error: could not compile `tla-syntax` (lib test) due to 1 previous error

Caused by:
  process didn't exit successfully: `/home/ops/.rustup/toolchains/stable-x86_64-unknown-linux-gnu/bin/rustc --crate-name tla_syntax --edition=2024 crates/tla-syntax/src/lib.rs --error-format=json --json=diagnostic-rendered-ansi,artifacts,future-incompat --emit=dep-info,link -C embed-bitcode=no -C debuginfo=2 '--warn=clippy::pedantic' '--deny=clippy::all' --forbid=unsafe_code '--allow=clippy::similar_names' '--allow=clippy::must_use_candidate' '--allow=clippy::missing_errors_doc' --test --check-cfg 'cfg(docsrs,test)' --check-cfg 'cfg(feature, values())' -C metadata=b9cdaea3d809ecd1 -C extra-filename=-7b1a32620c4b87af --out-dir /tmp/cargo-mutants-tlatools-rs-2cNtl3.tmp/target/debug/deps -C incremental=/tmp/cargo-mutants-tlatools-rs-2cNtl3.tmp/target/debug/incremental -L dependency=/tmp/cargo-mutants-tlatools-rs-2cNtl3.tmp/target/debug/deps` (exit status: 1)
warning: build failed, waiting for other jobs to finish...
error: could not compile `tla-syntax` (lib) due to 1 previous error

Caused by:
  process didn't exit successfully: `/home/ops/.rustup/toolchains/stable-x86_64-unknown-linux-gnu/bin/rustc --crate-name tla_syntax --edition=2024 crates/tla-syntax/src/lib.rs --error-format=json --json=diagnostic-rendered-ansi,artifacts,future-incompat --crate-type lib --emit=dep-info,metadata,link -C embed-bitcode=no -C debuginfo=2 '--warn=clippy::pedantic' '--deny=clippy::all' --forbid=unsafe_code '--allow=clippy::similar_names' '--allow=clippy::must_use_candidate' '--allow=clippy::missing_errors_doc' --check-cfg 'cfg(docsrs,test)' --check-cfg 'cfg(feature, values())' -C metadata=85b1367430153dc6 -C extra-filename=-169d03993c2aec3f --out-dir /tmp/cargo-mutants-tlatools-rs-2cNtl3.tmp/target/debug/deps -C incremental=/tmp/cargo-mutants-tlatools-rs-2cNtl3.tmp/target/debug/incremental -L dependency=/tmp/cargo-mutants-tlatools-rs-2cNtl3.tmp/target/debug/deps` (exit status: 1)

*** result: Failure(101)
