
*** crates/tla-oracle/src/check.rs:351:5: replace parse_outcomes -> Result<Vec<(String, Expr)>, String> with Ok(vec![("xyzzy".into(), Default::default())])

*** mutation diff:
--- crates/tla-oracle/src/check.rs
+++ replace parse_outcomes -> Result<Vec<(String, Expr)>, String> with Ok(vec![("xyzzy".into(), Default::default())])
@@ -343,24 +343,17 @@
         .enumerate()
         .map(|(i, json)| {
             decode_state(json, &job.schema, &format!("state[{i}]")).map_err(|e| e.to_string())
         })
         .collect()
 }
 
 fn parse_outcomes(job: &Job) -> Result<Vec<(String, Expr)>, String> {
-    job.outcomes
-        .iter()
-        .map(|(name, src)| {
-            parse_expression(src)
-                .map(|e| (name.clone(), e))
-                .map_err(|e| format!("outcome `{name}`: {e}"))
-        })
-        .collect()
+    Ok(vec![("xyzzy".into(), Default::default())]) /* ~ changed by cargo-mutants ~ */
 }
 
 /// The refinement failure in words, naming what the implementation looked as
 /// though it was trying to do.
 fn explain(from: &State, to: &State, closest: Option<&BlockedReport>) -> String {
     let head = format!(
         "no action of the specification takes {} to {}",
         render(from),


*** /home/ops/.rustup/toolchains/stable-x86_64-unknown-linux-gnu/bin/cargo test --no-run --verbose --package=tla-oracle@0.1.0
       Fresh unicode-ident v1.0.24
       Fresh proc-macro2 v1.0.107
       Fresh itoa v1.0.18
       Fresh tla-syntax v0.1.0 (/tmp/cargo-mutants-tlatools-rs-EWAJa9.tmp/crates/tla-syntax)
       Fresh memchr v2.8.3
       Fresh tla-eval v0.1.0 (/tmp/cargo-mutants-tlatools-rs-EWAJa9.tmp/crates/tla-eval)
       Fresh quote v1.0.47
       Fresh serde_core v1.0.229
       Fresh zmij v1.0.23
       Fresh syn v3.0.3
       Fresh serde_json v1.0.151
       Fresh serde_derive v1.0.229
       Fresh serde v1.0.229
       Dirty tla-oracle v0.1.0 (/tmp/cargo-mutants-tlatools-rs-EWAJa9.tmp/crates/tla-oracle): the file `crates/tla-oracle/src/check.rs` has changed (1786401645.035080272s, 1s after last build at 1786401644.598053510s)
   Compiling tla-oracle v0.1.0 (/tmp/cargo-mutants-tlatools-rs-EWAJa9.tmp/crates/tla-oracle)
     Running `/home/ops/.rustup/toolchains/stable-x86_64-unknown-linux-gnu/bin/rustc --crate-name tla_oracle --edition=2024 crates/tla-oracle/src/lib.rs --error-format=json --json=diagnostic-rendered-ansi,artifacts,future-incompat --emit=dep-info,link -C embed-bitcode=no -C debuginfo=2 '--warn=clippy::pedantic' '--deny=clippy::all' --forbid=unsafe_code '--allow=clippy::similar_names' '--allow=clippy::must_use_candidate' '--allow=clippy::missing_errors_doc' --test --check-cfg 'cfg(docsrs,test)' --check-cfg 'cfg(feature, values())' -C metadata=0ab41740dcdd59c9 -C extra-filename=-1cfd7f127e84a435 --out-dir /tmp/cargo-mutants-tlatools-rs-EWAJa9.tmp/target/debug/deps -C incremental=/tmp/cargo-mutants-tlatools-rs-EWAJa9.tmp/target/debug/incremental -L dependency=/tmp/cargo-mutants-tlatools-rs-EWAJa9.tmp/target/debug/deps --extern serde=/tmp/cargo-mutants-tlatools-rs-EWAJa9.tmp/target/debug/deps/libserde-50e58405f4925bd5.rlib --extern serde_json=/tmp/cargo-mutants-tlatools-rs-EWAJa9.tmp/target/debug/deps/libserde_json-1f53e1b7a8e26068.rlib --extern tla_eval=/tmp/cargo-mutants-tlatools-rs-EWAJa9.tmp/target/debug/deps/libtla_eval-9723028bc8fab821.rlib --extern tla_syntax=/tmp/cargo-mutants-tlatools-rs-EWAJa9.tmp/target/debug/deps/libtla_syntax-169d03993c2aec3f.rlib`
     Running `/home/ops/.rustup/toolchains/stable-x86_64-unknown-linux-gnu/bin/rustc --crate-name tla_oracle --edition=2024 crates/tla-oracle/src/lib.rs --error-format=json --json=diagnostic-rendered-ansi,artifacts,future-incompat --crate-type lib --emit=dep-info,metadata,link -C embed-bitcode=no -C debuginfo=2 '--warn=clippy::pedantic' '--deny=clippy::all' --forbid=unsafe_code '--allow=clippy::similar_names' '--allow=clippy::must_use_candidate' '--allow=clippy::missing_errors_doc' --check-cfg 'cfg(docsrs,test)' --check-cfg 'cfg(feature, values())' -C metadata=b83f616a193d2c4f -C extra-filename=-05e96871ddace9ec --out-dir /tmp/cargo-mutants-tlatools-rs-EWAJa9.tmp/target/debug/deps -C incremental=/tmp/cargo-mutants-tlatools-rs-EWAJa9.tmp/target/debug/incremental -L dependency=/tmp/cargo-mutants-tlatools-rs-EWAJa9.tmp/target/debug/deps --extern serde=/tmp/cargo-mutants-tlatools-rs-EWAJa9.tmp/target/debug/deps/libserde-50e58405f4925bd5.rmeta --extern serde_json=/tmp/cargo-mutants-tlatools-rs-EWAJa9.tmp/target/debug/deps/libserde_json-1f53e1b7a8e26068.rmeta --extern tla_eval=/tmp/cargo-mutants-tlatools-rs-EWAJa9.tmp/target/debug/deps/libtla_eval-9723028bc8fab821.rmeta --extern tla_syntax=/tmp/cargo-mutants-tlatools-rs-EWAJa9.tmp/target/debug/deps/libtla_syntax-169d03993c2aec3f.rmeta`
warning: unused import: `parse_expression`
 --> crates/tla-oracle/src/check.rs:6:24
  |
6 | use tla_syntax::{Expr, parse_expression};
  |                        ^^^^^^^^^^^^^^^^
  |
  = note: `#[warn(unused_imports)]` (part of `#[warn(unused)]`) on by default

error[E0277]: the trait bound `Expr: Default` is not satisfied
   --> crates/tla-oracle/src/check.rs:351:30
    |
351 |     Ok(vec![("xyzzy".into(), Default::default())]) /* ~ changed by cargo-mutants ~ */
    |                              ^^^^^^^^^^^^^^^^^^ the trait `Default` is not implemented for `Expr`

For more information about this error, try `rustc --explain E0277`.
warning: `tla-oracle` (lib test) generated 1 warning
error: could not compile `tla-oracle` (lib test) due to 1 previous error; 1 warning emitted

Caused by:
  process didn't exit successfully: `/home/ops/.rustup/toolchains/stable-x86_64-unknown-linux-gnu/bin/rustc --crate-name tla_oracle --edition=2024 crates/tla-oracle/src/lib.rs --error-format=json --json=diagnostic-rendered-ansi,artifacts,future-incompat --emit=dep-info,link -C embed-bitcode=no -C debuginfo=2 '--warn=clippy::pedantic' '--deny=clippy::all' --forbid=unsafe_code '--allow=clippy::similar_names' '--allow=clippy::must_use_candidate' '--allow=clippy::missing_errors_doc' --test --check-cfg 'cfg(docsrs,test)' --check-cfg 'cfg(feature, values())' -C metadata=0ab41740dcdd59c9 -C extra-filename=-1cfd7f127e84a435 --out-dir /tmp/cargo-mutants-tlatools-rs-EWAJa9.tmp/target/debug/deps -C incremental=/tmp/cargo-mutants-tlatools-rs-EWAJa9.tmp/target/debug/incremental -L dependency=/tmp/cargo-mutants-tlatools-rs-EWAJa9.tmp/target/debug/deps --extern serde=/tmp/cargo-mutants-tlatools-rs-EWAJa9.tmp/target/debug/deps/libserde-50e58405f4925bd5.rlib --extern serde_json=/tmp/cargo-mutants-tlatools-rs-EWAJa9.tmp/target/debug/deps/libserde_json-1f53e1b7a8e26068.rlib --extern tla_eval=/tmp/cargo-mutants-tlatools-rs-EWAJa9.tmp/target/debug/deps/libtla_eval-9723028bc8fab821.rlib --extern tla_syntax=/tmp/cargo-mutants-tlatools-rs-EWAJa9.tmp/target/debug/deps/libtla_syntax-169d03993c2aec3f.rlib` (exit status: 1)
warning: build failed, waiting for other jobs to finish...
warning: `tla-oracle` (lib) generated 1 warning (1 duplicate)
error: could not compile `tla-oracle` (lib) due to 1 previous error; 1 warning emitted

Caused by:
  process didn't exit successfully: `/home/ops/.rustup/toolchains/stable-x86_64-unknown-linux-gnu/bin/rustc --crate-name tla_oracle --edition=2024 crates/tla-oracle/src/lib.rs --error-format=json --json=diagnostic-rendered-ansi,artifacts,future-incompat --crate-type lib --emit=dep-info,metadata,link -C embed-bitcode=no -C debuginfo=2 '--warn=clippy::pedantic' '--deny=clippy::all' --forbid=unsafe_code '--allow=clippy::similar_names' '--allow=clippy::must_use_candidate' '--allow=clippy::missing_errors_doc' --check-cfg 'cfg(docsrs,test)' --check-cfg 'cfg(feature, values())' -C metadata=b83f616a193d2c4f -C extra-filename=-05e96871ddace9ec --out-dir /tmp/cargo-mutants-tlatools-rs-EWAJa9.tmp/target/debug/deps -C incremental=/tmp/cargo-mutants-tlatools-rs-EWAJa9.tmp/target/debug/incremental -L dependency=/tmp/cargo-mutants-tlatools-rs-EWAJa9.tmp/target/debug/deps --extern serde=/tmp/cargo-mutants-tlatools-rs-EWAJa9.tmp/target/debug/deps/libserde-50e58405f4925bd5.rmeta --extern serde_json=/tmp/cargo-mutants-tlatools-rs-EWAJa9.tmp/target/debug/deps/libserde_json-1f53e1b7a8e26068.rmeta --extern tla_eval=/tmp/cargo-mutants-tlatools-rs-EWAJa9.tmp/target/debug/deps/libtla_eval-9723028bc8fab821.rmeta --extern tla_syntax=/tmp/cargo-mutants-tlatools-rs-EWAJa9.tmp/target/debug/deps/libtla_syntax-169d03993c2aec3f.rmeta` (exit status: 1)

*** result: Failure(101)
