
*** crates/tla-syntax/src/parser.rs:266:9: replace Parser::named_definition -> Result<Unit> with Ok(Default::default())

*** mutation diff:
--- crates/tla-syntax/src/parser.rs
+++ replace Parser::named_definition -> Result<Unit> with Ok(Default::default())
@@ -258,70 +258,17 @@
             other => Err(self.err(format!("expected a declaration, found {other:?}"))),
         }
     }
 
     /// Everything that can follow a name at the head of a definition: an
     /// ordinary or operator definition, a function definition, an instance, or
     /// a definition of an infix or postfix operator whose left operand this is.
     fn named_definition(&mut self, name: String, local: bool) -> Result<Unit> {
-        self.advance();
-
-        if let Tok::Op(op) = self.peek().clone() {
-            self.advance();
-            let left = Param::value(name);
-            let params = if self.eat(&Tok::DefEq) {
-                vec![left]
-            } else {
-                let right = self.param()?;
-                self.expect(&Tok::DefEq)?;
-                vec![left, right]
-            };
-            return Ok(Unit::Def(Def {
-                name: op.symbol().to_string(),
-                params,
-                body: self.expr(0)?,
-                local,
-            }));
-        }
-
-        // `f[x \in S] == e` defines a function, and may refer to `f` inside.
-        if matches!(self.peek(), Tok::LBrack) {
-            self.advance();
-            let bounds = self.bracketed(|p| p.bounds(&Tok::RBrack))?;
-            self.expect(&Tok::RBrack)?;
-            self.expect(&Tok::DefEq)?;
-            let body = self.expr(0)?;
-            return Ok(Unit::Def(Def {
-                name,
-                params: Vec::new(),
-                body: Expr::FnDef {
-                    bounds,
-                    body: Box::new(body),
-                },
-                local,
-            }));
-        }
-
-        let params = self.opt_params()?;
-        self.expect(&Tok::DefEq)?;
-        if matches!(self.peek(), Tok::Kw(Kw::Instance)) {
-            let (module, subs) = self.instance_tail()?;
-            return Ok(Unit::Instance {
-                name: Some(name),
-                module,
-                subs,
-            });
-        }
-        Ok(Unit::Def(Def {
-            name,
-            params,
-            body: self.expr(0)?,
-            local,
-        }))
+        Ok(Default::default()) /* ~ changed by cargo-mutants ~ */
     }
 
     /// `THEOREM Name == ...` names the theorem; the name carries no meaning
     /// for evaluation, so it is read and dropped.
     fn skip_label(&mut self) {
         if matches!(self.peek(), Tok::Ident(_)) && matches!(self.peek_at(1), Tok::DefEq) {
             self.advance();
             self.advance();


*** /home/ops/.rustup/toolchains/stable-x86_64-unknown-linux-gnu/bin/cargo test --no-run --verbose --package=tla-syntax@0.1.0
       Dirty tla-syntax v0.1.0 (/tmp/cargo-mutants-tlatools-rs-DsWQO2.tmp/crates/tla-syntax): couldn't read metadata for file `target/debug/deps/libtla_syntax-169d03993c2aec3f.rlib`
   Compiling tla-syntax v0.1.0 (/tmp/cargo-mutants-tlatools-rs-DsWQO2.tmp/crates/tla-syntax)
     Running `/home/ops/.rustup/toolchains/stable-x86_64-unknown-linux-gnu/bin/rustc --crate-name tla_syntax --edition=2024 crates/tla-syntax/src/lib.rs --error-format=json --json=diagnostic-rendered-ansi,artifacts,future-incompat --crate-type lib --emit=dep-info,metadata,link -C embed-bitcode=no -C debuginfo=2 '--warn=clippy::pedantic' '--deny=clippy::all' --forbid=unsafe_code '--allow=clippy::similar_names' '--allow=clippy::must_use_candidate' '--allow=clippy::missing_errors_doc' --check-cfg 'cfg(docsrs,test)' --check-cfg 'cfg(feature, values())' -C metadata=85b1367430153dc6 -C extra-filename=-169d03993c2aec3f --out-dir /tmp/cargo-mutants-tlatools-rs-DsWQO2.tmp/target/debug/deps -C incremental=/tmp/cargo-mutants-tlatools-rs-DsWQO2.tmp/target/debug/incremental -L dependency=/tmp/cargo-mutants-tlatools-rs-DsWQO2.tmp/target/debug/deps`
     Running `/home/ops/.rustup/toolchains/stable-x86_64-unknown-linux-gnu/bin/rustc --crate-name tla_syntax --edition=2024 crates/tla-syntax/src/lib.rs --error-format=json --json=diagnostic-rendered-ansi,artifacts,future-incompat --emit=dep-info,link -C embed-bitcode=no -C debuginfo=2 '--warn=clippy::pedantic' '--deny=clippy::all' --forbid=unsafe_code '--allow=clippy::similar_names' '--allow=clippy::must_use_candidate' '--allow=clippy::missing_errors_doc' --test --check-cfg 'cfg(docsrs,test)' --check-cfg 'cfg(feature, values())' -C metadata=b9cdaea3d809ecd1 -C extra-filename=-7b1a32620c4b87af --out-dir /tmp/cargo-mutants-tlatools-rs-DsWQO2.tmp/target/debug/deps -C incremental=/tmp/cargo-mutants-tlatools-rs-DsWQO2.tmp/target/debug/incremental -L dependency=/tmp/cargo-mutants-tlatools-rs-DsWQO2.tmp/target/debug/deps`
error[E0277]: the trait bound `Unit: Default` is not satisfied
   --> crates/tla-syntax/src/parser.rs:266:12
    |
266 |         Ok(Default::default()) /* ~ changed by cargo-mutants ~ */
    |            ^^^^^^^^^^^^^^^^^^ unsatisfied trait bound
    |
help: the trait `Default` is not implemented for `Unit`
   --> crates/tla-syntax/src/ast.rs:40:1
    |
 40 | pub enum Unit {
    | ^^^^^^^^^^^^^

For more information about this error, try `rustc --explain E0277`.
error: could not compile `tla-syntax` (lib test) due to 1 previous error

Caused by:
  process didn't exit successfully: `/home/ops/.rustup/toolchains/stable-x86_64-unknown-linux-gnu/bin/rustc --crate-name tla_syntax --edition=2024 crates/tla-syntax/src/lib.rs --error-format=json --json=diagnostic-rendered-ansi,artifacts,future-incompat --emit=dep-info,link -C embed-bitcode=no -C debuginfo=2 '--warn=clippy::pedantic' '--deny=clippy::all' --forbid=unsafe_code '--allow=clippy::similar_names' '--allow=clippy::must_use_candidate' '--allow=clippy::missing_errors_doc' --test --check-cfg 'cfg(docsrs,test)' --check-cfg 'cfg(feature, values())' -C metadata=b9cdaea3d809ecd1 -C extra-filename=-7b1a32620c4b87af --out-dir /tmp/cargo-mutants-tlatools-rs-DsWQO2.tmp/target/debug/deps -C incremental=/tmp/cargo-mutants-tlatools-rs-DsWQO2.tmp/target/debug/incremental -L dependency=/tmp/cargo-mutants-tlatools-rs-DsWQO2.tmp/target/debug/deps` (exit status: 1)
warning: build failed, waiting for other jobs to finish...
error: could not compile `tla-syntax` (lib) due to 1 previous error

Caused by:
  process didn't exit successfully: `/home/ops/.rustup/toolchains/stable-x86_64-unknown-linux-gnu/bin/rustc --crate-name tla_syntax --edition=2024 crates/tla-syntax/src/lib.rs --error-format=json --json=diagnostic-rendered-ansi,artifacts,future-incompat --crate-type lib --emit=dep-info,metadata,link -C embed-bitcode=no -C debuginfo=2 '--warn=clippy::pedantic' '--deny=clippy::all' --forbid=unsafe_code '--allow=clippy::similar_names' '--allow=clippy::must_use_candidate' '--allow=clippy::missing_errors_doc' --check-cfg 'cfg(docsrs,test)' --check-cfg 'cfg(feature, values())' -C metadata=85b1367430153dc6 -C extra-filename=-169d03993c2aec3f --out-dir /tmp/cargo-mutants-tlatools-rs-DsWQO2.tmp/target/debug/deps -C incremental=/tmp/cargo-mutants-tlatools-rs-DsWQO2.tmp/target/debug/incremental -L dependency=/tmp/cargo-mutants-tlatools-rs-DsWQO2.tmp/target/debug/deps` (exit status: 1)

*** result: Failure(101)
