
*** crates/tla-oracle/src/schema.rs:63:5: replace decode -> Result<Value> with Ok(Default::default())

*** mutation diff:
--- crates/tla-oracle/src/schema.rs
+++ replace decode -> Result<Value> with Ok(Default::default())
@@ -55,97 +55,17 @@
 fn fail<T>(path: &str, message: impl Into<String>) -> Result<T> {
     Err(DecodeError {
         path: path.to_string(),
         message: message.into(),
     })
 }
 
 pub fn decode(json: &Json, schema: &Schema, path: &str) -> Result<Value> {
-    match schema {
-        Schema::Int => match json.as_i64() {
-            Some(n) if !json.is_boolean() => Ok(Value::Int(n)),
-            _ => fail(path, format!("expected an integer, got {}", kind_of(json))),
-        },
-        Schema::Bool => match json.as_bool() {
-            Some(b) => Ok(Value::Bool(b)),
-            None => fail(path, format!("expected a boolean, got {}", kind_of(json))),
-        },
-        Schema::Str => match json.as_str() {
-            Some(s) => Ok(Value::string(s)),
-            None => fail(path, format!("expected a string, got {}", kind_of(json))),
-        },
-        Schema::Set { of } => {
-            let items = array(json, path)?;
-            let mut out = BTreeSet::new();
-            for (i, item) in items.iter().enumerate() {
-                let value = decode(item, of, &format!("{path}[{i}]"))?;
-                if !out.insert(value) {
-                    return fail(
-                        path,
-                        format!("element {i} is a duplicate; a set has no repeats"),
-                    );
-                }
-            }
-            Ok(Value::Set(out))
-        }
-        Schema::Seq { of } => {
-            let items = array(json, path)?;
-            let mut out = Vec::with_capacity(items.len());
-            for (i, item) in items.iter().enumerate() {
-                out.push(decode(item, of, &format!("{path}[{i}]"))?);
-            }
-            Ok(Value::Seq(out))
-        }
-        Schema::Map { of } => {
-            let fields = object(json, path)?;
-            let mut out = BTreeMap::new();
-            for (k, v) in fields {
-                out.insert(k.clone(), decode(v, of, &format!("{path}.{k}"))?);
-            }
-            Ok(Value::Record(out))
-        }
-        Schema::Rec { fields } => {
-            let given = object(json, path)?;
-            let expected: BTreeSet<&String> = fields.keys().collect();
-            let actual: BTreeSet<&String> = given.keys().collect();
-            if expected != actual {
-                return fail(
-                    path,
-                    format!(
-                        "field mismatch (missing={:?}, unexpected={:?})",
-                        sorted_diff(&expected, &actual),
-                        sorted_diff(&actual, &expected)
-                    ),
-                );
-            }
-            let mut out = BTreeMap::new();
-            for (name, field_schema) in fields {
-                let v = &given[name];
-                out.insert(
-                    name.clone(),
-                    decode(v, field_schema, &format!("{path}.{name}"))?,
-                );
-            }
-            Ok(Value::Record(out))
-        }
-        Schema::Union { of } => {
-            let mut reasons = Vec::new();
-            for alternative in of {
-                match decode(json, alternative, path) {
-                    Ok(v) => return Ok(v),
-                    Err(e) => reasons.push(e.message),
-                }
-            }
-            fail(
-                path,
-                format!("matches no alternative ({})", reasons.join("; ")),
-            )
-        }
-    }
+    Ok(Default::default()) /* ~ changed by cargo-mutants ~ */
 }
 
 /// Read a whole state: exactly the specification's variables, nothing else.
 pub fn decode_state(
     json: &Json,
     schema: &BTreeMap<String, Schema>,
     path: &str,
 ) -> Result<tla_eval::State> {


*** /home/ops/.rustup/toolchains/stable-x86_64-unknown-linux-gnu/bin/cargo test --no-run --verbose --package=tla-oracle@0.1.0
    Blocking waiting for file lock on package cache
    Blocking waiting for file lock on package cache
    Blocking waiting for file lock on package cache
       Fresh unicode-ident v1.0.24
       Fresh proc-macro2 v1.0.107
       Fresh memchr v2.8.3
       Fresh tla-syntax v0.1.0 (/tmp/cargo-mutants-tlatools-rs-ot8uTz.tmp/crates/tla-syntax)
       Fresh itoa v1.0.18
       Fresh quote v1.0.47
       Fresh serde_core v1.0.229
       Fresh zmij v1.0.23
       Fresh tla-eval v0.1.0 (/tmp/cargo-mutants-tlatools-rs-ot8uTz.tmp/crates/tla-eval)
       Fresh syn v3.0.3
       Fresh serde_json v1.0.151
       Fresh serde_derive v1.0.229
       Fresh serde v1.0.229
       Dirty tla-oracle v0.1.0 (/tmp/cargo-mutants-tlatools-rs-ot8uTz.tmp/crates/tla-oracle): the file `crates/tla-oracle/src/check.rs` has changed (1786402199.997063763s, 483029579ns after last build at 1786402199.514034184s)
   Compiling tla-oracle v0.1.0 (/tmp/cargo-mutants-tlatools-rs-ot8uTz.tmp/crates/tla-oracle)
     Running `/home/ops/.rustup/toolchains/stable-x86_64-unknown-linux-gnu/bin/rustc --crate-name tla_oracle --edition=2024 crates/tla-oracle/src/lib.rs --error-format=json --json=diagnostic-rendered-ansi,artifacts,future-incompat --emit=dep-info,link -C embed-bitcode=no -C debuginfo=2 '--warn=clippy::pedantic' '--deny=clippy::all' --forbid=unsafe_code '--allow=clippy::similar_names' '--allow=clippy::must_use_candidate' '--allow=clippy::missing_errors_doc' --test --check-cfg 'cfg(docsrs,test)' --check-cfg 'cfg(feature, values())' -C metadata=0ab41740dcdd59c9 -C extra-filename=-1cfd7f127e84a435 --out-dir /tmp/cargo-mutants-tlatools-rs-ot8uTz.tmp/target/debug/deps -C incremental=/tmp/cargo-mutants-tlatools-rs-ot8uTz.tmp/target/debug/incremental -L dependency=/tmp/cargo-mutants-tlatools-rs-ot8uTz.tmp/target/debug/deps --extern serde=/tmp/cargo-mutants-tlatools-rs-ot8uTz.tmp/target/debug/deps/libserde-50e58405f4925bd5.rlib --extern serde_json=/tmp/cargo-mutants-tlatools-rs-ot8uTz.tmp/target/debug/deps/libserde_json-1f53e1b7a8e26068.rlib --extern tla_eval=/tmp/cargo-mutants-tlatools-rs-ot8uTz.tmp/target/debug/deps/libtla_eval-9723028bc8fab821.rlib --extern tla_syntax=/tmp/cargo-mutants-tlatools-rs-ot8uTz.tmp/target/debug/deps/libtla_syntax-169d03993c2aec3f.rlib`
     Running `/home/ops/.rustup/toolchains/stable-x86_64-unknown-linux-gnu/bin/rustc --crate-name tla_oracle --edition=2024 crates/tla-oracle/src/lib.rs --error-format=json --json=diagnostic-rendered-ansi,artifacts,future-incompat --crate-type lib --emit=dep-info,metadata,link -C embed-bitcode=no -C debuginfo=2 '--warn=clippy::pedantic' '--deny=clippy::all' --forbid=unsafe_code '--allow=clippy::similar_names' '--allow=clippy::must_use_candidate' '--allow=clippy::missing_errors_doc' --check-cfg 'cfg(docsrs,test)' --check-cfg 'cfg(feature, values())' -C metadata=b83f616a193d2c4f -C extra-filename=-05e96871ddace9ec --out-dir /tmp/cargo-mutants-tlatools-rs-ot8uTz.tmp/target/debug/deps -C incremental=/tmp/cargo-mutants-tlatools-rs-ot8uTz.tmp/target/debug/incremental -L dependency=/tmp/cargo-mutants-tlatools-rs-ot8uTz.tmp/target/debug/deps --extern serde=/tmp/cargo-mutants-tlatools-rs-ot8uTz.tmp/target/debug/deps/libserde-50e58405f4925bd5.rmeta --extern serde_json=/tmp/cargo-mutants-tlatools-rs-ot8uTz.tmp/target/debug/deps/libserde_json-1f53e1b7a8e26068.rmeta --extern tla_eval=/tmp/cargo-mutants-tlatools-rs-ot8uTz.tmp/target/debug/deps/libtla_eval-9723028bc8fab821.rmeta --extern tla_syntax=/tmp/cargo-mutants-tlatools-rs-ot8uTz.tmp/target/debug/deps/libtla_syntax-169d03993c2aec3f.rmeta`
error[E0277]: the trait bound `tla_eval::Value: Default` is not satisfied
  --> crates/tla-oracle/src/schema.rs:63:8
   |
63 |     Ok(Default::default()) /* ~ changed by cargo-mutants ~ */
   |        ^^^^^^^^^^^^^^^^^^ the trait `Default` is not implemented for `tla_eval::Value`

For more information about this error, try `rustc --explain E0277`.
error: could not compile `tla-oracle` (lib test) due to 1 previous error

Caused by:
  process didn't exit successfully: `/home/ops/.rustup/toolchains/stable-x86_64-unknown-linux-gnu/bin/rustc --crate-name tla_oracle --edition=2024 crates/tla-oracle/src/lib.rs --error-format=json --json=diagnostic-rendered-ansi,artifacts,future-incompat --emit=dep-info,link -C embed-bitcode=no -C debuginfo=2 '--warn=clippy::pedantic' '--deny=clippy::all' --forbid=unsafe_code '--allow=clippy::similar_names' '--allow=clippy::must_use_candidate' '--allow=clippy::missing_errors_doc' --test --check-cfg 'cfg(docsrs,test)' --check-cfg 'cfg(feature, values())' -C metadata=0ab41740dcdd59c9 -C extra-filename=-1cfd7f127e84a435 --out-dir /tmp/cargo-mutants-tlatools-rs-ot8uTz.tmp/target/debug/deps -C incremental=/tmp/cargo-mutants-tlatools-rs-ot8uTz.tmp/target/debug/incremental -L dependency=/tmp/cargo-mutants-tlatools-rs-ot8uTz.tmp/target/debug/deps --extern serde=/tmp/cargo-mutants-tlatools-rs-ot8uTz.tmp/target/debug/deps/libserde-50e58405f4925bd5.rlib --extern serde_json=/tmp/cargo-mutants-tlatools-rs-ot8uTz.tmp/target/debug/deps/libserde_json-1f53e1b7a8e26068.rlib --extern tla_eval=/tmp/cargo-mutants-tlatools-rs-ot8uTz.tmp/target/debug/deps/libtla_eval-9723028bc8fab821.rlib --extern tla_syntax=/tmp/cargo-mutants-tlatools-rs-ot8uTz.tmp/target/debug/deps/libtla_syntax-169d03993c2aec3f.rlib` (exit status: 1)
warning: build failed, waiting for other jobs to finish...
error: could not compile `tla-oracle` (lib) due to 1 previous error

Caused by:
  process didn't exit successfully: `/home/ops/.rustup/toolchains/stable-x86_64-unknown-linux-gnu/bin/rustc --crate-name tla_oracle --edition=2024 crates/tla-oracle/src/lib.rs --error-format=json --json=diagnostic-rendered-ansi,artifacts,future-incompat --crate-type lib --emit=dep-info,metadata,link -C embed-bitcode=no -C debuginfo=2 '--warn=clippy::pedantic' '--deny=clippy::all' --forbid=unsafe_code '--allow=clippy::similar_names' '--allow=clippy::must_use_candidate' '--allow=clippy::missing_errors_doc' --check-cfg 'cfg(docsrs,test)' --check-cfg 'cfg(feature, values())' -C metadata=b83f616a193d2c4f -C extra-filename=-05e96871ddace9ec --out-dir /tmp/cargo-mutants-tlatools-rs-ot8uTz.tmp/target/debug/deps -C incremental=/tmp/cargo-mutants-tlatools-rs-ot8uTz.tmp/target/debug/incremental -L dependency=/tmp/cargo-mutants-tlatools-rs-ot8uTz.tmp/target/debug/deps --extern serde=/tmp/cargo-mutants-tlatools-rs-ot8uTz.tmp/target/debug/deps/libserde-50e58405f4925bd5.rmeta --extern serde_json=/tmp/cargo-mutants-tlatools-rs-ot8uTz.tmp/target/debug/deps/libserde_json-1f53e1b7a8e26068.rmeta --extern tla_eval=/tmp/cargo-mutants-tlatools-rs-ot8uTz.tmp/target/debug/deps/libtla_eval-9723028bc8fab821.rmeta --extern tla_syntax=/tmp/cargo-mutants-tlatools-rs-ot8uTz.tmp/target/debug/deps/libtla_syntax-169d03993c2aec3f.rmeta` (exit status: 1)

*** result: Failure(101)
