
*** crates/tla-syntax/src/parser.rs:434:9: replace Parser::at_unit_start -> bool with true

*** mutation diff:
--- crates/tla-syntax/src/parser.rs
+++ replace Parser::at_unit_start -> bool with true
@@ -426,33 +426,17 @@
 
     fn begins_line(&self) -> bool {
         self.pos == 0 || self.toks[self.pos - 1].line < self.toks[self.pos].line
     }
 
     /// Does a new module unit begin here? Only tokens in the first column can,
     /// which is what keeps a proof's own keywords from ending it early.
     fn at_unit_start(&self) -> bool {
-        if self.col() != 1 {
-            return false;
-        }
-        match self.peek() {
-            Tok::Kw(
-                Kw::Variable
-                | Kw::Constant
-                | Kw::Assume
-                | Kw::Theorem
-                | Kw::Local
-                | Kw::Instance
-                | Kw::Recursive
-                | Kw::Extends,
-            ) => true,
-            Tok::Ident(_) | Tok::Op(_) | Tok::Underscore => self.at_definition(),
-            _ => false,
-        }
+        true /* ~ changed by cargo-mutants ~ */
     }
 
     /// Does a definition's left-hand side start here?
     ///
     /// Matching the shape matters rather than merely finding a `==` further
     /// on: a generated specification wraps expressions into the first column,
     /// and the next definition's `==` is only a few tokens away.
     fn at_definition(&self) -> bool {


*** /home/ops/.rustup/toolchains/stable-x86_64-unknown-linux-gnu/bin/cargo test --no-run --verbose --package=tla-syntax@0.1.0
       Dirty tla-syntax v0.1.0 (/tmp/cargo-mutants-tlatools-rs-qHpCL3.tmp/crates/tla-syntax): the file `crates/tla-syntax/src/parser.rs` has changed (1786406164.198215927s, 1s after last build at 1786406163.860195344s)
   Compiling tla-syntax v0.1.0 (/tmp/cargo-mutants-tlatools-rs-qHpCL3.tmp/crates/tla-syntax)
     Running `/home/ops/.rustup/toolchains/stable-x86_64-unknown-linux-gnu/bin/rustc --crate-name tla_syntax --edition=2024 crates/tla-syntax/src/lib.rs --error-format=json --json=diagnostic-rendered-ansi,artifacts,future-incompat --emit=dep-info,link -C embed-bitcode=no -C debuginfo=2 '--warn=clippy::pedantic' '--deny=clippy::all' --forbid=unsafe_code '--allow=clippy::similar_names' '--allow=clippy::must_use_candidate' '--allow=clippy::missing_errors_doc' --test --check-cfg 'cfg(docsrs,test)' --check-cfg 'cfg(feature, values())' -C metadata=b9cdaea3d809ecd1 -C extra-filename=-7b1a32620c4b87af --out-dir /tmp/cargo-mutants-tlatools-rs-qHpCL3.tmp/target/debug/deps -C incremental=/tmp/cargo-mutants-tlatools-rs-qHpCL3.tmp/target/debug/incremental -L dependency=/tmp/cargo-mutants-tlatools-rs-qHpCL3.tmp/target/debug/deps`
     Running `/home/ops/.rustup/toolchains/stable-x86_64-unknown-linux-gnu/bin/rustc --crate-name tla_syntax --edition=2024 crates/tla-syntax/src/lib.rs --error-format=json --json=diagnostic-rendered-ansi,artifacts,future-incompat --crate-type lib --emit=dep-info,metadata,link -C embed-bitcode=no -C debuginfo=2 '--warn=clippy::pedantic' '--deny=clippy::all' --forbid=unsafe_code '--allow=clippy::similar_names' '--allow=clippy::must_use_candidate' '--allow=clippy::missing_errors_doc' --check-cfg 'cfg(docsrs,test)' --check-cfg 'cfg(feature, values())' -C metadata=85b1367430153dc6 -C extra-filename=-169d03993c2aec3f --out-dir /tmp/cargo-mutants-tlatools-rs-qHpCL3.tmp/target/debug/deps -C incremental=/tmp/cargo-mutants-tlatools-rs-qHpCL3.tmp/target/debug/incremental -L dependency=/tmp/cargo-mutants-tlatools-rs-qHpCL3.tmp/target/debug/deps`
warning: methods `at_definition`, `is_name`, and `past_brackets` are never used
   --> crates/tla-syntax/src/parser.rs:442:8
    |
 71 | impl Parser {
    | ----------- methods in this implementation
...
442 |     fn at_definition(&self) -> bool {
    |        ^^^^^^^^^^^^^
...
468 |     fn is_name(&self, offset: usize) -> bool {
    |        ^^^^^^^
...
473 |     fn past_brackets(&self, offset: usize) -> usize {
    |        ^^^^^^^^^^^^^
    |
    = note: `#[warn(dead_code)]` (part of `#[warn(unused)]`) on by default

warning: `tla-syntax` (lib test) generated 1 warning
warning: `tla-syntax` (lib) generated 1 warning (1 duplicate)
     Running `/home/ops/.rustup/toolchains/stable-x86_64-unknown-linux-gnu/bin/rustc --crate-name audit --edition=2024 crates/tla-syntax/examples/audit.rs --error-format=json --json=diagnostic-rendered-ansi,artifacts,future-incompat --crate-type bin --emit=dep-info,link -C embed-bitcode=no -C debuginfo=2 '--warn=clippy::pedantic' '--deny=clippy::all' --forbid=unsafe_code '--allow=clippy::similar_names' '--allow=clippy::must_use_candidate' '--allow=clippy::missing_errors_doc' --check-cfg 'cfg(docsrs,test)' --check-cfg 'cfg(feature, values())' -C metadata=dbbf919ed7279ef0 -C extra-filename=-0e703b0c6e8c99ba --out-dir /tmp/cargo-mutants-tlatools-rs-qHpCL3.tmp/target/debug/examples -C incremental=/tmp/cargo-mutants-tlatools-rs-qHpCL3.tmp/target/debug/incremental -L dependency=/tmp/cargo-mutants-tlatools-rs-qHpCL3.tmp/target/debug/deps --extern tla_syntax=/tmp/cargo-mutants-tlatools-rs-qHpCL3.tmp/target/debug/deps/libtla_syntax-169d03993c2aec3f.rlib`
     Running `/home/ops/.rustup/toolchains/stable-x86_64-unknown-linux-gnu/bin/rustc --crate-name golden --edition=2024 crates/tla-syntax/tests/golden.rs --error-format=json --json=diagnostic-rendered-ansi,artifacts,future-incompat --emit=dep-info,link -C embed-bitcode=no -C debuginfo=2 '--warn=clippy::pedantic' '--deny=clippy::all' --forbid=unsafe_code '--allow=clippy::similar_names' '--allow=clippy::must_use_candidate' '--allow=clippy::missing_errors_doc' --test --check-cfg 'cfg(docsrs,test)' --check-cfg 'cfg(feature, values())' -C metadata=4c148619f516b9d2 -C extra-filename=-a7c611b7d1e6a805 --out-dir /tmp/cargo-mutants-tlatools-rs-qHpCL3.tmp/target/debug/deps -C incremental=/tmp/cargo-mutants-tlatools-rs-qHpCL3.tmp/target/debug/incremental -L dependency=/tmp/cargo-mutants-tlatools-rs-qHpCL3.tmp/target/debug/deps --extern tla_syntax=/tmp/cargo-mutants-tlatools-rs-qHpCL3.tmp/target/debug/deps/libtla_syntax-169d03993c2aec3f.rlib`
     Running `/home/ops/.rustup/toolchains/stable-x86_64-unknown-linux-gnu/bin/rustc --crate-name queries --edition=2024 crates/tla-syntax/tests/queries.rs --error-format=json --json=diagnostic-rendered-ansi,artifacts,future-incompat --emit=dep-info,link -C embed-bitcode=no -C debuginfo=2 '--warn=clippy::pedantic' '--deny=clippy::all' --forbid=unsafe_code '--allow=clippy::similar_names' '--allow=clippy::must_use_candidate' '--allow=clippy::missing_errors_doc' --test --check-cfg 'cfg(docsrs,test)' --check-cfg 'cfg(feature, values())' -C metadata=fc19234c6e95ae98 -C extra-filename=-2cacbc55350fea8e --out-dir /tmp/cargo-mutants-tlatools-rs-qHpCL3.tmp/target/debug/deps -C incremental=/tmp/cargo-mutants-tlatools-rs-qHpCL3.tmp/target/debug/incremental -L dependency=/tmp/cargo-mutants-tlatools-rs-qHpCL3.tmp/target/debug/deps --extern tla_syntax=/tmp/cargo-mutants-tlatools-rs-qHpCL3.tmp/target/debug/deps/libtla_syntax-169d03993c2aec3f.rlib`
     Running `/home/ops/.rustup/toolchains/stable-x86_64-unknown-linux-gnu/bin/rustc --crate-name depth --edition=2024 crates/tla-syntax/examples/depth.rs --error-format=json --json=diagnostic-rendered-ansi,artifacts,future-incompat --crate-type bin --emit=dep-info,link -C embed-bitcode=no -C debuginfo=2 '--warn=clippy::pedantic' '--deny=clippy::all' --forbid=unsafe_code '--allow=clippy::similar_names' '--allow=clippy::must_use_candidate' '--allow=clippy::missing_errors_doc' --check-cfg 'cfg(docsrs,test)' --check-cfg 'cfg(feature, values())' -C metadata=945ad0d3a4da74b3 -C extra-filename=-2ef4d05ce566e5e5 --out-dir /tmp/cargo-mutants-tlatools-rs-qHpCL3.tmp/target/debug/examples -C incremental=/tmp/cargo-mutants-tlatools-rs-qHpCL3.tmp/target/debug/incremental -L dependency=/tmp/cargo-mutants-tlatools-rs-qHpCL3.tmp/target/debug/deps --extern tla_syntax=/tmp/cargo-mutants-tlatools-rs-qHpCL3.tmp/target/debug/deps/libtla_syntax-169d03993c2aec3f.rlib`
     Running `/home/ops/.rustup/toolchains/stable-x86_64-unknown-linux-gnu/bin/rustc --crate-name printing --edition=2024 crates/tla-syntax/tests/printing.rs --error-format=json --json=diagnostic-rendered-ansi,artifacts,future-incompat --emit=dep-info,link -C embed-bitcode=no -C debuginfo=2 '--warn=clippy::pedantic' '--deny=clippy::all' --forbid=unsafe_code '--allow=clippy::similar_names' '--allow=clippy::must_use_candidate' '--allow=clippy::missing_errors_doc' --test --check-cfg 'cfg(docsrs,test)' --check-cfg 'cfg(feature, values())' -C metadata=630f5e3de7b96aa4 -C extra-filename=-a0b972b47931cbf0 --out-dir /tmp/cargo-mutants-tlatools-rs-qHpCL3.tmp/target/debug/deps -C incremental=/tmp/cargo-mutants-tlatools-rs-qHpCL3.tmp/target/debug/incremental -L dependency=/tmp/cargo-mutants-tlatools-rs-qHpCL3.tmp/target/debug/deps --extern tla_syntax=/tmp/cargo-mutants-tlatools-rs-qHpCL3.tmp/target/debug/deps/libtla_syntax-169d03993c2aec3f.rlib`
     Running `/home/ops/.rustup/toolchains/stable-x86_64-unknown-linux-gnu/bin/rustc --crate-name parse_specs --edition=2024 crates/tla-syntax/tests/parse_specs.rs --error-format=json --json=diagnostic-rendered-ansi,artifacts,future-incompat --emit=dep-info,link -C embed-bitcode=no -C debuginfo=2 '--warn=clippy::pedantic' '--deny=clippy::all' --forbid=unsafe_code '--allow=clippy::similar_names' '--allow=clippy::must_use_candidate' '--allow=clippy::missing_errors_doc' --test --check-cfg 'cfg(docsrs,test)' --check-cfg 'cfg(feature, values())' -C metadata=a8f81c428969cd5b -C extra-filename=-f79b0d0a70f894ac --out-dir /tmp/cargo-mutants-tlatools-rs-qHpCL3.tmp/target/debug/deps -C incremental=/tmp/cargo-mutants-tlatools-rs-qHpCL3.tmp/target/debug/incremental -L dependency=/tmp/cargo-mutants-tlatools-rs-qHpCL3.tmp/target/debug/deps --extern tla_syntax=/tmp/cargo-mutants-tlatools-rs-qHpCL3.tmp/target/debug/deps/libtla_syntax-169d03993c2aec3f.rlib`
     Running `/home/ops/.rustup/toolchains/stable-x86_64-unknown-linux-gnu/bin/rustc --crate-name robustness --edition=2024 crates/tla-syntax/tests/robustness.rs --error-format=json --json=diagnostic-rendered-ansi,artifacts,future-incompat --emit=dep-info,link -C embed-bitcode=no -C debuginfo=2 '--warn=clippy::pedantic' '--deny=clippy::all' --forbid=unsafe_code '--allow=clippy::similar_names' '--allow=clippy::must_use_candidate' '--allow=clippy::missing_errors_doc' --test --check-cfg 'cfg(docsrs,test)' --check-cfg 'cfg(feature, values())' -C metadata=3b1de0d84c0f7391 -C extra-filename=-4657dcdff6c43e2f --out-dir /tmp/cargo-mutants-tlatools-rs-qHpCL3.tmp/target/debug/deps -C incremental=/tmp/cargo-mutants-tlatools-rs-qHpCL3.tmp/target/debug/incremental -L dependency=/tmp/cargo-mutants-tlatools-rs-qHpCL3.tmp/target/debug/deps --extern tla_syntax=/tmp/cargo-mutants-tlatools-rs-qHpCL3.tmp/target/debug/deps/libtla_syntax-169d03993c2aec3f.rlib`
     Running `/home/ops/.rustup/toolchains/stable-x86_64-unknown-linux-gnu/bin/rustc --crate-name grammar --edition=2024 crates/tla-syntax/tests/grammar.rs --error-format=json --json=diagnostic-rendered-ansi,artifacts,future-incompat --emit=dep-info,link -C embed-bitcode=no -C debuginfo=2 '--warn=clippy::pedantic' '--deny=clippy::all' --forbid=unsafe_code '--allow=clippy::similar_names' '--allow=clippy::must_use_candidate' '--allow=clippy::missing_errors_doc' --test --check-cfg 'cfg(docsrs,test)' --check-cfg 'cfg(feature, values())' -C metadata=0802b3514e0199db -C extra-filename=-209c7b39092f9a9f --out-dir /tmp/cargo-mutants-tlatools-rs-qHpCL3.tmp/target/debug/deps -C incremental=/tmp/cargo-mutants-tlatools-rs-qHpCL3.tmp/target/debug/incremental -L dependency=/tmp/cargo-mutants-tlatools-rs-qHpCL3.tmp/target/debug/deps --extern tla_syntax=/tmp/cargo-mutants-tlatools-rs-qHpCL3.tmp/target/debug/deps/libtla_syntax-169d03993c2aec3f.rlib`
    Finished `test` profile [unoptimized + debuginfo] target(s) in 0.33s
  Executable `/tmp/cargo-mutants-tlatools-rs-qHpCL3.tmp/target/debug/deps/tla_syntax-7b1a32620c4b87af`
  Executable `/tmp/cargo-mutants-tlatools-rs-qHpCL3.tmp/target/debug/deps/golden-a7c611b7d1e6a805`
  Executable `/tmp/cargo-mutants-tlatools-rs-qHpCL3.tmp/target/debug/deps/grammar-209c7b39092f9a9f`
  Executable `/tmp/cargo-mutants-tlatools-rs-qHpCL3.tmp/target/debug/deps/parse_specs-f79b0d0a70f894ac`
  Executable `/tmp/cargo-mutants-tlatools-rs-qHpCL3.tmp/target/debug/deps/printing-a0b972b47931cbf0`
  Executable `/tmp/cargo-mutants-tlatools-rs-qHpCL3.tmp/target/debug/deps/queries-2cacbc55350fea8e`
  Executable `/tmp/cargo-mutants-tlatools-rs-qHpCL3.tmp/target/debug/deps/robustness-4657dcdff6c43e2f`

*** result: Success

*** /home/ops/.rustup/toolchains/stable-x86_64-unknown-linux-gnu/bin/cargo test --verbose --package=tla-syntax@0.1.0
warning: methods `at_definition`, `is_name`, and `past_brackets` are never used
   --> crates/tla-syntax/src/parser.rs:442:8
    |
 71 | impl Parser {
    | ----------- methods in this implementation
...
442 |     fn at_definition(&self) -> bool {
    |        ^^^^^^^^^^^^^
...
468 |     fn is_name(&self, offset: usize) -> bool {
    |        ^^^^^^^
...
473 |     fn past_brackets(&self, offset: usize) -> usize {
    |        ^^^^^^^^^^^^^
    |
    = note: `#[warn(dead_code)]` (part of `#[warn(unused)]`) on by default

warning: `tla-syntax` (lib) generated 1 warning
       Fresh tla-syntax v0.1.0 (/tmp/cargo-mutants-tlatools-rs-qHpCL3.tmp/crates/tla-syntax)
warning: `tla-syntax` (lib test) generated 1 warning (1 duplicate)
    Finished `test` profile [unoptimized + debuginfo] target(s) in 0.01s
     Running `/tmp/cargo-mutants-tlatools-rs-qHpCL3.tmp/target/debug/deps/tla_syntax-7b1a32620c4b87af`

running 0 tests

test result: ok. 0 passed; 0 failed; 0 ignored; 0 measured; 0 filtered out; finished in 0.00s

     Running `/tmp/cargo-mutants-tlatools-rs-qHpCL3.tmp/target/debug/deps/golden-a7c611b7d1e6a805`

running 2 tests
test every_specification_matches_its_golden_form ... FAILED
test the_golden_form_is_itself_readable ... FAILED

failures:

---- every_specification_matches_its_golden_form stdout ----

thread 'every_specification_matches_its_golden_form' (1251562) panicked at crates/tla-syntax/tests/golden.rs:38:72:
BankTransfer.tla: parse error at 12:1: expected DefEq, found Ident("TypeOK")
note: run with `RUST_BACKTRACE=1` environment variable to display a backtrace

---- the_golden_form_is_itself_readable stdout ----

thread 'the_golden_form_is_itself_readable' (1251564) panicked at crates/tla-syntax/tests/golden.rs:78:70:
RaftElection.tla: parse error at 6:27: expected an identifier, found LBrack


failures:
    every_specification_matches_its_golden_form
    the_golden_form_is_itself_readable

test result: FAILED. 0 passed; 2 failed; 0 ignored; 0 measured; 0 filtered out; finished in 0.00s

error: test failed, to rerun pass `-p tla-syntax --test golden`

*** result: Failure(101)
