
*** crates/tla-syntax/src/ast.rs:32:17: delete match arm Unit::Variables(vs) in Module::variables

*** mutation diff:
--- crates/tla-syntax/src/ast.rs
+++ delete match arm Unit::Variables(vs) in Module::variables
@@ -24,17 +24,17 @@
             })
             .flatten()
     }
 
     pub fn variables(&self) -> impl Iterator<Item = &String> {
         self.units
             .iter()
             .filter_map(|u| match u {
-                Unit::Variables(vs) => Some(vs),
+                 /* ~ changed by cargo-mutants ~ */
                 _ => None,
             })
             .flatten()
     }
 }
 
 #[derive(Debug, Clone, PartialEq, Eq)]
 pub enum Unit {


*** /home/ops/.rustup/toolchains/stable-x86_64-unknown-linux-gnu/bin/cargo test --no-run --verbose --package=tla-syntax@0.1.0
       Dirty tla-syntax v0.1.0 (/tmp/cargo-mutants-tlatools-rs-jMqRFZ.tmp/crates/tla-syntax): the file `crates/tla-syntax/src/ast.rs` has changed (1786402202.674227701s, 441027007ns after last build at 1786402202.233200694s)
   Compiling tla-syntax v0.1.0 (/tmp/cargo-mutants-tlatools-rs-jMqRFZ.tmp/crates/tla-syntax)
     Running `/home/ops/.rustup/toolchains/stable-x86_64-unknown-linux-gnu/bin/rustc --crate-name tla_syntax --edition=2024 crates/tla-syntax/src/lib.rs --error-format=json --json=diagnostic-rendered-ansi,artifacts,future-incompat --emit=dep-info,link -C embed-bitcode=no -C debuginfo=2 '--warn=clippy::pedantic' '--deny=clippy::all' --forbid=unsafe_code '--allow=clippy::similar_names' '--allow=clippy::must_use_candidate' '--allow=clippy::missing_errors_doc' --test --check-cfg 'cfg(docsrs,test)' --check-cfg 'cfg(feature, values())' -C metadata=b9cdaea3d809ecd1 -C extra-filename=-7b1a32620c4b87af --out-dir /tmp/cargo-mutants-tlatools-rs-jMqRFZ.tmp/target/debug/deps -C incremental=/tmp/cargo-mutants-tlatools-rs-jMqRFZ.tmp/target/debug/incremental -L dependency=/tmp/cargo-mutants-tlatools-rs-jMqRFZ.tmp/target/debug/deps`
     Running `/home/ops/.rustup/toolchains/stable-x86_64-unknown-linux-gnu/bin/rustc --crate-name tla_syntax --edition=2024 crates/tla-syntax/src/lib.rs --error-format=json --json=diagnostic-rendered-ansi,artifacts,future-incompat --crate-type lib --emit=dep-info,metadata,link -C embed-bitcode=no -C debuginfo=2 '--warn=clippy::pedantic' '--deny=clippy::all' --forbid=unsafe_code '--allow=clippy::similar_names' '--allow=clippy::must_use_candidate' '--allow=clippy::missing_errors_doc' --check-cfg 'cfg(docsrs,test)' --check-cfg 'cfg(feature, values())' -C metadata=85b1367430153dc6 -C extra-filename=-169d03993c2aec3f --out-dir /tmp/cargo-mutants-tlatools-rs-jMqRFZ.tmp/target/debug/deps -C incremental=/tmp/cargo-mutants-tlatools-rs-jMqRFZ.tmp/target/debug/incremental -L dependency=/tmp/cargo-mutants-tlatools-rs-jMqRFZ.tmp/target/debug/deps`
error[E0282]: type annotations needed
  --> crates/tla-syntax/src/ast.rs:33:22
   |
33 |                 _ => None,
   |                      ^^^^ cannot infer type of the type parameter `T` declared on the enum `Option`
   |
help: consider specifying a concrete type for the type parameter `T`
   |
33 |                 _ => None::</* Type */>,
   |                          ++++++++++++++

For more information about this error, try `rustc --explain E0282`.
error: could not compile `tla-syntax` (lib test) due to 1 previous error

Caused by:
  process didn't exit successfully: `/home/ops/.rustup/toolchains/stable-x86_64-unknown-linux-gnu/bin/rustc --crate-name tla_syntax --edition=2024 crates/tla-syntax/src/lib.rs --error-format=json --json=diagnostic-rendered-ansi,artifacts,future-incompat --emit=dep-info,link -C embed-bitcode=no -C debuginfo=2 '--warn=clippy::pedantic' '--deny=clippy::all' --forbid=unsafe_code '--allow=clippy::similar_names' '--allow=clippy::must_use_candidate' '--allow=clippy::missing_errors_doc' --test --check-cfg 'cfg(docsrs,test)' --check-cfg 'cfg(feature, values())' -C metadata=b9cdaea3d809ecd1 -C extra-filename=-7b1a32620c4b87af --out-dir /tmp/cargo-mutants-tlatools-rs-jMqRFZ.tmp/target/debug/deps -C incremental=/tmp/cargo-mutants-tlatools-rs-jMqRFZ.tmp/target/debug/incremental -L dependency=/tmp/cargo-mutants-tlatools-rs-jMqRFZ.tmp/target/debug/deps` (exit status: 1)
warning: build failed, waiting for other jobs to finish...
error: could not compile `tla-syntax` (lib) due to 1 previous error

Caused by:
  process didn't exit successfully: `/home/ops/.rustup/toolchains/stable-x86_64-unknown-linux-gnu/bin/rustc --crate-name tla_syntax --edition=2024 crates/tla-syntax/src/lib.rs --error-format=json --json=diagnostic-rendered-ansi,artifacts,future-incompat --crate-type lib --emit=dep-info,metadata,link -C embed-bitcode=no -C debuginfo=2 '--warn=clippy::pedantic' '--deny=clippy::all' --forbid=unsafe_code '--allow=clippy::similar_names' '--allow=clippy::must_use_candidate' '--allow=clippy::missing_errors_doc' --check-cfg 'cfg(docsrs,test)' --check-cfg 'cfg(feature, values())' -C metadata=85b1367430153dc6 -C extra-filename=-169d03993c2aec3f --out-dir /tmp/cargo-mutants-tlatools-rs-jMqRFZ.tmp/target/debug/deps -C incremental=/tmp/cargo-mutants-tlatools-rs-jMqRFZ.tmp/target/debug/incremental -L dependency=/tmp/cargo-mutants-tlatools-rs-jMqRFZ.tmp/target/debug/deps` (exit status: 1)

*** result: Failure(101)
