
*** crates/tla-syntax/src/ast.rs:12:9: replace Module::definition -> Option<&Def> with Some(Box::leak(Box::new(Default::default())))

*** mutation diff:
--- crates/tla-syntax/src/ast.rs
+++ replace Module::definition -> Option<&Def> with Some(Box::leak(Box::new(Default::default())))
@@ -4,20 +4,17 @@
 pub struct Module {
     pub name: String,
     pub extends: Vec<String>,
     pub units: Vec<Unit>,
 }
 
 impl Module {
     pub fn definition(&self, name: &str) -> Option<&Def> {
-        self.units.iter().find_map(|u| match u {
-            Unit::Def(d) if d.name == name => Some(d),
-            _ => None,
-        })
+        Some(Box::leak(Box::new(Default::default()))) /* ~ changed by cargo-mutants ~ */
     }
 
     pub fn constants(&self) -> impl Iterator<Item = &Decl> {
         self.units
             .iter()
             .filter_map(|u| match u {
                 Unit::Constants(ds) => Some(ds),
                 _ => None,


*** /home/ops/.rustup/toolchains/stable-x86_64-unknown-linux-gnu/bin/cargo test --no-run --verbose --package=tla-syntax@0.1.0
       Dirty tla-syntax v0.1.0 (/tmp/cargo-mutants-tlatools-rs-DsWQO2.tmp/crates/tla-syntax): the file `crates/tla-syntax/src/ast.rs` has changed (1786402670.294848659s, 2m 13s after last build at 1786402537.346721583s)
   Compiling tla-syntax v0.1.0 (/tmp/cargo-mutants-tlatools-rs-DsWQO2.tmp/crates/tla-syntax)
     Running `/home/ops/.rustup/toolchains/stable-x86_64-unknown-linux-gnu/bin/rustc --crate-name tla_syntax --edition=2024 crates/tla-syntax/src/lib.rs --error-format=json --json=diagnostic-rendered-ansi,artifacts,future-incompat --emit=dep-info,link -C embed-bitcode=no -C debuginfo=2 '--warn=clippy::pedantic' '--deny=clippy::all' --forbid=unsafe_code '--allow=clippy::similar_names' '--allow=clippy::must_use_candidate' '--allow=clippy::missing_errors_doc' --test --check-cfg 'cfg(docsrs,test)' --check-cfg 'cfg(feature, values())' -C metadata=b9cdaea3d809ecd1 -C extra-filename=-7b1a32620c4b87af --out-dir /tmp/cargo-mutants-tlatools-rs-DsWQO2.tmp/target/debug/deps -C incremental=/tmp/cargo-mutants-tlatools-rs-DsWQO2.tmp/target/debug/incremental -L dependency=/tmp/cargo-mutants-tlatools-rs-DsWQO2.tmp/target/debug/deps`
     Running `/home/ops/.rustup/toolchains/stable-x86_64-unknown-linux-gnu/bin/rustc --crate-name tla_syntax --edition=2024 crates/tla-syntax/src/lib.rs --error-format=json --json=diagnostic-rendered-ansi,artifacts,future-incompat --crate-type lib --emit=dep-info,metadata,link -C embed-bitcode=no -C debuginfo=2 '--warn=clippy::pedantic' '--deny=clippy::all' --forbid=unsafe_code '--allow=clippy::similar_names' '--allow=clippy::must_use_candidate' '--allow=clippy::missing_errors_doc' --check-cfg 'cfg(docsrs,test)' --check-cfg 'cfg(feature, values())' -C metadata=85b1367430153dc6 -C extra-filename=-169d03993c2aec3f --out-dir /tmp/cargo-mutants-tlatools-rs-DsWQO2.tmp/target/debug/deps -C incremental=/tmp/cargo-mutants-tlatools-rs-DsWQO2.tmp/target/debug/incremental -L dependency=/tmp/cargo-mutants-tlatools-rs-DsWQO2.tmp/target/debug/deps`
error[E0277]: the trait bound `Def: Default` is not satisfied
  --> crates/tla-syntax/src/ast.rs:12:33
   |
12 |         Some(Box::leak(Box::new(Default::default()))) /* ~ changed by cargo-mutants ~ */
   |                                 ^^^^^^^^^^^^^^^^^^ unsatisfied trait bound
   |
help: the trait `Default` is not implemented for `Def`
  --> crates/tla-syntax/src/ast.rs:66:1
   |
66 | pub struct Def {
   | ^^^^^^^^^^^^^^

For more information about this error, try `rustc --explain E0277`.
error: could not compile `tla-syntax` (lib) due to 1 previous error

Caused by:
  process didn't exit successfully: `/home/ops/.rustup/toolchains/stable-x86_64-unknown-linux-gnu/bin/rustc --crate-name tla_syntax --edition=2024 crates/tla-syntax/src/lib.rs --error-format=json --json=diagnostic-rendered-ansi,artifacts,future-incompat --crate-type lib --emit=dep-info,metadata,link -C embed-bitcode=no -C debuginfo=2 '--warn=clippy::pedantic' '--deny=clippy::all' --forbid=unsafe_code '--allow=clippy::similar_names' '--allow=clippy::must_use_candidate' '--allow=clippy::missing_errors_doc' --check-cfg 'cfg(docsrs,test)' --check-cfg 'cfg(feature, values())' -C metadata=85b1367430153dc6 -C extra-filename=-169d03993c2aec3f --out-dir /tmp/cargo-mutants-tlatools-rs-DsWQO2.tmp/target/debug/deps -C incremental=/tmp/cargo-mutants-tlatools-rs-DsWQO2.tmp/target/debug/incremental -L dependency=/tmp/cargo-mutants-tlatools-rs-DsWQO2.tmp/target/debug/deps` (exit status: 1)
warning: build failed, waiting for other jobs to finish...
error: could not compile `tla-syntax` (lib test) due to 1 previous error

Caused by:
  process didn't exit successfully: `/home/ops/.rustup/toolchains/stable-x86_64-unknown-linux-gnu/bin/rustc --crate-name tla_syntax --edition=2024 crates/tla-syntax/src/lib.rs --error-format=json --json=diagnostic-rendered-ansi,artifacts,future-incompat --emit=dep-info,link -C embed-bitcode=no -C debuginfo=2 '--warn=clippy::pedantic' '--deny=clippy::all' --forbid=unsafe_code '--allow=clippy::similar_names' '--allow=clippy::must_use_candidate' '--allow=clippy::missing_errors_doc' --test --check-cfg 'cfg(docsrs,test)' --check-cfg 'cfg(feature, values())' -C metadata=b9cdaea3d809ecd1 -C extra-filename=-7b1a32620c4b87af --out-dir /tmp/cargo-mutants-tlatools-rs-DsWQO2.tmp/target/debug/deps -C incremental=/tmp/cargo-mutants-tlatools-rs-DsWQO2.tmp/target/debug/incremental -L dependency=/tmp/cargo-mutants-tlatools-rs-DsWQO2.tmp/target/debug/deps` (exit status: 1)

*** result: Failure(101)
