
*** crates/tlatools/src/main.rs:58:5: replace read_stdin -> Result<String, String> with Ok(String::new())

*** mutation diff:
--- crates/tlatools/src/main.rs
+++ replace read_stdin -> Result<String, String> with Ok(String::new())
@@ -50,21 +50,17 @@
     Ok(match report.status {
         Status::Pass => ExitCode::SUCCESS,
         Status::Error => ExitCode::from(2),
         _ => ExitCode::from(1),
     })
 }
 
 fn read_stdin() -> Result<String, String> {
-    let mut buffer = String::new();
-    std::io::stdin()
-        .read_to_string(&mut buffer)
-        .map_err(|e| format!("reading stdin: {e}"))?;
-    Ok(buffer)
+    Ok(String::new()) /* ~ changed by cargo-mutants ~ */
 }
 
 fn usage() -> &'static str {
     "usage: tlatools check [JOB.json]
 
 Decide whether an implementation's reachable state graph refines a TLA+
 specification. The job is read from JOB.json, or from stdin when the path is
 omitted or is `-`. The verdict is written to stdout as JSON.


*** /home/ops/.rustup/toolchains/stable-x86_64-unknown-linux-gnu/bin/cargo test --no-run --verbose --package=tlatools@0.1.0
       Fresh unicode-ident v1.0.24
       Fresh memchr v2.8.3
       Fresh tla-syntax v0.1.0 (/tmp/cargo-mutants-tlatools-rs-ot8uTz.tmp/crates/tla-syntax)
       Fresh itoa v1.0.18
       Fresh proc-macro2 v1.0.107
       Fresh tla-eval v0.1.0 (/tmp/cargo-mutants-tlatools-rs-ot8uTz.tmp/crates/tla-eval)
       Fresh quote v1.0.47
       Fresh serde_core v1.0.229
       Fresh zmij v1.0.23
       Fresh syn v3.0.3
       Fresh serde_json v1.0.151
       Fresh serde_derive v1.0.229
       Fresh serde v1.0.229
       Fresh tla-oracle v0.1.0 (/tmp/cargo-mutants-tlatools-rs-ot8uTz.tmp/crates/tla-oracle)
       Dirty tlatools v0.1.0 (/tmp/cargo-mutants-tlatools-rs-ot8uTz.tmp/crates/tlatools): the file `crates/tlatools/src/main.rs` has changed (1786402398.879242423s, 489029946ns after last build at 1786402398.390212477s)
   Compiling tlatools v0.1.0 (/tmp/cargo-mutants-tlatools-rs-ot8uTz.tmp/crates/tlatools)
     Running `/home/ops/.rustup/toolchains/stable-x86_64-unknown-linux-gnu/bin/rustc --crate-name tlatools --edition=2024 crates/tlatools/src/main.rs --error-format=json --json=diagnostic-rendered-ansi,artifacts,future-incompat --emit=dep-info,link -C embed-bitcode=no -C debuginfo=2 '--warn=clippy::pedantic' '--deny=clippy::all' --forbid=unsafe_code '--allow=clippy::similar_names' '--allow=clippy::must_use_candidate' '--allow=clippy::missing_errors_doc' --test --check-cfg 'cfg(docsrs,test)' --check-cfg 'cfg(feature, values())' -C metadata=36374a926225a47c -C extra-filename=-d406850af717949e --out-dir /tmp/cargo-mutants-tlatools-rs-ot8uTz.tmp/target/debug/deps -C incremental=/tmp/cargo-mutants-tlatools-rs-ot8uTz.tmp/target/debug/incremental -L dependency=/tmp/cargo-mutants-tlatools-rs-ot8uTz.tmp/target/debug/deps --extern serde_json=/tmp/cargo-mutants-tlatools-rs-ot8uTz.tmp/target/debug/deps/libserde_json-1f53e1b7a8e26068.rlib --extern tla_oracle=/tmp/cargo-mutants-tlatools-rs-ot8uTz.tmp/target/debug/deps/libtla_oracle-05e96871ddace9ec.rlib`
     Running `/home/ops/.rustup/toolchains/stable-x86_64-unknown-linux-gnu/bin/rustc --crate-name tlatools --edition=2024 crates/tlatools/src/main.rs --error-format=json --json=diagnostic-rendered-ansi,artifacts,future-incompat --crate-type bin --emit=dep-info,link -C embed-bitcode=no -C debuginfo=2 '--warn=clippy::pedantic' '--deny=clippy::all' --forbid=unsafe_code '--allow=clippy::similar_names' '--allow=clippy::must_use_candidate' '--allow=clippy::missing_errors_doc' --check-cfg 'cfg(docsrs,test)' --check-cfg 'cfg(feature, values())' -C metadata=9f89e6ee1f5f57f7 -C extra-filename=-0c91a4427a692f68 --out-dir /tmp/cargo-mutants-tlatools-rs-ot8uTz.tmp/target/debug/deps -C incremental=/tmp/cargo-mutants-tlatools-rs-ot8uTz.tmp/target/debug/incremental -L dependency=/tmp/cargo-mutants-tlatools-rs-ot8uTz.tmp/target/debug/deps --extern serde_json=/tmp/cargo-mutants-tlatools-rs-ot8uTz.tmp/target/debug/deps/libserde_json-1f53e1b7a8e26068.rlib --extern tla_oracle=/tmp/cargo-mutants-tlatools-rs-ot8uTz.tmp/target/debug/deps/libtla_oracle-05e96871ddace9ec.rlib`
warning: unused import: `Read`
  --> crates/tlatools/src/main.rs:11:15
   |
11 | use std::io::{Read, Write};
   |               ^^^^
   |
   = note: `#[warn(unused_imports)]` (part of `#[warn(unused)]`) on by default

warning: `tlatools` (bin "tlatools" test) generated 1 warning (run `cargo fix --bin "tlatools" -p tlatools --tests` to apply 1 suggestion)
warning: `tlatools` (bin "tlatools") generated 1 warning (1 duplicate)
    Finished `test` profile [unoptimized + debuginfo] target(s) in 0.33s
  Executable `/tmp/cargo-mutants-tlatools-rs-ot8uTz.tmp/target/debug/deps/tlatools-d406850af717949e`
  Executable `/tmp/cargo-mutants-tlatools-rs-ot8uTz.tmp/target/debug/deps/cli-c42c2bec3c92a770`

*** result: Success

*** /home/ops/.rustup/toolchains/stable-x86_64-unknown-linux-gnu/bin/cargo test --verbose --package=tlatools@0.1.0
       Fresh unicode-ident v1.0.24
       Fresh proc-macro2 v1.0.107
       Fresh tla-syntax v0.1.0 (/tmp/cargo-mutants-tlatools-rs-ot8uTz.tmp/crates/tla-syntax)
       Fresh memchr v2.8.3
       Fresh itoa v1.0.18
       Fresh quote v1.0.47
       Fresh serde_core v1.0.229
       Fresh zmij v1.0.23
       Fresh tla-eval v0.1.0 (/tmp/cargo-mutants-tlatools-rs-ot8uTz.tmp/crates/tla-eval)
       Fresh syn v3.0.3
       Fresh serde_json v1.0.151
       Fresh serde_derive v1.0.229
       Fresh serde v1.0.229
       Fresh tla-oracle v0.1.0 (/tmp/cargo-mutants-tlatools-rs-ot8uTz.tmp/crates/tla-oracle)
warning: unused import: `Read`
  --> crates/tlatools/src/main.rs:11:15
   |
11 | use std::io::{Read, Write};
   |               ^^^^
   |
   = note: `#[warn(unused_imports)]` (part of `#[warn(unused)]`) on by default

       Fresh tlatools v0.1.0 (/tmp/cargo-mutants-tlatools-rs-ot8uTz.tmp/crates/tlatools)
warning: `tlatools` (bin "tlatools") generated 1 warning (run `cargo fix --bin "tlatools" -p tlatools` to apply 1 suggestion)
warning: `tlatools` (bin "tlatools" test) generated 1 warning (1 duplicate)
    Finished `test` profile [unoptimized + debuginfo] target(s) in 0.03s
     Running `/tmp/cargo-mutants-tlatools-rs-ot8uTz.tmp/target/debug/deps/tlatools-d406850af717949e`

running 0 tests

test result: ok. 0 passed; 0 failed; 0 ignored; 0 measured; 0 filtered out; finished in 0.00s

     Running `/tmp/cargo-mutants-tlatools-rs-ot8uTz.tmp/target/debug/deps/cli-c42c2bec3c92a770`

running 9 tests
test a_missing_file_is_reported_and_is_not_a_verdict ... ok
test an_unknown_command_is_refused_with_usage ... ok
test no_command_is_refused_with_usage ... ok
test a_failing_implementation_exits_one ... FAILED
test an_impossible_job_exits_two ... FAILED
test malformed_json_is_refused_before_anything_is_decided ... ok
test a_refining_implementation_exits_zero ... FAILED
test help_is_available_and_succeeds ... ok
test the_job_may_come_from_a_file ... ok

failures:

---- a_failing_implementation_exits_one stdout ----

thread 'a_failing_implementation_exits_one' (614617) panicked at crates/tlatools/tests/cli.rs:71:5:
assertion `left == right` failed
  left: Some(2)
 right: Some(1)
note: run with `RUST_BACKTRACE=1` environment variable to display a backtrace

---- an_impossible_job_exits_two stdout ----

thread 'an_impossible_job_exits_two' (614620) panicked at crates/tlatools/tests/cli.rs:47:9:
stdout was not JSON: EOF while parsing a value at line 1 column 0
stdout: 
stderr: tlatools: reading the job: EOF while parsing a value at line 1 column 0


---- a_refining_implementation_exits_zero stdout ----

thread 'a_refining_implementation_exits_zero' (614619) panicked at crates/tlatools/tests/cli.rs:61:5:
assertion `left == right` failed
  left: Some(2)
 right: Some(0)


failures:
    a_failing_implementation_exits_one
    a_refining_implementation_exits_zero
    an_impossible_job_exits_two

test result: FAILED. 6 passed; 3 failed; 0 ignored; 0 measured; 0 filtered out; finished in 0.01s

error: test failed, to rerun pass `-p tlatools --test cli`

*** result: Failure(101)
