
*** crates/tla-syntax/src/parser.rs:831:9: replace Parser::tuple_or_action -> Result<Expr> with Ok(Default::default())

*** mutation diff:
--- crates/tla-syntax/src/parser.rs
+++ replace Parser::tuple_or_action -> Result<Expr> with Ok(Default::default())
@@ -823,29 +823,17 @@
             }
             if other.is_some() || !self.eat(&Tok::Op(Op::Always)) {
                 return Ok(Expr::Case { arms, other });
             }
         }
     }
 
     fn tuple_or_action(&mut self) -> Result<Expr> {
-        let items = self.bracketed(|p| p.expr_list(&Tok::RTup))?;
-        self.expect(&Tok::RTup)?;
-        if self.at_subscript() {
-            if items.len() != 1 {
-                return Err(self.err("`<<A>>_v` takes a single action"));
-            }
-            let subscript = self.subscript()?;
-            return Ok(Expr::ActionAngle {
-                action: Box::new(items.into_iter().next().expect("length checked")),
-                subscript: Box::new(subscript),
-            });
-        }
-        Ok(Expr::Tuple(items))
+        Ok(Default::default()) /* ~ changed by cargo-mutants ~ */
     }
 
     /// Is a `_v` subscript coming? Identifiers may begin with an underscore,
     /// so `[A]_vars` reaches the parser as one token, not two.
     fn at_subscript(&self) -> bool {
         match self.peek() {
             Tok::Underscore => true,
             Tok::Ident(name) => name.starts_with('_'),


*** /home/ops/.rustup/toolchains/stable-x86_64-unknown-linux-gnu/bin/cargo test --no-run --verbose --package=tla-syntax@0.1.0
       Dirty tla-syntax v0.1.0 (/tmp/cargo-mutants-tlatools-rs-ot8uTz.tmp/crates/tla-syntax): the file `crates/tla-syntax/src/parser.rs` has changed (1786402346.987064777s, 344021066ns after last build at 1786402346.643043711s)
   Compiling tla-syntax v0.1.0 (/tmp/cargo-mutants-tlatools-rs-ot8uTz.tmp/crates/tla-syntax)
     Running `/home/ops/.rustup/toolchains/stable-x86_64-unknown-linux-gnu/bin/rustc --crate-name tla_syntax --edition=2024 crates/tla-syntax/src/lib.rs --error-format=json --json=diagnostic-rendered-ansi,artifacts,future-incompat --emit=dep-info,link -C embed-bitcode=no -C debuginfo=2 '--warn=clippy::pedantic' '--deny=clippy::all' --forbid=unsafe_code '--allow=clippy::similar_names' '--allow=clippy::must_use_candidate' '--allow=clippy::missing_errors_doc' --test --check-cfg 'cfg(docsrs,test)' --check-cfg 'cfg(feature, values())' -C metadata=b9cdaea3d809ecd1 -C extra-filename=-7b1a32620c4b87af --out-dir /tmp/cargo-mutants-tlatools-rs-ot8uTz.tmp/target/debug/deps -C incremental=/tmp/cargo-mutants-tlatools-rs-ot8uTz.tmp/target/debug/incremental -L dependency=/tmp/cargo-mutants-tlatools-rs-ot8uTz.tmp/target/debug/deps`
     Running `/home/ops/.rustup/toolchains/stable-x86_64-unknown-linux-gnu/bin/rustc --crate-name tla_syntax --edition=2024 crates/tla-syntax/src/lib.rs --error-format=json --json=diagnostic-rendered-ansi,artifacts,future-incompat --crate-type lib --emit=dep-info,metadata,link -C embed-bitcode=no -C debuginfo=2 '--warn=clippy::pedantic' '--deny=clippy::all' --forbid=unsafe_code '--allow=clippy::similar_names' '--allow=clippy::must_use_candidate' '--allow=clippy::missing_errors_doc' --check-cfg 'cfg(docsrs,test)' --check-cfg 'cfg(feature, values())' -C metadata=85b1367430153dc6 -C extra-filename=-169d03993c2aec3f --out-dir /tmp/cargo-mutants-tlatools-rs-ot8uTz.tmp/target/debug/deps -C incremental=/tmp/cargo-mutants-tlatools-rs-ot8uTz.tmp/target/debug/incremental -L dependency=/tmp/cargo-mutants-tlatools-rs-ot8uTz.tmp/target/debug/deps`
error[E0277]: the trait bound `Expr: Default` is not satisfied
   --> crates/tla-syntax/src/parser.rs:831:12
    |
831 |         Ok(Default::default()) /* ~ changed by cargo-mutants ~ */
    |            ^^^^^^^^^^^^^^^^^^ unsatisfied trait bound
    |
help: the trait `Default` is not implemented for `Expr`
   --> crates/tla-syntax/src/ast.rs:132:1
    |
132 | pub enum Expr {
    | ^^^^^^^^^^^^^

For more information about this error, try `rustc --explain E0277`.
error: could not compile `tla-syntax` (lib test) due to 1 previous error

Caused by:
  process didn't exit successfully: `/home/ops/.rustup/toolchains/stable-x86_64-unknown-linux-gnu/bin/rustc --crate-name tla_syntax --edition=2024 crates/tla-syntax/src/lib.rs --error-format=json --json=diagnostic-rendered-ansi,artifacts,future-incompat --emit=dep-info,link -C embed-bitcode=no -C debuginfo=2 '--warn=clippy::pedantic' '--deny=clippy::all' --forbid=unsafe_code '--allow=clippy::similar_names' '--allow=clippy::must_use_candidate' '--allow=clippy::missing_errors_doc' --test --check-cfg 'cfg(docsrs,test)' --check-cfg 'cfg(feature, values())' -C metadata=b9cdaea3d809ecd1 -C extra-filename=-7b1a32620c4b87af --out-dir /tmp/cargo-mutants-tlatools-rs-ot8uTz.tmp/target/debug/deps -C incremental=/tmp/cargo-mutants-tlatools-rs-ot8uTz.tmp/target/debug/incremental -L dependency=/tmp/cargo-mutants-tlatools-rs-ot8uTz.tmp/target/debug/deps` (exit status: 1)
warning: build failed, waiting for other jobs to finish...
error: could not compile `tla-syntax` (lib) due to 1 previous error

Caused by:
  process didn't exit successfully: `/home/ops/.rustup/toolchains/stable-x86_64-unknown-linux-gnu/bin/rustc --crate-name tla_syntax --edition=2024 crates/tla-syntax/src/lib.rs --error-format=json --json=diagnostic-rendered-ansi,artifacts,future-incompat --crate-type lib --emit=dep-info,metadata,link -C embed-bitcode=no -C debuginfo=2 '--warn=clippy::pedantic' '--deny=clippy::all' --forbid=unsafe_code '--allow=clippy::similar_names' '--allow=clippy::must_use_candidate' '--allow=clippy::missing_errors_doc' --check-cfg 'cfg(docsrs,test)' --check-cfg 'cfg(feature, values())' -C metadata=85b1367430153dc6 -C extra-filename=-169d03993c2aec3f --out-dir /tmp/cargo-mutants-tlatools-rs-ot8uTz.tmp/target/debug/deps -C incremental=/tmp/cargo-mutants-tlatools-rs-ot8uTz.tmp/target/debug/incremental -L dependency=/tmp/cargo-mutants-tlatools-rs-ot8uTz.tmp/target/debug/deps` (exit status: 1)

*** result: Failure(101)
