
*** crates/tla-syntax/src/lexer.rs:96:9: replace Lexer::run -> Result<Vec<Token>> with Ok(vec![Default::default()])

*** mutation diff:
--- crates/tla-syntax/src/lexer.rs
+++ replace Lexer::run -> Result<Vec<Token>> with Ok(vec![Default::default()])
@@ -88,39 +88,17 @@
 
     fn err(&self, msg: impl Into<String>) -> Error {
         Error::lex(msg, self.line, self.col)
     }
 
     fn run(mut self) -> Result<Vec<Token>> {
         // Modules nest, so the file ends at the terminator that closes the
         // outermost one, not at the first one seen.
-        let mut depth = 0usize;
-        loop {
-            self.skip_trivia()?;
-            let (line, col) = (self.line, self.col);
-            let Some(c) = self.peek() else { break };
-            let tok = self.scan(c)?;
-            match tok {
-                Tok::Kw(Kw::Module) => depth += 1,
-                Tok::ModuleEnd => depth = depth.saturating_sub(1),
-                _ => {}
-            }
-            let closed = matches!(tok, Tok::ModuleEnd) && depth == 0;
-            self.out.push(Token { tok, line, col });
-            if closed {
-                break;
-            }
-        }
-        self.out.push(Token {
-            tok: Tok::Eof,
-            line: self.line,
-            col: self.col,
-        });
-        Ok(self.out)
+        Ok(vec![Default::default()]) /* ~ changed by cargo-mutants ~ */
     }
 
     fn skip_trivia(&mut self) -> Result<()> {
         loop {
             match self.peek() {
                 Some(c) if c.is_whitespace() => {
                     self.bump();
                 }


*** /home/ops/.rustup/toolchains/stable-x86_64-unknown-linux-gnu/bin/cargo test --no-run --verbose --package=tla-syntax@0.1.0
       Dirty tla-syntax v0.1.0 (/tmp/cargo-mutants-tlatools-rs-h8HYri.tmp/crates/tla-syntax): the file `crates/tla-syntax/src/lexer.rs` has changed (1786402741.861222299s, 4s after last build at 1786402737.954983577s)
   Compiling tla-syntax v0.1.0 (/tmp/cargo-mutants-tlatools-rs-h8HYri.tmp/crates/tla-syntax)
     Running `/home/ops/.rustup/toolchains/stable-x86_64-unknown-linux-gnu/bin/rustc --crate-name tla_syntax --edition=2024 crates/tla-syntax/src/lib.rs --error-format=json --json=diagnostic-rendered-ansi,artifacts,future-incompat --emit=dep-info,link -C embed-bitcode=no -C debuginfo=2 '--warn=clippy::pedantic' '--deny=clippy::all' --forbid=unsafe_code '--allow=clippy::similar_names' '--allow=clippy::must_use_candidate' '--allow=clippy::missing_errors_doc' --test --check-cfg 'cfg(docsrs,test)' --check-cfg 'cfg(feature, values())' -C metadata=b9cdaea3d809ecd1 -C extra-filename=-7b1a32620c4b87af --out-dir /tmp/cargo-mutants-tlatools-rs-h8HYri.tmp/target/debug/deps -C incremental=/tmp/cargo-mutants-tlatools-rs-h8HYri.tmp/target/debug/incremental -L dependency=/tmp/cargo-mutants-tlatools-rs-h8HYri.tmp/target/debug/deps`
     Running `/home/ops/.rustup/toolchains/stable-x86_64-unknown-linux-gnu/bin/rustc --crate-name tla_syntax --edition=2024 crates/tla-syntax/src/lib.rs --error-format=json --json=diagnostic-rendered-ansi,artifacts,future-incompat --crate-type lib --emit=dep-info,metadata,link -C embed-bitcode=no -C debuginfo=2 '--warn=clippy::pedantic' '--deny=clippy::all' --forbid=unsafe_code '--allow=clippy::similar_names' '--allow=clippy::must_use_candidate' '--allow=clippy::missing_errors_doc' --check-cfg 'cfg(docsrs,test)' --check-cfg 'cfg(feature, values())' -C metadata=85b1367430153dc6 -C extra-filename=-169d03993c2aec3f --out-dir /tmp/cargo-mutants-tlatools-rs-h8HYri.tmp/target/debug/deps -C incremental=/tmp/cargo-mutants-tlatools-rs-h8HYri.tmp/target/debug/incremental -L dependency=/tmp/cargo-mutants-tlatools-rs-h8HYri.tmp/target/debug/deps`
error[E0277]: the trait bound `Token: Default` is not satisfied
   --> crates/tla-syntax/src/lexer.rs:96:17
    |
 96 |         Ok(vec![Default::default()]) /* ~ changed by cargo-mutants ~ */
    |                 ^^^^^^^^^^^^^^^^^^ unsatisfied trait bound
    |
help: the trait `Default` is not implemented for `Token`
   --> crates/tla-syntax/src/token.rs:361:1
    |
361 | pub struct Token {
    | ^^^^^^^^^^^^^^^^

For more information about this error, try `rustc --explain E0277`.
error: could not compile `tla-syntax` (lib) due to 1 previous error

Caused by:
  process didn't exit successfully: `/home/ops/.rustup/toolchains/stable-x86_64-unknown-linux-gnu/bin/rustc --crate-name tla_syntax --edition=2024 crates/tla-syntax/src/lib.rs --error-format=json --json=diagnostic-rendered-ansi,artifacts,future-incompat --crate-type lib --emit=dep-info,metadata,link -C embed-bitcode=no -C debuginfo=2 '--warn=clippy::pedantic' '--deny=clippy::all' --forbid=unsafe_code '--allow=clippy::similar_names' '--allow=clippy::must_use_candidate' '--allow=clippy::missing_errors_doc' --check-cfg 'cfg(docsrs,test)' --check-cfg 'cfg(feature, values())' -C metadata=85b1367430153dc6 -C extra-filename=-169d03993c2aec3f --out-dir /tmp/cargo-mutants-tlatools-rs-h8HYri.tmp/target/debug/deps -C incremental=/tmp/cargo-mutants-tlatools-rs-h8HYri.tmp/target/debug/incremental -L dependency=/tmp/cargo-mutants-tlatools-rs-h8HYri.tmp/target/debug/deps` (exit status: 1)
warning: build failed, waiting for other jobs to finish...
error: could not compile `tla-syntax` (lib test) due to 1 previous error

Caused by:
  process didn't exit successfully: `/home/ops/.rustup/toolchains/stable-x86_64-unknown-linux-gnu/bin/rustc --crate-name tla_syntax --edition=2024 crates/tla-syntax/src/lib.rs --error-format=json --json=diagnostic-rendered-ansi,artifacts,future-incompat --emit=dep-info,link -C embed-bitcode=no -C debuginfo=2 '--warn=clippy::pedantic' '--deny=clippy::all' --forbid=unsafe_code '--allow=clippy::similar_names' '--allow=clippy::must_use_candidate' '--allow=clippy::missing_errors_doc' --test --check-cfg 'cfg(docsrs,test)' --check-cfg 'cfg(feature, values())' -C metadata=b9cdaea3d809ecd1 -C extra-filename=-7b1a32620c4b87af --out-dir /tmp/cargo-mutants-tlatools-rs-h8HYri.tmp/target/debug/deps -C incremental=/tmp/cargo-mutants-tlatools-rs-h8HYri.tmp/target/debug/incremental -L dependency=/tmp/cargo-mutants-tlatools-rs-h8HYri.tmp/target/debug/deps` (exit status: 1)

*** result: Failure(101)
