
*** crates/tla-syntax/src/parser.rs:103:9: replace Parser::err_at -> Error with Default::default()

*** mutation diff:
--- crates/tla-syntax/src/parser.rs
+++ replace Parser::err_at -> Error with Default::default()
@@ -95,18 +95,17 @@
 
     fn err(&self, message: impl Into<String>) -> Error {
         self.err_at(self.pos, message)
     }
 
     /// Errors point at the token that caused them, which is not the current
     /// one once it has been consumed.
     fn err_at(&self, at: usize, message: impl Into<String>) -> Error {
-        let t = &self.toks[at];
-        Error::parse(message, t.line, t.col)
+        Default::default() /* ~ changed by cargo-mutants ~ */
     }
 
     /// True when the upcoming token belongs to an enclosing junction list
     /// rather than to the expression being parsed.
     fn fenced(&self) -> bool {
         self.fences.last().is_some_and(|&f| self.col() <= f)
     }
 


*** /home/ops/.rustup/toolchains/stable-x86_64-unknown-linux-gnu/bin/cargo test --no-run --verbose --package=tla-syntax@0.1.0
       Dirty tla-syntax v0.1.0 (/tmp/cargo-mutants-tlatools-rs-5hvWlL.tmp/crates/tla-syntax): couldn't read metadata for file `target/debug/deps/libtla_syntax-169d03993c2aec3f.rlib`
   Compiling tla-syntax v0.1.0 (/tmp/cargo-mutants-tlatools-rs-5hvWlL.tmp/crates/tla-syntax)
     Running `/home/ops/.rustup/toolchains/stable-x86_64-unknown-linux-gnu/bin/rustc --crate-name tla_syntax --edition=2024 crates/tla-syntax/src/lib.rs --error-format=json --json=diagnostic-rendered-ansi,artifacts,future-incompat --crate-type lib --emit=dep-info,metadata,link -C embed-bitcode=no -C debuginfo=2 '--warn=clippy::pedantic' '--deny=clippy::all' --forbid=unsafe_code '--allow=clippy::similar_names' '--allow=clippy::must_use_candidate' '--allow=clippy::missing_errors_doc' --check-cfg 'cfg(docsrs,test)' --check-cfg 'cfg(feature, values())' -C metadata=85b1367430153dc6 -C extra-filename=-169d03993c2aec3f --out-dir /tmp/cargo-mutants-tlatools-rs-5hvWlL.tmp/target/debug/deps -C incremental=/tmp/cargo-mutants-tlatools-rs-5hvWlL.tmp/target/debug/incremental -L dependency=/tmp/cargo-mutants-tlatools-rs-5hvWlL.tmp/target/debug/deps`
     Running `/home/ops/.rustup/toolchains/stable-x86_64-unknown-linux-gnu/bin/rustc --crate-name tla_syntax --edition=2024 crates/tla-syntax/src/lib.rs --error-format=json --json=diagnostic-rendered-ansi,artifacts,future-incompat --emit=dep-info,link -C embed-bitcode=no -C debuginfo=2 '--warn=clippy::pedantic' '--deny=clippy::all' --forbid=unsafe_code '--allow=clippy::similar_names' '--allow=clippy::must_use_candidate' '--allow=clippy::missing_errors_doc' --test --check-cfg 'cfg(docsrs,test)' --check-cfg 'cfg(feature, values())' -C metadata=b9cdaea3d809ecd1 -C extra-filename=-7b1a32620c4b87af --out-dir /tmp/cargo-mutants-tlatools-rs-5hvWlL.tmp/target/debug/deps -C incremental=/tmp/cargo-mutants-tlatools-rs-5hvWlL.tmp/target/debug/incremental -L dependency=/tmp/cargo-mutants-tlatools-rs-5hvWlL.tmp/target/debug/deps`
error[E0277]: the trait bound `error::Error: Default` is not satisfied
   --> crates/tla-syntax/src/parser.rs:103:9
    |
103 |         Default::default() /* ~ changed by cargo-mutants ~ */
    |         ^^^^^^^^^^^^^^^^^^ unsatisfied trait bound
    |
help: the trait `Default` is not implemented for `error::Error`
   --> crates/tla-syntax/src/error.rs:6:1
    |
  6 | pub struct Error {
    | ^^^^^^^^^^^^^^^^

For more information about this error, try `rustc --explain E0277`.
error: could not compile `tla-syntax` (lib) due to 1 previous error

Caused by:
  process didn't exit successfully: `/home/ops/.rustup/toolchains/stable-x86_64-unknown-linux-gnu/bin/rustc --crate-name tla_syntax --edition=2024 crates/tla-syntax/src/lib.rs --error-format=json --json=diagnostic-rendered-ansi,artifacts,future-incompat --crate-type lib --emit=dep-info,metadata,link -C embed-bitcode=no -C debuginfo=2 '--warn=clippy::pedantic' '--deny=clippy::all' --forbid=unsafe_code '--allow=clippy::similar_names' '--allow=clippy::must_use_candidate' '--allow=clippy::missing_errors_doc' --check-cfg 'cfg(docsrs,test)' --check-cfg 'cfg(feature, values())' -C metadata=85b1367430153dc6 -C extra-filename=-169d03993c2aec3f --out-dir /tmp/cargo-mutants-tlatools-rs-5hvWlL.tmp/target/debug/deps -C incremental=/tmp/cargo-mutants-tlatools-rs-5hvWlL.tmp/target/debug/incremental -L dependency=/tmp/cargo-mutants-tlatools-rs-5hvWlL.tmp/target/debug/deps` (exit status: 1)
warning: build failed, waiting for other jobs to finish...
error: could not compile `tla-syntax` (lib test) due to 1 previous error

Caused by:
  process didn't exit successfully: `/home/ops/.rustup/toolchains/stable-x86_64-unknown-linux-gnu/bin/rustc --crate-name tla_syntax --edition=2024 crates/tla-syntax/src/lib.rs --error-format=json --json=diagnostic-rendered-ansi,artifacts,future-incompat --emit=dep-info,link -C embed-bitcode=no -C debuginfo=2 '--warn=clippy::pedantic' '--deny=clippy::all' --forbid=unsafe_code '--allow=clippy::similar_names' '--allow=clippy::must_use_candidate' '--allow=clippy::missing_errors_doc' --test --check-cfg 'cfg(docsrs,test)' --check-cfg 'cfg(feature, values())' -C metadata=b9cdaea3d809ecd1 -C extra-filename=-7b1a32620c4b87af --out-dir /tmp/cargo-mutants-tlatools-rs-5hvWlL.tmp/target/debug/deps -C incremental=/tmp/cargo-mutants-tlatools-rs-5hvWlL.tmp/target/debug/incremental -L dependency=/tmp/cargo-mutants-tlatools-rs-5hvWlL.tmp/target/debug/deps` (exit status: 1)

*** result: Failure(101)
