
*** crates/tla-oracle/src/schema.rs:56:5: replace fail -> Result<T> with Ok(Default::default())

*** mutation diff:
--- crates/tla-oracle/src/schema.rs
+++ replace fail -> Result<T> with Ok(Default::default())
@@ -48,20 +48,17 @@
     }
 }
 
 impl std::error::Error for DecodeError {}
 
 type Result<T> = std::result::Result<T, DecodeError>;
 
 fn fail<T>(path: &str, message: impl Into<String>) -> Result<T> {
-    Err(DecodeError {
-        path: path.to_string(),
-        message: message.into(),
-    })
+    Ok(Default::default()) /* ~ changed by cargo-mutants ~ */
 }
 
 pub fn decode(json: &Json, schema: &Schema, path: &str) -> Result<Value> {
     match schema {
         Schema::Int => match json.as_i64() {
             Some(n) if !json.is_boolean() => Ok(Value::Int(n)),
             _ => fail(path, format!("expected an integer, got {}", kind_of(json))),
         },


*** /home/ops/.rustup/toolchains/stable-x86_64-unknown-linux-gnu/bin/cargo test --no-run --verbose --package=tla-oracle@0.1.0
       Fresh unicode-ident v1.0.24
       Fresh proc-macro2 v1.0.107
       Fresh tla-syntax v0.1.0 (/tmp/cargo-mutants-tlatools-rs-Oau2N9.tmp/crates/tla-syntax)
       Fresh memchr v2.8.3
       Fresh itoa v1.0.18
       Fresh tla-eval v0.1.0 (/tmp/cargo-mutants-tlatools-rs-Oau2N9.tmp/crates/tla-eval)
       Fresh quote v1.0.47
       Fresh serde_core v1.0.229
       Fresh zmij v1.0.23
       Fresh syn v3.0.3
       Fresh serde_json v1.0.151
       Fresh serde_derive v1.0.229
       Fresh serde v1.0.229
       Dirty tla-oracle v0.1.0 (/tmp/cargo-mutants-tlatools-rs-Oau2N9.tmp/crates/tla-oracle): the file `crates/tla-oracle/src/schema.rs` has changed (1786402666.031588118s, 1s after last build at 1786402665.001525167s)
   Compiling tla-oracle v0.1.0 (/tmp/cargo-mutants-tlatools-rs-Oau2N9.tmp/crates/tla-oracle)
     Running `/home/ops/.rustup/toolchains/stable-x86_64-unknown-linux-gnu/bin/rustc --crate-name tla_oracle --edition=2024 crates/tla-oracle/src/lib.rs --error-format=json --json=diagnostic-rendered-ansi,artifacts,future-incompat --emit=dep-info,link -C embed-bitcode=no -C debuginfo=2 '--warn=clippy::pedantic' '--deny=clippy::all' --forbid=unsafe_code '--allow=clippy::similar_names' '--allow=clippy::must_use_candidate' '--allow=clippy::missing_errors_doc' --test --check-cfg 'cfg(docsrs,test)' --check-cfg 'cfg(feature, values())' -C metadata=0ab41740dcdd59c9 -C extra-filename=-1cfd7f127e84a435 --out-dir /tmp/cargo-mutants-tlatools-rs-Oau2N9.tmp/target/debug/deps -C incremental=/tmp/cargo-mutants-tlatools-rs-Oau2N9.tmp/target/debug/incremental -L dependency=/tmp/cargo-mutants-tlatools-rs-Oau2N9.tmp/target/debug/deps --extern serde=/tmp/cargo-mutants-tlatools-rs-Oau2N9.tmp/target/debug/deps/libserde-50e58405f4925bd5.rlib --extern serde_json=/tmp/cargo-mutants-tlatools-rs-Oau2N9.tmp/target/debug/deps/libserde_json-1f53e1b7a8e26068.rlib --extern tla_eval=/tmp/cargo-mutants-tlatools-rs-Oau2N9.tmp/target/debug/deps/libtla_eval-9723028bc8fab821.rlib --extern tla_syntax=/tmp/cargo-mutants-tlatools-rs-Oau2N9.tmp/target/debug/deps/libtla_syntax-169d03993c2aec3f.rlib`
     Running `/home/ops/.rustup/toolchains/stable-x86_64-unknown-linux-gnu/bin/rustc --crate-name tla_oracle --edition=2024 crates/tla-oracle/src/lib.rs --error-format=json --json=diagnostic-rendered-ansi,artifacts,future-incompat --crate-type lib --emit=dep-info,metadata,link -C embed-bitcode=no -C debuginfo=2 '--warn=clippy::pedantic' '--deny=clippy::all' --forbid=unsafe_code '--allow=clippy::similar_names' '--allow=clippy::must_use_candidate' '--allow=clippy::missing_errors_doc' --check-cfg 'cfg(docsrs,test)' --check-cfg 'cfg(feature, values())' -C metadata=b83f616a193d2c4f -C extra-filename=-05e96871ddace9ec --out-dir /tmp/cargo-mutants-tlatools-rs-Oau2N9.tmp/target/debug/deps -C incremental=/tmp/cargo-mutants-tlatools-rs-Oau2N9.tmp/target/debug/incremental -L dependency=/tmp/cargo-mutants-tlatools-rs-Oau2N9.tmp/target/debug/deps --extern serde=/tmp/cargo-mutants-tlatools-rs-Oau2N9.tmp/target/debug/deps/libserde-50e58405f4925bd5.rmeta --extern serde_json=/tmp/cargo-mutants-tlatools-rs-Oau2N9.tmp/target/debug/deps/libserde_json-1f53e1b7a8e26068.rmeta --extern tla_eval=/tmp/cargo-mutants-tlatools-rs-Oau2N9.tmp/target/debug/deps/libtla_eval-9723028bc8fab821.rmeta --extern tla_syntax=/tmp/cargo-mutants-tlatools-rs-Oau2N9.tmp/target/debug/deps/libtla_syntax-169d03993c2aec3f.rmeta`
error[E0277]: the trait bound `T: Default` is not satisfied
  --> crates/tla-oracle/src/schema.rs:56:8
   |
56 |     Ok(Default::default()) /* ~ changed by cargo-mutants ~ */
   |        ^^^^^^^^^^^^^^^^^^ the trait `Default` is not implemented for `T`
   |
help: consider restricting type parameter `T` with trait `Default`
   |
55 | fn fail<T: std::default::Default>(path: &str, message: impl Into<String>) -> Result<T> {
   |          +++++++++++++++++++++++

For more information about this error, try `rustc --explain E0277`.
error: could not compile `tla-oracle` (lib) due to 1 previous error

Caused by:
  process didn't exit successfully: `/home/ops/.rustup/toolchains/stable-x86_64-unknown-linux-gnu/bin/rustc --crate-name tla_oracle --edition=2024 crates/tla-oracle/src/lib.rs --error-format=json --json=diagnostic-rendered-ansi,artifacts,future-incompat --crate-type lib --emit=dep-info,metadata,link -C embed-bitcode=no -C debuginfo=2 '--warn=clippy::pedantic' '--deny=clippy::all' --forbid=unsafe_code '--allow=clippy::similar_names' '--allow=clippy::must_use_candidate' '--allow=clippy::missing_errors_doc' --check-cfg 'cfg(docsrs,test)' --check-cfg 'cfg(feature, values())' -C metadata=b83f616a193d2c4f -C extra-filename=-05e96871ddace9ec --out-dir /tmp/cargo-mutants-tlatools-rs-Oau2N9.tmp/target/debug/deps -C incremental=/tmp/cargo-mutants-tlatools-rs-Oau2N9.tmp/target/debug/incremental -L dependency=/tmp/cargo-mutants-tlatools-rs-Oau2N9.tmp/target/debug/deps --extern serde=/tmp/cargo-mutants-tlatools-rs-Oau2N9.tmp/target/debug/deps/libserde-50e58405f4925bd5.rmeta --extern serde_json=/tmp/cargo-mutants-tlatools-rs-Oau2N9.tmp/target/debug/deps/libserde_json-1f53e1b7a8e26068.rmeta --extern tla_eval=/tmp/cargo-mutants-tlatools-rs-Oau2N9.tmp/target/debug/deps/libtla_eval-9723028bc8fab821.rmeta --extern tla_syntax=/tmp/cargo-mutants-tlatools-rs-Oau2N9.tmp/target/debug/deps/libtla_syntax-169d03993c2aec3f.rmeta` (exit status: 1)
warning: build failed, waiting for other jobs to finish...
error: could not compile `tla-oracle` (lib test) due to 1 previous error

Caused by:
  process didn't exit successfully: `/home/ops/.rustup/toolchains/stable-x86_64-unknown-linux-gnu/bin/rustc --crate-name tla_oracle --edition=2024 crates/tla-oracle/src/lib.rs --error-format=json --json=diagnostic-rendered-ansi,artifacts,future-incompat --emit=dep-info,link -C embed-bitcode=no -C debuginfo=2 '--warn=clippy::pedantic' '--deny=clippy::all' --forbid=unsafe_code '--allow=clippy::similar_names' '--allow=clippy::must_use_candidate' '--allow=clippy::missing_errors_doc' --test --check-cfg 'cfg(docsrs,test)' --check-cfg 'cfg(feature, values())' -C metadata=0ab41740dcdd59c9 -C extra-filename=-1cfd7f127e84a435 --out-dir /tmp/cargo-mutants-tlatools-rs-Oau2N9.tmp/target/debug/deps -C incremental=/tmp/cargo-mutants-tlatools-rs-Oau2N9.tmp/target/debug/incremental -L dependency=/tmp/cargo-mutants-tlatools-rs-Oau2N9.tmp/target/debug/deps --extern serde=/tmp/cargo-mutants-tlatools-rs-Oau2N9.tmp/target/debug/deps/libserde-50e58405f4925bd5.rlib --extern serde_json=/tmp/cargo-mutants-tlatools-rs-Oau2N9.tmp/target/debug/deps/libserde_json-1f53e1b7a8e26068.rlib --extern tla_eval=/tmp/cargo-mutants-tlatools-rs-Oau2N9.tmp/target/debug/deps/libtla_eval-9723028bc8fab821.rlib --extern tla_syntax=/tmp/cargo-mutants-tlatools-rs-Oau2N9.tmp/target/debug/deps/libtla_syntax-169d03993c2aec3f.rlib` (exit status: 1)

*** result: Failure(101)
