
*** crates/tla-syntax/src/parser.rs:784:9: replace Parser::case_form -> Result<Expr> with Ok(Default::default())

*** mutation diff:
--- crates/tla-syntax/src/parser.rs
+++ replace Parser::case_form -> Result<Expr> with Ok(Default::default())
@@ -776,31 +776,17 @@
                     action: Box::new(action),
                 })
             }
             other => Err(self.err_at(at, format!("expected an expression, found {other:?}"))),
         }
     }
 
     fn case_form(&mut self) -> Result<Expr> {
-        let mut arms = Vec::new();
-        let mut other = None;
-        loop {
-            if self.eat(&Tok::Kw(Kw::Other)) {
-                self.expect(&Tok::Arrow)?;
-                other = Some(Box::new(self.expr(0)?));
-            } else {
-                let guard = self.expr(0)?;
-                self.expect(&Tok::Arrow)?;
-                arms.push((guard, self.expr(0)?));
-            }
-            if other.is_some() || !self.eat(&Tok::Op(Op::Always)) {
-                return Ok(Expr::Case { arms, other });
-            }
-        }
+        Ok(Default::default()) /* ~ changed by cargo-mutants ~ */
     }
 
     fn tuple_or_action(&mut self) -> Result<Expr> {
         let items = self.bracketed(|p| p.expr_list(&Tok::RTup))?;
         self.expect(&Tok::RTup)?;
         if self.at_subscript() {
             if items.len() != 1 {
                 return Err(self.err("`<<A>>_v` takes a single action"));


*** /home/ops/.rustup/toolchains/stable-x86_64-unknown-linux-gnu/bin/cargo test --no-run --verbose --package=tla-syntax@0.1.0
       Dirty tla-syntax v0.1.0 (/tmp/cargo-mutants-tlatools-rs-5hvWlL.tmp/crates/tla-syntax): the file `crates/tla-syntax/src/parser.rs` has changed (1786401754.790801227s, 344021067ns after last build at 1786401754.446780160s)
   Compiling tla-syntax v0.1.0 (/tmp/cargo-mutants-tlatools-rs-5hvWlL.tmp/crates/tla-syntax)
     Running `/home/ops/.rustup/toolchains/stable-x86_64-unknown-linux-gnu/bin/rustc --crate-name tla_syntax --edition=2024 crates/tla-syntax/src/lib.rs --error-format=json --json=diagnostic-rendered-ansi,artifacts,future-incompat --emit=dep-info,link -C embed-bitcode=no -C debuginfo=2 '--warn=clippy::pedantic' '--deny=clippy::all' --forbid=unsafe_code '--allow=clippy::similar_names' '--allow=clippy::must_use_candidate' '--allow=clippy::missing_errors_doc' --test --check-cfg 'cfg(docsrs,test)' --check-cfg 'cfg(feature, values())' -C metadata=b9cdaea3d809ecd1 -C extra-filename=-7b1a32620c4b87af --out-dir /tmp/cargo-mutants-tlatools-rs-5hvWlL.tmp/target/debug/deps -C incremental=/tmp/cargo-mutants-tlatools-rs-5hvWlL.tmp/target/debug/incremental -L dependency=/tmp/cargo-mutants-tlatools-rs-5hvWlL.tmp/target/debug/deps`
     Running `/home/ops/.rustup/toolchains/stable-x86_64-unknown-linux-gnu/bin/rustc --crate-name tla_syntax --edition=2024 crates/tla-syntax/src/lib.rs --error-format=json --json=diagnostic-rendered-ansi,artifacts,future-incompat --crate-type lib --emit=dep-info,metadata,link -C embed-bitcode=no -C debuginfo=2 '--warn=clippy::pedantic' '--deny=clippy::all' --forbid=unsafe_code '--allow=clippy::similar_names' '--allow=clippy::must_use_candidate' '--allow=clippy::missing_errors_doc' --check-cfg 'cfg(docsrs,test)' --check-cfg 'cfg(feature, values())' -C metadata=85b1367430153dc6 -C extra-filename=-169d03993c2aec3f --out-dir /tmp/cargo-mutants-tlatools-rs-5hvWlL.tmp/target/debug/deps -C incremental=/tmp/cargo-mutants-tlatools-rs-5hvWlL.tmp/target/debug/incremental -L dependency=/tmp/cargo-mutants-tlatools-rs-5hvWlL.tmp/target/debug/deps`
error[E0277]: the trait bound `Expr: Default` is not satisfied
   --> crates/tla-syntax/src/parser.rs:784:12
    |
784 |         Ok(Default::default()) /* ~ changed by cargo-mutants ~ */
    |            ^^^^^^^^^^^^^^^^^^ unsatisfied trait bound
    |
help: the trait `Default` is not implemented for `Expr`
   --> crates/tla-syntax/src/ast.rs:132:1
    |
132 | pub enum Expr {
    | ^^^^^^^^^^^^^

For more information about this error, try `rustc --explain E0277`.
error: could not compile `tla-syntax` (lib) due to 1 previous error

Caused by:
  process didn't exit successfully: `/home/ops/.rustup/toolchains/stable-x86_64-unknown-linux-gnu/bin/rustc --crate-name tla_syntax --edition=2024 crates/tla-syntax/src/lib.rs --error-format=json --json=diagnostic-rendered-ansi,artifacts,future-incompat --crate-type lib --emit=dep-info,metadata,link -C embed-bitcode=no -C debuginfo=2 '--warn=clippy::pedantic' '--deny=clippy::all' --forbid=unsafe_code '--allow=clippy::similar_names' '--allow=clippy::must_use_candidate' '--allow=clippy::missing_errors_doc' --check-cfg 'cfg(docsrs,test)' --check-cfg 'cfg(feature, values())' -C metadata=85b1367430153dc6 -C extra-filename=-169d03993c2aec3f --out-dir /tmp/cargo-mutants-tlatools-rs-5hvWlL.tmp/target/debug/deps -C incremental=/tmp/cargo-mutants-tlatools-rs-5hvWlL.tmp/target/debug/incremental -L dependency=/tmp/cargo-mutants-tlatools-rs-5hvWlL.tmp/target/debug/deps` (exit status: 1)
warning: build failed, waiting for other jobs to finish...
error: could not compile `tla-syntax` (lib test) due to 1 previous error

Caused by:
  process didn't exit successfully: `/home/ops/.rustup/toolchains/stable-x86_64-unknown-linux-gnu/bin/rustc --crate-name tla_syntax --edition=2024 crates/tla-syntax/src/lib.rs --error-format=json --json=diagnostic-rendered-ansi,artifacts,future-incompat --emit=dep-info,link -C embed-bitcode=no -C debuginfo=2 '--warn=clippy::pedantic' '--deny=clippy::all' --forbid=unsafe_code '--allow=clippy::similar_names' '--allow=clippy::must_use_candidate' '--allow=clippy::missing_errors_doc' --test --check-cfg 'cfg(docsrs,test)' --check-cfg 'cfg(feature, values())' -C metadata=b9cdaea3d809ecd1 -C extra-filename=-7b1a32620c4b87af --out-dir /tmp/cargo-mutants-tlatools-rs-5hvWlL.tmp/target/debug/deps -C incremental=/tmp/cargo-mutants-tlatools-rs-5hvWlL.tmp/target/debug/incremental -L dependency=/tmp/cargo-mutants-tlatools-rs-5hvWlL.tmp/target/debug/deps` (exit status: 1)

*** result: Failure(101)
