
*** crates/tla-syntax/src/print.rs:118:29: replace + with - in bare

*** mutation diff:
--- crates/tla-syntax/src/print.rs
+++ replace + with - in bare
@@ -110,17 +110,17 @@
             }
             write(operand, op.prefix_prec(), f)
         }
         Expr::Binary(op, lhs, rhs) => {
             let prec = op.infix_prec().unwrap_or(TRAILING);
             let (left, right) = if op.is_right_assoc() {
                 (prec + 1, prec)
             } else {
-                (prec, prec + 1)
+                (prec, prec - /* ~ changed by cargo-mutants ~ */ 1)
             };
             write(lhs, left, f)?;
             write!(f, " {} ", op.symbol())?;
             write(rhs, right, f)
         }
         Expr::Tuple(items) => write!(f, "<<{}>>", list(items)),
         Expr::SetEnum(items) => write!(f, "{{{}}}", list(items)),
         Expr::SetFilter { bound, pred } => write!(f, "{{{bound} : {pred}}}"),


*** /home/ops/.rustup/toolchains/stable-x86_64-unknown-linux-gnu/bin/cargo test --no-run --verbose --package=tla-syntax@0.1.0
       Dirty tla-syntax v0.1.0 (/tmp/cargo-mutants-tlatools-rs-EWAJa9.tmp/crates/tla-syntax): the file `crates/tla-syntax/src/print.rs` has changed (1786401766.552521462s, 344021066ns after last build at 1786401766.208500396s)
   Compiling tla-syntax v0.1.0 (/tmp/cargo-mutants-tlatools-rs-EWAJa9.tmp/crates/tla-syntax)
     Running `/home/ops/.rustup/toolchains/stable-x86_64-unknown-linux-gnu/bin/rustc --crate-name tla_syntax --edition=2024 crates/tla-syntax/src/lib.rs --error-format=json --json=diagnostic-rendered-ansi,artifacts,future-incompat --emit=dep-info,link -C embed-bitcode=no -C debuginfo=2 '--warn=clippy::pedantic' '--deny=clippy::all' --forbid=unsafe_code '--allow=clippy::similar_names' '--allow=clippy::must_use_candidate' '--allow=clippy::missing_errors_doc' --test --check-cfg 'cfg(docsrs,test)' --check-cfg 'cfg(feature, values())' -C metadata=b9cdaea3d809ecd1 -C extra-filename=-7b1a32620c4b87af --out-dir /tmp/cargo-mutants-tlatools-rs-EWAJa9.tmp/target/debug/deps -C incremental=/tmp/cargo-mutants-tlatools-rs-EWAJa9.tmp/target/debug/incremental -L dependency=/tmp/cargo-mutants-tlatools-rs-EWAJa9.tmp/target/debug/deps`
     Running `/home/ops/.rustup/toolchains/stable-x86_64-unknown-linux-gnu/bin/rustc --crate-name tla_syntax --edition=2024 crates/tla-syntax/src/lib.rs --error-format=json --json=diagnostic-rendered-ansi,artifacts,future-incompat --crate-type lib --emit=dep-info,metadata,link -C embed-bitcode=no -C debuginfo=2 '--warn=clippy::pedantic' '--deny=clippy::all' --forbid=unsafe_code '--allow=clippy::similar_names' '--allow=clippy::must_use_candidate' '--allow=clippy::missing_errors_doc' --check-cfg 'cfg(docsrs,test)' --check-cfg 'cfg(feature, values())' -C metadata=85b1367430153dc6 -C extra-filename=-169d03993c2aec3f --out-dir /tmp/cargo-mutants-tlatools-rs-EWAJa9.tmp/target/debug/deps -C incremental=/tmp/cargo-mutants-tlatools-rs-EWAJa9.tmp/target/debug/incremental -L dependency=/tmp/cargo-mutants-tlatools-rs-EWAJa9.tmp/target/debug/deps`
     Running `/home/ops/.rustup/toolchains/stable-x86_64-unknown-linux-gnu/bin/rustc --crate-name audit --edition=2024 crates/tla-syntax/examples/audit.rs --error-format=json --json=diagnostic-rendered-ansi,artifacts,future-incompat --crate-type bin --emit=dep-info,link -C embed-bitcode=no -C debuginfo=2 '--warn=clippy::pedantic' '--deny=clippy::all' --forbid=unsafe_code '--allow=clippy::similar_names' '--allow=clippy::must_use_candidate' '--allow=clippy::missing_errors_doc' --check-cfg 'cfg(docsrs,test)' --check-cfg 'cfg(feature, values())' -C metadata=dbbf919ed7279ef0 -C extra-filename=-0e703b0c6e8c99ba --out-dir /tmp/cargo-mutants-tlatools-rs-EWAJa9.tmp/target/debug/examples -C incremental=/tmp/cargo-mutants-tlatools-rs-EWAJa9.tmp/target/debug/incremental -L dependency=/tmp/cargo-mutants-tlatools-rs-EWAJa9.tmp/target/debug/deps --extern tla_syntax=/tmp/cargo-mutants-tlatools-rs-EWAJa9.tmp/target/debug/deps/libtla_syntax-169d03993c2aec3f.rlib`
     Running `/home/ops/.rustup/toolchains/stable-x86_64-unknown-linux-gnu/bin/rustc --crate-name grammar --edition=2024 crates/tla-syntax/tests/grammar.rs --error-format=json --json=diagnostic-rendered-ansi,artifacts,future-incompat --emit=dep-info,link -C embed-bitcode=no -C debuginfo=2 '--warn=clippy::pedantic' '--deny=clippy::all' --forbid=unsafe_code '--allow=clippy::similar_names' '--allow=clippy::must_use_candidate' '--allow=clippy::missing_errors_doc' --test --check-cfg 'cfg(docsrs,test)' --check-cfg 'cfg(feature, values())' -C metadata=0802b3514e0199db -C extra-filename=-209c7b39092f9a9f --out-dir /tmp/cargo-mutants-tlatools-rs-EWAJa9.tmp/target/debug/deps -C incremental=/tmp/cargo-mutants-tlatools-rs-EWAJa9.tmp/target/debug/incremental -L dependency=/tmp/cargo-mutants-tlatools-rs-EWAJa9.tmp/target/debug/deps --extern tla_syntax=/tmp/cargo-mutants-tlatools-rs-EWAJa9.tmp/target/debug/deps/libtla_syntax-169d03993c2aec3f.rlib`
     Running `/home/ops/.rustup/toolchains/stable-x86_64-unknown-linux-gnu/bin/rustc --crate-name parse_specs --edition=2024 crates/tla-syntax/tests/parse_specs.rs --error-format=json --json=diagnostic-rendered-ansi,artifacts,future-incompat --emit=dep-info,link -C embed-bitcode=no -C debuginfo=2 '--warn=clippy::pedantic' '--deny=clippy::all' --forbid=unsafe_code '--allow=clippy::similar_names' '--allow=clippy::must_use_candidate' '--allow=clippy::missing_errors_doc' --test --check-cfg 'cfg(docsrs,test)' --check-cfg 'cfg(feature, values())' -C metadata=a8f81c428969cd5b -C extra-filename=-f79b0d0a70f894ac --out-dir /tmp/cargo-mutants-tlatools-rs-EWAJa9.tmp/target/debug/deps -C incremental=/tmp/cargo-mutants-tlatools-rs-EWAJa9.tmp/target/debug/incremental -L dependency=/tmp/cargo-mutants-tlatools-rs-EWAJa9.tmp/target/debug/deps --extern tla_syntax=/tmp/cargo-mutants-tlatools-rs-EWAJa9.tmp/target/debug/deps/libtla_syntax-169d03993c2aec3f.rlib`
    Finished `test` profile [unoptimized + debuginfo] target(s) in 0.22s
  Executable `/tmp/cargo-mutants-tlatools-rs-EWAJa9.tmp/target/debug/deps/tla_syntax-7b1a32620c4b87af`
  Executable `/tmp/cargo-mutants-tlatools-rs-EWAJa9.tmp/target/debug/deps/grammar-209c7b39092f9a9f`
  Executable `/tmp/cargo-mutants-tlatools-rs-EWAJa9.tmp/target/debug/deps/parse_specs-f79b0d0a70f894ac`

*** result: Success

*** /home/ops/.rustup/toolchains/stable-x86_64-unknown-linux-gnu/bin/cargo test --verbose --package=tla-syntax@0.1.0
       Fresh tla-syntax v0.1.0 (/tmp/cargo-mutants-tlatools-rs-EWAJa9.tmp/crates/tla-syntax)
    Finished `test` profile [unoptimized + debuginfo] target(s) in 0.01s
     Running `/tmp/cargo-mutants-tlatools-rs-EWAJa9.tmp/target/debug/deps/tla_syntax-7b1a32620c4b87af`

running 0 tests

test result: ok. 0 passed; 0 failed; 0 ignored; 0 measured; 0 filtered out; finished in 0.00s

     Running `/tmp/cargo-mutants-tlatools-rs-EWAJa9.tmp/target/debug/deps/grammar-209c7b39092f9a9f`

running 23 tests
test a_choose_inside_braces_is_not_a_set_filter ... ok
test a_fairness_subscript_may_be_a_tuple ... ok
test a_function_may_be_defined_by_its_graph ... ok
test a_lambda_may_be_passed_where_an_operator_is_wanted ... ok
test a_module_may_contain_another ... ok
test a_name_may_begin_with_a_digit_or_an_underscore ... ok
test a_named_theorem_keeps_its_statement ... ok
test a_postfix_operator_binds_to_what_precedes_it ... ok
test a_proof_is_skipped_and_the_module_continues ... ok
test an_infix_operator_can_be_defined ... ok
test an_action_subscript_is_recognised_past_an_inner_colon ... ok
test an_operator_may_be_passed_as_an_argument ... ok
test an_operator_may_follow_a_bulleted_list ... ok
test case_arms_are_separated_by_boxes ... ok
test except_accepts_several_indices_at_once ... ok
test higher_order_parameters_record_their_arity ... ok
test instance_names_may_be_chained_and_take_arguments ... ok
test prefix_and_postfix_operators_can_be_defined ... ok
test labels_are_read_and_dropped ... ok
test prose_outside_the_module_is_not_lexed ... ok
test set_filters_and_set_maps_are_told_apart ... ok
test temporal_quantifiers_parse_and_are_marked_as_such ... ok
test the_new_forms_round_trip ... ok

test result: ok. 23 passed; 0 failed; 0 ignored; 0 measured; 0 filtered out; finished in 0.00s

     Running `/tmp/cargo-mutants-tlatools-rs-EWAJa9.tmp/target/debug/deps/parse_specs-f79b0d0a70f894ac`

running 12 tests
test a_missing_header_is_an_error ... ok
test errors_carry_a_position ... ok
test always_binds_tighter_than_conjunction ... ok
test instance_substitutions_are_recorded ... ok
test nested_junctions_nest ... ok
test qualified_names_resolve_through_the_instance ... ok
test junction_lists_are_scoped_by_column ... ok
test operator_definitions_keep_their_parameters ... ok
test module_name_and_extends ... ok
test declarations_are_collected ... ok
test printing_round_trips_through_the_parser ... FAILED
test every_fixture_parses ... ok

failures:

---- printing_round_trips_through_the_parser stdout ----

thread 'printing_round_trips_through_the_parser' (117143) panicked at crates/tla-syntax/tests/parse_specs.rs:169:13:
assertion `left == right` failed: Paxos.tla: Phase2a did not survive printing as `~(\E m \in msgs : m.type = "2a" /\ m.bal = b) /\ (\E Q \in Quorum : LET Q1b == {m \in msgs : m.type = "1b" /\ m.acc \in Q /\ m.bal = b} IN (\A a \in Q : \E m \in Q1b : m.acc = a) /\ (\A m \in Q1b : m.mbal = NoBallot) \/ (\E m \in Q1b : m.mval = v /\ (\A mm \in Q1b : m.mbal >= mm.mbal))) /\ Send([type |-> "2a", bal |-> b, val |-> v]) /\ UNCHANGED <<maxBal, maxVBal, maxVal>>`
  left: Binary(And, Binary(And, Binary(And, Unary(Not, Quant { kind: Exists, bounds: [Bound { names: ["m"], domain: Some(Ident("msgs")), destructure: false }], body: Binary(And, Binary(Eq, Field(Ident("m"), "type"), Str("2a")), Binary(Eq, Field(Ident("m"), "bal"), Ident("b"))) }), Quant { kind: Exists, bounds: [Bound { names: ["Q"], domain: Some(Ident("Quorum")), destructure: false }], body: Let { defs: [Def { name: "Q1b", params: [], body: SetFilter { bound: Bound { names: ["m"], domain: Some(Ident("msgs")), destructure: false }, pred: Binary(And, Binary(And, Binary(Eq, Field(Ident("m"), "type"), Str("1b")), Binary(In, Field(Ident("m"), "acc"), Ident("Q"))), Binary(Eq, Field(Ident("m"), "bal"), Ident("b"))) }, local: false }], body: Binary(Or, Binary(And, Quant { kind: Forall, bounds: [Bound { names: ["a"], domain: Some(Ident("Q")), destructure: false }], body: Quant { kind: Exists, bounds: [Bound { names: ["m"], domain: Some(Ident("Q1b")), destructure: false }], body: Binary(Eq, Field(Ident("m"), "acc"), Ident("a")) } }, Quant { kind: Forall, bounds: [Bound { names: ["m"], domain: Some(Ident("Q1b")), destructure: false }], body: Binary(Eq, Field(Ident("m"), "mbal"), Ident("NoBallot")) }), Quant { kind: Exists, bounds: [Bound { names: ["m"], domain: Some(Ident("Q1b")), destructure: false }], body: Binary(And, Binary(Eq, Field(Ident("m"), "mval"), Ident("v")), Quant { kind: Forall, bounds: [Bound { names: ["mm"], domain: Some(Ident("Q1b")), destructure: false }], body: Binary(Ge, Field(Ident("m"), "mbal"), Field(Ident("mm"), "mbal")) }) }) } }), Apply(Ident("Send"), [Record([("type", Str("2a")), ("bal", Ident("b")), ("val", Ident("v"))])])), Unary(Unchanged, Tuple([Ident("maxBal"), Ident("maxVBal"), Ident("maxVal")])))
 right: Binary(And, Binary(And, Binary(And, Unary(Not, Quant { kind: Exists, bounds: [Bound { names: ["m"], domain: Some(Ident("msgs")), destructure: false }], body: Binary(And, Binary(Eq, Field(Ident("m"), "type"), Str("2a")), Binary(Eq, Field(Ident("m"), "bal"), Ident("b"))) }), Quant { kind: Exists, bounds: [Bound { names: ["Q"], domain: Some(Ident("Quorum")), destructure: false }], body: Let { defs: [Def { name: "Q1b", params: [], body: SetFilter { bound: Bound { names: ["m"], domain: Some(Ident("msgs")), destructure: false }, pred: Binary(And, Binary(And, Binary(Eq, Field(Ident("m"), "type"), Str("1b")), Binary(In, Field(Ident("m"), "acc"), Ident("Q"))), Binary(Eq, Field(Ident("m"), "bal"), Ident("b"))) }, local: false }], body: Binary(And, Quant { kind: Forall, bounds: [Bound { names: ["a"], domain: Some(Ident("Q")), destructure: false }], body: Quant { kind: Exists, bounds: [Bound { names: ["m"], domain: Some(Ident("Q1b")), destructure: false }], body: Binary(Eq, Field(Ident("m"), "acc"), Ident("a")) } }, Binary(Or, Quant { kind: Forall, bounds: [Bound { names: ["m"], domain: Some(Ident("Q1b")), destructure: false }], body: Binary(Eq, Field(Ident("m"), "mbal"), Ident("NoBallot")) }, Quant { kind: Exists, bounds: [Bound { names: ["m"], domain: Some(Ident("Q1b")), destructure: false }], body: Binary(And, Binary(Eq, Field(Ident("m"), "mval"), Ident("v")), Quant { kind: Forall, bounds: [Bound { names: ["mm"], domain: Some(Ident("Q1b")), destructure: false }], body: Binary(Ge, Field(Ident("m"), "mbal"), Field(Ident("mm"), "mbal")) }) })) } }), Apply(Ident("Send"), [Record([("type", Str("2a")), ("bal", Ident("b")), ("val", Ident("v"))])])), Unary(Unchanged, Tuple([Ident("maxBal"), Ident("maxVBal"), Ident("maxVal")])))
note: run with `RUST_BACKTRACE=1` environment variable to display a backtrace


failures:
    printing_round_trips_through_the_parser

test result: FAILED. 11 passed; 1 failed; 0 ignored; 0 measured; 0 filtered out; finished in 0.00s

error: test failed, to rerun pass `-p tla-syntax --test parse_specs`

*** result: Failure(101)
