
*** crates/tla-syntax/src/lexer.rs:460:30: replace + with * in Lexer::scan_backslash

*** mutation diff:
--- crates/tla-syntax/src/lexer.rs
+++ replace + with * in Lexer::scan_backslash
@@ -452,17 +452,17 @@
             .map_or_else(|| Err(self.err("stray `/`")), Ok)
     }
 
     fn scan_backslash(&mut self) -> Result<Tok> {
         if self.starts_with("\\/") {
             self.advance(2);
             return Ok(Tok::Op(Op::Or));
         }
-        let start = self.pos + 1;
+        let start = self.pos * /* ~ changed by cargo-mutants ~ */ 1;
         let mut end = start;
         while self.chars.get(end).is_some_and(char::is_ascii_alphabetic) {
             end += 1;
         }
         if end == start {
             self.bump();
             return Ok(Tok::Op(Op::SetMinus));
         }


*** /home/ops/.rustup/toolchains/stable-x86_64-unknown-linux-gnu/bin/cargo test --no-run --verbose --package=tla-syntax@0.1.0
       Dirty tla-syntax v0.1.0 (/tmp/cargo-mutants-tlatools-rs-oqtjrh.tmp/crates/tla-syntax): the file `crates/tla-syntax/src/lexer.rs` has changed (1786401707.340895603s, 1s after last build at 1786401706.952871842s)
   Compiling tla-syntax v0.1.0 (/tmp/cargo-mutants-tlatools-rs-oqtjrh.tmp/crates/tla-syntax)
     Running `/home/ops/.rustup/toolchains/stable-x86_64-unknown-linux-gnu/bin/rustc --crate-name tla_syntax --edition=2024 crates/tla-syntax/src/lib.rs --error-format=json --json=diagnostic-rendered-ansi,artifacts,future-incompat --emit=dep-info,link -C embed-bitcode=no -C debuginfo=2 '--warn=clippy::pedantic' '--deny=clippy::all' --forbid=unsafe_code '--allow=clippy::similar_names' '--allow=clippy::must_use_candidate' '--allow=clippy::missing_errors_doc' --test --check-cfg 'cfg(docsrs,test)' --check-cfg 'cfg(feature, values())' -C metadata=b9cdaea3d809ecd1 -C extra-filename=-7b1a32620c4b87af --out-dir /tmp/cargo-mutants-tlatools-rs-oqtjrh.tmp/target/debug/deps -C incremental=/tmp/cargo-mutants-tlatools-rs-oqtjrh.tmp/target/debug/incremental -L dependency=/tmp/cargo-mutants-tlatools-rs-oqtjrh.tmp/target/debug/deps`
     Running `/home/ops/.rustup/toolchains/stable-x86_64-unknown-linux-gnu/bin/rustc --crate-name tla_syntax --edition=2024 crates/tla-syntax/src/lib.rs --error-format=json --json=diagnostic-rendered-ansi,artifacts,future-incompat --crate-type lib --emit=dep-info,metadata,link -C embed-bitcode=no -C debuginfo=2 '--warn=clippy::pedantic' '--deny=clippy::all' --forbid=unsafe_code '--allow=clippy::similar_names' '--allow=clippy::must_use_candidate' '--allow=clippy::missing_errors_doc' --check-cfg 'cfg(docsrs,test)' --check-cfg 'cfg(feature, values())' -C metadata=85b1367430153dc6 -C extra-filename=-169d03993c2aec3f --out-dir /tmp/cargo-mutants-tlatools-rs-oqtjrh.tmp/target/debug/deps -C incremental=/tmp/cargo-mutants-tlatools-rs-oqtjrh.tmp/target/debug/incremental -L dependency=/tmp/cargo-mutants-tlatools-rs-oqtjrh.tmp/target/debug/deps`
     Running `/home/ops/.rustup/toolchains/stable-x86_64-unknown-linux-gnu/bin/rustc --crate-name audit --edition=2024 crates/tla-syntax/examples/audit.rs --error-format=json --json=diagnostic-rendered-ansi,artifacts,future-incompat --crate-type bin --emit=dep-info,link -C embed-bitcode=no -C debuginfo=2 '--warn=clippy::pedantic' '--deny=clippy::all' --forbid=unsafe_code '--allow=clippy::similar_names' '--allow=clippy::must_use_candidate' '--allow=clippy::missing_errors_doc' --check-cfg 'cfg(docsrs,test)' --check-cfg 'cfg(feature, values())' -C metadata=dbbf919ed7279ef0 -C extra-filename=-0e703b0c6e8c99ba --out-dir /tmp/cargo-mutants-tlatools-rs-oqtjrh.tmp/target/debug/examples -C incremental=/tmp/cargo-mutants-tlatools-rs-oqtjrh.tmp/target/debug/incremental -L dependency=/tmp/cargo-mutants-tlatools-rs-oqtjrh.tmp/target/debug/deps --extern tla_syntax=/tmp/cargo-mutants-tlatools-rs-oqtjrh.tmp/target/debug/deps/libtla_syntax-169d03993c2aec3f.rlib`
     Running `/home/ops/.rustup/toolchains/stable-x86_64-unknown-linux-gnu/bin/rustc --crate-name grammar --edition=2024 crates/tla-syntax/tests/grammar.rs --error-format=json --json=diagnostic-rendered-ansi,artifacts,future-incompat --emit=dep-info,link -C embed-bitcode=no -C debuginfo=2 '--warn=clippy::pedantic' '--deny=clippy::all' --forbid=unsafe_code '--allow=clippy::similar_names' '--allow=clippy::must_use_candidate' '--allow=clippy::missing_errors_doc' --test --check-cfg 'cfg(docsrs,test)' --check-cfg 'cfg(feature, values())' -C metadata=0802b3514e0199db -C extra-filename=-209c7b39092f9a9f --out-dir /tmp/cargo-mutants-tlatools-rs-oqtjrh.tmp/target/debug/deps -C incremental=/tmp/cargo-mutants-tlatools-rs-oqtjrh.tmp/target/debug/incremental -L dependency=/tmp/cargo-mutants-tlatools-rs-oqtjrh.tmp/target/debug/deps --extern tla_syntax=/tmp/cargo-mutants-tlatools-rs-oqtjrh.tmp/target/debug/deps/libtla_syntax-169d03993c2aec3f.rlib`
     Running `/home/ops/.rustup/toolchains/stable-x86_64-unknown-linux-gnu/bin/rustc --crate-name parse_specs --edition=2024 crates/tla-syntax/tests/parse_specs.rs --error-format=json --json=diagnostic-rendered-ansi,artifacts,future-incompat --emit=dep-info,link -C embed-bitcode=no -C debuginfo=2 '--warn=clippy::pedantic' '--deny=clippy::all' --forbid=unsafe_code '--allow=clippy::similar_names' '--allow=clippy::must_use_candidate' '--allow=clippy::missing_errors_doc' --test --check-cfg 'cfg(docsrs,test)' --check-cfg 'cfg(feature, values())' -C metadata=a8f81c428969cd5b -C extra-filename=-f79b0d0a70f894ac --out-dir /tmp/cargo-mutants-tlatools-rs-oqtjrh.tmp/target/debug/deps -C incremental=/tmp/cargo-mutants-tlatools-rs-oqtjrh.tmp/target/debug/incremental -L dependency=/tmp/cargo-mutants-tlatools-rs-oqtjrh.tmp/target/debug/deps --extern tla_syntax=/tmp/cargo-mutants-tlatools-rs-oqtjrh.tmp/target/debug/deps/libtla_syntax-169d03993c2aec3f.rlib`
    Finished `test` profile [unoptimized + debuginfo] target(s) in 0.30s
  Executable `/tmp/cargo-mutants-tlatools-rs-oqtjrh.tmp/target/debug/deps/tla_syntax-7b1a32620c4b87af`
  Executable `/tmp/cargo-mutants-tlatools-rs-oqtjrh.tmp/target/debug/deps/grammar-209c7b39092f9a9f`
  Executable `/tmp/cargo-mutants-tlatools-rs-oqtjrh.tmp/target/debug/deps/parse_specs-f79b0d0a70f894ac`

*** result: Success

*** /home/ops/.rustup/toolchains/stable-x86_64-unknown-linux-gnu/bin/cargo test --verbose --package=tla-syntax@0.1.0
       Fresh tla-syntax v0.1.0 (/tmp/cargo-mutants-tlatools-rs-oqtjrh.tmp/crates/tla-syntax)
    Finished `test` profile [unoptimized + debuginfo] target(s) in 0.01s
     Running `/tmp/cargo-mutants-tlatools-rs-oqtjrh.tmp/target/debug/deps/tla_syntax-7b1a32620c4b87af`

running 0 tests

test result: ok. 0 passed; 0 failed; 0 ignored; 0 measured; 0 filtered out; finished in 0.00s

     Running `/tmp/cargo-mutants-tlatools-rs-oqtjrh.tmp/target/debug/deps/grammar-209c7b39092f9a9f`

running 23 tests
test a_choose_inside_braces_is_not_a_set_filter ... FAILED
test a_function_may_be_defined_by_its_graph ... FAILED
test a_fairness_subscript_may_be_a_tuple ... ok
test a_lambda_may_be_passed_where_an_operator_is_wanted ... ok
test a_name_may_begin_with_a_digit_or_an_underscore ... ok
test a_named_theorem_keeps_its_statement ... ok
test a_module_may_contain_another ... ok
test a_postfix_operator_binds_to_what_precedes_it ... FAILED
test a_proof_is_skipped_and_the_module_continues ... ok
test an_action_subscript_is_recognised_past_an_inner_colon ... FAILED
test an_infix_operator_can_be_defined ... FAILED
test an_operator_may_be_passed_as_an_argument ... ok
test higher_order_parameters_record_their_arity ... ok
test an_operator_may_follow_a_bulleted_list ... ok
test labels_are_read_and_dropped ... ok
test except_accepts_several_indices_at_once ... ok
test case_arms_are_separated_by_boxes ... ok
test instance_names_may_be_chained_and_take_arguments ... ok
test prose_outside_the_module_is_not_lexed ... ok
test prefix_and_postfix_operators_can_be_defined ... ok
test set_filters_and_set_maps_are_told_apart ... FAILED
test temporal_quantifiers_parse_and_are_marked_as_such ... FAILED
test the_new_forms_round_trip ... FAILED

failures:

---- a_choose_inside_braces_is_not_a_set_filter stdout ----

thread 'a_choose_inside_braces_is_not_a_set_filter' (18450) panicked at crates/tla-syntax/tests/grammar.rs:12:43:
parse error at 2:19: expected Colon, found Op(SetMinus)
in:
---- MODULE T ----
Pick == {CHOOSE x \in S : TRUE}
====================
note: run with `RUST_BACKTRACE=1` environment variable to display a backtrace

---- a_function_may_be_defined_by_its_graph stdout ----

thread 'a_function_may_be_defined_by_its_graph' (18452) panicked at crates/tla-syntax/tests/grammar.rs:12:43:
parse error at 2:5: expected RBrack, found Op(SetMinus)
in:
---- MODULE T ----
f[x \in S] == x + 1
====================

---- a_postfix_operator_binds_to_what_precedes_it stdout ----

thread 'a_postfix_operator_binds_to_what_precedes_it' (18457) panicked at crates/tla-syntax/tests/grammar.rs:12:43:
parse error at 3:1: expected DefEq, found ModuleEnd
in:
---- MODULE T ----
Foo == S^+ \cup T
====================

---- an_action_subscript_is_recognised_past_an_inner_colon stdout ----

thread 'an_action_subscript_is_recognised_past_an_inner_colon' (18459) panicked at crates/tla-syntax/tests/grammar.rs:12:43:
parse error at 2:13: expected an expression, found Op(SetMinus)
in:
---- MODULE T ----
Keeps == [][\A i \in Proc : p[i] = p'[i]]_vars
====================

---- an_infix_operator_can_be_defined stdout ----

thread 'an_infix_operator_can_be_defined' (18460) panicked at crates/tla-syntax/tests/grammar.rs:12:43:
parse error at 2:9: expected DefEq, found Ident("b")
in:
---- MODULE T ----
a \prec b == a < b
====================

---- set_filters_and_set_maps_are_told_apart stdout ----

thread 'set_filters_and_set_maps_are_told_apart' (18470) panicked at crates/tla-syntax/tests/grammar.rs:12:43:
parse error at 2:13: expected RBrace, found Ident("S")
in:
---- MODULE T ----
A == {x \in S : P(x)}
====================

---- temporal_quantifiers_parse_and_are_marked_as_such stdout ----

thread 'temporal_quantifiers_parse_and_are_marked_as_such' (18471) panicked at crates/tla-syntax/tests/grammar.rs:12:43:
parse error at 2:11: expected an expression, found Op(SetMinus)
in:
---- MODULE T ----
Hidden == \EE t : Timer(t)
====================

---- the_new_forms_round_trip stdout ----

thread 'the_new_forms_round_trip' (18472) panicked at crates/tla-syntax/tests/grammar.rs:254:33:
parsing `S^+ \cup T`: parse error at 1:10: unexpected Ident("T") after the expression


failures:
    a_choose_inside_braces_is_not_a_set_filter
    a_function_may_be_defined_by_its_graph
    a_postfix_operator_binds_to_what_precedes_it
    an_action_subscript_is_recognised_past_an_inner_colon
    an_infix_operator_can_be_defined
    set_filters_and_set_maps_are_told_apart
    temporal_quantifiers_parse_and_are_marked_as_such
    the_new_forms_round_trip

test result: FAILED. 15 passed; 8 failed; 0 ignored; 0 measured; 0 filtered out; finished in 0.00s

error: test failed, to rerun pass `-p tla-syntax --test grammar`

*** result: Failure(101)
