
*** crates/tla-syntax/src/parser.rs:7:5: replace parse_module -> Result<Module> with Ok(Default::default())

*** mutation diff:
--- crates/tla-syntax/src/parser.rs
+++ replace parse_module -> Result<Module> with Ok(Default::default())
@@ -1,15 +1,15 @@
 use crate::ast::{Bound, Decl, Def, ExceptPath, Expr, Module, Param, QuantKind, Unit};
 use crate::error::{Error, Result};
 use crate::lexer::lex;
 use crate::token::{Kw, Op, Tok, Token};
 
 pub fn parse_module(src: &str) -> Result<Module> {
-    Parser::new(lex(src)?).module()
+    Ok(Default::default()) /* ~ changed by cargo-mutants ~ */
 }
 
 /// Parse a bare expression, with no surrounding module. Task definitions carry
 /// predicates as strings, and they have nowhere else to live.
 pub fn parse_expression(src: &str) -> Result<Expr> {
     let mut p = Parser::new(lex(src)?);
     let e = p.expr(0)?;
     if matches!(p.peek(), Tok::Eof) {


*** /home/ops/.rustup/toolchains/stable-x86_64-unknown-linux-gnu/bin/cargo test --no-run --verbose --package=tla-syntax@0.1.0
       Dirty tla-syntax v0.1.0 (/tmp/cargo-mutants-tlatools-rs-DsWQO2.tmp/crates/tla-syntax): the file `crates/tla-syntax/src/lexer.rs` has changed (1786402835.619952182s, 1s after last build at 1786402834.633891920s)
   Compiling tla-syntax v0.1.0 (/tmp/cargo-mutants-tlatools-rs-DsWQO2.tmp/crates/tla-syntax)
     Running `/home/ops/.rustup/toolchains/stable-x86_64-unknown-linux-gnu/bin/rustc --crate-name tla_syntax --edition=2024 crates/tla-syntax/src/lib.rs --error-format=json --json=diagnostic-rendered-ansi,artifacts,future-incompat --emit=dep-info,link -C embed-bitcode=no -C debuginfo=2 '--warn=clippy::pedantic' '--deny=clippy::all' --forbid=unsafe_code '--allow=clippy::similar_names' '--allow=clippy::must_use_candidate' '--allow=clippy::missing_errors_doc' --test --check-cfg 'cfg(docsrs,test)' --check-cfg 'cfg(feature, values())' -C metadata=b9cdaea3d809ecd1 -C extra-filename=-7b1a32620c4b87af --out-dir /tmp/cargo-mutants-tlatools-rs-DsWQO2.tmp/target/debug/deps -C incremental=/tmp/cargo-mutants-tlatools-rs-DsWQO2.tmp/target/debug/incremental -L dependency=/tmp/cargo-mutants-tlatools-rs-DsWQO2.tmp/target/debug/deps`
     Running `/home/ops/.rustup/toolchains/stable-x86_64-unknown-linux-gnu/bin/rustc --crate-name tla_syntax --edition=2024 crates/tla-syntax/src/lib.rs --error-format=json --json=diagnostic-rendered-ansi,artifacts,future-incompat --crate-type lib --emit=dep-info,metadata,link -C embed-bitcode=no -C debuginfo=2 '--warn=clippy::pedantic' '--deny=clippy::all' --forbid=unsafe_code '--allow=clippy::similar_names' '--allow=clippy::must_use_candidate' '--allow=clippy::missing_errors_doc' --check-cfg 'cfg(docsrs,test)' --check-cfg 'cfg(feature, values())' -C metadata=85b1367430153dc6 -C extra-filename=-169d03993c2aec3f --out-dir /tmp/cargo-mutants-tlatools-rs-DsWQO2.tmp/target/debug/deps -C incremental=/tmp/cargo-mutants-tlatools-rs-DsWQO2.tmp/target/debug/incremental -L dependency=/tmp/cargo-mutants-tlatools-rs-DsWQO2.tmp/target/debug/deps`
error[E0277]: the trait bound `Module: Default` is not satisfied
 --> crates/tla-syntax/src/parser.rs:7:8
  |
7 |     Ok(Default::default()) /* ~ changed by cargo-mutants ~ */
  |        ^^^^^^^^^^^^^^^^^^ the trait `Default` is not implemented for `Module`
  |
help: consider annotating `Module` with `#[derive(Default)]`
 --> crates/tla-syntax/src/ast.rs:4:1
  |
4 + #[derive(Default)]
5 | pub struct Module {
  |

For more information about this error, try `rustc --explain E0277`.
error: could not compile `tla-syntax` (lib test) due to 1 previous error

Caused by:
  process didn't exit successfully: `/home/ops/.rustup/toolchains/stable-x86_64-unknown-linux-gnu/bin/rustc --crate-name tla_syntax --edition=2024 crates/tla-syntax/src/lib.rs --error-format=json --json=diagnostic-rendered-ansi,artifacts,future-incompat --emit=dep-info,link -C embed-bitcode=no -C debuginfo=2 '--warn=clippy::pedantic' '--deny=clippy::all' --forbid=unsafe_code '--allow=clippy::similar_names' '--allow=clippy::must_use_candidate' '--allow=clippy::missing_errors_doc' --test --check-cfg 'cfg(docsrs,test)' --check-cfg 'cfg(feature, values())' -C metadata=b9cdaea3d809ecd1 -C extra-filename=-7b1a32620c4b87af --out-dir /tmp/cargo-mutants-tlatools-rs-DsWQO2.tmp/target/debug/deps -C incremental=/tmp/cargo-mutants-tlatools-rs-DsWQO2.tmp/target/debug/incremental -L dependency=/tmp/cargo-mutants-tlatools-rs-DsWQO2.tmp/target/debug/deps` (exit status: 1)
warning: build failed, waiting for other jobs to finish...
error: could not compile `tla-syntax` (lib) due to 1 previous error

Caused by:
  process didn't exit successfully: `/home/ops/.rustup/toolchains/stable-x86_64-unknown-linux-gnu/bin/rustc --crate-name tla_syntax --edition=2024 crates/tla-syntax/src/lib.rs --error-format=json --json=diagnostic-rendered-ansi,artifacts,future-incompat --crate-type lib --emit=dep-info,metadata,link -C embed-bitcode=no -C debuginfo=2 '--warn=clippy::pedantic' '--deny=clippy::all' --forbid=unsafe_code '--allow=clippy::similar_names' '--allow=clippy::must_use_candidate' '--allow=clippy::missing_errors_doc' --check-cfg 'cfg(docsrs,test)' --check-cfg 'cfg(feature, values())' -C metadata=85b1367430153dc6 -C extra-filename=-169d03993c2aec3f --out-dir /tmp/cargo-mutants-tlatools-rs-DsWQO2.tmp/target/debug/deps -C incremental=/tmp/cargo-mutants-tlatools-rs-DsWQO2.tmp/target/debug/incremental -L dependency=/tmp/cargo-mutants-tlatools-rs-DsWQO2.tmp/target/debug/deps` (exit status: 1)

*** result: Failure(101)
