
*** crates/tla-oracle/src/check.rs:31:5: replace init_default -> String with String::new()

*** mutation diff:
--- crates/tla-oracle/src/check.rs
+++ replace init_default -> String with String::new()
@@ -23,17 +23,17 @@
     #[serde(default)]
     pub edges: Vec<Edge>,
     /// Predicates over `Reached`, the set of states the implementation visited.
     #[serde(default)]
     pub outcomes: BTreeMap<String, String>,
 }
 
 fn init_default() -> String {
-    "Init".to_string()
+    String::new() /* ~ changed by cargo-mutants ~ */
 }
 
 fn next_default() -> String {
     "Next".to_string()
 }
 
 #[derive(Debug, Clone, Deserialize)]
 pub struct ConstantSpec {


*** /home/ops/.rustup/toolchains/stable-x86_64-unknown-linux-gnu/bin/cargo test --no-run --verbose --package=tla-oracle@0.1.0
       Fresh unicode-ident v1.0.24
       Fresh proc-macro2 v1.0.107
       Fresh memchr v2.8.3
       Fresh itoa v1.0.18
       Fresh tla-syntax v0.1.0 (/tmp/cargo-mutants-tlatools-rs-ot8uTz.tmp/crates/tla-syntax)
       Dirty tla-eval v0.1.0 (/tmp/cargo-mutants-tlatools-rs-ot8uTz.tmp/crates/tla-eval): the file `crates/tla-eval/src/value.rs` has changed (1786402194.255712188s, 1s after last build at 1786402193.668676241s)
   Compiling tla-eval v0.1.0 (/tmp/cargo-mutants-tlatools-rs-ot8uTz.tmp/crates/tla-eval)
       Fresh quote v1.0.47
       Fresh serde_core v1.0.229
       Fresh zmij v1.0.23
       Fresh syn v3.0.3
       Fresh serde_json v1.0.151
       Fresh serde_derive v1.0.229
       Fresh serde v1.0.229
     Running `/home/ops/.rustup/toolchains/stable-x86_64-unknown-linux-gnu/bin/rustc --crate-name tla_eval --edition=2024 crates/tla-eval/src/lib.rs --error-format=json --json=diagnostic-rendered-ansi,artifacts,future-incompat --crate-type lib --emit=dep-info,metadata,link -C embed-bitcode=no -C debuginfo=2 '--warn=clippy::pedantic' '--deny=clippy::all' --forbid=unsafe_code '--allow=clippy::similar_names' '--allow=clippy::must_use_candidate' '--allow=clippy::missing_errors_doc' --check-cfg 'cfg(docsrs,test)' --check-cfg 'cfg(feature, values())' -C metadata=9d57265a0ef5a3e3 -C extra-filename=-9723028bc8fab821 --out-dir /tmp/cargo-mutants-tlatools-rs-ot8uTz.tmp/target/debug/deps -C incremental=/tmp/cargo-mutants-tlatools-rs-ot8uTz.tmp/target/debug/incremental -L dependency=/tmp/cargo-mutants-tlatools-rs-ot8uTz.tmp/target/debug/deps --extern tla_syntax=/tmp/cargo-mutants-tlatools-rs-ot8uTz.tmp/target/debug/deps/libtla_syntax-169d03993c2aec3f.rmeta`
       Dirty tla-oracle v0.1.0 (/tmp/cargo-mutants-tlatools-rs-ot8uTz.tmp/crates/tla-oracle): the dependency `tla-eval` was rebuilt
   Compiling tla-oracle v0.1.0 (/tmp/cargo-mutants-tlatools-rs-ot8uTz.tmp/crates/tla-oracle)
     Running `/home/ops/.rustup/toolchains/stable-x86_64-unknown-linux-gnu/bin/rustc --crate-name tla_oracle --edition=2024 crates/tla-oracle/src/lib.rs --error-format=json --json=diagnostic-rendered-ansi,artifacts,future-incompat --crate-type lib --emit=dep-info,metadata,link -C embed-bitcode=no -C debuginfo=2 '--warn=clippy::pedantic' '--deny=clippy::all' --forbid=unsafe_code '--allow=clippy::similar_names' '--allow=clippy::must_use_candidate' '--allow=clippy::missing_errors_doc' --check-cfg 'cfg(docsrs,test)' --check-cfg 'cfg(feature, values())' -C metadata=b83f616a193d2c4f -C extra-filename=-05e96871ddace9ec --out-dir /tmp/cargo-mutants-tlatools-rs-ot8uTz.tmp/target/debug/deps -C incremental=/tmp/cargo-mutants-tlatools-rs-ot8uTz.tmp/target/debug/incremental -L dependency=/tmp/cargo-mutants-tlatools-rs-ot8uTz.tmp/target/debug/deps --extern serde=/tmp/cargo-mutants-tlatools-rs-ot8uTz.tmp/target/debug/deps/libserde-50e58405f4925bd5.rmeta --extern serde_json=/tmp/cargo-mutants-tlatools-rs-ot8uTz.tmp/target/debug/deps/libserde_json-1f53e1b7a8e26068.rmeta --extern tla_eval=/tmp/cargo-mutants-tlatools-rs-ot8uTz.tmp/target/debug/deps/libtla_eval-9723028bc8fab821.rmeta --extern tla_syntax=/tmp/cargo-mutants-tlatools-rs-ot8uTz.tmp/target/debug/deps/libtla_syntax-169d03993c2aec3f.rmeta`
     Running `/home/ops/.rustup/toolchains/stable-x86_64-unknown-linux-gnu/bin/rustc --crate-name tla_oracle --edition=2024 crates/tla-oracle/src/lib.rs --error-format=json --json=diagnostic-rendered-ansi,artifacts,future-incompat --emit=dep-info,link -C embed-bitcode=no -C debuginfo=2 '--warn=clippy::pedantic' '--deny=clippy::all' --forbid=unsafe_code '--allow=clippy::similar_names' '--allow=clippy::must_use_candidate' '--allow=clippy::missing_errors_doc' --test --check-cfg 'cfg(docsrs,test)' --check-cfg 'cfg(feature, values())' -C metadata=0ab41740dcdd59c9 -C extra-filename=-1cfd7f127e84a435 --out-dir /tmp/cargo-mutants-tlatools-rs-ot8uTz.tmp/target/debug/deps -C incremental=/tmp/cargo-mutants-tlatools-rs-ot8uTz.tmp/target/debug/incremental -L dependency=/tmp/cargo-mutants-tlatools-rs-ot8uTz.tmp/target/debug/deps --extern serde=/tmp/cargo-mutants-tlatools-rs-ot8uTz.tmp/target/debug/deps/libserde-50e58405f4925bd5.rlib --extern serde_json=/tmp/cargo-mutants-tlatools-rs-ot8uTz.tmp/target/debug/deps/libserde_json-1f53e1b7a8e26068.rlib --extern tla_eval=/tmp/cargo-mutants-tlatools-rs-ot8uTz.tmp/target/debug/deps/libtla_eval-9723028bc8fab821.rlib --extern tla_syntax=/tmp/cargo-mutants-tlatools-rs-ot8uTz.tmp/target/debug/deps/libtla_syntax-169d03993c2aec3f.rlib`
     Running `/home/ops/.rustup/toolchains/stable-x86_64-unknown-linux-gnu/bin/rustc --crate-name jobs --edition=2024 crates/tla-oracle/tests/jobs.rs --error-format=json --json=diagnostic-rendered-ansi,artifacts,future-incompat --emit=dep-info,link -C embed-bitcode=no -C debuginfo=2 '--warn=clippy::pedantic' '--deny=clippy::all' --forbid=unsafe_code '--allow=clippy::similar_names' '--allow=clippy::must_use_candidate' '--allow=clippy::missing_errors_doc' --test --check-cfg 'cfg(docsrs,test)' --check-cfg 'cfg(feature, values())' -C metadata=c96bd47a0a5f8df1 -C extra-filename=-9836ff370b14868d --out-dir /tmp/cargo-mutants-tlatools-rs-ot8uTz.tmp/target/debug/deps -C incremental=/tmp/cargo-mutants-tlatools-rs-ot8uTz.tmp/target/debug/incremental -L dependency=/tmp/cargo-mutants-tlatools-rs-ot8uTz.tmp/target/debug/deps --extern serde=/tmp/cargo-mutants-tlatools-rs-ot8uTz.tmp/target/debug/deps/libserde-50e58405f4925bd5.rlib --extern serde_json=/tmp/cargo-mutants-tlatools-rs-ot8uTz.tmp/target/debug/deps/libserde_json-1f53e1b7a8e26068.rlib --extern tla_eval=/tmp/cargo-mutants-tlatools-rs-ot8uTz.tmp/target/debug/deps/libtla_eval-9723028bc8fab821.rlib --extern tla_oracle=/tmp/cargo-mutants-tlatools-rs-ot8uTz.tmp/target/debug/deps/libtla_oracle-05e96871ddace9ec.rlib --extern tla_syntax=/tmp/cargo-mutants-tlatools-rs-ot8uTz.tmp/target/debug/deps/libtla_syntax-169d03993c2aec3f.rlib`
    Finished `test` profile [unoptimized + debuginfo] target(s) in 0.37s
  Executable `/tmp/cargo-mutants-tlatools-rs-ot8uTz.tmp/target/debug/deps/tla_oracle-1cfd7f127e84a435`
  Executable `/tmp/cargo-mutants-tlatools-rs-ot8uTz.tmp/target/debug/deps/jobs-9836ff370b14868d`

*** result: Success

*** /home/ops/.rustup/toolchains/stable-x86_64-unknown-linux-gnu/bin/cargo test --verbose --package=tla-oracle@0.1.0
       Fresh unicode-ident v1.0.24
       Fresh proc-macro2 v1.0.107
       Fresh itoa v1.0.18
       Fresh memchr v2.8.3
       Fresh tla-syntax v0.1.0 (/tmp/cargo-mutants-tlatools-rs-ot8uTz.tmp/crates/tla-syntax)
       Fresh quote v1.0.47
       Fresh tla-eval v0.1.0 (/tmp/cargo-mutants-tlatools-rs-ot8uTz.tmp/crates/tla-eval)
       Fresh serde_core v1.0.229
       Fresh syn v3.0.3
       Fresh zmij v1.0.23
       Fresh serde_derive v1.0.229
       Fresh serde_json v1.0.151
       Fresh serde v1.0.229
       Fresh tla-oracle v0.1.0 (/tmp/cargo-mutants-tlatools-rs-ot8uTz.tmp/crates/tla-oracle)
    Finished `test` profile [unoptimized + debuginfo] target(s) in 0.01s
     Running `/tmp/cargo-mutants-tlatools-rs-ot8uTz.tmp/target/debug/deps/tla_oracle-1cfd7f127e84a435`

running 0 tests

test result: ok. 0 passed; 0 failed; 0 ignored; 0 measured; 0 filtered out; finished in 0.00s

     Running `/tmp/cargo-mutants-tlatools-rs-ot8uTz.tmp/target/debug/deps/jobs-9836ff370b14868d`

running 20 tests
test a_broken_specification_is_an_error_not_a_verdict ... ok
test a_boolean_is_not_accepted_where_an_integer_is_wanted ... ok
test a_constant_without_a_value_is_an_error ... ok
test a_state_the_specification_cannot_read_is_a_contract_violation ... FAILED
test a_passing_check_carries_no_diagnosis ... ok
test a_refinement_failure_names_the_action_that_came_closest ... FAILED
test a_missing_variable_is_a_contract_violation ... ok
test a_legal_walk_passes ... FAILED
test a_state_of_the_wrong_shape_is_a_contract_violation ... ok
test an_edge_pointing_outside_the_graph_is_an_error ... FAILED
test duplicate_members_of_a_set_are_rejected ... ok
test a_reachable_outcome_passes ... FAILED
test an_illegal_root_is_an_init_failure ... FAILED
test an_illegal_root_is_quoted_in_the_report ... FAILED
test an_illegal_edge_is_named ... FAILED
test an_unreachable_outcome_is_a_coverage_failure ... FAILED
test an_outcome_that_is_not_a_predicate_is_an_error ... FAILED
test an_unparsable_outcome_names_itself ... ok
test the_status_names_match_the_harness_vocabulary ... ok
test the_verdict_is_readable_as_a_boolean_and_the_counts_are_kept ... FAILED

failures:

---- a_state_the_specification_cannot_read_is_a_contract_violation stdout ----

thread 'a_state_the_specification_cannot_read_is_a_contract_violation' (294234) panicked at crates/tla-oracle/tests/jobs.rs:239:5:
assertion `left == right` failed: : `` is not defined
  left: Error
 right: Contract
note: run with `RUST_BACKTRACE=1` environment variable to display a backtrace

---- a_refinement_failure_names_the_action_that_came_closest stdout ----

thread 'a_refinement_failure_names_the_action_that_came_closest' (294231) panicked at crates/tla-oracle/tests/jobs.rs:173:42:
an action came close

---- a_legal_walk_passes stdout ----

thread 'a_legal_walk_passes' (294226) panicked at crates/tla-oracle/tests/jobs.rs:45:5:
assertion `left == right` failed: : `` is not defined
  left: Error
 right: Pass

---- an_edge_pointing_outside_the_graph_is_an_error stdout ----

thread 'an_edge_pointing_outside_the_graph_is_an_error' (294235) panicked at crates/tla-oracle/tests/jobs.rs:247:5:
: `` is not defined

---- a_reachable_outcome_passes stdout ----

thread 'a_reachable_outcome_passes' (294230) panicked at crates/tla-oracle/tests/jobs.rs:88:5:
assertion `left == right` failed: : `` is not defined
  left: Error
 right: Pass

---- an_illegal_root_is_an_init_failure stdout ----

thread 'an_illegal_root_is_an_init_failure' (294237) panicked at crates/tla-oracle/tests/jobs.rs:53:5:
assertion `left == right` failed: : `` is not defined
  left: Error
 right: Init

---- an_illegal_root_is_quoted_in_the_report stdout ----

thread 'an_illegal_root_is_quoted_in_the_report' (294238) panicked at crates/tla-oracle/tests/jobs.rs:222:5:
assertion `left == right` failed
  left: Error
 right: Init

---- an_illegal_edge_is_named stdout ----

thread 'an_illegal_edge_is_named' (294236) panicked at crates/tla-oracle/tests/jobs.rs:69:5:
assertion `left == right` failed: : `` is not defined
  left: Error
 right: Refines

---- an_unreachable_outcome_is_a_coverage_failure stdout ----

thread 'an_unreachable_outcome_is_a_coverage_failure' (294241) panicked at crates/tla-oracle/tests/jobs.rs:80:5:
assertion `left == right` failed: : `` is not defined
  left: Error
 right: Coverage

---- an_outcome_that_is_not_a_predicate_is_an_error stdout ----

thread 'an_outcome_that_is_not_a_predicate_is_an_error' (294239) panicked at crates/tla-oracle/tests/jobs.rs:274:5:
: `` is not defined

---- the_verdict_is_readable_as_a_boolean_and_the_counts_are_kept stdout ----

thread 'the_verdict_is_readable_as_a_boolean_and_the_counts_are_kept' (294245) panicked at crates/tla-oracle/tests/jobs.rs:198:5:
assertion failed: passing.passed()


failures:
    a_legal_walk_passes
    a_reachable_outcome_passes
    a_refinement_failure_names_the_action_that_came_closest
    a_state_the_specification_cannot_read_is_a_contract_violation
    an_edge_pointing_outside_the_graph_is_an_error
    an_illegal_edge_is_named
    an_illegal_root_is_an_init_failure
    an_illegal_root_is_quoted_in_the_report
    an_outcome_that_is_not_a_predicate_is_an_error
    an_unreachable_outcome_is_a_coverage_failure
    the_verdict_is_readable_as_a_boolean_and_the_counts_are_kept

test result: FAILED. 9 passed; 11 failed; 0 ignored; 0 measured; 0 filtered out; finished in 0.00s

error: test failed, to rerun pass `-p tla-oracle --test jobs`

*** result: Failure(101)
