
*** crates/tla-syntax/src/parser.rs:140:9: replace Parser::module -> Result<Module> with Ok(Default::default())

*** mutation diff:
--- crates/tla-syntax/src/parser.rs
+++ replace Parser::module -> Result<Module> with Ok(Default::default())
@@ -132,26 +132,17 @@
         let out = f(self);
         self.fences.pop();
         out
     }
 
     // ---------------------------------------------------------------- module
 
     fn module(&mut self) -> Result<Module> {
-        while !(matches!(self.peek(), Tok::Separator)
-            && matches!(self.peek_at(1), Tok::Kw(Kw::Module)))
-        {
-            if matches!(self.peek(), Tok::Eof) {
-                return Err(self.err("no `---- MODULE ----` header found"));
-            }
-            self.advance();
-        }
-        self.advance();
-        self.module_body()
+        Ok(Default::default()) /* ~ changed by cargo-mutants ~ */
     }
 
     /// Everything from `MODULE` to the terminator. Modules nest, so this is
     /// reached both at the top of a file and part-way through one.
     fn module_body(&mut self) -> Result<Module> {
         self.expect(&Tok::Kw(Kw::Module))?;
         let name = self.expect_ident()?;
         self.expect(&Tok::Separator)?;


*** /home/ops/.rustup/toolchains/stable-x86_64-unknown-linux-gnu/bin/cargo test --no-run --verbose --package=tla-syntax@0.1.0
       Dirty tla-syntax v0.1.0 (/tmp/cargo-mutants-tlatools-rs-qjGGJh.tmp/crates/tla-syntax): the file `crates/tla-syntax/src/parser.rs` has changed (1786402302.861362715s, 442027067ns after last build at 1786402302.419335648s)
   Compiling tla-syntax v0.1.0 (/tmp/cargo-mutants-tlatools-rs-qjGGJh.tmp/crates/tla-syntax)
     Running `/home/ops/.rustup/toolchains/stable-x86_64-unknown-linux-gnu/bin/rustc --crate-name tla_syntax --edition=2024 crates/tla-syntax/src/lib.rs --error-format=json --json=diagnostic-rendered-ansi,artifacts,future-incompat --emit=dep-info,link -C embed-bitcode=no -C debuginfo=2 '--warn=clippy::pedantic' '--deny=clippy::all' --forbid=unsafe_code '--allow=clippy::similar_names' '--allow=clippy::must_use_candidate' '--allow=clippy::missing_errors_doc' --test --check-cfg 'cfg(docsrs,test)' --check-cfg 'cfg(feature, values())' -C metadata=b9cdaea3d809ecd1 -C extra-filename=-7b1a32620c4b87af --out-dir /tmp/cargo-mutants-tlatools-rs-qjGGJh.tmp/target/debug/deps -C incremental=/tmp/cargo-mutants-tlatools-rs-qjGGJh.tmp/target/debug/incremental -L dependency=/tmp/cargo-mutants-tlatools-rs-qjGGJh.tmp/target/debug/deps`
     Running `/home/ops/.rustup/toolchains/stable-x86_64-unknown-linux-gnu/bin/rustc --crate-name tla_syntax --edition=2024 crates/tla-syntax/src/lib.rs --error-format=json --json=diagnostic-rendered-ansi,artifacts,future-incompat --crate-type lib --emit=dep-info,metadata,link -C embed-bitcode=no -C debuginfo=2 '--warn=clippy::pedantic' '--deny=clippy::all' --forbid=unsafe_code '--allow=clippy::similar_names' '--allow=clippy::must_use_candidate' '--allow=clippy::missing_errors_doc' --check-cfg 'cfg(docsrs,test)' --check-cfg 'cfg(feature, values())' -C metadata=85b1367430153dc6 -C extra-filename=-169d03993c2aec3f --out-dir /tmp/cargo-mutants-tlatools-rs-qjGGJh.tmp/target/debug/deps -C incremental=/tmp/cargo-mutants-tlatools-rs-qjGGJh.tmp/target/debug/incremental -L dependency=/tmp/cargo-mutants-tlatools-rs-qjGGJh.tmp/target/debug/deps`
error[E0277]: the trait bound `Module: Default` is not satisfied
   --> crates/tla-syntax/src/parser.rs:140:12
    |
140 |         Ok(Default::default()) /* ~ changed by cargo-mutants ~ */
    |            ^^^^^^^^^^^^^^^^^^ the trait `Default` is not implemented for `Module`
    |
help: consider annotating `Module` with `#[derive(Default)]`
   --> crates/tla-syntax/src/ast.rs:4:1
    |
  4 + #[derive(Default)]
  5 | pub struct Module {
    |

For more information about this error, try `rustc --explain E0277`.
error: could not compile `tla-syntax` (lib test) due to 1 previous error

Caused by:
  process didn't exit successfully: `/home/ops/.rustup/toolchains/stable-x86_64-unknown-linux-gnu/bin/rustc --crate-name tla_syntax --edition=2024 crates/tla-syntax/src/lib.rs --error-format=json --json=diagnostic-rendered-ansi,artifacts,future-incompat --emit=dep-info,link -C embed-bitcode=no -C debuginfo=2 '--warn=clippy::pedantic' '--deny=clippy::all' --forbid=unsafe_code '--allow=clippy::similar_names' '--allow=clippy::must_use_candidate' '--allow=clippy::missing_errors_doc' --test --check-cfg 'cfg(docsrs,test)' --check-cfg 'cfg(feature, values())' -C metadata=b9cdaea3d809ecd1 -C extra-filename=-7b1a32620c4b87af --out-dir /tmp/cargo-mutants-tlatools-rs-qjGGJh.tmp/target/debug/deps -C incremental=/tmp/cargo-mutants-tlatools-rs-qjGGJh.tmp/target/debug/incremental -L dependency=/tmp/cargo-mutants-tlatools-rs-qjGGJh.tmp/target/debug/deps` (exit status: 1)
warning: build failed, waiting for other jobs to finish...
error: could not compile `tla-syntax` (lib) due to 1 previous error

Caused by:
  process didn't exit successfully: `/home/ops/.rustup/toolchains/stable-x86_64-unknown-linux-gnu/bin/rustc --crate-name tla_syntax --edition=2024 crates/tla-syntax/src/lib.rs --error-format=json --json=diagnostic-rendered-ansi,artifacts,future-incompat --crate-type lib --emit=dep-info,metadata,link -C embed-bitcode=no -C debuginfo=2 '--warn=clippy::pedantic' '--deny=clippy::all' --forbid=unsafe_code '--allow=clippy::similar_names' '--allow=clippy::must_use_candidate' '--allow=clippy::missing_errors_doc' --check-cfg 'cfg(docsrs,test)' --check-cfg 'cfg(feature, values())' -C metadata=85b1367430153dc6 -C extra-filename=-169d03993c2aec3f --out-dir /tmp/cargo-mutants-tlatools-rs-qjGGJh.tmp/target/debug/deps -C incremental=/tmp/cargo-mutants-tlatools-rs-qjGGJh.tmp/target/debug/incremental -L dependency=/tmp/cargo-mutants-tlatools-rs-qjGGJh.tmp/target/debug/deps` (exit status: 1)

*** result: Failure(101)
