
*** crates/tla-syntax/src/lexer.rs:122:9: replace Lexer::skip_trivia -> Result<()> with Ok(())

*** mutation diff:
--- crates/tla-syntax/src/lexer.rs
+++ replace Lexer::skip_trivia -> Result<()> with Ok(())
@@ -114,30 +114,17 @@
             tok: Tok::Eof,
             line: self.line,
             col: self.col,
         });
         Ok(self.out)
     }
 
     fn skip_trivia(&mut self) -> Result<()> {
-        loop {
-            match self.peek() {
-                Some(c) if c.is_whitespace() => {
-                    self.bump();
-                }
-                Some('\\') if self.at(1) == Some('*') => {
-                    while !matches!(self.peek(), None | Some('\n')) {
-                        self.bump();
-                    }
-                }
-                Some('(') if self.at(1) == Some('*') => self.skip_block_comment()?,
-                _ => return Ok(()),
-            }
-        }
+        Ok(()) /* ~ changed by cargo-mutants ~ */
     }
 
     fn skip_block_comment(&mut self) -> Result<()> {
         let (line, col) = (self.line, self.col);
         let mut depth = 0usize;
         loop {
             if self.peek().is_none() {
                 return Err(Error::lex("unterminated (* comment", line, col));


*** /home/ops/.rustup/toolchains/stable-x86_64-unknown-linux-gnu/bin/cargo test --no-run --verbose --package=tla-syntax@0.1.0
       Dirty tla-syntax v0.1.0 (/tmp/cargo-mutants-tlatools-rs-qjGGJh.tmp/crates/tla-syntax): the file `crates/tla-syntax/src/lexer.rs` has changed (1786402233.974144369s, 385023578ns after last build at 1786402233.589120791s)
   Compiling tla-syntax v0.1.0 (/tmp/cargo-mutants-tlatools-rs-qjGGJh.tmp/crates/tla-syntax)
     Running `/home/ops/.rustup/toolchains/stable-x86_64-unknown-linux-gnu/bin/rustc --crate-name tla_syntax --edition=2024 crates/tla-syntax/src/lib.rs --error-format=json --json=diagnostic-rendered-ansi,artifacts,future-incompat --emit=dep-info,link -C embed-bitcode=no -C debuginfo=2 '--warn=clippy::pedantic' '--deny=clippy::all' --forbid=unsafe_code '--allow=clippy::similar_names' '--allow=clippy::must_use_candidate' '--allow=clippy::missing_errors_doc' --test --check-cfg 'cfg(docsrs,test)' --check-cfg 'cfg(feature, values())' -C metadata=b9cdaea3d809ecd1 -C extra-filename=-7b1a32620c4b87af --out-dir /tmp/cargo-mutants-tlatools-rs-qjGGJh.tmp/target/debug/deps -C incremental=/tmp/cargo-mutants-tlatools-rs-qjGGJh.tmp/target/debug/incremental -L dependency=/tmp/cargo-mutants-tlatools-rs-qjGGJh.tmp/target/debug/deps`
     Running `/home/ops/.rustup/toolchains/stable-x86_64-unknown-linux-gnu/bin/rustc --crate-name tla_syntax --edition=2024 crates/tla-syntax/src/lib.rs --error-format=json --json=diagnostic-rendered-ansi,artifacts,future-incompat --crate-type lib --emit=dep-info,metadata,link -C embed-bitcode=no -C debuginfo=2 '--warn=clippy::pedantic' '--deny=clippy::all' --forbid=unsafe_code '--allow=clippy::similar_names' '--allow=clippy::must_use_candidate' '--allow=clippy::missing_errors_doc' --check-cfg 'cfg(docsrs,test)' --check-cfg 'cfg(feature, values())' -C metadata=85b1367430153dc6 -C extra-filename=-169d03993c2aec3f --out-dir /tmp/cargo-mutants-tlatools-rs-qjGGJh.tmp/target/debug/deps -C incremental=/tmp/cargo-mutants-tlatools-rs-qjGGJh.tmp/target/debug/incremental -L dependency=/tmp/cargo-mutants-tlatools-rs-qjGGJh.tmp/target/debug/deps`
warning: method `skip_block_comment` is never used
   --> crates/tla-syntax/src/lexer.rs:125:8
    |
 39 | impl Lexer {
    | ---------- method in this implementation
...
125 |     fn skip_block_comment(&mut self) -> Result<()> {
    |        ^^^^^^^^^^^^^^^^^^
    |
    = note: `#[warn(dead_code)]` (part of `#[warn(unused)]`) on by default

warning: `tla-syntax` (lib test) generated 1 warning
warning: `tla-syntax` (lib) generated 1 warning (1 duplicate)
     Running `/home/ops/.rustup/toolchains/stable-x86_64-unknown-linux-gnu/bin/rustc --crate-name audit --edition=2024 crates/tla-syntax/examples/audit.rs --error-format=json --json=diagnostic-rendered-ansi,artifacts,future-incompat --crate-type bin --emit=dep-info,link -C embed-bitcode=no -C debuginfo=2 '--warn=clippy::pedantic' '--deny=clippy::all' --forbid=unsafe_code '--allow=clippy::similar_names' '--allow=clippy::must_use_candidate' '--allow=clippy::missing_errors_doc' --check-cfg 'cfg(docsrs,test)' --check-cfg 'cfg(feature, values())' -C metadata=dbbf919ed7279ef0 -C extra-filename=-0e703b0c6e8c99ba --out-dir /tmp/cargo-mutants-tlatools-rs-qjGGJh.tmp/target/debug/examples -C incremental=/tmp/cargo-mutants-tlatools-rs-qjGGJh.tmp/target/debug/incremental -L dependency=/tmp/cargo-mutants-tlatools-rs-qjGGJh.tmp/target/debug/deps --extern tla_syntax=/tmp/cargo-mutants-tlatools-rs-qjGGJh.tmp/target/debug/deps/libtla_syntax-169d03993c2aec3f.rlib`
     Running `/home/ops/.rustup/toolchains/stable-x86_64-unknown-linux-gnu/bin/rustc --crate-name robustness --edition=2024 crates/tla-syntax/tests/robustness.rs --error-format=json --json=diagnostic-rendered-ansi,artifacts,future-incompat --emit=dep-info,link -C embed-bitcode=no -C debuginfo=2 '--warn=clippy::pedantic' '--deny=clippy::all' --forbid=unsafe_code '--allow=clippy::similar_names' '--allow=clippy::must_use_candidate' '--allow=clippy::missing_errors_doc' --test --check-cfg 'cfg(docsrs,test)' --check-cfg 'cfg(feature, values())' -C metadata=3b1de0d84c0f7391 -C extra-filename=-4657dcdff6c43e2f --out-dir /tmp/cargo-mutants-tlatools-rs-qjGGJh.tmp/target/debug/deps -C incremental=/tmp/cargo-mutants-tlatools-rs-qjGGJh.tmp/target/debug/incremental -L dependency=/tmp/cargo-mutants-tlatools-rs-qjGGJh.tmp/target/debug/deps --extern tla_syntax=/tmp/cargo-mutants-tlatools-rs-qjGGJh.tmp/target/debug/deps/libtla_syntax-169d03993c2aec3f.rlib`
     Running `/home/ops/.rustup/toolchains/stable-x86_64-unknown-linux-gnu/bin/rustc --crate-name grammar --edition=2024 crates/tla-syntax/tests/grammar.rs --error-format=json --json=diagnostic-rendered-ansi,artifacts,future-incompat --emit=dep-info,link -C embed-bitcode=no -C debuginfo=2 '--warn=clippy::pedantic' '--deny=clippy::all' --forbid=unsafe_code '--allow=clippy::similar_names' '--allow=clippy::must_use_candidate' '--allow=clippy::missing_errors_doc' --test --check-cfg 'cfg(docsrs,test)' --check-cfg 'cfg(feature, values())' -C metadata=0802b3514e0199db -C extra-filename=-209c7b39092f9a9f --out-dir /tmp/cargo-mutants-tlatools-rs-qjGGJh.tmp/target/debug/deps -C incremental=/tmp/cargo-mutants-tlatools-rs-qjGGJh.tmp/target/debug/incremental -L dependency=/tmp/cargo-mutants-tlatools-rs-qjGGJh.tmp/target/debug/deps --extern tla_syntax=/tmp/cargo-mutants-tlatools-rs-qjGGJh.tmp/target/debug/deps/libtla_syntax-169d03993c2aec3f.rlib`
     Running `/home/ops/.rustup/toolchains/stable-x86_64-unknown-linux-gnu/bin/rustc --crate-name depth --edition=2024 crates/tla-syntax/examples/depth.rs --error-format=json --json=diagnostic-rendered-ansi,artifacts,future-incompat --crate-type bin --emit=dep-info,link -C embed-bitcode=no -C debuginfo=2 '--warn=clippy::pedantic' '--deny=clippy::all' --forbid=unsafe_code '--allow=clippy::similar_names' '--allow=clippy::must_use_candidate' '--allow=clippy::missing_errors_doc' --check-cfg 'cfg(docsrs,test)' --check-cfg 'cfg(feature, values())' -C metadata=945ad0d3a4da74b3 -C extra-filename=-2ef4d05ce566e5e5 --out-dir /tmp/cargo-mutants-tlatools-rs-qjGGJh.tmp/target/debug/examples -C incremental=/tmp/cargo-mutants-tlatools-rs-qjGGJh.tmp/target/debug/incremental -L dependency=/tmp/cargo-mutants-tlatools-rs-qjGGJh.tmp/target/debug/deps --extern tla_syntax=/tmp/cargo-mutants-tlatools-rs-qjGGJh.tmp/target/debug/deps/libtla_syntax-169d03993c2aec3f.rlib`
     Running `/home/ops/.rustup/toolchains/stable-x86_64-unknown-linux-gnu/bin/rustc --crate-name parse_specs --edition=2024 crates/tla-syntax/tests/parse_specs.rs --error-format=json --json=diagnostic-rendered-ansi,artifacts,future-incompat --emit=dep-info,link -C embed-bitcode=no -C debuginfo=2 '--warn=clippy::pedantic' '--deny=clippy::all' --forbid=unsafe_code '--allow=clippy::similar_names' '--allow=clippy::must_use_candidate' '--allow=clippy::missing_errors_doc' --test --check-cfg 'cfg(docsrs,test)' --check-cfg 'cfg(feature, values())' -C metadata=a8f81c428969cd5b -C extra-filename=-f79b0d0a70f894ac --out-dir /tmp/cargo-mutants-tlatools-rs-qjGGJh.tmp/target/debug/deps -C incremental=/tmp/cargo-mutants-tlatools-rs-qjGGJh.tmp/target/debug/incremental -L dependency=/tmp/cargo-mutants-tlatools-rs-qjGGJh.tmp/target/debug/deps --extern tla_syntax=/tmp/cargo-mutants-tlatools-rs-qjGGJh.tmp/target/debug/deps/libtla_syntax-169d03993c2aec3f.rlib`
     Running `/home/ops/.rustup/toolchains/stable-x86_64-unknown-linux-gnu/bin/rustc --crate-name queries --edition=2024 crates/tla-syntax/tests/queries.rs --error-format=json --json=diagnostic-rendered-ansi,artifacts,future-incompat --emit=dep-info,link -C embed-bitcode=no -C debuginfo=2 '--warn=clippy::pedantic' '--deny=clippy::all' --forbid=unsafe_code '--allow=clippy::similar_names' '--allow=clippy::must_use_candidate' '--allow=clippy::missing_errors_doc' --test --check-cfg 'cfg(docsrs,test)' --check-cfg 'cfg(feature, values())' -C metadata=fc19234c6e95ae98 -C extra-filename=-2cacbc55350fea8e --out-dir /tmp/cargo-mutants-tlatools-rs-qjGGJh.tmp/target/debug/deps -C incremental=/tmp/cargo-mutants-tlatools-rs-qjGGJh.tmp/target/debug/incremental -L dependency=/tmp/cargo-mutants-tlatools-rs-qjGGJh.tmp/target/debug/deps --extern tla_syntax=/tmp/cargo-mutants-tlatools-rs-qjGGJh.tmp/target/debug/deps/libtla_syntax-169d03993c2aec3f.rlib`
    Finished `test` profile [unoptimized + debuginfo] target(s) in 0.36s
  Executable `/tmp/cargo-mutants-tlatools-rs-qjGGJh.tmp/target/debug/deps/tla_syntax-7b1a32620c4b87af`
  Executable `/tmp/cargo-mutants-tlatools-rs-qjGGJh.tmp/target/debug/deps/grammar-209c7b39092f9a9f`
  Executable `/tmp/cargo-mutants-tlatools-rs-qjGGJh.tmp/target/debug/deps/parse_specs-f79b0d0a70f894ac`
  Executable `/tmp/cargo-mutants-tlatools-rs-qjGGJh.tmp/target/debug/deps/queries-2cacbc55350fea8e`
  Executable `/tmp/cargo-mutants-tlatools-rs-qjGGJh.tmp/target/debug/deps/robustness-4657dcdff6c43e2f`

*** result: Success

*** /home/ops/.rustup/toolchains/stable-x86_64-unknown-linux-gnu/bin/cargo test --verbose --package=tla-syntax@0.1.0
warning: method `skip_block_comment` is never used
   --> crates/tla-syntax/src/lexer.rs:125:8
    |
 39 | impl Lexer {
    | ---------- method in this implementation
...
125 |     fn skip_block_comment(&mut self) -> Result<()> {
    |        ^^^^^^^^^^^^^^^^^^
    |
    = note: `#[warn(dead_code)]` (part of `#[warn(unused)]`) on by default

warning: `tla-syntax` (lib) generated 1 warning
       Fresh tla-syntax v0.1.0 (/tmp/cargo-mutants-tlatools-rs-qjGGJh.tmp/crates/tla-syntax)
warning: `tla-syntax` (lib test) generated 1 warning (1 duplicate)
    Finished `test` profile [unoptimized + debuginfo] target(s) in 0.01s
     Running `/tmp/cargo-mutants-tlatools-rs-qjGGJh.tmp/target/debug/deps/tla_syntax-7b1a32620c4b87af`

running 0 tests

test result: ok. 0 passed; 0 failed; 0 ignored; 0 measured; 0 filtered out; finished in 0.00s

     Running `/tmp/cargo-mutants-tlatools-rs-qjGGJh.tmp/target/debug/deps/grammar-209c7b39092f9a9f`

running 23 tests
test a_choose_inside_braces_is_not_a_set_filter ... FAILED
test a_fairness_subscript_may_be_a_tuple ... FAILED
test a_function_may_be_defined_by_its_graph ... FAILED
test a_module_may_contain_another ... FAILED
test a_lambda_may_be_passed_where_an_operator_is_wanted ... FAILED
test a_name_may_begin_with_a_digit_or_an_underscore ... FAILED
test a_named_theorem_keeps_its_statement ... FAILED
test a_postfix_operator_binds_to_what_precedes_it ... FAILED
test a_proof_is_skipped_and_the_module_continues ... FAILED
test an_action_subscript_is_recognised_past_an_inner_colon ... FAILED
test an_infix_operator_can_be_defined ... FAILED
test an_operator_may_be_passed_as_an_argument ... FAILED
test an_operator_may_follow_a_bulleted_list ... FAILED
test case_arms_are_separated_by_boxes ... FAILED
test except_accepts_several_indices_at_once ... FAILED
test higher_order_parameters_record_their_arity ... FAILED
test instance_names_may_be_chained_and_take_arguments ... FAILED
test labels_are_read_and_dropped ... FAILED
test prefix_and_postfix_operators_can_be_defined ... FAILED
test prose_outside_the_module_is_not_lexed ... FAILED
test set_filters_and_set_maps_are_told_apart ... FAILED
test temporal_quantifiers_parse_and_are_marked_as_such ... FAILED
test the_new_forms_round_trip ... FAILED

failures:

---- a_choose_inside_braces_is_not_a_set_filter stdout ----

thread 'a_choose_inside_braces_is_not_a_set_filter' (354862) panicked at crates/tla-syntax/tests/grammar.rs:12:43:
lex error at 1:5: unexpected character ' '
in:
---- MODULE T ----
Pick == {CHOOSE x \in S : TRUE}
====================
note: run with `RUST_BACKTRACE=1` environment variable to display a backtrace

---- a_fairness_subscript_may_be_a_tuple stdout ----

thread 'a_fairness_subscript_may_be_a_tuple' (354863) panicked at crates/tla-syntax/tests/grammar.rs:12:43:
lex error at 1:5: unexpected character ' '
in:
---- MODULE T ----
F == WF_<<a, b>>(Next)
====================

---- a_function_may_be_defined_by_its_graph stdout ----

thread 'a_function_may_be_defined_by_its_graph' (354864) panicked at crates/tla-syntax/tests/grammar.rs:12:43:
lex error at 1:5: unexpected character ' '
in:
---- MODULE T ----
f[x \in S] == x + 1
====================

---- a_module_may_contain_another stdout ----

thread 'a_module_may_contain_another' (354866) panicked at crates/tla-syntax/tests/grammar.rs:12:43:
lex error at 1:5: unexpected character ' '
in:
---- MODULE T ----
---- MODULE Inner ----
X == 1
====================
Outer == 2
====================

---- a_lambda_may_be_passed_where_an_operator_is_wanted stdout ----

thread 'a_lambda_may_be_passed_where_an_operator_is_wanted' (354865) panicked at crates/tla-syntax/tests/grammar.rs:12:43:
lex error at 1:5: unexpected character ' '
in:
---- MODULE T ----
Foo == Apply(LAMBDA x, y : x + y, 1)
====================

---- a_name_may_begin_with_a_digit_or_an_underscore stdout ----

thread 'a_name_may_begin_with_a_digit_or_an_underscore' (354867) panicked at crates/tla-syntax/tests/grammar.rs:12:43:
lex error at 1:5: unexpected character ' '
in:
---- MODULE T ----
1aMessage == 1
_hidden == 2
====================

---- a_named_theorem_keeps_its_statement stdout ----

thread 'a_named_theorem_keeps_its_statement' (354868) panicked at crates/tla-syntax/tests/grammar.rs:12:43:
lex error at 1:5: unexpected character ' '
in:
---- MODULE T ----
THEOREM Correct == Spec => []Inv
====================

---- a_postfix_operator_binds_to_what_precedes_it stdout ----

thread 'a_postfix_operator_binds_to_what_precedes_it' (354869) panicked at crates/tla-syntax/tests/grammar.rs:12:43:
lex error at 1:5: unexpected character ' '
in:
---- MODULE T ----
Foo == S^+ \cup T
====================

---- a_proof_is_skipped_and_the_module_continues stdout ----

thread 'a_proof_is_skipped_and_the_module_continues' (354870) panicked at crates/tla-syntax/tests/grammar.rs:12:43:
lex error at 1:5: unexpected character ' '
in:
---- MODULE T ----
THEOREM Correct == Spec => []Inv
<1>1. Init => Inv
BY DEF Init, Inv
<1>2. QED
BY <1>1
After == 42
====================

---- an_action_subscript_is_recognised_past_an_inner_colon stdout ----

thread 'an_action_subscript_is_recognised_past_an_inner_colon' (354871) panicked at crates/tla-syntax/tests/grammar.rs:12:43:
lex error at 1:5: unexpected character ' '
in:
---- MODULE T ----
Keeps == [][\A i \in Proc : p[i] = p'[i]]_vars
====================

---- an_infix_operator_can_be_defined stdout ----

thread 'an_infix_operator_can_be_defined' (354872) panicked at crates/tla-syntax/tests/grammar.rs:12:43:
lex error at 1:5: unexpected character ' '
in:
---- MODULE T ----
a \prec b == a < b
====================

---- an_operator_may_be_passed_as_an_argument stdout ----

thread 'an_operator_may_be_passed_as_an_argument' (354873) panicked at crates/tla-syntax/tests/grammar.rs:12:43:
lex error at 1:5: unexpected character ' '
in:
---- MODULE T ----
Sum(S) == FoldSet(+, 0, S)
====================

---- an_operator_may_follow_a_bulleted_list stdout ----

thread 'an_operator_may_follow_a_bulleted_list' (354874) panicked at crates/tla-syntax/tests/grammar.rs:12:43:
lex error at 1:5: unexpected character ' '
in:
---- MODULE T ----
Safe ==
  /\ TypeOK
  /\ OneVote
  => Consistent
====================

---- case_arms_are_separated_by_boxes stdout ----

thread 'case_arms_are_separated_by_boxes' (354875) panicked at crates/tla-syntax/tests/grammar.rs:12:43:
lex error at 1:5: unexpected character ' '
in:
---- MODULE T ----
Colour == CASE n = 1 -> "red" [] n = 2 -> "green" [] OTHER -> "grey"
====================

---- except_accepts_several_indices_at_once stdout ----

thread 'except_accepts_several_indices_at_once' (354876) panicked at crates/tla-syntax/tests/grammar.rs:12:43:
lex error at 1:5: unexpected character ' '
in:
---- MODULE T ----
Set == [f EXCEPT ![a, b] = v]
====================

---- higher_order_parameters_record_their_arity stdout ----

thread 'higher_order_parameters_record_their_arity' (354877) panicked at crates/tla-syntax/tests/grammar.rs:12:43:
lex error at 1:5: unexpected character ' '
in:
---- MODULE T ----
Fold(op(_, _), base, S) == base
====================

---- instance_names_may_be_chained_and_take_arguments stdout ----

thread 'instance_names_may_be_chained_and_take_arguments' (354878) panicked at crates/tla-syntax/tests/grammar.rs:12:43:
lex error at 1:5: unexpected character ' '
in:
---- MODULE T ----
Q == A!B!C
====================

---- labels_are_read_and_dropped stdout ----

thread 'labels_are_read_and_dropped' (354879) panicked at crates/tla-syntax/tests/grammar.rs:12:43:
lex error at 1:5: unexpected character ' '
in:
---- MODULE T ----
Step == /\ Lbl:: x = 1
        /\ y = 2
====================

---- prefix_and_postfix_operators_can_be_defined stdout ----

thread 'prefix_and_postfix_operators_can_be_defined' (354880) panicked at crates/tla-syntax/tests/grammar.rs:12:43:
lex error at 1:5: unexpected character ' '
in:
---- MODULE T ----
-. a == 0 - a
b ^+ == b + 1
====================

---- prose_outside_the_module_is_not_lexed stdout ----

thread 'prose_outside_the_module_is_not_lexed' (354881) panicked at crates/tla-syntax/tests/grammar.rs:36:31:
the prose is ignored: Error { stage: Lex, message: "unexpected character ' '", line: 3, col: 5 }

---- set_filters_and_set_maps_are_told_apart stdout ----

thread 'set_filters_and_set_maps_are_told_apart' (354882) panicked at crates/tla-syntax/tests/grammar.rs:12:43:
lex error at 1:5: unexpected character ' '
in:
---- MODULE T ----
A == {x \in S : P(x)}
====================

---- temporal_quantifiers_parse_and_are_marked_as_such stdout ----

thread 'temporal_quantifiers_parse_and_are_marked_as_such' (354883) panicked at crates/tla-syntax/tests/grammar.rs:12:43:
lex error at 1:5: unexpected character ' '
in:
---- MODULE T ----
Hidden == \EE t : Timer(t)
====================

---- the_new_forms_round_trip stdout ----

thread 'the_new_forms_round_trip' (354884) panicked at crates/tla-syntax/tests/grammar.rs:254:33:
parsing `S^+ \cup T`: lex error at 1:4: unexpected character ' '


failures:
    a_choose_inside_braces_is_not_a_set_filter
    a_fairness_subscript_may_be_a_tuple
    a_function_may_be_defined_by_its_graph
    a_lambda_may_be_passed_where_an_operator_is_wanted
    a_module_may_contain_another
    a_name_may_begin_with_a_digit_or_an_underscore
    a_named_theorem_keeps_its_statement
    a_postfix_operator_binds_to_what_precedes_it
    a_proof_is_skipped_and_the_module_continues
    an_action_subscript_is_recognised_past_an_inner_colon
    an_infix_operator_can_be_defined
    an_operator_may_be_passed_as_an_argument
    an_operator_may_follow_a_bulleted_list
    case_arms_are_separated_by_boxes
    except_accepts_several_indices_at_once
    higher_order_parameters_record_their_arity
    instance_names_may_be_chained_and_take_arguments
    labels_are_read_and_dropped
    prefix_and_postfix_operators_can_be_defined
    prose_outside_the_module_is_not_lexed
    set_filters_and_set_maps_are_told_apart
    temporal_quantifiers_parse_and_are_marked_as_such
    the_new_forms_round_trip

test result: FAILED. 0 passed; 23 failed; 0 ignored; 0 measured; 0 filtered out; finished in 0.00s

error: test failed, to rerun pass `-p tla-syntax --test grammar`

*** result: Failure(101)
