
*** crates/tla-syntax/src/lexer.rs:161:9: replace Lexer::scan -> Result<Tok> with Ok(Default::default())

*** mutation diff:
--- crates/tla-syntax/src/lexer.rs
+++ replace Lexer::scan -> Result<Tok> with Ok(Default::default())
@@ -153,101 +153,17 @@
                 }
             } else {
                 self.bump();
             }
         }
     }
 
     fn scan(&mut self, c: char) -> Result<Tok> {
-        if c.is_ascii_digit() {
-            return self.scan_number();
-        }
-        // A lone `_` is the placeholder in `Op(_, _)`; followed by more, it is
-        // an ordinary identifier, and `]_vars` is disambiguated by the parser.
-        if c.is_ascii_alphabetic()
-            || (c == '_'
-                && self
-                    .at(1)
-                    .is_some_and(|n| n.is_ascii_alphanumeric() || n == '_'))
-        {
-            return Ok(self.scan_word());
-        }
-        match c {
-            '"' => self.scan_string(),
-            '=' => self.scan_equals(),
-            '-' => Ok(self.scan_dashes()),
-            '<' => Ok(self.scan_lt()),
-            '>' => Ok(self.scan_gt()),
-            '\\' => self.scan_backslash(),
-            '/' => self.scan_slash(),
-            '|' => {
-                if self.starts_with("|->") {
-                    self.advance(3);
-                    return Ok(Tok::MapsTo);
-                }
-                self.user_symbol()
-                    .map_or_else(|| Err(self.err("stray `|`")), Ok)
-            }
-            ':' => {
-                if self.starts_with(":>") {
-                    self.advance(2);
-                    return Ok(Tok::Op(Op::OneTo));
-                }
-                if let Some(tok) = self.user_symbol() {
-                    return Ok(tok);
-                }
-                if self.starts_with("::") {
-                    self.advance(2);
-                    return Ok(Tok::ColonColon);
-                }
-                self.bump();
-                Ok(Tok::Colon)
-            }
-            '@' => {
-                if self.starts_with("@@") {
-                    self.advance(2);
-                    Ok(Tok::Op(Op::AtAt))
-                } else {
-                    self.bump();
-                    Ok(Tok::At)
-                }
-            }
-            '~' => {
-                if self.starts_with("~>") {
-                    self.advance(2);
-                    Ok(Tok::Op(Op::LeadsTo))
-                } else {
-                    self.bump();
-                    Ok(Tok::Op(Op::Not))
-                }
-            }
-            '&' | '$' | '?' | '%' | '#' | '!' | '^' | '(' | '+' | '*' => self
-                .user_symbol()
-                .map_or_else(|| self.scan_punctuation(c), Ok),
-            '.' => {
-                if self.starts_with("..") {
-                    self.advance(2);
-                    Ok(Tok::Op(Op::DotDot))
-                } else {
-                    self.bump();
-                    Ok(Tok::Dot)
-                }
-            }
-            '[' => {
-                if self.starts_with("[]") {
-                    self.advance(2);
-                    Ok(Tok::Op(Op::Always))
-                } else {
-                    self.bump();
-                    Ok(Tok::LBrack)
-                }
-            }
-            _ => self.scan_punctuation(c),
-        }
+        Ok(Default::default()) /* ~ changed by cargo-mutants ~ */
     }
 
     fn scan_punctuation(&mut self, c: char) -> Result<Tok> {
         let at = (self.line, self.col);
         self.bump();
         Ok(match c {
             '(' => Tok::LParen,
             ')' => Tok::RParen,


*** /home/ops/.rustup/toolchains/stable-x86_64-unknown-linux-gnu/bin/cargo test --no-run --verbose --package=tla-syntax@0.1.0
       Dirty tla-syntax v0.1.0 (/tmp/cargo-mutants-tlatools-rs-oqtjrh.tmp/crates/tla-syntax): the file `crates/tla-syntax/src/lexer.rs` has changed (1786401680.610258738s, 389023823ns after last build at 1786401680.221234915s)
   Compiling tla-syntax v0.1.0 (/tmp/cargo-mutants-tlatools-rs-oqtjrh.tmp/crates/tla-syntax)
     Running `/home/ops/.rustup/toolchains/stable-x86_64-unknown-linux-gnu/bin/rustc --crate-name tla_syntax --edition=2024 crates/tla-syntax/src/lib.rs --error-format=json --json=diagnostic-rendered-ansi,artifacts,future-incompat --emit=dep-info,link -C embed-bitcode=no -C debuginfo=2 '--warn=clippy::pedantic' '--deny=clippy::all' --forbid=unsafe_code '--allow=clippy::similar_names' '--allow=clippy::must_use_candidate' '--allow=clippy::missing_errors_doc' --test --check-cfg 'cfg(docsrs,test)' --check-cfg 'cfg(feature, values())' -C metadata=b9cdaea3d809ecd1 -C extra-filename=-7b1a32620c4b87af --out-dir /tmp/cargo-mutants-tlatools-rs-oqtjrh.tmp/target/debug/deps -C incremental=/tmp/cargo-mutants-tlatools-rs-oqtjrh.tmp/target/debug/incremental -L dependency=/tmp/cargo-mutants-tlatools-rs-oqtjrh.tmp/target/debug/deps`
     Running `/home/ops/.rustup/toolchains/stable-x86_64-unknown-linux-gnu/bin/rustc --crate-name tla_syntax --edition=2024 crates/tla-syntax/src/lib.rs --error-format=json --json=diagnostic-rendered-ansi,artifacts,future-incompat --crate-type lib --emit=dep-info,metadata,link -C embed-bitcode=no -C debuginfo=2 '--warn=clippy::pedantic' '--deny=clippy::all' --forbid=unsafe_code '--allow=clippy::similar_names' '--allow=clippy::must_use_candidate' '--allow=clippy::missing_errors_doc' --check-cfg 'cfg(docsrs,test)' --check-cfg 'cfg(feature, values())' -C metadata=85b1367430153dc6 -C extra-filename=-169d03993c2aec3f --out-dir /tmp/cargo-mutants-tlatools-rs-oqtjrh.tmp/target/debug/deps -C incremental=/tmp/cargo-mutants-tlatools-rs-oqtjrh.tmp/target/debug/incremental -L dependency=/tmp/cargo-mutants-tlatools-rs-oqtjrh.tmp/target/debug/deps`
error[E0277]: the trait bound `Tok: Default` is not satisfied
   --> crates/tla-syntax/src/lexer.rs:161:12
    |
161 |         Ok(Default::default()) /* ~ changed by cargo-mutants ~ */
    |            ^^^^^^^^^^^^^^^^^^ unsatisfied trait bound
    |
help: the trait `Default` is not implemented for `Tok`
   --> crates/tla-syntax/src/token.rs:321:1
    |
321 | pub enum Tok {
    | ^^^^^^^^^^^^

For more information about this error, try `rustc --explain E0277`.
error: could not compile `tla-syntax` (lib) due to 1 previous error

Caused by:
  process didn't exit successfully: `/home/ops/.rustup/toolchains/stable-x86_64-unknown-linux-gnu/bin/rustc --crate-name tla_syntax --edition=2024 crates/tla-syntax/src/lib.rs --error-format=json --json=diagnostic-rendered-ansi,artifacts,future-incompat --crate-type lib --emit=dep-info,metadata,link -C embed-bitcode=no -C debuginfo=2 '--warn=clippy::pedantic' '--deny=clippy::all' --forbid=unsafe_code '--allow=clippy::similar_names' '--allow=clippy::must_use_candidate' '--allow=clippy::missing_errors_doc' --check-cfg 'cfg(docsrs,test)' --check-cfg 'cfg(feature, values())' -C metadata=85b1367430153dc6 -C extra-filename=-169d03993c2aec3f --out-dir /tmp/cargo-mutants-tlatools-rs-oqtjrh.tmp/target/debug/deps -C incremental=/tmp/cargo-mutants-tlatools-rs-oqtjrh.tmp/target/debug/incremental -L dependency=/tmp/cargo-mutants-tlatools-rs-oqtjrh.tmp/target/debug/deps` (exit status: 1)
warning: build failed, waiting for other jobs to finish...
error: could not compile `tla-syntax` (lib test) due to 1 previous error

Caused by:
  process didn't exit successfully: `/home/ops/.rustup/toolchains/stable-x86_64-unknown-linux-gnu/bin/rustc --crate-name tla_syntax --edition=2024 crates/tla-syntax/src/lib.rs --error-format=json --json=diagnostic-rendered-ansi,artifacts,future-incompat --emit=dep-info,link -C embed-bitcode=no -C debuginfo=2 '--warn=clippy::pedantic' '--deny=clippy::all' --forbid=unsafe_code '--allow=clippy::similar_names' '--allow=clippy::must_use_candidate' '--allow=clippy::missing_errors_doc' --test --check-cfg 'cfg(docsrs,test)' --check-cfg 'cfg(feature, values())' -C metadata=b9cdaea3d809ecd1 -C extra-filename=-7b1a32620c4b87af --out-dir /tmp/cargo-mutants-tlatools-rs-oqtjrh.tmp/target/debug/deps -C incremental=/tmp/cargo-mutants-tlatools-rs-oqtjrh.tmp/target/debug/incremental -L dependency=/tmp/cargo-mutants-tlatools-rs-oqtjrh.tmp/target/debug/deps` (exit status: 1)

*** result: Failure(101)
