
*** crates/tlatools/src/main.rs:66:5: replace usage -> &'static str with ""

*** mutation diff:
--- crates/tlatools/src/main.rs
+++ replace usage -> &'static str with ""
@@ -58,19 +58,10 @@
     let mut buffer = String::new();
     std::io::stdin()
         .read_to_string(&mut buffer)
         .map_err(|e| format!("reading stdin: {e}"))?;
     Ok(buffer)
 }
 
 fn usage() -> &'static str {
-    "usage: tlatools check [JOB.json]
-
-Decide whether an implementation's reachable state graph refines a TLA+
-specification. The job is read from JOB.json, or from stdin when the path is
-omitted or is `-`. The verdict is written to stdout as JSON.
-
-exit status
-  0  the implementation refines the specification
-  1  it does not
-  2  the job could not be carried out"
+    "" /* ~ changed by cargo-mutants ~ */
 }


*** /home/ops/.rustup/toolchains/stable-x86_64-unknown-linux-gnu/bin/cargo test --no-run --verbose --package=tlatools@0.1.0
       Fresh unicode-ident v1.0.24
       Fresh proc-macro2 v1.0.107
       Fresh quote v1.0.47
       Fresh tla-syntax v0.1.0 (/tmp/cargo-mutants-tlatools-rs-EWAJa9.tmp/crates/tla-syntax)
       Fresh itoa v1.0.18
       Fresh memchr v2.8.3
       Fresh serde_core v1.0.229
       Fresh syn v3.0.3
       Fresh zmij v1.0.23
       Fresh tla-eval v0.1.0 (/tmp/cargo-mutants-tlatools-rs-EWAJa9.tmp/crates/tla-eval)
       Fresh serde_derive v1.0.229
       Fresh serde_json v1.0.151
       Fresh serde v1.0.229
       Fresh tla-oracle v0.1.0 (/tmp/cargo-mutants-tlatools-rs-EWAJa9.tmp/crates/tla-oracle)
       Dirty tlatools v0.1.0 (/tmp/cargo-mutants-tlatools-rs-EWAJa9.tmp/crates/tlatools): the file `crates/tlatools/src/main.rs` has changed (1786401775.149047876s, 1s after last build at 1786401774.986037894s)
   Compiling tlatools v0.1.0 (/tmp/cargo-mutants-tlatools-rs-EWAJa9.tmp/crates/tlatools)
     Running `/home/ops/.rustup/toolchains/stable-x86_64-unknown-linux-gnu/bin/rustc --crate-name tlatools --edition=2024 crates/tlatools/src/main.rs --error-format=json --json=diagnostic-rendered-ansi,artifacts,future-incompat --emit=dep-info,link -C embed-bitcode=no -C debuginfo=2 '--warn=clippy::pedantic' '--deny=clippy::all' --forbid=unsafe_code '--allow=clippy::similar_names' '--allow=clippy::must_use_candidate' '--allow=clippy::missing_errors_doc' --test --check-cfg 'cfg(docsrs,test)' --check-cfg 'cfg(feature, values())' -C metadata=36374a926225a47c -C extra-filename=-d406850af717949e --out-dir /tmp/cargo-mutants-tlatools-rs-EWAJa9.tmp/target/debug/deps -C incremental=/tmp/cargo-mutants-tlatools-rs-EWAJa9.tmp/target/debug/incremental -L dependency=/tmp/cargo-mutants-tlatools-rs-EWAJa9.tmp/target/debug/deps --extern serde_json=/tmp/cargo-mutants-tlatools-rs-EWAJa9.tmp/target/debug/deps/libserde_json-1f53e1b7a8e26068.rlib --extern tla_oracle=/tmp/cargo-mutants-tlatools-rs-EWAJa9.tmp/target/debug/deps/libtla_oracle-05e96871ddace9ec.rlib`
    Finished `test` profile [unoptimized + debuginfo] target(s) in 0.09s
  Executable `/tmp/cargo-mutants-tlatools-rs-EWAJa9.tmp/target/debug/deps/tlatools-d406850af717949e`

*** result: Success

*** /home/ops/.rustup/toolchains/stable-x86_64-unknown-linux-gnu/bin/cargo test --verbose --package=tlatools@0.1.0
       Fresh unicode-ident v1.0.24
       Fresh proc-macro2 v1.0.107
       Fresh itoa v1.0.18
       Fresh tla-syntax v0.1.0 (/tmp/cargo-mutants-tlatools-rs-EWAJa9.tmp/crates/tla-syntax)
       Fresh memchr v2.8.3
       Fresh quote v1.0.47
       Fresh tla-eval v0.1.0 (/tmp/cargo-mutants-tlatools-rs-EWAJa9.tmp/crates/tla-eval)
       Fresh serde_core v1.0.229
       Fresh syn v3.0.3
       Fresh zmij v1.0.23
       Fresh serde_derive v1.0.229
       Fresh serde_json v1.0.151
       Fresh serde v1.0.229
       Fresh tla-oracle v0.1.0 (/tmp/cargo-mutants-tlatools-rs-EWAJa9.tmp/crates/tla-oracle)
       Fresh tlatools v0.1.0 (/tmp/cargo-mutants-tlatools-rs-EWAJa9.tmp/crates/tlatools)
    Finished `test` profile [unoptimized + debuginfo] target(s) in 0.01s
     Running `/tmp/cargo-mutants-tlatools-rs-EWAJa9.tmp/target/debug/deps/tlatools-d406850af717949e`

running 0 tests

test result: ok. 0 passed; 0 failed; 0 ignored; 0 measured; 0 filtered out; finished in 0.00s


*** result: Success
