
*** crates/tla-syntax/src/parser.rs:494:78: replace += with -= in Parser::past_brackets

*** mutation diff:
--- crates/tla-syntax/src/parser.rs
+++ replace += with -= in Parser::past_brackets
@@ -486,17 +486,17 @@
     }
 
     /// The offset just past the bracket group that begins at `offset`.
     fn past_brackets(&self, offset: usize) -> usize {
         let mut depth = 0usize;
         let mut at = offset;
         loop {
             match self.peek_at(at) {
-                Tok::LParen | Tok::LBrack | Tok::LBrace | Tok::LTup => depth += 1,
+                Tok::LParen | Tok::LBrack | Tok::LBrace | Tok::LTup => depth -= /* ~ changed by cargo-mutants ~ */ 1,
                 Tok::RParen | Tok::RBrack | Tok::RBrace | Tok::RTup => {
                     depth -= 1;
                     if depth == 0 {
                         return at + 1;
                     }
                 }
                 Tok::Eof => return at,
                 _ => {}


*** /home/ops/.rustup/toolchains/stable-x86_64-unknown-linux-gnu/bin/cargo test --no-run --verbose --package=tla-syntax@0.1.0
       Dirty tla-syntax v0.1.0 (/tmp/cargo-mutants-tlatools-rs-5mUh25.tmp/crates/tla-syntax): the file `crates/tla-syntax/src/parser.rs` has changed (1786406176.258950325s, 3s after last build at 1786406173.717795590s)
   Compiling tla-syntax v0.1.0 (/tmp/cargo-mutants-tlatools-rs-5mUh25.tmp/crates/tla-syntax)
     Running `/home/ops/.rustup/toolchains/stable-x86_64-unknown-linux-gnu/bin/rustc --crate-name tla_syntax --edition=2024 crates/tla-syntax/src/lib.rs --error-format=json --json=diagnostic-rendered-ansi,artifacts,future-incompat --emit=dep-info,link -C embed-bitcode=no -C debuginfo=2 '--warn=clippy::pedantic' '--deny=clippy::all' --forbid=unsafe_code '--allow=clippy::similar_names' '--allow=clippy::must_use_candidate' '--allow=clippy::missing_errors_doc' --test --check-cfg 'cfg(docsrs,test)' --check-cfg 'cfg(feature, values())' -C metadata=b9cdaea3d809ecd1 -C extra-filename=-7b1a32620c4b87af --out-dir /tmp/cargo-mutants-tlatools-rs-5mUh25.tmp/target/debug/deps -C incremental=/tmp/cargo-mutants-tlatools-rs-5mUh25.tmp/target/debug/incremental -L dependency=/tmp/cargo-mutants-tlatools-rs-5mUh25.tmp/target/debug/deps`
     Running `/home/ops/.rustup/toolchains/stable-x86_64-unknown-linux-gnu/bin/rustc --crate-name tla_syntax --edition=2024 crates/tla-syntax/src/lib.rs --error-format=json --json=diagnostic-rendered-ansi,artifacts,future-incompat --crate-type lib --emit=dep-info,metadata,link -C embed-bitcode=no -C debuginfo=2 '--warn=clippy::pedantic' '--deny=clippy::all' --forbid=unsafe_code '--allow=clippy::similar_names' '--allow=clippy::must_use_candidate' '--allow=clippy::missing_errors_doc' --check-cfg 'cfg(docsrs,test)' --check-cfg 'cfg(feature, values())' -C metadata=85b1367430153dc6 -C extra-filename=-169d03993c2aec3f --out-dir /tmp/cargo-mutants-tlatools-rs-5mUh25.tmp/target/debug/deps -C incremental=/tmp/cargo-mutants-tlatools-rs-5mUh25.tmp/target/debug/incremental -L dependency=/tmp/cargo-mutants-tlatools-rs-5mUh25.tmp/target/debug/deps`
     Running `/home/ops/.rustup/toolchains/stable-x86_64-unknown-linux-gnu/bin/rustc --crate-name audit --edition=2024 crates/tla-syntax/examples/audit.rs --error-format=json --json=diagnostic-rendered-ansi,artifacts,future-incompat --crate-type bin --emit=dep-info,link -C embed-bitcode=no -C debuginfo=2 '--warn=clippy::pedantic' '--deny=clippy::all' --forbid=unsafe_code '--allow=clippy::similar_names' '--allow=clippy::must_use_candidate' '--allow=clippy::missing_errors_doc' --check-cfg 'cfg(docsrs,test)' --check-cfg 'cfg(feature, values())' -C metadata=dbbf919ed7279ef0 -C extra-filename=-0e703b0c6e8c99ba --out-dir /tmp/cargo-mutants-tlatools-rs-5mUh25.tmp/target/debug/examples -C incremental=/tmp/cargo-mutants-tlatools-rs-5mUh25.tmp/target/debug/incremental -L dependency=/tmp/cargo-mutants-tlatools-rs-5mUh25.tmp/target/debug/deps --extern tla_syntax=/tmp/cargo-mutants-tlatools-rs-5mUh25.tmp/target/debug/deps/libtla_syntax-169d03993c2aec3f.rlib`
     Running `/home/ops/.rustup/toolchains/stable-x86_64-unknown-linux-gnu/bin/rustc --crate-name robustness --edition=2024 crates/tla-syntax/tests/robustness.rs --error-format=json --json=diagnostic-rendered-ansi,artifacts,future-incompat --emit=dep-info,link -C embed-bitcode=no -C debuginfo=2 '--warn=clippy::pedantic' '--deny=clippy::all' --forbid=unsafe_code '--allow=clippy::similar_names' '--allow=clippy::must_use_candidate' '--allow=clippy::missing_errors_doc' --test --check-cfg 'cfg(docsrs,test)' --check-cfg 'cfg(feature, values())' -C metadata=3b1de0d84c0f7391 -C extra-filename=-4657dcdff6c43e2f --out-dir /tmp/cargo-mutants-tlatools-rs-5mUh25.tmp/target/debug/deps -C incremental=/tmp/cargo-mutants-tlatools-rs-5mUh25.tmp/target/debug/incremental -L dependency=/tmp/cargo-mutants-tlatools-rs-5mUh25.tmp/target/debug/deps --extern tla_syntax=/tmp/cargo-mutants-tlatools-rs-5mUh25.tmp/target/debug/deps/libtla_syntax-169d03993c2aec3f.rlib`
     Running `/home/ops/.rustup/toolchains/stable-x86_64-unknown-linux-gnu/bin/rustc --crate-name depth --edition=2024 crates/tla-syntax/examples/depth.rs --error-format=json --json=diagnostic-rendered-ansi,artifacts,future-incompat --crate-type bin --emit=dep-info,link -C embed-bitcode=no -C debuginfo=2 '--warn=clippy::pedantic' '--deny=clippy::all' --forbid=unsafe_code '--allow=clippy::similar_names' '--allow=clippy::must_use_candidate' '--allow=clippy::missing_errors_doc' --check-cfg 'cfg(docsrs,test)' --check-cfg 'cfg(feature, values())' -C metadata=945ad0d3a4da74b3 -C extra-filename=-2ef4d05ce566e5e5 --out-dir /tmp/cargo-mutants-tlatools-rs-5mUh25.tmp/target/debug/examples -C incremental=/tmp/cargo-mutants-tlatools-rs-5mUh25.tmp/target/debug/incremental -L dependency=/tmp/cargo-mutants-tlatools-rs-5mUh25.tmp/target/debug/deps --extern tla_syntax=/tmp/cargo-mutants-tlatools-rs-5mUh25.tmp/target/debug/deps/libtla_syntax-169d03993c2aec3f.rlib`
     Running `/home/ops/.rustup/toolchains/stable-x86_64-unknown-linux-gnu/bin/rustc --crate-name golden --edition=2024 crates/tla-syntax/tests/golden.rs --error-format=json --json=diagnostic-rendered-ansi,artifacts,future-incompat --emit=dep-info,link -C embed-bitcode=no -C debuginfo=2 '--warn=clippy::pedantic' '--deny=clippy::all' --forbid=unsafe_code '--allow=clippy::similar_names' '--allow=clippy::must_use_candidate' '--allow=clippy::missing_errors_doc' --test --check-cfg 'cfg(docsrs,test)' --check-cfg 'cfg(feature, values())' -C metadata=4c148619f516b9d2 -C extra-filename=-a7c611b7d1e6a805 --out-dir /tmp/cargo-mutants-tlatools-rs-5mUh25.tmp/target/debug/deps -C incremental=/tmp/cargo-mutants-tlatools-rs-5mUh25.tmp/target/debug/incremental -L dependency=/tmp/cargo-mutants-tlatools-rs-5mUh25.tmp/target/debug/deps --extern tla_syntax=/tmp/cargo-mutants-tlatools-rs-5mUh25.tmp/target/debug/deps/libtla_syntax-169d03993c2aec3f.rlib`
     Running `/home/ops/.rustup/toolchains/stable-x86_64-unknown-linux-gnu/bin/rustc --crate-name printing --edition=2024 crates/tla-syntax/tests/printing.rs --error-format=json --json=diagnostic-rendered-ansi,artifacts,future-incompat --emit=dep-info,link -C embed-bitcode=no -C debuginfo=2 '--warn=clippy::pedantic' '--deny=clippy::all' --forbid=unsafe_code '--allow=clippy::similar_names' '--allow=clippy::must_use_candidate' '--allow=clippy::missing_errors_doc' --test --check-cfg 'cfg(docsrs,test)' --check-cfg 'cfg(feature, values())' -C metadata=630f5e3de7b96aa4 -C extra-filename=-a0b972b47931cbf0 --out-dir /tmp/cargo-mutants-tlatools-rs-5mUh25.tmp/target/debug/deps -C incremental=/tmp/cargo-mutants-tlatools-rs-5mUh25.tmp/target/debug/incremental -L dependency=/tmp/cargo-mutants-tlatools-rs-5mUh25.tmp/target/debug/deps --extern tla_syntax=/tmp/cargo-mutants-tlatools-rs-5mUh25.tmp/target/debug/deps/libtla_syntax-169d03993c2aec3f.rlib`
     Running `/home/ops/.rustup/toolchains/stable-x86_64-unknown-linux-gnu/bin/rustc --crate-name queries --edition=2024 crates/tla-syntax/tests/queries.rs --error-format=json --json=diagnostic-rendered-ansi,artifacts,future-incompat --emit=dep-info,link -C embed-bitcode=no -C debuginfo=2 '--warn=clippy::pedantic' '--deny=clippy::all' --forbid=unsafe_code '--allow=clippy::similar_names' '--allow=clippy::must_use_candidate' '--allow=clippy::missing_errors_doc' --test --check-cfg 'cfg(docsrs,test)' --check-cfg 'cfg(feature, values())' -C metadata=fc19234c6e95ae98 -C extra-filename=-2cacbc55350fea8e --out-dir /tmp/cargo-mutants-tlatools-rs-5mUh25.tmp/target/debug/deps -C incremental=/tmp/cargo-mutants-tlatools-rs-5mUh25.tmp/target/debug/incremental -L dependency=/tmp/cargo-mutants-tlatools-rs-5mUh25.tmp/target/debug/deps --extern tla_syntax=/tmp/cargo-mutants-tlatools-rs-5mUh25.tmp/target/debug/deps/libtla_syntax-169d03993c2aec3f.rlib`
     Running `/home/ops/.rustup/toolchains/stable-x86_64-unknown-linux-gnu/bin/rustc --crate-name grammar --edition=2024 crates/tla-syntax/tests/grammar.rs --error-format=json --json=diagnostic-rendered-ansi,artifacts,future-incompat --emit=dep-info,link -C embed-bitcode=no -C debuginfo=2 '--warn=clippy::pedantic' '--deny=clippy::all' --forbid=unsafe_code '--allow=clippy::similar_names' '--allow=clippy::must_use_candidate' '--allow=clippy::missing_errors_doc' --test --check-cfg 'cfg(docsrs,test)' --check-cfg 'cfg(feature, values())' -C metadata=0802b3514e0199db -C extra-filename=-209c7b39092f9a9f --out-dir /tmp/cargo-mutants-tlatools-rs-5mUh25.tmp/target/debug/deps -C incremental=/tmp/cargo-mutants-tlatools-rs-5mUh25.tmp/target/debug/incremental -L dependency=/tmp/cargo-mutants-tlatools-rs-5mUh25.tmp/target/debug/deps --extern tla_syntax=/tmp/cargo-mutants-tlatools-rs-5mUh25.tmp/target/debug/deps/libtla_syntax-169d03993c2aec3f.rlib`
     Running `/home/ops/.rustup/toolchains/stable-x86_64-unknown-linux-gnu/bin/rustc --crate-name parse_specs --edition=2024 crates/tla-syntax/tests/parse_specs.rs --error-format=json --json=diagnostic-rendered-ansi,artifacts,future-incompat --emit=dep-info,link -C embed-bitcode=no -C debuginfo=2 '--warn=clippy::pedantic' '--deny=clippy::all' --forbid=unsafe_code '--allow=clippy::similar_names' '--allow=clippy::must_use_candidate' '--allow=clippy::missing_errors_doc' --test --check-cfg 'cfg(docsrs,test)' --check-cfg 'cfg(feature, values())' -C metadata=a8f81c428969cd5b -C extra-filename=-f79b0d0a70f894ac --out-dir /tmp/cargo-mutants-tlatools-rs-5mUh25.tmp/target/debug/deps -C incremental=/tmp/cargo-mutants-tlatools-rs-5mUh25.tmp/target/debug/incremental -L dependency=/tmp/cargo-mutants-tlatools-rs-5mUh25.tmp/target/debug/deps --extern tla_syntax=/tmp/cargo-mutants-tlatools-rs-5mUh25.tmp/target/debug/deps/libtla_syntax-169d03993c2aec3f.rlib`
    Finished `test` profile [unoptimized + debuginfo] target(s) in 0.31s
  Executable `/tmp/cargo-mutants-tlatools-rs-5mUh25.tmp/target/debug/deps/tla_syntax-7b1a32620c4b87af`
  Executable `/tmp/cargo-mutants-tlatools-rs-5mUh25.tmp/target/debug/deps/golden-a7c611b7d1e6a805`
  Executable `/tmp/cargo-mutants-tlatools-rs-5mUh25.tmp/target/debug/deps/grammar-209c7b39092f9a9f`
  Executable `/tmp/cargo-mutants-tlatools-rs-5mUh25.tmp/target/debug/deps/parse_specs-f79b0d0a70f894ac`
  Executable `/tmp/cargo-mutants-tlatools-rs-5mUh25.tmp/target/debug/deps/printing-a0b972b47931cbf0`
  Executable `/tmp/cargo-mutants-tlatools-rs-5mUh25.tmp/target/debug/deps/queries-2cacbc55350fea8e`
  Executable `/tmp/cargo-mutants-tlatools-rs-5mUh25.tmp/target/debug/deps/robustness-4657dcdff6c43e2f`

*** result: Success

*** /home/ops/.rustup/toolchains/stable-x86_64-unknown-linux-gnu/bin/cargo test --verbose --package=tla-syntax@0.1.0
       Fresh tla-syntax v0.1.0 (/tmp/cargo-mutants-tlatools-rs-5mUh25.tmp/crates/tla-syntax)
    Finished `test` profile [unoptimized + debuginfo] target(s) in 0.01s
     Running `/tmp/cargo-mutants-tlatools-rs-5mUh25.tmp/target/debug/deps/tla_syntax-7b1a32620c4b87af`

running 0 tests

test result: ok. 0 passed; 0 failed; 0 ignored; 0 measured; 0 filtered out; finished in 0.00s

     Running `/tmp/cargo-mutants-tlatools-rs-5mUh25.tmp/target/debug/deps/golden-a7c611b7d1e6a805`

running 2 tests
test every_specification_matches_its_golden_form ... FAILED
test the_golden_form_is_itself_readable ... FAILED

failures:

---- every_specification_matches_its_golden_form stdout ----

thread 'every_specification_matches_its_golden_form' (1276188) panicked at crates/tla-syntax/src/parser.rs:494:72:
attempt to subtract with overflow
note: run with `RUST_BACKTRACE=1` environment variable to display a backtrace

---- the_golden_form_is_itself_readable stdout ----

thread 'the_golden_form_is_itself_readable' (1276189) panicked at crates/tla-syntax/src/parser.rs:494:72:
attempt to subtract with overflow


failures:
    every_specification_matches_its_golden_form
    the_golden_form_is_itself_readable

test result: FAILED. 0 passed; 2 failed; 0 ignored; 0 measured; 0 filtered out; finished in 0.00s

error: test failed, to rerun pass `-p tla-syntax --test golden`

*** result: Failure(101)
