
*** crates/tla-syntax/src/parser.rs:952:9: replace Parser::except_updates -> Result<Vec<(Vec<ExceptPath>, Expr)>> with Ok(vec![(vec![Default::default()], Default::default())])

*** mutation diff:
--- crates/tla-syntax/src/parser.rs
+++ replace Parser::except_updates -> Result<Vec<(Vec<ExceptPath>, Expr)>> with Ok(vec![(vec![Default::default()], Default::default())])
@@ -944,44 +944,17 @@
             out.push((name, self.expr(0)?));
             if !self.eat(&Tok::Comma) {
                 return Ok(out);
             }
         }
     }
 
     fn except_updates(&mut self) -> Result<Vec<(Vec<ExceptPath>, Expr)>> {
-        let mut out = Vec::new();
-        loop {
-            self.expect(&Tok::Bang)?;
-            let mut path = Vec::new();
-            loop {
-                if self.eat(&Tok::LBrack) {
-                    let indices = self.bracketed(|p| p.expr_list(&Tok::RBrack))?;
-                    self.expect(&Tok::RBrack)?;
-                    path.push(ExceptPath::Index(if indices.len() == 1 {
-                        indices.into_iter().next().expect("length checked")
-                    } else {
-                        Expr::Tuple(indices)
-                    }));
-                } else if self.eat(&Tok::Dot) {
-                    path.push(ExceptPath::Field(self.expect_ident()?));
-                } else {
-                    break;
-                }
-            }
-            if path.is_empty() {
-                return Err(self.err("EXCEPT update needs a `[...]` or `.field` path"));
-            }
-            self.expect(&Tok::Op(Op::Eq))?;
-            out.push((path, self.expr(0)?));
-            if !self.eat(&Tok::Comma) {
-                return Ok(out);
-            }
-        }
+        Ok(vec![(vec![Default::default()], Default::default())]) /* ~ changed by cargo-mutants ~ */
     }
 
     fn bounds(&mut self, terminator: &Tok) -> Result<Vec<Bound>> {
         let mut out = Vec::new();
         loop {
             let mut destructure = false;
             let mut names = Vec::new();
             if self.eat(&Tok::LTup) {


*** /home/ops/.rustup/toolchains/stable-x86_64-unknown-linux-gnu/bin/cargo test --no-run --verbose --package=tla-syntax@0.1.0
       Dirty tla-syntax v0.1.0 (/tmp/cargo-mutants-tlatools-rs-5hvWlL.tmp/crates/tla-syntax): couldn't read metadata for file `target/debug/deps/libtla_syntax-169d03993c2aec3f.rlib`
   Compiling tla-syntax v0.1.0 (/tmp/cargo-mutants-tlatools-rs-5hvWlL.tmp/crates/tla-syntax)
     Running `/home/ops/.rustup/toolchains/stable-x86_64-unknown-linux-gnu/bin/rustc --crate-name tla_syntax --edition=2024 crates/tla-syntax/src/lib.rs --error-format=json --json=diagnostic-rendered-ansi,artifacts,future-incompat --crate-type lib --emit=dep-info,metadata,link -C embed-bitcode=no -C debuginfo=2 '--warn=clippy::pedantic' '--deny=clippy::all' --forbid=unsafe_code '--allow=clippy::similar_names' '--allow=clippy::must_use_candidate' '--allow=clippy::missing_errors_doc' --check-cfg 'cfg(docsrs,test)' --check-cfg 'cfg(feature, values())' -C metadata=85b1367430153dc6 -C extra-filename=-169d03993c2aec3f --out-dir /tmp/cargo-mutants-tlatools-rs-5hvWlL.tmp/target/debug/deps -C incremental=/tmp/cargo-mutants-tlatools-rs-5hvWlL.tmp/target/debug/incremental -L dependency=/tmp/cargo-mutants-tlatools-rs-5hvWlL.tmp/target/debug/deps`
     Running `/home/ops/.rustup/toolchains/stable-x86_64-unknown-linux-gnu/bin/rustc --crate-name tla_syntax --edition=2024 crates/tla-syntax/src/lib.rs --error-format=json --json=diagnostic-rendered-ansi,artifacts,future-incompat --emit=dep-info,link -C embed-bitcode=no -C debuginfo=2 '--warn=clippy::pedantic' '--deny=clippy::all' --forbid=unsafe_code '--allow=clippy::similar_names' '--allow=clippy::must_use_candidate' '--allow=clippy::missing_errors_doc' --test --check-cfg 'cfg(docsrs,test)' --check-cfg 'cfg(feature, values())' -C metadata=b9cdaea3d809ecd1 -C extra-filename=-7b1a32620c4b87af --out-dir /tmp/cargo-mutants-tlatools-rs-5hvWlL.tmp/target/debug/deps -C incremental=/tmp/cargo-mutants-tlatools-rs-5hvWlL.tmp/target/debug/incremental -L dependency=/tmp/cargo-mutants-tlatools-rs-5hvWlL.tmp/target/debug/deps`
error[E0277]: the trait bound `ExceptPath: Default` is not satisfied
   --> crates/tla-syntax/src/parser.rs:952:23
    |
952 |         Ok(vec![(vec![Default::default()], Default::default())]) /* ~ changed by cargo-mutants ~ */
    |                       ^^^^^^^^^^^^^^^^^^ unsatisfied trait bound
    |
help: the trait `Default` is not implemented for `ExceptPath`
   --> crates/tla-syntax/src/ast.rs:126:1
    |
126 | pub enum ExceptPath {
    | ^^^^^^^^^^^^^^^^^^^

error[E0277]: the trait bound `Expr: Default` is not satisfied
   --> crates/tla-syntax/src/parser.rs:952:44
    |
952 |         Ok(vec![(vec![Default::default()], Default::default())]) /* ~ changed by cargo-mutants ~ */
    |                                            ^^^^^^^^^^^^^^^^^^ unsatisfied trait bound
    |
help: the trait `Default` is not implemented for `Expr`
   --> crates/tla-syntax/src/ast.rs:132:1
    |
132 | pub enum Expr {
    | ^^^^^^^^^^^^^

For more information about this error, try `rustc --explain E0277`.
error: could not compile `tla-syntax` (lib) due to 2 previous errors

Caused by:
  process didn't exit successfully: `/home/ops/.rustup/toolchains/stable-x86_64-unknown-linux-gnu/bin/rustc --crate-name tla_syntax --edition=2024 crates/tla-syntax/src/lib.rs --error-format=json --json=diagnostic-rendered-ansi,artifacts,future-incompat --crate-type lib --emit=dep-info,metadata,link -C embed-bitcode=no -C debuginfo=2 '--warn=clippy::pedantic' '--deny=clippy::all' --forbid=unsafe_code '--allow=clippy::similar_names' '--allow=clippy::must_use_candidate' '--allow=clippy::missing_errors_doc' --check-cfg 'cfg(docsrs,test)' --check-cfg 'cfg(feature, values())' -C metadata=85b1367430153dc6 -C extra-filename=-169d03993c2aec3f --out-dir /tmp/cargo-mutants-tlatools-rs-5hvWlL.tmp/target/debug/deps -C incremental=/tmp/cargo-mutants-tlatools-rs-5hvWlL.tmp/target/debug/incremental -L dependency=/tmp/cargo-mutants-tlatools-rs-5hvWlL.tmp/target/debug/deps` (exit status: 1)
warning: build failed, waiting for other jobs to finish...
error: could not compile `tla-syntax` (lib test) due to 2 previous errors

Caused by:
  process didn't exit successfully: `/home/ops/.rustup/toolchains/stable-x86_64-unknown-linux-gnu/bin/rustc --crate-name tla_syntax --edition=2024 crates/tla-syntax/src/lib.rs --error-format=json --json=diagnostic-rendered-ansi,artifacts,future-incompat --emit=dep-info,link -C embed-bitcode=no -C debuginfo=2 '--warn=clippy::pedantic' '--deny=clippy::all' --forbid=unsafe_code '--allow=clippy::similar_names' '--allow=clippy::must_use_candidate' '--allow=clippy::missing_errors_doc' --test --check-cfg 'cfg(docsrs,test)' --check-cfg 'cfg(feature, values())' -C metadata=b9cdaea3d809ecd1 -C extra-filename=-7b1a32620c4b87af --out-dir /tmp/cargo-mutants-tlatools-rs-5hvWlL.tmp/target/debug/deps -C incremental=/tmp/cargo-mutants-tlatools-rs-5hvWlL.tmp/target/debug/incremental -L dependency=/tmp/cargo-mutants-tlatools-rs-5hvWlL.tmp/target/debug/deps` (exit status: 1)

*** result: Failure(101)
