
*** crates/tlatools/src/main.rs:66:5: replace usage -> &'static str with "xyzzy"

*** mutation diff:
--- crates/tlatools/src/main.rs
+++ replace usage -> &'static str with "xyzzy"
@@ -58,19 +58,10 @@
     let mut buffer = String::new();
     std::io::stdin()
         .read_to_string(&mut buffer)
         .map_err(|e| format!("reading stdin: {e}"))?;
     Ok(buffer)
 }
 
 fn usage() -> &'static str {
-    "usage: tlatools check [JOB.json]
-
-Decide whether an implementation's reachable state graph refines a TLA+
-specification. The job is read from JOB.json, or from stdin when the path is
-omitted or is `-`. The verdict is written to stdout as JSON.
-
-exit status
-  0  the implementation refines the specification
-  1  it does not
-  2  the job could not be carried out"
+    "xyzzy" /* ~ changed by cargo-mutants ~ */
 }


*** /home/ops/.rustup/toolchains/stable-x86_64-unknown-linux-gnu/bin/cargo test --no-run --verbose --package=tlatools@0.1.0
       Fresh unicode-ident v1.0.24
       Fresh memchr v2.8.3
       Dirty tla-syntax v0.1.0 (/tmp/cargo-mutants-tlatools-rs-jMqRFZ.tmp/crates/tla-syntax): the file `crates/tla-syntax/src/token.rs` has changed (1786402399.689292026s, 4s after last build at 1786402395.821055153s)
   Compiling tla-syntax v0.1.0 (/tmp/cargo-mutants-tlatools-rs-jMqRFZ.tmp/crates/tla-syntax)
       Fresh itoa v1.0.18
       Fresh proc-macro2 v1.0.107
       Fresh quote v1.0.47
       Fresh serde_core v1.0.229
       Fresh zmij v1.0.23
       Fresh syn v3.0.3
       Fresh serde_json v1.0.151
       Fresh serde_derive v1.0.229
       Fresh serde v1.0.229
     Running `/home/ops/.rustup/toolchains/stable-x86_64-unknown-linux-gnu/bin/rustc --crate-name tla_syntax --edition=2024 crates/tla-syntax/src/lib.rs --error-format=json --json=diagnostic-rendered-ansi,artifacts,future-incompat --crate-type lib --emit=dep-info,metadata,link -C embed-bitcode=no -C debuginfo=2 '--warn=clippy::pedantic' '--deny=clippy::all' --forbid=unsafe_code '--allow=clippy::similar_names' '--allow=clippy::must_use_candidate' '--allow=clippy::missing_errors_doc' --check-cfg 'cfg(docsrs,test)' --check-cfg 'cfg(feature, values())' -C metadata=85b1367430153dc6 -C extra-filename=-169d03993c2aec3f --out-dir /tmp/cargo-mutants-tlatools-rs-jMqRFZ.tmp/target/debug/deps -C incremental=/tmp/cargo-mutants-tlatools-rs-jMqRFZ.tmp/target/debug/incremental -L dependency=/tmp/cargo-mutants-tlatools-rs-jMqRFZ.tmp/target/debug/deps`
       Dirty tla-eval v0.1.0 (/tmp/cargo-mutants-tlatools-rs-jMqRFZ.tmp/crates/tla-eval): the dependency `tla-syntax` was rebuilt
   Compiling tla-eval v0.1.0 (/tmp/cargo-mutants-tlatools-rs-jMqRFZ.tmp/crates/tla-eval)
     Running `/home/ops/.rustup/toolchains/stable-x86_64-unknown-linux-gnu/bin/rustc --crate-name tla_eval --edition=2024 crates/tla-eval/src/lib.rs --error-format=json --json=diagnostic-rendered-ansi,artifacts,future-incompat --crate-type lib --emit=dep-info,metadata,link -C embed-bitcode=no -C debuginfo=2 '--warn=clippy::pedantic' '--deny=clippy::all' --forbid=unsafe_code '--allow=clippy::similar_names' '--allow=clippy::must_use_candidate' '--allow=clippy::missing_errors_doc' --check-cfg 'cfg(docsrs,test)' --check-cfg 'cfg(feature, values())' -C metadata=9d57265a0ef5a3e3 -C extra-filename=-9723028bc8fab821 --out-dir /tmp/cargo-mutants-tlatools-rs-jMqRFZ.tmp/target/debug/deps -C incremental=/tmp/cargo-mutants-tlatools-rs-jMqRFZ.tmp/target/debug/incremental -L dependency=/tmp/cargo-mutants-tlatools-rs-jMqRFZ.tmp/target/debug/deps --extern tla_syntax=/tmp/cargo-mutants-tlatools-rs-jMqRFZ.tmp/target/debug/deps/libtla_syntax-169d03993c2aec3f.rmeta`
       Dirty tla-oracle v0.1.0 (/tmp/cargo-mutants-tlatools-rs-jMqRFZ.tmp/crates/tla-oracle): the dependency `tla-syntax` was rebuilt
   Compiling tla-oracle v0.1.0 (/tmp/cargo-mutants-tlatools-rs-jMqRFZ.tmp/crates/tla-oracle)
     Running `/home/ops/.rustup/toolchains/stable-x86_64-unknown-linux-gnu/bin/rustc --crate-name tla_oracle --edition=2024 crates/tla-oracle/src/lib.rs --error-format=json --json=diagnostic-rendered-ansi,artifacts,future-incompat --crate-type lib --emit=dep-info,metadata,link -C embed-bitcode=no -C debuginfo=2 '--warn=clippy::pedantic' '--deny=clippy::all' --forbid=unsafe_code '--allow=clippy::similar_names' '--allow=clippy::must_use_candidate' '--allow=clippy::missing_errors_doc' --check-cfg 'cfg(docsrs,test)' --check-cfg 'cfg(feature, values())' -C metadata=b83f616a193d2c4f -C extra-filename=-05e96871ddace9ec --out-dir /tmp/cargo-mutants-tlatools-rs-jMqRFZ.tmp/target/debug/deps -C incremental=/tmp/cargo-mutants-tlatools-rs-jMqRFZ.tmp/target/debug/incremental -L dependency=/tmp/cargo-mutants-tlatools-rs-jMqRFZ.tmp/target/debug/deps --extern serde=/tmp/cargo-mutants-tlatools-rs-jMqRFZ.tmp/target/debug/deps/libserde-50e58405f4925bd5.rmeta --extern serde_json=/tmp/cargo-mutants-tlatools-rs-jMqRFZ.tmp/target/debug/deps/libserde_json-1f53e1b7a8e26068.rmeta --extern tla_eval=/tmp/cargo-mutants-tlatools-rs-jMqRFZ.tmp/target/debug/deps/libtla_eval-9723028bc8fab821.rmeta --extern tla_syntax=/tmp/cargo-mutants-tlatools-rs-jMqRFZ.tmp/target/debug/deps/libtla_syntax-169d03993c2aec3f.rmeta`
   Compiling tlatools v0.1.0 (/tmp/cargo-mutants-tlatools-rs-jMqRFZ.tmp/crates/tlatools)
     Running `/home/ops/.rustup/toolchains/stable-x86_64-unknown-linux-gnu/bin/rustc --crate-name tlatools --edition=2024 crates/tlatools/src/main.rs --error-format=json --json=diagnostic-rendered-ansi,artifacts,future-incompat --emit=dep-info,link -C embed-bitcode=no -C debuginfo=2 '--warn=clippy::pedantic' '--deny=clippy::all' --forbid=unsafe_code '--allow=clippy::similar_names' '--allow=clippy::must_use_candidate' '--allow=clippy::missing_errors_doc' --test --check-cfg 'cfg(docsrs,test)' --check-cfg 'cfg(feature, values())' -C metadata=36374a926225a47c -C extra-filename=-d406850af717949e --out-dir /tmp/cargo-mutants-tlatools-rs-jMqRFZ.tmp/target/debug/deps -C incremental=/tmp/cargo-mutants-tlatools-rs-jMqRFZ.tmp/target/debug/incremental -L dependency=/tmp/cargo-mutants-tlatools-rs-jMqRFZ.tmp/target/debug/deps --extern serde_json=/tmp/cargo-mutants-tlatools-rs-jMqRFZ.tmp/target/debug/deps/libserde_json-1f53e1b7a8e26068.rlib --extern tla_oracle=/tmp/cargo-mutants-tlatools-rs-jMqRFZ.tmp/target/debug/deps/libtla_oracle-05e96871ddace9ec.rlib`
     Running `/home/ops/.rustup/toolchains/stable-x86_64-unknown-linux-gnu/bin/rustc --crate-name tlatools --edition=2024 crates/tlatools/src/main.rs --error-format=json --json=diagnostic-rendered-ansi,artifacts,future-incompat --crate-type bin --emit=dep-info,link -C embed-bitcode=no -C debuginfo=2 '--warn=clippy::pedantic' '--deny=clippy::all' --forbid=unsafe_code '--allow=clippy::similar_names' '--allow=clippy::must_use_candidate' '--allow=clippy::missing_errors_doc' --check-cfg 'cfg(docsrs,test)' --check-cfg 'cfg(feature, values())' -C metadata=9f89e6ee1f5f57f7 -C extra-filename=-0c91a4427a692f68 --out-dir /tmp/cargo-mutants-tlatools-rs-jMqRFZ.tmp/target/debug/deps -C incremental=/tmp/cargo-mutants-tlatools-rs-jMqRFZ.tmp/target/debug/incremental -L dependency=/tmp/cargo-mutants-tlatools-rs-jMqRFZ.tmp/target/debug/deps --extern serde_json=/tmp/cargo-mutants-tlatools-rs-jMqRFZ.tmp/target/debug/deps/libserde_json-1f53e1b7a8e26068.rlib --extern tla_oracle=/tmp/cargo-mutants-tlatools-rs-jMqRFZ.tmp/target/debug/deps/libtla_oracle-05e96871ddace9ec.rlib`
     Running `/home/ops/.rustup/toolchains/stable-x86_64-unknown-linux-gnu/bin/rustc --crate-name cli --edition=2024 crates/tlatools/tests/cli.rs --error-format=json --json=diagnostic-rendered-ansi,artifacts,future-incompat --emit=dep-info,link -C embed-bitcode=no -C debuginfo=2 '--warn=clippy::pedantic' '--deny=clippy::all' --forbid=unsafe_code '--allow=clippy::similar_names' '--allow=clippy::must_use_candidate' '--allow=clippy::missing_errors_doc' --test --check-cfg 'cfg(docsrs,test)' --check-cfg 'cfg(feature, values())' -C metadata=58f62ce0c9d22664 -C extra-filename=-c42c2bec3c92a770 --out-dir /tmp/cargo-mutants-tlatools-rs-jMqRFZ.tmp/target/debug/deps -C incremental=/tmp/cargo-mutants-tlatools-rs-jMqRFZ.tmp/target/debug/incremental -L dependency=/tmp/cargo-mutants-tlatools-rs-jMqRFZ.tmp/target/debug/deps --extern serde_json=/tmp/cargo-mutants-tlatools-rs-jMqRFZ.tmp/target/debug/deps/libserde_json-1f53e1b7a8e26068.rlib --extern tla_oracle=/tmp/cargo-mutants-tlatools-rs-jMqRFZ.tmp/target/debug/deps/libtla_oracle-05e96871ddace9ec.rlib`
    Finished `test` profile [unoptimized + debuginfo] target(s) in 1.27s
  Executable `/tmp/cargo-mutants-tlatools-rs-jMqRFZ.tmp/target/debug/deps/tlatools-d406850af717949e`
  Executable `/tmp/cargo-mutants-tlatools-rs-jMqRFZ.tmp/target/debug/deps/cli-c42c2bec3c92a770`

*** result: Success

*** /home/ops/.rustup/toolchains/stable-x86_64-unknown-linux-gnu/bin/cargo test --verbose --package=tlatools@0.1.0
       Fresh unicode-ident v1.0.24
       Fresh proc-macro2 v1.0.107
       Fresh itoa v1.0.18
       Fresh memchr v2.8.3
       Fresh tla-syntax v0.1.0 (/tmp/cargo-mutants-tlatools-rs-jMqRFZ.tmp/crates/tla-syntax)
       Fresh quote v1.0.47
       Fresh serde_core v1.0.229
       Fresh zmij v1.0.23
       Fresh tla-eval v0.1.0 (/tmp/cargo-mutants-tlatools-rs-jMqRFZ.tmp/crates/tla-eval)
       Fresh syn v3.0.3
       Fresh serde_json v1.0.151
       Fresh serde_derive v1.0.229
       Fresh serde v1.0.229
       Fresh tla-oracle v0.1.0 (/tmp/cargo-mutants-tlatools-rs-jMqRFZ.tmp/crates/tla-oracle)
       Fresh tlatools v0.1.0 (/tmp/cargo-mutants-tlatools-rs-jMqRFZ.tmp/crates/tlatools)
    Finished `test` profile [unoptimized + debuginfo] target(s) in 0.01s
     Running `/tmp/cargo-mutants-tlatools-rs-jMqRFZ.tmp/target/debug/deps/tlatools-d406850af717949e`

running 0 tests

test result: ok. 0 passed; 0 failed; 0 ignored; 0 measured; 0 filtered out; finished in 0.00s

     Running `/tmp/cargo-mutants-tlatools-rs-jMqRFZ.tmp/target/debug/deps/cli-c42c2bec3c92a770`

running 9 tests
test malformed_json_is_refused_before_anything_is_decided ... ok
test an_unknown_command_is_refused_with_usage ... FAILED
test a_missing_file_is_reported_and_is_not_a_verdict ... ok
test help_is_available_and_succeeds ... FAILED
test a_failing_implementation_exits_one ... ok
test no_command_is_refused_with_usage ... FAILED
test a_refining_implementation_exits_zero ... ok
test an_impossible_job_exits_two ... ok
test the_job_may_come_from_a_file ... ok

failures:

---- an_unknown_command_is_refused_with_usage stdout ----

thread 'an_unknown_command_is_refused_with_usage' (616073) panicked at crates/tlatools/tests/cli.rs:133:5:
tlatools: unknown command `frobnicate`

xyzzy

note: run with `RUST_BACKTRACE=1` environment variable to display a backtrace

---- help_is_available_and_succeeds stdout ----

thread 'help_is_available_and_succeeds' (616075) panicked at crates/tlatools/tests/cli.rs:123:5:
xyzzy


---- no_command_is_refused_with_usage stdout ----

thread 'no_command_is_refused_with_usage' (616080) panicked at crates/tlatools/tests/cli.rs:140:5:
assertion failed: String::from_utf8_lossy(&out.stderr).contains("usage")


failures:
    an_unknown_command_is_refused_with_usage
    help_is_available_and_succeeds
    no_command_is_refused_with_usage

test result: FAILED. 6 passed; 3 failed; 0 ignored; 0 measured; 0 filtered out; finished in 0.00s

error: test failed, to rerun pass `-p tlatools --test cli`

*** result: Failure(101)
