
*** crates/tlatools/src/main.rs:17:5: replace main -> ExitCode with Default::default()

*** mutation diff:
--- crates/tlatools/src/main.rs
+++ replace main -> ExitCode with Default::default()
@@ -9,23 +9,17 @@
 //! could not be carried out.
 
 use std::io::{Read, Write};
 use std::process::ExitCode;
 
 use tla_oracle::{Job, Status, check};
 
 fn main() -> ExitCode {
-    match run() {
-        Ok(code) => code,
-        Err(message) => {
-            eprintln!("tlatools: {message}");
-            ExitCode::from(2)
-        }
-    }
+    Default::default() /* ~ changed by cargo-mutants ~ */
 }
 
 fn run() -> Result<ExitCode, String> {
     let args: Vec<String> = std::env::args().skip(1).collect();
     let rest = match args.first().map(String::as_str) {
         Some("check") => &args[1..],
         Some("--help" | "-h") => {
             println!("{}", usage());


*** /home/ops/.rustup/toolchains/stable-x86_64-unknown-linux-gnu/bin/cargo test --no-run --verbose --package=tlatools@0.1.0
    Blocking waiting for file lock on package cache
       Fresh unicode-ident v1.0.24
       Fresh proc-macro2 v1.0.107
       Fresh memchr v2.8.3
       Dirty tla-syntax v0.1.0 (/tmp/cargo-mutants-tlatools-rs-2cNtl3.tmp/crates/tla-syntax): the file `crates/tla-syntax/src/token.rs` has changed (1786401774.569012357s, 337020638ns after last build at 1786401774.231991719s)
   Compiling tla-syntax v0.1.0 (/tmp/cargo-mutants-tlatools-rs-2cNtl3.tmp/crates/tla-syntax)
       Fresh itoa v1.0.18
       Fresh quote v1.0.47
       Fresh serde_core v1.0.229
       Fresh syn v3.0.3
       Fresh zmij v1.0.23
       Fresh serde_derive v1.0.229
       Fresh serde_json v1.0.151
       Fresh serde v1.0.229
     Running `/home/ops/.rustup/toolchains/stable-x86_64-unknown-linux-gnu/bin/rustc --crate-name tla_syntax --edition=2024 crates/tla-syntax/src/lib.rs --error-format=json --json=diagnostic-rendered-ansi,artifacts,future-incompat --crate-type lib --emit=dep-info,metadata,link -C embed-bitcode=no -C debuginfo=2 '--warn=clippy::pedantic' '--deny=clippy::all' --forbid=unsafe_code '--allow=clippy::similar_names' '--allow=clippy::must_use_candidate' '--allow=clippy::missing_errors_doc' --check-cfg 'cfg(docsrs,test)' --check-cfg 'cfg(feature, values())' -C metadata=85b1367430153dc6 -C extra-filename=-169d03993c2aec3f --out-dir /tmp/cargo-mutants-tlatools-rs-2cNtl3.tmp/target/debug/deps -C incremental=/tmp/cargo-mutants-tlatools-rs-2cNtl3.tmp/target/debug/incremental -L dependency=/tmp/cargo-mutants-tlatools-rs-2cNtl3.tmp/target/debug/deps`
       Dirty tla-eval v0.1.0 (/tmp/cargo-mutants-tlatools-rs-2cNtl3.tmp/crates/tla-eval): the dependency `tla-syntax` was rebuilt
   Compiling tla-eval v0.1.0 (/tmp/cargo-mutants-tlatools-rs-2cNtl3.tmp/crates/tla-eval)
     Running `/home/ops/.rustup/toolchains/stable-x86_64-unknown-linux-gnu/bin/rustc --crate-name tla_eval --edition=2024 crates/tla-eval/src/lib.rs --error-format=json --json=diagnostic-rendered-ansi,artifacts,future-incompat --crate-type lib --emit=dep-info,metadata,link -C embed-bitcode=no -C debuginfo=2 '--warn=clippy::pedantic' '--deny=clippy::all' --forbid=unsafe_code '--allow=clippy::similar_names' '--allow=clippy::must_use_candidate' '--allow=clippy::missing_errors_doc' --check-cfg 'cfg(docsrs,test)' --check-cfg 'cfg(feature, values())' -C metadata=9d57265a0ef5a3e3 -C extra-filename=-9723028bc8fab821 --out-dir /tmp/cargo-mutants-tlatools-rs-2cNtl3.tmp/target/debug/deps -C incremental=/tmp/cargo-mutants-tlatools-rs-2cNtl3.tmp/target/debug/incremental -L dependency=/tmp/cargo-mutants-tlatools-rs-2cNtl3.tmp/target/debug/deps --extern tla_syntax=/tmp/cargo-mutants-tlatools-rs-2cNtl3.tmp/target/debug/deps/libtla_syntax-169d03993c2aec3f.rmeta`
       Dirty tla-oracle v0.1.0 (/tmp/cargo-mutants-tlatools-rs-2cNtl3.tmp/crates/tla-oracle): the dependency `tla-syntax` was rebuilt
   Compiling tla-oracle v0.1.0 (/tmp/cargo-mutants-tlatools-rs-2cNtl3.tmp/crates/tla-oracle)
     Running `/home/ops/.rustup/toolchains/stable-x86_64-unknown-linux-gnu/bin/rustc --crate-name tla_oracle --edition=2024 crates/tla-oracle/src/lib.rs --error-format=json --json=diagnostic-rendered-ansi,artifacts,future-incompat --crate-type lib --emit=dep-info,metadata,link -C embed-bitcode=no -C debuginfo=2 '--warn=clippy::pedantic' '--deny=clippy::all' --forbid=unsafe_code '--allow=clippy::similar_names' '--allow=clippy::must_use_candidate' '--allow=clippy::missing_errors_doc' --check-cfg 'cfg(docsrs,test)' --check-cfg 'cfg(feature, values())' -C metadata=b83f616a193d2c4f -C extra-filename=-05e96871ddace9ec --out-dir /tmp/cargo-mutants-tlatools-rs-2cNtl3.tmp/target/debug/deps -C incremental=/tmp/cargo-mutants-tlatools-rs-2cNtl3.tmp/target/debug/incremental -L dependency=/tmp/cargo-mutants-tlatools-rs-2cNtl3.tmp/target/debug/deps --extern serde=/tmp/cargo-mutants-tlatools-rs-2cNtl3.tmp/target/debug/deps/libserde-50e58405f4925bd5.rmeta --extern serde_json=/tmp/cargo-mutants-tlatools-rs-2cNtl3.tmp/target/debug/deps/libserde_json-1f53e1b7a8e26068.rmeta --extern tla_eval=/tmp/cargo-mutants-tlatools-rs-2cNtl3.tmp/target/debug/deps/libtla_eval-9723028bc8fab821.rmeta --extern tla_syntax=/tmp/cargo-mutants-tlatools-rs-2cNtl3.tmp/target/debug/deps/libtla_syntax-169d03993c2aec3f.rmeta`
   Compiling tlatools v0.1.0 (/tmp/cargo-mutants-tlatools-rs-2cNtl3.tmp/crates/tlatools)
     Running `/home/ops/.rustup/toolchains/stable-x86_64-unknown-linux-gnu/bin/rustc --crate-name tlatools --edition=2024 crates/tlatools/src/main.rs --error-format=json --json=diagnostic-rendered-ansi,artifacts,future-incompat --emit=dep-info,link -C embed-bitcode=no -C debuginfo=2 '--warn=clippy::pedantic' '--deny=clippy::all' --forbid=unsafe_code '--allow=clippy::similar_names' '--allow=clippy::must_use_candidate' '--allow=clippy::missing_errors_doc' --test --check-cfg 'cfg(docsrs,test)' --check-cfg 'cfg(feature, values())' -C metadata=36374a926225a47c -C extra-filename=-d406850af717949e --out-dir /tmp/cargo-mutants-tlatools-rs-2cNtl3.tmp/target/debug/deps -C incremental=/tmp/cargo-mutants-tlatools-rs-2cNtl3.tmp/target/debug/incremental -L dependency=/tmp/cargo-mutants-tlatools-rs-2cNtl3.tmp/target/debug/deps --extern serde_json=/tmp/cargo-mutants-tlatools-rs-2cNtl3.tmp/target/debug/deps/libserde_json-1f53e1b7a8e26068.rlib --extern tla_oracle=/tmp/cargo-mutants-tlatools-rs-2cNtl3.tmp/target/debug/deps/libtla_oracle-05e96871ddace9ec.rlib`
warning: function `run` is never used
  --> crates/tlatools/src/main.rs:20:4
   |
20 | fn run() -> Result<ExitCode, String> {
   |    ^^^
   |
   = note: `#[warn(dead_code)]` (part of `#[warn(unused)]`) on by default

warning: function `read_stdin` is never used
  --> crates/tlatools/src/main.rs:51:4
   |
51 | fn read_stdin() -> Result<String, String> {
   |    ^^^^^^^^^^

warning: function `usage` is never used
  --> crates/tlatools/src/main.rs:59:4
   |
59 | fn usage() -> &'static str {
   |    ^^^^^

warning: `tlatools` (bin "tlatools" test) generated 3 warnings
    Finished `test` profile [unoptimized + debuginfo] target(s) in 0.44s
  Executable `/tmp/cargo-mutants-tlatools-rs-2cNtl3.tmp/target/debug/deps/tlatools-d406850af717949e`

*** result: Success

*** /home/ops/.rustup/toolchains/stable-x86_64-unknown-linux-gnu/bin/cargo test --verbose --package=tlatools@0.1.0
       Fresh unicode-ident v1.0.24
       Fresh proc-macro2 v1.0.107
       Fresh memchr v2.8.3
       Fresh tla-syntax v0.1.0 (/tmp/cargo-mutants-tlatools-rs-2cNtl3.tmp/crates/tla-syntax)
       Fresh itoa v1.0.18
       Fresh quote v1.0.47
       Fresh tla-eval v0.1.0 (/tmp/cargo-mutants-tlatools-rs-2cNtl3.tmp/crates/tla-eval)
       Fresh serde_core v1.0.229
       Fresh syn v3.0.3
       Fresh zmij v1.0.23
       Fresh serde_derive v1.0.229
       Fresh serde_json v1.0.151
       Fresh serde v1.0.229
       Fresh tla-oracle v0.1.0 (/tmp/cargo-mutants-tlatools-rs-2cNtl3.tmp/crates/tla-oracle)
       Fresh tlatools v0.1.0 (/tmp/cargo-mutants-tlatools-rs-2cNtl3.tmp/crates/tlatools)
warning: function `run` is never used
  --> crates/tlatools/src/main.rs:20:4
   |
20 | fn run() -> Result<ExitCode, String> {
   |    ^^^
   |
   = note: `#[warn(dead_code)]` (part of `#[warn(unused)]`) on by default

warning: function `read_stdin` is never used
  --> crates/tlatools/src/main.rs:51:4
   |
51 | fn read_stdin() -> Result<String, String> {
   |    ^^^^^^^^^^

warning: function `usage` is never used
  --> crates/tlatools/src/main.rs:59:4
   |
59 | fn usage() -> &'static str {
   |    ^^^^^

warning: `tlatools` (bin "tlatools" test) generated 3 warnings
    Finished `test` profile [unoptimized + debuginfo] target(s) in 0.01s
     Running `/tmp/cargo-mutants-tlatools-rs-2cNtl3.tmp/target/debug/deps/tlatools-d406850af717949e`

running 0 tests

test result: ok. 0 passed; 0 failed; 0 ignored; 0 measured; 0 filtered out; finished in 0.00s


*** result: Success
