
*** crates/tla-syntax/src/token.rs:248:9: replace Op::is_right_assoc -> bool with false

*** mutation diff:
--- crates/tla-syntax/src/token.rs
+++ replace Op::is_right_assoc -> bool with false
@@ -240,17 +240,17 @@
 
     /// `s^+`, `s^*` and `s^#` follow their operand rather than sitting
     /// between two, so they are never infix.
     pub fn is_postfix(self) -> bool {
         matches!(self, Self::User("^+" | "^*" | "^#"))
     }
 
     pub fn is_right_assoc(self) -> bool {
-        matches!(self, Self::Implies | Self::Pow)
+        false /* ~ changed by cargo-mutants ~ */
     }
 
     /// How the operator is written. Where TLA+ offers several spellings the
     /// ASCII one is chosen, so printed output can be re-read by the parser.
     pub fn symbol(self) -> &'static str {
         match self {
             Self::Implies => "=>",
             Self::Equiv => "<=>",


*** /home/ops/.rustup/toolchains/stable-x86_64-unknown-linux-gnu/bin/cargo test --no-run --verbose --package=tla-syntax@0.1.0
    Blocking waiting for file lock on package cache
    Blocking waiting for file lock on package cache
       Dirty tla-syntax v0.1.0 (/tmp/cargo-mutants-tlatools-rs-ZasLz6.tmp/crates/tla-syntax): the file `crates/tla-syntax/src/token.rs` has changed (1786403034.340096595s, 2s after last build at 1786403032.254969166s)
   Compiling tla-syntax v0.1.0 (/tmp/cargo-mutants-tlatools-rs-ZasLz6.tmp/crates/tla-syntax)
     Running `/home/ops/.rustup/toolchains/stable-x86_64-unknown-linux-gnu/bin/rustc --crate-name tla_syntax --edition=2024 crates/tla-syntax/src/lib.rs --error-format=json --json=diagnostic-rendered-ansi,artifacts,future-incompat --emit=dep-info,link -C embed-bitcode=no -C debuginfo=2 '--warn=clippy::pedantic' '--deny=clippy::all' --forbid=unsafe_code '--allow=clippy::similar_names' '--allow=clippy::must_use_candidate' '--allow=clippy::missing_errors_doc' --test --check-cfg 'cfg(docsrs,test)' --check-cfg 'cfg(feature, values())' -C metadata=b9cdaea3d809ecd1 -C extra-filename=-7b1a32620c4b87af --out-dir /tmp/cargo-mutants-tlatools-rs-ZasLz6.tmp/target/debug/deps -C incremental=/tmp/cargo-mutants-tlatools-rs-ZasLz6.tmp/target/debug/incremental -L dependency=/tmp/cargo-mutants-tlatools-rs-ZasLz6.tmp/target/debug/deps`
     Running `/home/ops/.rustup/toolchains/stable-x86_64-unknown-linux-gnu/bin/rustc --crate-name tla_syntax --edition=2024 crates/tla-syntax/src/lib.rs --error-format=json --json=diagnostic-rendered-ansi,artifacts,future-incompat --crate-type lib --emit=dep-info,metadata,link -C embed-bitcode=no -C debuginfo=2 '--warn=clippy::pedantic' '--deny=clippy::all' --forbid=unsafe_code '--allow=clippy::similar_names' '--allow=clippy::must_use_candidate' '--allow=clippy::missing_errors_doc' --check-cfg 'cfg(docsrs,test)' --check-cfg 'cfg(feature, values())' -C metadata=85b1367430153dc6 -C extra-filename=-169d03993c2aec3f --out-dir /tmp/cargo-mutants-tlatools-rs-ZasLz6.tmp/target/debug/deps -C incremental=/tmp/cargo-mutants-tlatools-rs-ZasLz6.tmp/target/debug/incremental -L dependency=/tmp/cargo-mutants-tlatools-rs-ZasLz6.tmp/target/debug/deps`
     Running `/home/ops/.rustup/toolchains/stable-x86_64-unknown-linux-gnu/bin/rustc --crate-name queries --edition=2024 crates/tla-syntax/tests/queries.rs --error-format=json --json=diagnostic-rendered-ansi,artifacts,future-incompat --emit=dep-info,link -C embed-bitcode=no -C debuginfo=2 '--warn=clippy::pedantic' '--deny=clippy::all' --forbid=unsafe_code '--allow=clippy::similar_names' '--allow=clippy::must_use_candidate' '--allow=clippy::missing_errors_doc' --test --check-cfg 'cfg(docsrs,test)' --check-cfg 'cfg(feature, values())' -C metadata=fc19234c6e95ae98 -C extra-filename=-2cacbc55350fea8e --out-dir /tmp/cargo-mutants-tlatools-rs-ZasLz6.tmp/target/debug/deps -C incremental=/tmp/cargo-mutants-tlatools-rs-ZasLz6.tmp/target/debug/incremental -L dependency=/tmp/cargo-mutants-tlatools-rs-ZasLz6.tmp/target/debug/deps --extern tla_syntax=/tmp/cargo-mutants-tlatools-rs-ZasLz6.tmp/target/debug/deps/libtla_syntax-169d03993c2aec3f.rlib`
     Running `/home/ops/.rustup/toolchains/stable-x86_64-unknown-linux-gnu/bin/rustc --crate-name parse_specs --edition=2024 crates/tla-syntax/tests/parse_specs.rs --error-format=json --json=diagnostic-rendered-ansi,artifacts,future-incompat --emit=dep-info,link -C embed-bitcode=no -C debuginfo=2 '--warn=clippy::pedantic' '--deny=clippy::all' --forbid=unsafe_code '--allow=clippy::similar_names' '--allow=clippy::must_use_candidate' '--allow=clippy::missing_errors_doc' --test --check-cfg 'cfg(docsrs,test)' --check-cfg 'cfg(feature, values())' -C metadata=a8f81c428969cd5b -C extra-filename=-f79b0d0a70f894ac --out-dir /tmp/cargo-mutants-tlatools-rs-ZasLz6.tmp/target/debug/deps -C incremental=/tmp/cargo-mutants-tlatools-rs-ZasLz6.tmp/target/debug/incremental -L dependency=/tmp/cargo-mutants-tlatools-rs-ZasLz6.tmp/target/debug/deps --extern tla_syntax=/tmp/cargo-mutants-tlatools-rs-ZasLz6.tmp/target/debug/deps/libtla_syntax-169d03993c2aec3f.rlib`
     Running `/home/ops/.rustup/toolchains/stable-x86_64-unknown-linux-gnu/bin/rustc --crate-name printing --edition=2024 crates/tla-syntax/tests/printing.rs --error-format=json --json=diagnostic-rendered-ansi,artifacts,future-incompat --emit=dep-info,link -C embed-bitcode=no -C debuginfo=2 '--warn=clippy::pedantic' '--deny=clippy::all' --forbid=unsafe_code '--allow=clippy::similar_names' '--allow=clippy::must_use_candidate' '--allow=clippy::missing_errors_doc' --test --check-cfg 'cfg(docsrs,test)' --check-cfg 'cfg(feature, values())' -C metadata=630f5e3de7b96aa4 -C extra-filename=-a0b972b47931cbf0 --out-dir /tmp/cargo-mutants-tlatools-rs-ZasLz6.tmp/target/debug/deps -C incremental=/tmp/cargo-mutants-tlatools-rs-ZasLz6.tmp/target/debug/incremental -L dependency=/tmp/cargo-mutants-tlatools-rs-ZasLz6.tmp/target/debug/deps --extern tla_syntax=/tmp/cargo-mutants-tlatools-rs-ZasLz6.tmp/target/debug/deps/libtla_syntax-169d03993c2aec3f.rlib`
     Running `/home/ops/.rustup/toolchains/stable-x86_64-unknown-linux-gnu/bin/rustc --crate-name grammar --edition=2024 crates/tla-syntax/tests/grammar.rs --error-format=json --json=diagnostic-rendered-ansi,artifacts,future-incompat --emit=dep-info,link -C embed-bitcode=no -C debuginfo=2 '--warn=clippy::pedantic' '--deny=clippy::all' --forbid=unsafe_code '--allow=clippy::similar_names' '--allow=clippy::must_use_candidate' '--allow=clippy::missing_errors_doc' --test --check-cfg 'cfg(docsrs,test)' --check-cfg 'cfg(feature, values())' -C metadata=0802b3514e0199db -C extra-filename=-209c7b39092f9a9f --out-dir /tmp/cargo-mutants-tlatools-rs-ZasLz6.tmp/target/debug/deps -C incremental=/tmp/cargo-mutants-tlatools-rs-ZasLz6.tmp/target/debug/incremental -L dependency=/tmp/cargo-mutants-tlatools-rs-ZasLz6.tmp/target/debug/deps --extern tla_syntax=/tmp/cargo-mutants-tlatools-rs-ZasLz6.tmp/target/debug/deps/libtla_syntax-169d03993c2aec3f.rlib`
     Running `/home/ops/.rustup/toolchains/stable-x86_64-unknown-linux-gnu/bin/rustc --crate-name robustness --edition=2024 crates/tla-syntax/tests/robustness.rs --error-format=json --json=diagnostic-rendered-ansi,artifacts,future-incompat --emit=dep-info,link -C embed-bitcode=no -C debuginfo=2 '--warn=clippy::pedantic' '--deny=clippy::all' --forbid=unsafe_code '--allow=clippy::similar_names' '--allow=clippy::must_use_candidate' '--allow=clippy::missing_errors_doc' --test --check-cfg 'cfg(docsrs,test)' --check-cfg 'cfg(feature, values())' -C metadata=3b1de0d84c0f7391 -C extra-filename=-4657dcdff6c43e2f --out-dir /tmp/cargo-mutants-tlatools-rs-ZasLz6.tmp/target/debug/deps -C incremental=/tmp/cargo-mutants-tlatools-rs-ZasLz6.tmp/target/debug/incremental -L dependency=/tmp/cargo-mutants-tlatools-rs-ZasLz6.tmp/target/debug/deps --extern tla_syntax=/tmp/cargo-mutants-tlatools-rs-ZasLz6.tmp/target/debug/deps/libtla_syntax-169d03993c2aec3f.rlib`
     Running `/home/ops/.rustup/toolchains/stable-x86_64-unknown-linux-gnu/bin/rustc --crate-name depth --edition=2024 crates/tla-syntax/examples/depth.rs --error-format=json --json=diagnostic-rendered-ansi,artifacts,future-incompat --crate-type bin --emit=dep-info,link -C embed-bitcode=no -C debuginfo=2 '--warn=clippy::pedantic' '--deny=clippy::all' --forbid=unsafe_code '--allow=clippy::similar_names' '--allow=clippy::must_use_candidate' '--allow=clippy::missing_errors_doc' --check-cfg 'cfg(docsrs,test)' --check-cfg 'cfg(feature, values())' -C metadata=945ad0d3a4da74b3 -C extra-filename=-2ef4d05ce566e5e5 --out-dir /tmp/cargo-mutants-tlatools-rs-ZasLz6.tmp/target/debug/examples -C incremental=/tmp/cargo-mutants-tlatools-rs-ZasLz6.tmp/target/debug/incremental -L dependency=/tmp/cargo-mutants-tlatools-rs-ZasLz6.tmp/target/debug/deps --extern tla_syntax=/tmp/cargo-mutants-tlatools-rs-ZasLz6.tmp/target/debug/deps/libtla_syntax-169d03993c2aec3f.rlib`
     Running `/home/ops/.rustup/toolchains/stable-x86_64-unknown-linux-gnu/bin/rustc --crate-name audit --edition=2024 crates/tla-syntax/examples/audit.rs --error-format=json --json=diagnostic-rendered-ansi,artifacts,future-incompat --crate-type bin --emit=dep-info,link -C embed-bitcode=no -C debuginfo=2 '--warn=clippy::pedantic' '--deny=clippy::all' --forbid=unsafe_code '--allow=clippy::similar_names' '--allow=clippy::must_use_candidate' '--allow=clippy::missing_errors_doc' --check-cfg 'cfg(docsrs,test)' --check-cfg 'cfg(feature, values())' -C metadata=dbbf919ed7279ef0 -C extra-filename=-0e703b0c6e8c99ba --out-dir /tmp/cargo-mutants-tlatools-rs-ZasLz6.tmp/target/debug/examples -C incremental=/tmp/cargo-mutants-tlatools-rs-ZasLz6.tmp/target/debug/incremental -L dependency=/tmp/cargo-mutants-tlatools-rs-ZasLz6.tmp/target/debug/deps --extern tla_syntax=/tmp/cargo-mutants-tlatools-rs-ZasLz6.tmp/target/debug/deps/libtla_syntax-169d03993c2aec3f.rlib`
    Finished `test` profile [unoptimized + debuginfo] target(s) in 1.14s
  Executable `/tmp/cargo-mutants-tlatools-rs-ZasLz6.tmp/target/debug/deps/tla_syntax-7b1a32620c4b87af`
  Executable `/tmp/cargo-mutants-tlatools-rs-ZasLz6.tmp/target/debug/deps/grammar-209c7b39092f9a9f`
  Executable `/tmp/cargo-mutants-tlatools-rs-ZasLz6.tmp/target/debug/deps/parse_specs-f79b0d0a70f894ac`
  Executable `/tmp/cargo-mutants-tlatools-rs-ZasLz6.tmp/target/debug/deps/printing-a0b972b47931cbf0`
  Executable `/tmp/cargo-mutants-tlatools-rs-ZasLz6.tmp/target/debug/deps/queries-2cacbc55350fea8e`
  Executable `/tmp/cargo-mutants-tlatools-rs-ZasLz6.tmp/target/debug/deps/robustness-4657dcdff6c43e2f`

*** result: Success

*** /home/ops/.rustup/toolchains/stable-x86_64-unknown-linux-gnu/bin/cargo test --verbose --package=tla-syntax@0.1.0
       Fresh tla-syntax v0.1.0 (/tmp/cargo-mutants-tlatools-rs-ZasLz6.tmp/crates/tla-syntax)
    Finished `test` profile [unoptimized + debuginfo] target(s) in 0.01s
     Running `/tmp/cargo-mutants-tlatools-rs-ZasLz6.tmp/target/debug/deps/tla_syntax-7b1a32620c4b87af`

running 0 tests

test result: ok. 0 passed; 0 failed; 0 ignored; 0 measured; 0 filtered out; finished in 0.00s

     Running `/tmp/cargo-mutants-tlatools-rs-ZasLz6.tmp/target/debug/deps/grammar-209c7b39092f9a9f`

running 23 tests
test a_choose_inside_braces_is_not_a_set_filter ... ok
test a_fairness_subscript_may_be_a_tuple ... ok
test a_function_may_be_defined_by_its_graph ... ok
test a_lambda_may_be_passed_where_an_operator_is_wanted ... ok
test a_module_may_contain_another ... ok
test a_name_may_begin_with_a_digit_or_an_underscore ... ok
test a_named_theorem_keeps_its_statement ... ok
test a_postfix_operator_binds_to_what_precedes_it ... ok
test a_proof_is_skipped_and_the_module_continues ... ok
test an_action_subscript_is_recognised_past_an_inner_colon ... ok
test an_infix_operator_can_be_defined ... ok
test an_operator_may_be_passed_as_an_argument ... ok
test an_operator_may_follow_a_bulleted_list ... ok
test case_arms_are_separated_by_boxes ... ok
test except_accepts_several_indices_at_once ... ok
test higher_order_parameters_record_their_arity ... ok
test instance_names_may_be_chained_and_take_arguments ... ok
test labels_are_read_and_dropped ... ok
test prose_outside_the_module_is_not_lexed ... ok
test prefix_and_postfix_operators_can_be_defined ... ok
test set_filters_and_set_maps_are_told_apart ... ok
test temporal_quantifiers_parse_and_are_marked_as_such ... ok
test the_new_forms_round_trip ... ok

test result: ok. 23 passed; 0 failed; 0 ignored; 0 measured; 0 filtered out; finished in 0.00s

     Running `/tmp/cargo-mutants-tlatools-rs-ZasLz6.tmp/target/debug/deps/parse_specs-f79b0d0a70f894ac`

running 12 tests
test a_missing_header_is_an_error ... ok
test errors_carry_a_position ... ok
test always_binds_tighter_than_conjunction ... ok
test instance_substitutions_are_recorded ... ok
test declarations_are_collected ... ok
test nested_junctions_nest ... ok
test junction_lists_are_scoped_by_column ... ok
test qualified_names_resolve_through_the_instance ... ok
test module_name_and_extends ... ok
test operator_definitions_keep_their_parameters ... ok
test every_fixture_parses ... ok
test printing_round_trips_through_the_parser ... ok

test result: ok. 12 passed; 0 failed; 0 ignored; 0 measured; 0 filtered out; finished in 0.01s

     Running `/tmp/cargo-mutants-tlatools-rs-ZasLz6.tmp/target/debug/deps/printing-a0b972b47931cbf0`

running 7 tests
test a_definition_prints_with_its_parameters ... ok
test every_prefix_and_postfix_operator_survives_printing ... ok
test strings_are_escaped_so_they_can_be_read_back ... ok
test word_operators_keep_their_space ... ok
test parentheses_are_restored_exactly_where_they_are_needed ... FAILED
test every_infix_operator_survives_printing ... ok
test every_shape_of_expression_survives_printing ... ok

failures:

---- parentheses_are_restored_exactly_where_they_are_needed stdout ----

thread 'parentheses_are_restored_exactly_where_they_are_needed' (1089905) panicked at crates/tla-syntax/tests/printing.rs:175:5:
assertion `left == right` failed
  left: "a => b => c"
 right: "(a => b) => c"
note: run with `RUST_BACKTRACE=1` environment variable to display a backtrace


failures:
    parentheses_are_restored_exactly_where_they_are_needed

test result: FAILED. 6 passed; 1 failed; 0 ignored; 0 measured; 0 filtered out; finished in 0.00s

error: test failed, to rerun pass `-p tla-syntax --test printing`

*** result: Failure(101)
