
*** crates/tla-oracle/src/check.rs:281:5: replace check_outcomes -> Option<Report> with None

*** mutation diff:
--- crates/tla-oracle/src/check.rs
+++ replace check_outcomes -> Option<Report> with None
@@ -273,51 +273,17 @@
 }
 
 fn check_outcomes(
     job: &Job,
     coverage: &Evaluator<'_>,
     outcomes: &[(String, Expr)],
     stats: &mut Stats,
 ) -> Option<Report> {
-    let nowhere = State::new();
-    for (name, expr) in outcomes {
-        stats.outcomes_checked += 1;
-        match coverage.eval_at(expr, &nowhere, None) {
-            Ok(Value::Bool(true)) => {}
-            Ok(Value::Bool(false)) => {
-                let mut report = Report::of(
-                    Status::Coverage,
-                    format!(
-                        "every transition is legal, but no reachable state satisfies the \
-                         required outcome `{name}`: {}",
-                        job.outcomes[name]
-                    ),
-                    *stats,
-                );
-                report.outcome = Some(name.clone());
-                return Some(report);
-            }
-            Ok(other) => {
-                return Some(Report::of(
-                    Status::Error,
-                    format!("outcome `{name}` is {other}, not a boolean"),
-                    *stats,
-                ));
-            }
-            Err(e) => {
-                return Some(Report::of(
-                    Status::Error,
-                    format!("outcome `{name}`: {e}"),
-                    *stats,
-                ));
-            }
-        }
-    }
-    None
+    None /* ~ changed by cargo-mutants ~ */
 }
 
 /// A type error means the state does not fit the shape the specification reads
 /// it with — the schema let it through, but the specification cannot use it.
 fn classify(e: &EvalError) -> Status {
     match e {
         EvalError::Type(_) => Status::Contract,
         _ => Status::Error,


*** /home/ops/.rustup/toolchains/stable-x86_64-unknown-linux-gnu/bin/cargo test --no-run --verbose --package=tla-oracle@0.1.0
       Fresh unicode-ident v1.0.24
       Fresh proc-macro2 v1.0.107
       Fresh tla-syntax v0.1.0 (/tmp/cargo-mutants-tlatools-rs-EWAJa9.tmp/crates/tla-syntax)
       Fresh memchr v2.8.3
       Fresh itoa v1.0.18
       Fresh tla-eval v0.1.0 (/tmp/cargo-mutants-tlatools-rs-EWAJa9.tmp/crates/tla-eval)
       Fresh quote v1.0.47
       Fresh serde_core v1.0.229
       Fresh zmij v1.0.23
       Fresh syn v3.0.3
       Fresh serde_json v1.0.151
       Fresh serde_derive v1.0.229
       Fresh serde v1.0.229
   Compiling tla-oracle v0.1.0 (/tmp/cargo-mutants-tlatools-rs-EWAJa9.tmp/crates/tla-oracle)
     Running `/home/ops/.rustup/toolchains/stable-x86_64-unknown-linux-gnu/bin/rustc --crate-name tla_oracle --edition=2024 crates/tla-oracle/src/lib.rs --error-format=json --json=diagnostic-rendered-ansi,artifacts,future-incompat --crate-type lib --emit=dep-info,metadata,link -C embed-bitcode=no -C debuginfo=2 '--warn=clippy::pedantic' '--deny=clippy::all' --forbid=unsafe_code '--allow=clippy::similar_names' '--allow=clippy::must_use_candidate' '--allow=clippy::missing_errors_doc' --check-cfg 'cfg(docsrs,test)' --check-cfg 'cfg(feature, values())' -C metadata=b83f616a193d2c4f -C extra-filename=-05e96871ddace9ec --out-dir /tmp/cargo-mutants-tlatools-rs-EWAJa9.tmp/target/debug/deps -C incremental=/tmp/cargo-mutants-tlatools-rs-EWAJa9.tmp/target/debug/incremental -L dependency=/tmp/cargo-mutants-tlatools-rs-EWAJa9.tmp/target/debug/deps --extern serde=/tmp/cargo-mutants-tlatools-rs-EWAJa9.tmp/target/debug/deps/libserde-50e58405f4925bd5.rmeta --extern serde_json=/tmp/cargo-mutants-tlatools-rs-EWAJa9.tmp/target/debug/deps/libserde_json-1f53e1b7a8e26068.rmeta --extern tla_eval=/tmp/cargo-mutants-tlatools-rs-EWAJa9.tmp/target/debug/deps/libtla_eval-9723028bc8fab821.rmeta --extern tla_syntax=/tmp/cargo-mutants-tlatools-rs-EWAJa9.tmp/target/debug/deps/libtla_syntax-169d03993c2aec3f.rmeta`
     Running `/home/ops/.rustup/toolchains/stable-x86_64-unknown-linux-gnu/bin/rustc --crate-name tla_oracle --edition=2024 crates/tla-oracle/src/lib.rs --error-format=json --json=diagnostic-rendered-ansi,artifacts,future-incompat --emit=dep-info,link -C embed-bitcode=no -C debuginfo=2 '--warn=clippy::pedantic' '--deny=clippy::all' --forbid=unsafe_code '--allow=clippy::similar_names' '--allow=clippy::must_use_candidate' '--allow=clippy::missing_errors_doc' --test --check-cfg 'cfg(docsrs,test)' --check-cfg 'cfg(feature, values())' -C metadata=0ab41740dcdd59c9 -C extra-filename=-1cfd7f127e84a435 --out-dir /tmp/cargo-mutants-tlatools-rs-EWAJa9.tmp/target/debug/deps -C incremental=/tmp/cargo-mutants-tlatools-rs-EWAJa9.tmp/target/debug/incremental -L dependency=/tmp/cargo-mutants-tlatools-rs-EWAJa9.tmp/target/debug/deps --extern serde=/tmp/cargo-mutants-tlatools-rs-EWAJa9.tmp/target/debug/deps/libserde-50e58405f4925bd5.rlib --extern serde_json=/tmp/cargo-mutants-tlatools-rs-EWAJa9.tmp/target/debug/deps/libserde_json-1f53e1b7a8e26068.rlib --extern tla_eval=/tmp/cargo-mutants-tlatools-rs-EWAJa9.tmp/target/debug/deps/libtla_eval-9723028bc8fab821.rlib --extern tla_syntax=/tmp/cargo-mutants-tlatools-rs-EWAJa9.tmp/target/debug/deps/libtla_syntax-169d03993c2aec3f.rlib`
warning: unused variable: `job`
   --> crates/tla-oracle/src/check.rs:276:5
    |
276 |     job: &Job,
    |     ^^^ help: if this is intentional, prefix it with an underscore: `_job`
    |
    = note: `#[warn(unused_variables)]` (part of `#[warn(unused)]`) on by default

warning: unused variable: `coverage`
   --> crates/tla-oracle/src/check.rs:277:5
    |
277 |     coverage: &Evaluator<'_>,
    |     ^^^^^^^^ help: if this is intentional, prefix it with an underscore: `_coverage`

warning: unused variable: `outcomes`
   --> crates/tla-oracle/src/check.rs:278:5
    |
278 |     outcomes: &[(String, Expr)],
    |     ^^^^^^^^ help: if this is intentional, prefix it with an underscore: `_outcomes`

warning: unused variable: `stats`
   --> crates/tla-oracle/src/check.rs:279:5
    |
279 |     stats: &mut Stats,
    |     ^^^^^ help: if this is intentional, prefix it with an underscore: `_stats`

warning: `tla-oracle` (lib test) generated 4 warnings (run `cargo fix --lib -p tla-oracle --tests` to apply 4 suggestions)
warning: `tla-oracle` (lib) generated 4 warnings (4 duplicates)
     Running `/home/ops/.rustup/toolchains/stable-x86_64-unknown-linux-gnu/bin/rustc --crate-name jobs --edition=2024 crates/tla-oracle/tests/jobs.rs --error-format=json --json=diagnostic-rendered-ansi,artifacts,future-incompat --emit=dep-info,link -C embed-bitcode=no -C debuginfo=2 '--warn=clippy::pedantic' '--deny=clippy::all' --forbid=unsafe_code '--allow=clippy::similar_names' '--allow=clippy::must_use_candidate' '--allow=clippy::missing_errors_doc' --test --check-cfg 'cfg(docsrs,test)' --check-cfg 'cfg(feature, values())' -C metadata=c96bd47a0a5f8df1 -C extra-filename=-9836ff370b14868d --out-dir /tmp/cargo-mutants-tlatools-rs-EWAJa9.tmp/target/debug/deps -C incremental=/tmp/cargo-mutants-tlatools-rs-EWAJa9.tmp/target/debug/incremental -L dependency=/tmp/cargo-mutants-tlatools-rs-EWAJa9.tmp/target/debug/deps --extern serde=/tmp/cargo-mutants-tlatools-rs-EWAJa9.tmp/target/debug/deps/libserde-50e58405f4925bd5.rlib --extern serde_json=/tmp/cargo-mutants-tlatools-rs-EWAJa9.tmp/target/debug/deps/libserde_json-1f53e1b7a8e26068.rlib --extern tla_eval=/tmp/cargo-mutants-tlatools-rs-EWAJa9.tmp/target/debug/deps/libtla_eval-9723028bc8fab821.rlib --extern tla_oracle=/tmp/cargo-mutants-tlatools-rs-EWAJa9.tmp/target/debug/deps/libtla_oracle-05e96871ddace9ec.rlib --extern tla_syntax=/tmp/cargo-mutants-tlatools-rs-EWAJa9.tmp/target/debug/deps/libtla_syntax-169d03993c2aec3f.rlib`
    Finished `test` profile [unoptimized + debuginfo] target(s) in 0.71s
  Executable `/tmp/cargo-mutants-tlatools-rs-EWAJa9.tmp/target/debug/deps/tla_oracle-1cfd7f127e84a435`
  Executable `/tmp/cargo-mutants-tlatools-rs-EWAJa9.tmp/target/debug/deps/jobs-9836ff370b14868d`

*** result: Success

*** /home/ops/.rustup/toolchains/stable-x86_64-unknown-linux-gnu/bin/cargo test --verbose --package=tla-oracle@0.1.0
       Fresh unicode-ident v1.0.24
       Fresh proc-macro2 v1.0.107
       Fresh itoa v1.0.18
       Fresh tla-syntax v0.1.0 (/tmp/cargo-mutants-tlatools-rs-EWAJa9.tmp/crates/tla-syntax)
       Fresh memchr v2.8.3
       Fresh quote v1.0.47
       Fresh tla-eval v0.1.0 (/tmp/cargo-mutants-tlatools-rs-EWAJa9.tmp/crates/tla-eval)
       Fresh syn v3.0.3
       Fresh serde_core v1.0.229
       Fresh zmij v1.0.23
       Fresh serde_derive v1.0.229
       Fresh serde_json v1.0.151
       Fresh serde v1.0.229
warning: unused variable: `job`
   --> crates/tla-oracle/src/check.rs:276:5
    |
276 |     job: &Job,
    |     ^^^ help: if this is intentional, prefix it with an underscore: `_job`
    |
    = note: `#[warn(unused_variables)]` (part of `#[warn(unused)]`) on by default

warning: unused variable: `coverage`
   --> crates/tla-oracle/src/check.rs:277:5
    |
277 |     coverage: &Evaluator<'_>,
    |     ^^^^^^^^ help: if this is intentional, prefix it with an underscore: `_coverage`

warning: unused variable: `outcomes`
   --> crates/tla-oracle/src/check.rs:278:5
    |
278 |     outcomes: &[(String, Expr)],
    |     ^^^^^^^^ help: if this is intentional, prefix it with an underscore: `_outcomes`

warning: unused variable: `stats`
   --> crates/tla-oracle/src/check.rs:279:5
    |
279 |     stats: &mut Stats,
    |     ^^^^^ help: if this is intentional, prefix it with an underscore: `_stats`

warning: `tla-oracle` (lib) generated 4 warnings (run `cargo fix --lib -p tla-oracle` to apply 4 suggestions)
warning: `tla-oracle` (lib test) generated 4 warnings (4 duplicates)
       Fresh tla-oracle v0.1.0 (/tmp/cargo-mutants-tlatools-rs-EWAJa9.tmp/crates/tla-oracle)
    Finished `test` profile [unoptimized + debuginfo] target(s) in 0.01s
     Running `/tmp/cargo-mutants-tlatools-rs-EWAJa9.tmp/target/debug/deps/tla_oracle-1cfd7f127e84a435`

running 0 tests

test result: ok. 0 passed; 0 failed; 0 ignored; 0 measured; 0 filtered out; finished in 0.00s

     Running `/tmp/cargo-mutants-tlatools-rs-EWAJa9.tmp/target/debug/deps/jobs-9836ff370b14868d`

running 13 tests
test a_broken_specification_is_an_error_not_a_verdict ... ok
test a_constant_without_a_value_is_an_error ... ok
test duplicate_members_of_a_set_are_rejected ... ok
test a_legal_walk_passes ... ok
test a_missing_variable_is_a_contract_violation ... ok
test a_passing_check_carries_no_diagnosis ... ok
test a_state_of_the_wrong_shape_is_a_contract_violation ... ok
test a_reachable_outcome_passes ... FAILED
test a_refinement_failure_names_the_action_that_came_closest ... ok
test an_illegal_edge_is_named ... ok
test an_illegal_root_is_an_init_failure ... ok
test the_status_names_match_the_harness_vocabulary ... ok
test an_unreachable_outcome_is_a_coverage_failure ... FAILED

failures:

---- a_reachable_outcome_passes stdout ----

thread 'a_reachable_outcome_passes' (4143897) panicked at crates/tla-oracle/tests/jobs.rs:89:5:
assertion `left == right` failed
  left: 0
 right: 1
note: run with `RUST_BACKTRACE=1` environment variable to display a backtrace

---- an_unreachable_outcome_is_a_coverage_failure stdout ----

thread 'an_unreachable_outcome_is_a_coverage_failure' (4143902) panicked at crates/tla-oracle/tests/jobs.rs:80:5:
assertion `left == right` failed: all obligations discharged
  left: Pass
 right: Coverage


failures:
    a_reachable_outcome_passes
    an_unreachable_outcome_is_a_coverage_failure

test result: FAILED. 11 passed; 2 failed; 0 ignored; 0 measured; 0 filtered out; finished in 0.00s

error: test failed, to rerun pass `-p tla-oracle --test jobs`

*** result: Failure(101)
