
*** crates/tla-oracle/src/check.rs:233:5: replace check_edges -> Option<Report> with None

*** mutation diff:
--- crates/tla-oracle/src/check.rs
+++ replace check_edges -> Option<Report> with None
@@ -225,56 +225,17 @@
 }
 
 fn check_edges(
     job: &Job,
     evaluator: &Evaluator<'_>,
     states: &[State],
     stats: &mut Stats,
 ) -> Option<Report> {
-    for (index, (source, target, label)) in job.edges.iter().enumerate() {
-        let (Some(from), Some(to)) = (states.get(*source), states.get(*target)) else {
-            return Some(Report::of(
-                Status::Error,
-                format!("edge {index} refers to a state index outside the graph"),
-                *stats,
-            ));
-        };
-        stats.edges_checked = index + 1;
-        match evaluator.step_allowed(&job.next_op, from, to) {
-            Ok(true) => {}
-            Ok(false) => {
-                let blocked: Vec<BlockedReport> = evaluator
-                    .why_not(&job.next_op, from, to)
-                    .unwrap_or_default()
-                    .into_iter()
-                    .take(MAX_BLOCKED)
-                    .map(BlockedReport::from)
-                    .collect();
-                let mut report =
-                    Report::of(Status::Refines, explain(from, to, blocked.first()), *stats);
-                report.edge = Some(EdgeReport {
-                    index,
-                    source: *source,
-                    target: *target,
-                    label: label.clone(),
-                });
-                report.blocked = blocked;
-                return Some(report);
-            }
-            Err(e) => {
-                return Some(Report::of(
-                    classify(&e),
-                    format!("{}: {e}", job.next_op),
-                    *stats,
-                ));
-            }
-        }
-    }
-    None
+    None /* ~ changed by cargo-mutants ~ */
 }
 
 fn check_outcomes(
     job: &Job,
     coverage: &Evaluator<'_>,
     outcomes: &[(String, Expr)],
     stats: &mut Stats,
 ) -> Option<Report> {


*** /home/ops/.rustup/toolchains/stable-x86_64-unknown-linux-gnu/bin/cargo test --no-run --verbose --package=tla-oracle@0.1.0
       Fresh unicode-ident v1.0.24
       Fresh proc-macro2 v1.0.107
       Fresh itoa v1.0.18
       Fresh memchr v2.8.3
       Fresh tla-syntax v0.1.0 (/tmp/cargo-mutants-tlatools-rs-5hvWlL.tmp/crates/tla-syntax)
       Fresh quote v1.0.47
       Fresh serde_core v1.0.229
       Fresh zmij v1.0.23
       Fresh tla-eval v0.1.0 (/tmp/cargo-mutants-tlatools-rs-5hvWlL.tmp/crates/tla-eval)
       Fresh syn v3.0.3
       Fresh serde_json v1.0.151
       Fresh serde_derive v1.0.229
       Fresh serde v1.0.229
       Dirty tla-oracle v0.1.0 (/tmp/cargo-mutants-tlatools-rs-5hvWlL.tmp/crates/tla-oracle): the file `crates/tla-oracle/src/check.rs` has changed (1786401643.053958957s, 1s after last build at 1786401642.616932195s)
   Compiling tla-oracle v0.1.0 (/tmp/cargo-mutants-tlatools-rs-5hvWlL.tmp/crates/tla-oracle)
     Running `/home/ops/.rustup/toolchains/stable-x86_64-unknown-linux-gnu/bin/rustc --crate-name tla_oracle --edition=2024 crates/tla-oracle/src/lib.rs --error-format=json --json=diagnostic-rendered-ansi,artifacts,future-incompat --emit=dep-info,link -C embed-bitcode=no -C debuginfo=2 '--warn=clippy::pedantic' '--deny=clippy::all' --forbid=unsafe_code '--allow=clippy::similar_names' '--allow=clippy::must_use_candidate' '--allow=clippy::missing_errors_doc' --test --check-cfg 'cfg(docsrs,test)' --check-cfg 'cfg(feature, values())' -C metadata=0ab41740dcdd59c9 -C extra-filename=-1cfd7f127e84a435 --out-dir /tmp/cargo-mutants-tlatools-rs-5hvWlL.tmp/target/debug/deps -C incremental=/tmp/cargo-mutants-tlatools-rs-5hvWlL.tmp/target/debug/incremental -L dependency=/tmp/cargo-mutants-tlatools-rs-5hvWlL.tmp/target/debug/deps --extern serde=/tmp/cargo-mutants-tlatools-rs-5hvWlL.tmp/target/debug/deps/libserde-50e58405f4925bd5.rlib --extern serde_json=/tmp/cargo-mutants-tlatools-rs-5hvWlL.tmp/target/debug/deps/libserde_json-1f53e1b7a8e26068.rlib --extern tla_eval=/tmp/cargo-mutants-tlatools-rs-5hvWlL.tmp/target/debug/deps/libtla_eval-9723028bc8fab821.rlib --extern tla_syntax=/tmp/cargo-mutants-tlatools-rs-5hvWlL.tmp/target/debug/deps/libtla_syntax-169d03993c2aec3f.rlib`
     Running `/home/ops/.rustup/toolchains/stable-x86_64-unknown-linux-gnu/bin/rustc --crate-name tla_oracle --edition=2024 crates/tla-oracle/src/lib.rs --error-format=json --json=diagnostic-rendered-ansi,artifacts,future-incompat --crate-type lib --emit=dep-info,metadata,link -C embed-bitcode=no -C debuginfo=2 '--warn=clippy::pedantic' '--deny=clippy::all' --forbid=unsafe_code '--allow=clippy::similar_names' '--allow=clippy::must_use_candidate' '--allow=clippy::missing_errors_doc' --check-cfg 'cfg(docsrs,test)' --check-cfg 'cfg(feature, values())' -C metadata=b83f616a193d2c4f -C extra-filename=-05e96871ddace9ec --out-dir /tmp/cargo-mutants-tlatools-rs-5hvWlL.tmp/target/debug/deps -C incremental=/tmp/cargo-mutants-tlatools-rs-5hvWlL.tmp/target/debug/incremental -L dependency=/tmp/cargo-mutants-tlatools-rs-5hvWlL.tmp/target/debug/deps --extern serde=/tmp/cargo-mutants-tlatools-rs-5hvWlL.tmp/target/debug/deps/libserde-50e58405f4925bd5.rmeta --extern serde_json=/tmp/cargo-mutants-tlatools-rs-5hvWlL.tmp/target/debug/deps/libserde_json-1f53e1b7a8e26068.rmeta --extern tla_eval=/tmp/cargo-mutants-tlatools-rs-5hvWlL.tmp/target/debug/deps/libtla_eval-9723028bc8fab821.rmeta --extern tla_syntax=/tmp/cargo-mutants-tlatools-rs-5hvWlL.tmp/target/debug/deps/libtla_syntax-169d03993c2aec3f.rmeta`
warning: unused variable: `job`
   --> crates/tla-oracle/src/check.rs:228:5
    |
228 |     job: &Job,
    |     ^^^ help: if this is intentional, prefix it with an underscore: `_job`
    |
    = note: `#[warn(unused_variables)]` (part of `#[warn(unused)]`) on by default

warning: unused variable: `evaluator`
   --> crates/tla-oracle/src/check.rs:229:5
    |
229 |     evaluator: &Evaluator<'_>,
    |     ^^^^^^^^^ help: if this is intentional, prefix it with an underscore: `_evaluator`

warning: unused variable: `states`
   --> crates/tla-oracle/src/check.rs:230:5
    |
230 |     states: &[State],
    |     ^^^^^^ help: if this is intentional, prefix it with an underscore: `_states`

warning: unused variable: `stats`
   --> crates/tla-oracle/src/check.rs:231:5
    |
231 |     stats: &mut Stats,
    |     ^^^^^ help: if this is intentional, prefix it with an underscore: `_stats`

warning: constant `MAX_BLOCKED` is never used
   --> crates/tla-oracle/src/check.rs:104:7
    |
104 | const MAX_BLOCKED: usize = 4;
    |       ^^^^^^^^^^^
    |
    = note: `#[warn(dead_code)]` (part of `#[warn(unused)]`) on by default

warning: function `explain` is never used
   --> crates/tla-oracle/src/check.rs:324:4
    |
324 | fn explain(from: &State, to: &State, closest: Option<&BlockedReport>) -> String {
    |    ^^^^^^^

warning: `tla-oracle` (lib test) generated 6 warnings (run `cargo fix --lib -p tla-oracle --tests` to apply 4 suggestions)
warning: `tla-oracle` (lib) generated 6 warnings (6 duplicates)
     Running `/home/ops/.rustup/toolchains/stable-x86_64-unknown-linux-gnu/bin/rustc --crate-name jobs --edition=2024 crates/tla-oracle/tests/jobs.rs --error-format=json --json=diagnostic-rendered-ansi,artifacts,future-incompat --emit=dep-info,link -C embed-bitcode=no -C debuginfo=2 '--warn=clippy::pedantic' '--deny=clippy::all' --forbid=unsafe_code '--allow=clippy::similar_names' '--allow=clippy::must_use_candidate' '--allow=clippy::missing_errors_doc' --test --check-cfg 'cfg(docsrs,test)' --check-cfg 'cfg(feature, values())' -C metadata=c96bd47a0a5f8df1 -C extra-filename=-9836ff370b14868d --out-dir /tmp/cargo-mutants-tlatools-rs-5hvWlL.tmp/target/debug/deps -C incremental=/tmp/cargo-mutants-tlatools-rs-5hvWlL.tmp/target/debug/incremental -L dependency=/tmp/cargo-mutants-tlatools-rs-5hvWlL.tmp/target/debug/deps --extern serde=/tmp/cargo-mutants-tlatools-rs-5hvWlL.tmp/target/debug/deps/libserde-50e58405f4925bd5.rlib --extern serde_json=/tmp/cargo-mutants-tlatools-rs-5hvWlL.tmp/target/debug/deps/libserde_json-1f53e1b7a8e26068.rlib --extern tla_eval=/tmp/cargo-mutants-tlatools-rs-5hvWlL.tmp/target/debug/deps/libtla_eval-9723028bc8fab821.rlib --extern tla_oracle=/tmp/cargo-mutants-tlatools-rs-5hvWlL.tmp/target/debug/deps/libtla_oracle-05e96871ddace9ec.rlib --extern tla_syntax=/tmp/cargo-mutants-tlatools-rs-5hvWlL.tmp/target/debug/deps/libtla_syntax-169d03993c2aec3f.rlib`
    Finished `test` profile [unoptimized + debuginfo] target(s) in 0.44s
  Executable `/tmp/cargo-mutants-tlatools-rs-5hvWlL.tmp/target/debug/deps/tla_oracle-1cfd7f127e84a435`
  Executable `/tmp/cargo-mutants-tlatools-rs-5hvWlL.tmp/target/debug/deps/jobs-9836ff370b14868d`

*** result: Success

*** /home/ops/.rustup/toolchains/stable-x86_64-unknown-linux-gnu/bin/cargo test --verbose --package=tla-oracle@0.1.0
       Fresh unicode-ident v1.0.24
       Fresh proc-macro2 v1.0.107
       Fresh itoa v1.0.18
       Fresh tla-syntax v0.1.0 (/tmp/cargo-mutants-tlatools-rs-5hvWlL.tmp/crates/tla-syntax)
       Fresh memchr v2.8.3
       Fresh quote v1.0.47
       Fresh tla-eval v0.1.0 (/tmp/cargo-mutants-tlatools-rs-5hvWlL.tmp/crates/tla-eval)
       Fresh serde_core v1.0.229
       Fresh syn v3.0.3
       Fresh zmij v1.0.23
       Fresh serde_derive v1.0.229
       Fresh serde_json v1.0.151
       Fresh serde v1.0.229
warning: unused variable: `job`
   --> crates/tla-oracle/src/check.rs:228:5
    |
228 |     job: &Job,
    |     ^^^ help: if this is intentional, prefix it with an underscore: `_job`
    |
    = note: `#[warn(unused_variables)]` (part of `#[warn(unused)]`) on by default

warning: unused variable: `evaluator`
   --> crates/tla-oracle/src/check.rs:229:5
    |
229 |     evaluator: &Evaluator<'_>,
    |     ^^^^^^^^^ help: if this is intentional, prefix it with an underscore: `_evaluator`

warning: unused variable: `states`
   --> crates/tla-oracle/src/check.rs:230:5
    |
230 |     states: &[State],
    |     ^^^^^^ help: if this is intentional, prefix it with an underscore: `_states`

warning: unused variable: `stats`
   --> crates/tla-oracle/src/check.rs:231:5
    |
231 |     stats: &mut Stats,
    |     ^^^^^ help: if this is intentional, prefix it with an underscore: `_stats`

warning: constant `MAX_BLOCKED` is never used
   --> crates/tla-oracle/src/check.rs:104:7
    |
104 | const MAX_BLOCKED: usize = 4;
    |       ^^^^^^^^^^^
    |
    = note: `#[warn(dead_code)]` (part of `#[warn(unused)]`) on by default

warning: function `explain` is never used
   --> crates/tla-oracle/src/check.rs:324:4
    |
324 | fn explain(from: &State, to: &State, closest: Option<&BlockedReport>) -> String {
    |    ^^^^^^^

warning: `tla-oracle` (lib) generated 6 warnings (run `cargo fix --lib -p tla-oracle` to apply 4 suggestions)
warning: `tla-oracle` (lib test) generated 6 warnings (6 duplicates)
       Fresh tla-oracle v0.1.0 (/tmp/cargo-mutants-tlatools-rs-5hvWlL.tmp/crates/tla-oracle)
    Finished `test` profile [unoptimized + debuginfo] target(s) in 0.01s
     Running `/tmp/cargo-mutants-tlatools-rs-5hvWlL.tmp/target/debug/deps/tla_oracle-1cfd7f127e84a435`

running 0 tests

test result: ok. 0 passed; 0 failed; 0 ignored; 0 measured; 0 filtered out; finished in 0.00s

     Running `/tmp/cargo-mutants-tlatools-rs-5hvWlL.tmp/target/debug/deps/jobs-9836ff370b14868d`

running 13 tests
test a_broken_specification_is_an_error_not_a_verdict ... ok
test a_constant_without_a_value_is_an_error ... ok
test a_missing_variable_is_a_contract_violation ... ok
test duplicate_members_of_a_set_are_rejected ... ok
test a_legal_walk_passes ... FAILED
test a_passing_check_carries_no_diagnosis ... ok
test a_refinement_failure_names_the_action_that_came_closest ... FAILED
test a_reachable_outcome_passes ... ok
test an_illegal_root_is_an_init_failure ... ok
test a_state_of_the_wrong_shape_is_a_contract_violation ... ok
test an_illegal_edge_is_named ... FAILED
test the_status_names_match_the_harness_vocabulary ... ok
test an_unreachable_outcome_is_a_coverage_failure ... ok

failures:

---- a_legal_walk_passes stdout ----

thread 'a_legal_walk_passes' (4142134) panicked at crates/tla-oracle/tests/jobs.rs:46:5:
assertion `left == right` failed
  left: 0
 right: 2
note: run with `RUST_BACKTRACE=1` environment variable to display a backtrace

---- a_refinement_failure_names_the_action_that_came_closest stdout ----

thread 'a_refinement_failure_names_the_action_that_came_closest' (4142138) panicked at crates/tla-oracle/tests/jobs.rs:173:42:
an action came close

---- an_illegal_edge_is_named stdout ----

thread 'an_illegal_edge_is_named' (4142140) panicked at crates/tla-oracle/tests/jobs.rs:69:5:
assertion `left == right` failed: all obligations discharged
  left: Pass
 right: Refines


failures:
    a_legal_walk_passes
    a_refinement_failure_names_the_action_that_came_closest
    an_illegal_edge_is_named

test result: FAILED. 10 passed; 3 failed; 0 ignored; 0 measured; 0 filtered out; finished in 0.00s

error: test failed, to rerun pass `-p tla-oracle --test jobs`

*** result: Failure(101)
