
*** crates/tla-syntax/src/parser.rs:877:9: replace Parser::bracket_form -> Result<Expr> with Ok(Default::default())

*** mutation diff:
--- crates/tla-syntax/src/parser.rs
+++ replace Parser::bracket_form -> Result<Expr> with Ok(Default::default())
@@ -869,76 +869,17 @@
                 items.push(p.expr(0)?);
             }
             p.expect(&Tok::RBrace)?;
             Ok(Expr::SetEnum(items))
         })
     }
 
     fn bracket_form(&mut self) -> Result<Expr> {
-        let shape = if self.subscript_follows_bracket() {
-            Shape::Closed
-        } else {
-            self.shape()
-        };
-        let inner = self.bracketed(|p| match shape {
-            Shape::MapsTo { bounded: true } => {
-                let bounds = p.bounds(&Tok::MapsTo)?;
-                p.expect(&Tok::MapsTo)?;
-                let body = p.expr(0)?;
-                p.expect(&Tok::RBrack)?;
-                Ok(Expr::FnDef {
-                    bounds,
-                    body: Box::new(body),
-                })
-            }
-            Shape::MapsTo { bounded: false } => {
-                let fields = p.field_list(&Tok::MapsTo)?;
-                p.expect(&Tok::RBrack)?;
-                Ok(Expr::Record(fields))
-            }
-            Shape::Colon { .. } => {
-                let fields = p.field_list(&Tok::Colon)?;
-                p.expect(&Tok::RBrack)?;
-                Ok(Expr::RecordSet(fields))
-            }
-            Shape::Arrow => {
-                let domain = p.expr(0)?;
-                p.expect(&Tok::Arrow)?;
-                let range = p.expr(0)?;
-                p.expect(&Tok::RBrack)?;
-                Ok(Expr::FnSet {
-                    domain: Box::new(domain),
-                    range: Box::new(range),
-                })
-            }
-            Shape::Except => {
-                let base = p.expr(0)?;
-                p.expect(&Tok::Kw(Kw::Except))?;
-                let updates = p.except_updates()?;
-                p.expect(&Tok::RBrack)?;
-                Ok(Expr::Except {
-                    base: Box::new(base),
-                    updates,
-                })
-            }
-            Shape::Closed => {
-                let action = p.expr(0)?;
-                p.expect(&Tok::RBrack)?;
-                Ok(action)
-            }
-        })?;
-        if shape != Shape::Closed {
-            return Ok(inner);
-        }
-        let subscript = self.subscript()?;
-        Ok(Expr::ActionBox {
-            action: Box::new(inner),
-            subscript: Box::new(subscript),
-        })
+        Ok(Default::default()) /* ~ changed by cargo-mutants ~ */
     }
 
     fn field_list(&mut self, sep: &Tok) -> Result<Vec<(String, Expr)>> {
         let mut out = Vec::new();
         loop {
             let name = self.expect_ident()?;
             self.expect(sep)?;
             out.push((name, self.expr(0)?));


*** /home/ops/.rustup/toolchains/stable-x86_64-unknown-linux-gnu/bin/cargo test --no-run --verbose --package=tla-syntax@0.1.0
       Dirty tla-syntax v0.1.0 (/tmp/cargo-mutants-tlatools-rs-oqtjrh.tmp/crates/tla-syntax): couldn't read metadata for file `target/debug/deps/libtla_syntax-169d03993c2aec3f.rlib`
   Compiling tla-syntax v0.1.0 (/tmp/cargo-mutants-tlatools-rs-oqtjrh.tmp/crates/tla-syntax)
     Running `/home/ops/.rustup/toolchains/stable-x86_64-unknown-linux-gnu/bin/rustc --crate-name tla_syntax --edition=2024 crates/tla-syntax/src/lib.rs --error-format=json --json=diagnostic-rendered-ansi,artifacts,future-incompat --crate-type lib --emit=dep-info,metadata,link -C embed-bitcode=no -C debuginfo=2 '--warn=clippy::pedantic' '--deny=clippy::all' --forbid=unsafe_code '--allow=clippy::similar_names' '--allow=clippy::must_use_candidate' '--allow=clippy::missing_errors_doc' --check-cfg 'cfg(docsrs,test)' --check-cfg 'cfg(feature, values())' -C metadata=85b1367430153dc6 -C extra-filename=-169d03993c2aec3f --out-dir /tmp/cargo-mutants-tlatools-rs-oqtjrh.tmp/target/debug/deps -C incremental=/tmp/cargo-mutants-tlatools-rs-oqtjrh.tmp/target/debug/incremental -L dependency=/tmp/cargo-mutants-tlatools-rs-oqtjrh.tmp/target/debug/deps`
     Running `/home/ops/.rustup/toolchains/stable-x86_64-unknown-linux-gnu/bin/rustc --crate-name tla_syntax --edition=2024 crates/tla-syntax/src/lib.rs --error-format=json --json=diagnostic-rendered-ansi,artifacts,future-incompat --emit=dep-info,link -C embed-bitcode=no -C debuginfo=2 '--warn=clippy::pedantic' '--deny=clippy::all' --forbid=unsafe_code '--allow=clippy::similar_names' '--allow=clippy::must_use_candidate' '--allow=clippy::missing_errors_doc' --test --check-cfg 'cfg(docsrs,test)' --check-cfg 'cfg(feature, values())' -C metadata=b9cdaea3d809ecd1 -C extra-filename=-7b1a32620c4b87af --out-dir /tmp/cargo-mutants-tlatools-rs-oqtjrh.tmp/target/debug/deps -C incremental=/tmp/cargo-mutants-tlatools-rs-oqtjrh.tmp/target/debug/incremental -L dependency=/tmp/cargo-mutants-tlatools-rs-oqtjrh.tmp/target/debug/deps`
error[E0277]: the trait bound `Expr: Default` is not satisfied
   --> crates/tla-syntax/src/parser.rs:877:12
    |
877 |         Ok(Default::default()) /* ~ changed by cargo-mutants ~ */
    |            ^^^^^^^^^^^^^^^^^^ unsatisfied trait bound
    |
help: the trait `Default` is not implemented for `Expr`
   --> crates/tla-syntax/src/ast.rs:132:1
    |
132 | pub enum Expr {
    | ^^^^^^^^^^^^^

For more information about this error, try `rustc --explain E0277`.
error: could not compile `tla-syntax` (lib) due to 1 previous error

Caused by:
  process didn't exit successfully: `/home/ops/.rustup/toolchains/stable-x86_64-unknown-linux-gnu/bin/rustc --crate-name tla_syntax --edition=2024 crates/tla-syntax/src/lib.rs --error-format=json --json=diagnostic-rendered-ansi,artifacts,future-incompat --crate-type lib --emit=dep-info,metadata,link -C embed-bitcode=no -C debuginfo=2 '--warn=clippy::pedantic' '--deny=clippy::all' --forbid=unsafe_code '--allow=clippy::similar_names' '--allow=clippy::must_use_candidate' '--allow=clippy::missing_errors_doc' --check-cfg 'cfg(docsrs,test)' --check-cfg 'cfg(feature, values())' -C metadata=85b1367430153dc6 -C extra-filename=-169d03993c2aec3f --out-dir /tmp/cargo-mutants-tlatools-rs-oqtjrh.tmp/target/debug/deps -C incremental=/tmp/cargo-mutants-tlatools-rs-oqtjrh.tmp/target/debug/incremental -L dependency=/tmp/cargo-mutants-tlatools-rs-oqtjrh.tmp/target/debug/deps` (exit status: 1)
warning: build failed, waiting for other jobs to finish...
error: could not compile `tla-syntax` (lib test) due to 1 previous error

Caused by:
  process didn't exit successfully: `/home/ops/.rustup/toolchains/stable-x86_64-unknown-linux-gnu/bin/rustc --crate-name tla_syntax --edition=2024 crates/tla-syntax/src/lib.rs --error-format=json --json=diagnostic-rendered-ansi,artifacts,future-incompat --emit=dep-info,link -C embed-bitcode=no -C debuginfo=2 '--warn=clippy::pedantic' '--deny=clippy::all' --forbid=unsafe_code '--allow=clippy::similar_names' '--allow=clippy::must_use_candidate' '--allow=clippy::missing_errors_doc' --test --check-cfg 'cfg(docsrs,test)' --check-cfg 'cfg(feature, values())' -C metadata=b9cdaea3d809ecd1 -C extra-filename=-7b1a32620c4b87af --out-dir /tmp/cargo-mutants-tlatools-rs-oqtjrh.tmp/target/debug/deps -C incremental=/tmp/cargo-mutants-tlatools-rs-oqtjrh.tmp/target/debug/incremental -L dependency=/tmp/cargo-mutants-tlatools-rs-oqtjrh.tmp/target/debug/deps` (exit status: 1)

*** result: Failure(101)
