
*** crates/tla-syntax/src/parser.rs:13:5: replace parse_expression -> Result<Expr> with Ok(Default::default())

*** mutation diff:
--- crates/tla-syntax/src/parser.rs
+++ replace parse_expression -> Result<Expr> with Ok(Default::default())
@@ -5,23 +5,17 @@
 
 pub fn parse_module(src: &str) -> Result<Module> {
     Parser::new(lex(src)?).module()
 }
 
 /// Parse a bare expression, with no surrounding module. Task definitions carry
 /// predicates as strings, and they have nowhere else to live.
 pub fn parse_expression(src: &str) -> Result<Expr> {
-    let mut p = Parser::new(lex(src)?);
-    let e = p.expr(0)?;
-    if matches!(p.peek(), Tok::Eof) {
-        Ok(e)
-    } else {
-        Err(p.err(format!("unexpected {:?} after the expression", p.peek())))
-    }
+    Ok(Default::default()) /* ~ changed by cargo-mutants ~ */
 }
 
 struct Parser {
     toks: Vec<Token>,
     pos: usize,
     /// Column fences from enclosing junction lists. A token at or left of the
     /// innermost fence ends the current conjunct; a bracketed context pushes 0
     /// to suspend the rule while inside it.


*** /home/ops/.rustup/toolchains/stable-x86_64-unknown-linux-gnu/bin/cargo test --no-run --verbose --package=tla-syntax@0.1.0
       Dirty tla-syntax v0.1.0 (/tmp/cargo-mutants-tlatools-rs-5hvWlL.tmp/crates/tla-syntax): couldn't read metadata for file `target/debug/deps/libtla_syntax-169d03993c2aec3f.rlib`
   Compiling tla-syntax v0.1.0 (/tmp/cargo-mutants-tlatools-rs-5hvWlL.tmp/crates/tla-syntax)
     Running `/home/ops/.rustup/toolchains/stable-x86_64-unknown-linux-gnu/bin/rustc --crate-name tla_syntax --edition=2024 crates/tla-syntax/src/lib.rs --error-format=json --json=diagnostic-rendered-ansi,artifacts,future-incompat --crate-type lib --emit=dep-info,metadata,link -C embed-bitcode=no -C debuginfo=2 '--warn=clippy::pedantic' '--deny=clippy::all' --forbid=unsafe_code '--allow=clippy::similar_names' '--allow=clippy::must_use_candidate' '--allow=clippy::missing_errors_doc' --check-cfg 'cfg(docsrs,test)' --check-cfg 'cfg(feature, values())' -C metadata=85b1367430153dc6 -C extra-filename=-169d03993c2aec3f --out-dir /tmp/cargo-mutants-tlatools-rs-5hvWlL.tmp/target/debug/deps -C incremental=/tmp/cargo-mutants-tlatools-rs-5hvWlL.tmp/target/debug/incremental -L dependency=/tmp/cargo-mutants-tlatools-rs-5hvWlL.tmp/target/debug/deps`
     Running `/home/ops/.rustup/toolchains/stable-x86_64-unknown-linux-gnu/bin/rustc --crate-name tla_syntax --edition=2024 crates/tla-syntax/src/lib.rs --error-format=json --json=diagnostic-rendered-ansi,artifacts,future-incompat --emit=dep-info,link -C embed-bitcode=no -C debuginfo=2 '--warn=clippy::pedantic' '--deny=clippy::all' --forbid=unsafe_code '--allow=clippy::similar_names' '--allow=clippy::must_use_candidate' '--allow=clippy::missing_errors_doc' --test --check-cfg 'cfg(docsrs,test)' --check-cfg 'cfg(feature, values())' -C metadata=b9cdaea3d809ecd1 -C extra-filename=-7b1a32620c4b87af --out-dir /tmp/cargo-mutants-tlatools-rs-5hvWlL.tmp/target/debug/deps -C incremental=/tmp/cargo-mutants-tlatools-rs-5hvWlL.tmp/target/debug/incremental -L dependency=/tmp/cargo-mutants-tlatools-rs-5hvWlL.tmp/target/debug/deps`
error[E0277]: the trait bound `Expr: Default` is not satisfied
   --> crates/tla-syntax/src/parser.rs:13:8
    |
 13 |     Ok(Default::default()) /* ~ changed by cargo-mutants ~ */
    |        ^^^^^^^^^^^^^^^^^^ unsatisfied trait bound
    |
help: the trait `Default` is not implemented for `Expr`
   --> crates/tla-syntax/src/ast.rs:132:1
    |
132 | pub enum Expr {
    | ^^^^^^^^^^^^^

For more information about this error, try `rustc --explain E0277`.
error: could not compile `tla-syntax` (lib test) due to 1 previous error

Caused by:
  process didn't exit successfully: `/home/ops/.rustup/toolchains/stable-x86_64-unknown-linux-gnu/bin/rustc --crate-name tla_syntax --edition=2024 crates/tla-syntax/src/lib.rs --error-format=json --json=diagnostic-rendered-ansi,artifacts,future-incompat --emit=dep-info,link -C embed-bitcode=no -C debuginfo=2 '--warn=clippy::pedantic' '--deny=clippy::all' --forbid=unsafe_code '--allow=clippy::similar_names' '--allow=clippy::must_use_candidate' '--allow=clippy::missing_errors_doc' --test --check-cfg 'cfg(docsrs,test)' --check-cfg 'cfg(feature, values())' -C metadata=b9cdaea3d809ecd1 -C extra-filename=-7b1a32620c4b87af --out-dir /tmp/cargo-mutants-tlatools-rs-5hvWlL.tmp/target/debug/deps -C incremental=/tmp/cargo-mutants-tlatools-rs-5hvWlL.tmp/target/debug/incremental -L dependency=/tmp/cargo-mutants-tlatools-rs-5hvWlL.tmp/target/debug/deps` (exit status: 1)
warning: build failed, waiting for other jobs to finish...
error: could not compile `tla-syntax` (lib) due to 1 previous error

Caused by:
  process didn't exit successfully: `/home/ops/.rustup/toolchains/stable-x86_64-unknown-linux-gnu/bin/rustc --crate-name tla_syntax --edition=2024 crates/tla-syntax/src/lib.rs --error-format=json --json=diagnostic-rendered-ansi,artifacts,future-incompat --crate-type lib --emit=dep-info,metadata,link -C embed-bitcode=no -C debuginfo=2 '--warn=clippy::pedantic' '--deny=clippy::all' --forbid=unsafe_code '--allow=clippy::similar_names' '--allow=clippy::must_use_candidate' '--allow=clippy::missing_errors_doc' --check-cfg 'cfg(docsrs,test)' --check-cfg 'cfg(feature, values())' -C metadata=85b1367430153dc6 -C extra-filename=-169d03993c2aec3f --out-dir /tmp/cargo-mutants-tlatools-rs-5hvWlL.tmp/target/debug/deps -C incremental=/tmp/cargo-mutants-tlatools-rs-5hvWlL.tmp/target/debug/incremental -L dependency=/tmp/cargo-mutants-tlatools-rs-5hvWlL.tmp/target/debug/deps` (exit status: 1)

*** result: Failure(101)
