
*** crates/tla-oracle/src/schema.rs:152:5: replace decode_state -> Result<tla_eval::State> with Ok(Default::default())

*** mutation diff:
--- crates/tla-oracle/src/schema.rs
+++ replace decode_state -> Result<tla_eval::State> with Ok(Default::default())
@@ -144,38 +144,17 @@
 }
 
 /// Read a whole state: exactly the specification's variables, nothing else.
 pub fn decode_state(
     json: &Json,
     schema: &BTreeMap<String, Schema>,
     path: &str,
 ) -> Result<tla_eval::State> {
-    let given = object(json, path)?;
-    let expected: BTreeSet<&String> = schema.keys().collect();
-    let actual: BTreeSet<&String> = given.keys().collect();
-    if expected != actual {
-        return fail(
-            path,
-            format!(
-                "state keys must be exactly the specification's variables \
-                 (missing={:?}, unexpected={:?})",
-                sorted_diff(&expected, &actual),
-                sorted_diff(&actual, &expected)
-            ),
-        );
-    }
-    let mut state = tla_eval::State::new();
-    for (name, field) in schema {
-        state.insert(
-            name.clone(),
-            decode(&given[name], field, &format!("{path}.{name}"))?,
-        );
-    }
-    Ok(state)
+    Ok(Default::default()) /* ~ changed by cargo-mutants ~ */
 }
 
 fn array<'a>(json: &'a Json, path: &str) -> Result<&'a Vec<Json>> {
     json.as_array().map_or_else(
         || fail(path, format!("expected an array, got {}", kind_of(json))),
         Ok,
     )
 }


*** /home/ops/.rustup/toolchains/stable-x86_64-unknown-linux-gnu/bin/cargo test --no-run --verbose --package=tla-oracle@0.1.0
    Blocking waiting for file lock on package cache
    Blocking waiting for file lock on package cache
    Blocking waiting for file lock on package cache
       Fresh unicode-ident v1.0.24
       Fresh proc-macro2 v1.0.107
       Fresh tla-syntax v0.1.0 (/tmp/cargo-mutants-tlatools-rs-oqtjrh.tmp/crates/tla-syntax)
       Fresh itoa v1.0.18
       Fresh memchr v2.8.3
       Fresh quote v1.0.47
       Fresh tla-eval v0.1.0 (/tmp/cargo-mutants-tlatools-rs-oqtjrh.tmp/crates/tla-eval)
       Fresh syn v3.0.3
       Fresh serde_core v1.0.229
       Fresh zmij v1.0.23
       Fresh serde_derive v1.0.229
       Fresh serde_json v1.0.151
       Fresh serde v1.0.229
       Dirty tla-oracle v0.1.0 (/tmp/cargo-mutants-tlatools-rs-oqtjrh.tmp/crates/tla-oracle): the file `crates/tla-oracle/src/schema.rs` has changed (1786401646.206151983s, 1s after last build at 1786401645.760124670s)
   Compiling tla-oracle v0.1.0 (/tmp/cargo-mutants-tlatools-rs-oqtjrh.tmp/crates/tla-oracle)
     Running `/home/ops/.rustup/toolchains/stable-x86_64-unknown-linux-gnu/bin/rustc --crate-name tla_oracle --edition=2024 crates/tla-oracle/src/lib.rs --error-format=json --json=diagnostic-rendered-ansi,artifacts,future-incompat --emit=dep-info,link -C embed-bitcode=no -C debuginfo=2 '--warn=clippy::pedantic' '--deny=clippy::all' --forbid=unsafe_code '--allow=clippy::similar_names' '--allow=clippy::must_use_candidate' '--allow=clippy::missing_errors_doc' --test --check-cfg 'cfg(docsrs,test)' --check-cfg 'cfg(feature, values())' -C metadata=0ab41740dcdd59c9 -C extra-filename=-1cfd7f127e84a435 --out-dir /tmp/cargo-mutants-tlatools-rs-oqtjrh.tmp/target/debug/deps -C incremental=/tmp/cargo-mutants-tlatools-rs-oqtjrh.tmp/target/debug/incremental -L dependency=/tmp/cargo-mutants-tlatools-rs-oqtjrh.tmp/target/debug/deps --extern serde=/tmp/cargo-mutants-tlatools-rs-oqtjrh.tmp/target/debug/deps/libserde-50e58405f4925bd5.rlib --extern serde_json=/tmp/cargo-mutants-tlatools-rs-oqtjrh.tmp/target/debug/deps/libserde_json-1f53e1b7a8e26068.rlib --extern tla_eval=/tmp/cargo-mutants-tlatools-rs-oqtjrh.tmp/target/debug/deps/libtla_eval-9723028bc8fab821.rlib --extern tla_syntax=/tmp/cargo-mutants-tlatools-rs-oqtjrh.tmp/target/debug/deps/libtla_syntax-169d03993c2aec3f.rlib`
     Running `/home/ops/.rustup/toolchains/stable-x86_64-unknown-linux-gnu/bin/rustc --crate-name tla_oracle --edition=2024 crates/tla-oracle/src/lib.rs --error-format=json --json=diagnostic-rendered-ansi,artifacts,future-incompat --crate-type lib --emit=dep-info,metadata,link -C embed-bitcode=no -C debuginfo=2 '--warn=clippy::pedantic' '--deny=clippy::all' --forbid=unsafe_code '--allow=clippy::similar_names' '--allow=clippy::must_use_candidate' '--allow=clippy::missing_errors_doc' --check-cfg 'cfg(docsrs,test)' --check-cfg 'cfg(feature, values())' -C metadata=b83f616a193d2c4f -C extra-filename=-05e96871ddace9ec --out-dir /tmp/cargo-mutants-tlatools-rs-oqtjrh.tmp/target/debug/deps -C incremental=/tmp/cargo-mutants-tlatools-rs-oqtjrh.tmp/target/debug/incremental -L dependency=/tmp/cargo-mutants-tlatools-rs-oqtjrh.tmp/target/debug/deps --extern serde=/tmp/cargo-mutants-tlatools-rs-oqtjrh.tmp/target/debug/deps/libserde-50e58405f4925bd5.rmeta --extern serde_json=/tmp/cargo-mutants-tlatools-rs-oqtjrh.tmp/target/debug/deps/libserde_json-1f53e1b7a8e26068.rmeta --extern tla_eval=/tmp/cargo-mutants-tlatools-rs-oqtjrh.tmp/target/debug/deps/libtla_eval-9723028bc8fab821.rmeta --extern tla_syntax=/tmp/cargo-mutants-tlatools-rs-oqtjrh.tmp/target/debug/deps/libtla_syntax-169d03993c2aec3f.rmeta`
warning: unused variable: `json`
   --> crates/tla-oracle/src/schema.rs:148:5
    |
148 |     json: &Json,
    |     ^^^^ help: if this is intentional, prefix it with an underscore: `_json`
    |
    = note: `#[warn(unused_variables)]` (part of `#[warn(unused)]`) on by default

warning: unused variable: `schema`
   --> crates/tla-oracle/src/schema.rs:149:5
    |
149 |     schema: &BTreeMap<String, Schema>,
    |     ^^^^^^ help: if this is intentional, prefix it with an underscore: `_schema`

warning: unused variable: `path`
   --> crates/tla-oracle/src/schema.rs:150:5
    |
150 |     path: &str,
    |     ^^^^ help: if this is intentional, prefix it with an underscore: `_path`

warning: `tla-oracle` (lib test) generated 3 warnings (3 duplicates)
warning: `tla-oracle` (lib) generated 3 warnings (run `cargo fix --lib -p tla-oracle` to apply 3 suggestions)
     Running `/home/ops/.rustup/toolchains/stable-x86_64-unknown-linux-gnu/bin/rustc --crate-name jobs --edition=2024 crates/tla-oracle/tests/jobs.rs --error-format=json --json=diagnostic-rendered-ansi,artifacts,future-incompat --emit=dep-info,link -C embed-bitcode=no -C debuginfo=2 '--warn=clippy::pedantic' '--deny=clippy::all' --forbid=unsafe_code '--allow=clippy::similar_names' '--allow=clippy::must_use_candidate' '--allow=clippy::missing_errors_doc' --test --check-cfg 'cfg(docsrs,test)' --check-cfg 'cfg(feature, values())' -C metadata=c96bd47a0a5f8df1 -C extra-filename=-9836ff370b14868d --out-dir /tmp/cargo-mutants-tlatools-rs-oqtjrh.tmp/target/debug/deps -C incremental=/tmp/cargo-mutants-tlatools-rs-oqtjrh.tmp/target/debug/incremental -L dependency=/tmp/cargo-mutants-tlatools-rs-oqtjrh.tmp/target/debug/deps --extern serde=/tmp/cargo-mutants-tlatools-rs-oqtjrh.tmp/target/debug/deps/libserde-50e58405f4925bd5.rlib --extern serde_json=/tmp/cargo-mutants-tlatools-rs-oqtjrh.tmp/target/debug/deps/libserde_json-1f53e1b7a8e26068.rlib --extern tla_eval=/tmp/cargo-mutants-tlatools-rs-oqtjrh.tmp/target/debug/deps/libtla_eval-9723028bc8fab821.rlib --extern tla_oracle=/tmp/cargo-mutants-tlatools-rs-oqtjrh.tmp/target/debug/deps/libtla_oracle-05e96871ddace9ec.rlib --extern tla_syntax=/tmp/cargo-mutants-tlatools-rs-oqtjrh.tmp/target/debug/deps/libtla_syntax-169d03993c2aec3f.rlib`
    Finished `test` profile [unoptimized + debuginfo] target(s) in 0.34s
  Executable `/tmp/cargo-mutants-tlatools-rs-oqtjrh.tmp/target/debug/deps/tla_oracle-1cfd7f127e84a435`
  Executable `/tmp/cargo-mutants-tlatools-rs-oqtjrh.tmp/target/debug/deps/jobs-9836ff370b14868d`

*** result: Success

*** /home/ops/.rustup/toolchains/stable-x86_64-unknown-linux-gnu/bin/cargo test --verbose --package=tla-oracle@0.1.0
    Blocking waiting for file lock on package cache
    Blocking waiting for file lock on package cache
    Blocking waiting for file lock on package cache
       Fresh unicode-ident v1.0.24
       Fresh proc-macro2 v1.0.107
       Fresh tla-syntax v0.1.0 (/tmp/cargo-mutants-tlatools-rs-oqtjrh.tmp/crates/tla-syntax)
       Fresh itoa v1.0.18
       Fresh memchr v2.8.3
       Fresh quote v1.0.47
       Fresh tla-eval v0.1.0 (/tmp/cargo-mutants-tlatools-rs-oqtjrh.tmp/crates/tla-eval)
       Fresh syn v3.0.3
       Fresh serde_core v1.0.229
       Fresh zmij v1.0.23
       Fresh serde_derive v1.0.229
       Fresh serde_json v1.0.151
       Fresh serde v1.0.229
warning: unused variable: `json`
   --> crates/tla-oracle/src/schema.rs:148:5
    |
148 |     json: &Json,
    |     ^^^^ help: if this is intentional, prefix it with an underscore: `_json`
    |
    = note: `#[warn(unused_variables)]` (part of `#[warn(unused)]`) on by default

warning: unused variable: `schema`
   --> crates/tla-oracle/src/schema.rs:149:5
    |
149 |     schema: &BTreeMap<String, Schema>,
    |     ^^^^^^ help: if this is intentional, prefix it with an underscore: `_schema`

warning: unused variable: `path`
   --> crates/tla-oracle/src/schema.rs:150:5
    |
150 |     path: &str,
    |     ^^^^ help: if this is intentional, prefix it with an underscore: `_path`

warning: `tla-oracle` (lib) generated 3 warnings (run `cargo fix --lib -p tla-oracle` to apply 3 suggestions)
warning: `tla-oracle` (lib test) generated 3 warnings (3 duplicates)
       Fresh tla-oracle v0.1.0 (/tmp/cargo-mutants-tlatools-rs-oqtjrh.tmp/crates/tla-oracle)
    Finished `test` profile [unoptimized + debuginfo] target(s) in 0.01s
     Running `/tmp/cargo-mutants-tlatools-rs-oqtjrh.tmp/target/debug/deps/tla_oracle-1cfd7f127e84a435`

running 0 tests

test result: ok. 0 passed; 0 failed; 0 ignored; 0 measured; 0 filtered out; finished in 0.00s

     Running `/tmp/cargo-mutants-tlatools-rs-oqtjrh.tmp/target/debug/deps/jobs-9836ff370b14868d`

running 13 tests
test a_broken_specification_is_an_error_not_a_verdict ... ok
test a_constant_without_a_value_is_an_error ... ok
test duplicate_members_of_a_set_are_rejected ... FAILED
test a_legal_walk_passes ... FAILED
test a_missing_variable_is_a_contract_violation ... FAILED
test a_passing_check_carries_no_diagnosis ... ok
test a_refinement_failure_names_the_action_that_came_closest ... FAILED
test an_illegal_root_is_an_init_failure ... FAILED
test a_state_of_the_wrong_shape_is_a_contract_violation ... FAILED
test a_reachable_outcome_passes ... FAILED
test an_unreachable_outcome_is_a_coverage_failure ... FAILED
test an_illegal_edge_is_named ... FAILED
test the_status_names_match_the_harness_vocabulary ... FAILED

failures:

---- duplicate_members_of_a_set_are_rejected stdout ----

thread 'duplicate_members_of_a_set_are_rejected' (4148096) panicked at crates/tla-oracle/tests/jobs.rs:119:5:
assertion `left == right` failed: Init: the state gives no value for variable `s`
  left: Error
 right: Contract
note: run with `RUST_BACKTRACE=1` environment variable to display a backtrace

---- a_legal_walk_passes stdout ----

thread 'a_legal_walk_passes' (4148087) panicked at crates/tla-oracle/tests/jobs.rs:45:5:
assertion `left == right` failed: Init: the state gives no value for variable `buf`
  left: Error
 right: Pass

---- a_missing_variable_is_a_contract_violation stdout ----

thread 'a_missing_variable_is_a_contract_violation' (4148088) panicked at crates/tla-oracle/tests/jobs.rs:106:5:
assertion `left == right` failed: Init: the state gives no value for variable `buf`
  left: Error
 right: Contract

---- a_refinement_failure_names_the_action_that_came_closest stdout ----

thread 'a_refinement_failure_names_the_action_that_came_closest' (4148091) panicked at crates/tla-oracle/tests/jobs.rs:173:42:
an action came close

---- an_illegal_root_is_an_init_failure stdout ----

thread 'an_illegal_root_is_an_init_failure' (4148094) panicked at crates/tla-oracle/tests/jobs.rs:53:5:
assertion `left == right` failed: Init: the state gives no value for variable `buf`
  left: Error
 right: Init

---- a_state_of_the_wrong_shape_is_a_contract_violation stdout ----

thread 'a_state_of_the_wrong_shape_is_a_contract_violation' (4148092) panicked at crates/tla-oracle/tests/jobs.rs:98:5:
assertion `left == right` failed: Init: the state gives no value for variable `buf`
  left: Error
 right: Contract

---- a_reachable_outcome_passes stdout ----

thread 'a_reachable_outcome_passes' (4148090) panicked at crates/tla-oracle/tests/jobs.rs:88:5:
assertion `left == right` failed: Init: the state gives no value for variable `buf`
  left: Error
 right: Pass

---- an_unreachable_outcome_is_a_coverage_failure stdout ----

thread 'an_unreachable_outcome_is_a_coverage_failure' (4148095) panicked at crates/tla-oracle/tests/jobs.rs:80:5:
assertion `left == right` failed: Init: the state gives no value for variable `buf`
  left: Error
 right: Coverage

---- an_illegal_edge_is_named stdout ----

thread 'an_illegal_edge_is_named' (4148093) panicked at crates/tla-oracle/tests/jobs.rs:69:5:
assertion `left == right` failed: Init: the state gives no value for variable `buf`
  left: Error
 right: Refines

---- the_status_names_match_the_harness_vocabulary stdout ----

thread 'the_status_names_match_the_harness_vocabulary' (4148097) panicked at crates/tla-oracle/tests/jobs.rs:157:5:
assertion `left == right` failed
  left: String("error")
 right: "contract_violation"


failures:
    a_legal_walk_passes
    a_missing_variable_is_a_contract_violation
    a_reachable_outcome_passes
    a_refinement_failure_names_the_action_that_came_closest
    a_state_of_the_wrong_shape_is_a_contract_violation
    an_illegal_edge_is_named
    an_illegal_root_is_an_init_failure
    an_unreachable_outcome_is_a_coverage_failure
    duplicate_members_of_a_set_are_rejected
    the_status_names_match_the_harness_vocabulary

test result: FAILED. 3 passed; 10 failed; 0 ignored; 0 measured; 0 filtered out; finished in 0.00s

error: test failed, to rerun pass `-p tla-oracle --test jobs`

*** result: Failure(101)
