
*** baseline

*** /home/ops/.rustup/toolchains/stable-x86_64-unknown-linux-gnu/bin/cargo test --no-run --verbose --package=tla-eval@0.1.0 --package=tla-syntax@0.1.0
   Compiling tla-syntax v0.1.0 (/tmp/cargo-mutants-tlatools-rs-wuBbcL.tmp/crates/tla-syntax)
     Running `/home/ops/.rustup/toolchains/stable-x86_64-unknown-linux-gnu/bin/rustc --crate-name tla_syntax --edition=2024 crates/tla-syntax/src/lib.rs --error-format=json --json=diagnostic-rendered-ansi,artifacts,future-incompat --crate-type lib --emit=dep-info,metadata,link -C embed-bitcode=no -C debuginfo=2 '--warn=clippy::pedantic' '--deny=clippy::all' --forbid=unsafe_code '--allow=clippy::similar_names' '--allow=clippy::must_use_candidate' '--allow=clippy::missing_errors_doc' --check-cfg 'cfg(docsrs,test)' --check-cfg 'cfg(feature, values())' -C metadata=85b1367430153dc6 -C extra-filename=-169d03993c2aec3f --out-dir /tmp/cargo-mutants-tlatools-rs-wuBbcL.tmp/target/debug/deps -C incremental=/tmp/cargo-mutants-tlatools-rs-wuBbcL.tmp/target/debug/incremental -L dependency=/tmp/cargo-mutants-tlatools-rs-wuBbcL.tmp/target/debug/deps`
     Running `/home/ops/.rustup/toolchains/stable-x86_64-unknown-linux-gnu/bin/rustc --crate-name tla_syntax --edition=2024 crates/tla-syntax/src/lib.rs --error-format=json --json=diagnostic-rendered-ansi,artifacts,future-incompat --emit=dep-info,link -C embed-bitcode=no -C debuginfo=2 '--warn=clippy::pedantic' '--deny=clippy::all' --forbid=unsafe_code '--allow=clippy::similar_names' '--allow=clippy::must_use_candidate' '--allow=clippy::missing_errors_doc' --test --check-cfg 'cfg(docsrs,test)' --check-cfg 'cfg(feature, values())' -C metadata=b9cdaea3d809ecd1 -C extra-filename=-7b1a32620c4b87af --out-dir /tmp/cargo-mutants-tlatools-rs-wuBbcL.tmp/target/debug/deps -C incremental=/tmp/cargo-mutants-tlatools-rs-wuBbcL.tmp/target/debug/incremental -L dependency=/tmp/cargo-mutants-tlatools-rs-wuBbcL.tmp/target/debug/deps`
   Compiling tla-eval v0.1.0 (/tmp/cargo-mutants-tlatools-rs-wuBbcL.tmp/crates/tla-eval)
     Running `/home/ops/.rustup/toolchains/stable-x86_64-unknown-linux-gnu/bin/rustc --crate-name tla_eval --edition=2024 crates/tla-eval/src/lib.rs --error-format=json --json=diagnostic-rendered-ansi,artifacts,future-incompat --crate-type lib --emit=dep-info,metadata,link -C embed-bitcode=no -C debuginfo=2 '--warn=clippy::pedantic' '--deny=clippy::all' --forbid=unsafe_code '--allow=clippy::similar_names' '--allow=clippy::must_use_candidate' '--allow=clippy::missing_errors_doc' --check-cfg 'cfg(docsrs,test)' --check-cfg 'cfg(feature, values())' -C metadata=9d57265a0ef5a3e3 -C extra-filename=-9723028bc8fab821 --out-dir /tmp/cargo-mutants-tlatools-rs-wuBbcL.tmp/target/debug/deps -C incremental=/tmp/cargo-mutants-tlatools-rs-wuBbcL.tmp/target/debug/incremental -L dependency=/tmp/cargo-mutants-tlatools-rs-wuBbcL.tmp/target/debug/deps --extern tla_syntax=/tmp/cargo-mutants-tlatools-rs-wuBbcL.tmp/target/debug/deps/libtla_syntax-169d03993c2aec3f.rmeta`
     Running `/home/ops/.rustup/toolchains/stable-x86_64-unknown-linux-gnu/bin/rustc --crate-name parse_specs --edition=2024 crates/tla-syntax/tests/parse_specs.rs --error-format=json --json=diagnostic-rendered-ansi,artifacts,future-incompat --emit=dep-info,link -C embed-bitcode=no -C debuginfo=2 '--warn=clippy::pedantic' '--deny=clippy::all' --forbid=unsafe_code '--allow=clippy::similar_names' '--allow=clippy::must_use_candidate' '--allow=clippy::missing_errors_doc' --test --check-cfg 'cfg(docsrs,test)' --check-cfg 'cfg(feature, values())' -C metadata=a8f81c428969cd5b -C extra-filename=-f79b0d0a70f894ac --out-dir /tmp/cargo-mutants-tlatools-rs-wuBbcL.tmp/target/debug/deps -C incremental=/tmp/cargo-mutants-tlatools-rs-wuBbcL.tmp/target/debug/incremental -L dependency=/tmp/cargo-mutants-tlatools-rs-wuBbcL.tmp/target/debug/deps --extern tla_syntax=/tmp/cargo-mutants-tlatools-rs-wuBbcL.tmp/target/debug/deps/libtla_syntax-169d03993c2aec3f.rlib`
     Running `/home/ops/.rustup/toolchains/stable-x86_64-unknown-linux-gnu/bin/rustc --crate-name boundaries --edition=2024 crates/tla-syntax/tests/boundaries.rs --error-format=json --json=diagnostic-rendered-ansi,artifacts,future-incompat --emit=dep-info,link -C embed-bitcode=no -C debuginfo=2 '--warn=clippy::pedantic' '--deny=clippy::all' --forbid=unsafe_code '--allow=clippy::similar_names' '--allow=clippy::must_use_candidate' '--allow=clippy::missing_errors_doc' --test --check-cfg 'cfg(docsrs,test)' --check-cfg 'cfg(feature, values())' -C metadata=54b9e5ec2794f140 -C extra-filename=-9be27ec779ef4ecc --out-dir /tmp/cargo-mutants-tlatools-rs-wuBbcL.tmp/target/debug/deps -C incremental=/tmp/cargo-mutants-tlatools-rs-wuBbcL.tmp/target/debug/incremental -L dependency=/tmp/cargo-mutants-tlatools-rs-wuBbcL.tmp/target/debug/deps --extern tla_syntax=/tmp/cargo-mutants-tlatools-rs-wuBbcL.tmp/target/debug/deps/libtla_syntax-169d03993c2aec3f.rlib`
     Running `/home/ops/.rustup/toolchains/stable-x86_64-unknown-linux-gnu/bin/rustc --crate-name depth --edition=2024 crates/tla-syntax/examples/depth.rs --error-format=json --json=diagnostic-rendered-ansi,artifacts,future-incompat --crate-type bin --emit=dep-info,link -C embed-bitcode=no -C debuginfo=2 '--warn=clippy::pedantic' '--deny=clippy::all' --forbid=unsafe_code '--allow=clippy::similar_names' '--allow=clippy::must_use_candidate' '--allow=clippy::missing_errors_doc' --check-cfg 'cfg(docsrs,test)' --check-cfg 'cfg(feature, values())' -C metadata=945ad0d3a4da74b3 -C extra-filename=-2ef4d05ce566e5e5 --out-dir /tmp/cargo-mutants-tlatools-rs-wuBbcL.tmp/target/debug/examples -C incremental=/tmp/cargo-mutants-tlatools-rs-wuBbcL.tmp/target/debug/incremental -L dependency=/tmp/cargo-mutants-tlatools-rs-wuBbcL.tmp/target/debug/deps --extern tla_syntax=/tmp/cargo-mutants-tlatools-rs-wuBbcL.tmp/target/debug/deps/libtla_syntax-169d03993c2aec3f.rlib`
     Running `/home/ops/.rustup/toolchains/stable-x86_64-unknown-linux-gnu/bin/rustc --crate-name tla_eval --edition=2024 crates/tla-eval/src/lib.rs --error-format=json --json=diagnostic-rendered-ansi,artifacts,future-incompat --emit=dep-info,link -C embed-bitcode=no -C debuginfo=2 '--warn=clippy::pedantic' '--deny=clippy::all' --forbid=unsafe_code '--allow=clippy::similar_names' '--allow=clippy::must_use_candidate' '--allow=clippy::missing_errors_doc' --test --check-cfg 'cfg(docsrs,test)' --check-cfg 'cfg(feature, values())' -C metadata=30c97671448b5d79 -C extra-filename=-ecdad261fb53d0a2 --out-dir /tmp/cargo-mutants-tlatools-rs-wuBbcL.tmp/target/debug/deps -C incremental=/tmp/cargo-mutants-tlatools-rs-wuBbcL.tmp/target/debug/incremental -L dependency=/tmp/cargo-mutants-tlatools-rs-wuBbcL.tmp/target/debug/deps --extern tla_syntax=/tmp/cargo-mutants-tlatools-rs-wuBbcL.tmp/target/debug/deps/libtla_syntax-169d03993c2aec3f.rlib`
     Running `/home/ops/.rustup/toolchains/stable-x86_64-unknown-linux-gnu/bin/rustc --crate-name grammar --edition=2024 crates/tla-syntax/tests/grammar.rs --error-format=json --json=diagnostic-rendered-ansi,artifacts,future-incompat --emit=dep-info,link -C embed-bitcode=no -C debuginfo=2 '--warn=clippy::pedantic' '--deny=clippy::all' --forbid=unsafe_code '--allow=clippy::similar_names' '--allow=clippy::must_use_candidate' '--allow=clippy::missing_errors_doc' --test --check-cfg 'cfg(docsrs,test)' --check-cfg 'cfg(feature, values())' -C metadata=0802b3514e0199db -C extra-filename=-209c7b39092f9a9f --out-dir /tmp/cargo-mutants-tlatools-rs-wuBbcL.tmp/target/debug/deps -C incremental=/tmp/cargo-mutants-tlatools-rs-wuBbcL.tmp/target/debug/incremental -L dependency=/tmp/cargo-mutants-tlatools-rs-wuBbcL.tmp/target/debug/deps --extern tla_syntax=/tmp/cargo-mutants-tlatools-rs-wuBbcL.tmp/target/debug/deps/libtla_syntax-169d03993c2aec3f.rlib`
     Running `/home/ops/.rustup/toolchains/stable-x86_64-unknown-linux-gnu/bin/rustc --crate-name robustness --edition=2024 crates/tla-syntax/tests/robustness.rs --error-format=json --json=diagnostic-rendered-ansi,artifacts,future-incompat --emit=dep-info,link -C embed-bitcode=no -C debuginfo=2 '--warn=clippy::pedantic' '--deny=clippy::all' --forbid=unsafe_code '--allow=clippy::similar_names' '--allow=clippy::must_use_candidate' '--allow=clippy::missing_errors_doc' --test --check-cfg 'cfg(docsrs,test)' --check-cfg 'cfg(feature, values())' -C metadata=3b1de0d84c0f7391 -C extra-filename=-4657dcdff6c43e2f --out-dir /tmp/cargo-mutants-tlatools-rs-wuBbcL.tmp/target/debug/deps -C incremental=/tmp/cargo-mutants-tlatools-rs-wuBbcL.tmp/target/debug/incremental -L dependency=/tmp/cargo-mutants-tlatools-rs-wuBbcL.tmp/target/debug/deps --extern tla_syntax=/tmp/cargo-mutants-tlatools-rs-wuBbcL.tmp/target/debug/deps/libtla_syntax-169d03993c2aec3f.rlib`
     Running `/home/ops/.rustup/toolchains/stable-x86_64-unknown-linux-gnu/bin/rustc --crate-name queries --edition=2024 crates/tla-syntax/tests/queries.rs --error-format=json --json=diagnostic-rendered-ansi,artifacts,future-incompat --emit=dep-info,link -C embed-bitcode=no -C debuginfo=2 '--warn=clippy::pedantic' '--deny=clippy::all' --forbid=unsafe_code '--allow=clippy::similar_names' '--allow=clippy::must_use_candidate' '--allow=clippy::missing_errors_doc' --test --check-cfg 'cfg(docsrs,test)' --check-cfg 'cfg(feature, values())' -C metadata=fc19234c6e95ae98 -C extra-filename=-2cacbc55350fea8e --out-dir /tmp/cargo-mutants-tlatools-rs-wuBbcL.tmp/target/debug/deps -C incremental=/tmp/cargo-mutants-tlatools-rs-wuBbcL.tmp/target/debug/incremental -L dependency=/tmp/cargo-mutants-tlatools-rs-wuBbcL.tmp/target/debug/deps --extern tla_syntax=/tmp/cargo-mutants-tlatools-rs-wuBbcL.tmp/target/debug/deps/libtla_syntax-169d03993c2aec3f.rlib`
     Running `/home/ops/.rustup/toolchains/stable-x86_64-unknown-linux-gnu/bin/rustc --crate-name printing --edition=2024 crates/tla-syntax/tests/printing.rs --error-format=json --json=diagnostic-rendered-ansi,artifacts,future-incompat --emit=dep-info,link -C embed-bitcode=no -C debuginfo=2 '--warn=clippy::pedantic' '--deny=clippy::all' --forbid=unsafe_code '--allow=clippy::similar_names' '--allow=clippy::must_use_candidate' '--allow=clippy::missing_errors_doc' --test --check-cfg 'cfg(docsrs,test)' --check-cfg 'cfg(feature, values())' -C metadata=630f5e3de7b96aa4 -C extra-filename=-a0b972b47931cbf0 --out-dir /tmp/cargo-mutants-tlatools-rs-wuBbcL.tmp/target/debug/deps -C incremental=/tmp/cargo-mutants-tlatools-rs-wuBbcL.tmp/target/debug/incremental -L dependency=/tmp/cargo-mutants-tlatools-rs-wuBbcL.tmp/target/debug/deps --extern tla_syntax=/tmp/cargo-mutants-tlatools-rs-wuBbcL.tmp/target/debug/deps/libtla_syntax-169d03993c2aec3f.rlib`
     Running `/home/ops/.rustup/toolchains/stable-x86_64-unknown-linux-gnu/bin/rustc --crate-name golden --edition=2024 crates/tla-syntax/tests/golden.rs --error-format=json --json=diagnostic-rendered-ansi,artifacts,future-incompat --emit=dep-info,link -C embed-bitcode=no -C debuginfo=2 '--warn=clippy::pedantic' '--deny=clippy::all' --forbid=unsafe_code '--allow=clippy::similar_names' '--allow=clippy::must_use_candidate' '--allow=clippy::missing_errors_doc' --test --check-cfg 'cfg(docsrs,test)' --check-cfg 'cfg(feature, values())' -C metadata=4c148619f516b9d2 -C extra-filename=-a7c611b7d1e6a805 --out-dir /tmp/cargo-mutants-tlatools-rs-wuBbcL.tmp/target/debug/deps -C incremental=/tmp/cargo-mutants-tlatools-rs-wuBbcL.tmp/target/debug/incremental -L dependency=/tmp/cargo-mutants-tlatools-rs-wuBbcL.tmp/target/debug/deps --extern tla_syntax=/tmp/cargo-mutants-tlatools-rs-wuBbcL.tmp/target/debug/deps/libtla_syntax-169d03993c2aec3f.rlib`
     Running `/home/ops/.rustup/toolchains/stable-x86_64-unknown-linux-gnu/bin/rustc --crate-name audit --edition=2024 crates/tla-syntax/examples/audit.rs --error-format=json --json=diagnostic-rendered-ansi,artifacts,future-incompat --crate-type bin --emit=dep-info,link -C embed-bitcode=no -C debuginfo=2 '--warn=clippy::pedantic' '--deny=clippy::all' --forbid=unsafe_code '--allow=clippy::similar_names' '--allow=clippy::must_use_candidate' '--allow=clippy::missing_errors_doc' --check-cfg 'cfg(docsrs,test)' --check-cfg 'cfg(feature, values())' -C metadata=dbbf919ed7279ef0 -C extra-filename=-0e703b0c6e8c99ba --out-dir /tmp/cargo-mutants-tlatools-rs-wuBbcL.tmp/target/debug/examples -C incremental=/tmp/cargo-mutants-tlatools-rs-wuBbcL.tmp/target/debug/incremental -L dependency=/tmp/cargo-mutants-tlatools-rs-wuBbcL.tmp/target/debug/deps --extern tla_syntax=/tmp/cargo-mutants-tlatools-rs-wuBbcL.tmp/target/debug/deps/libtla_syntax-169d03993c2aec3f.rlib`
     Running `/home/ops/.rustup/toolchains/stable-x86_64-unknown-linux-gnu/bin/rustc --crate-name evaluate_specs --edition=2024 crates/tla-eval/tests/evaluate_specs.rs --error-format=json --json=diagnostic-rendered-ansi,artifacts,future-incompat --emit=dep-info,link -C embed-bitcode=no -C debuginfo=2 '--warn=clippy::pedantic' '--deny=clippy::all' --forbid=unsafe_code '--allow=clippy::similar_names' '--allow=clippy::must_use_candidate' '--allow=clippy::missing_errors_doc' --test --check-cfg 'cfg(docsrs,test)' --check-cfg 'cfg(feature, values())' -C metadata=fa93390e31c446f5 -C extra-filename=-7aa4b9899970176d --out-dir /tmp/cargo-mutants-tlatools-rs-wuBbcL.tmp/target/debug/deps -C incremental=/tmp/cargo-mutants-tlatools-rs-wuBbcL.tmp/target/debug/incremental -L dependency=/tmp/cargo-mutants-tlatools-rs-wuBbcL.tmp/target/debug/deps --extern tla_eval=/tmp/cargo-mutants-tlatools-rs-wuBbcL.tmp/target/debug/deps/libtla_eval-9723028bc8fab821.rlib --extern tla_syntax=/tmp/cargo-mutants-tlatools-rs-wuBbcL.tmp/target/debug/deps/libtla_syntax-169d03993c2aec3f.rlib`
     Running `/home/ops/.rustup/toolchains/stable-x86_64-unknown-linux-gnu/bin/rustc --crate-name modules --edition=2024 crates/tla-eval/tests/modules.rs --error-format=json --json=diagnostic-rendered-ansi,artifacts,future-incompat --emit=dep-info,link -C embed-bitcode=no -C debuginfo=2 '--warn=clippy::pedantic' '--deny=clippy::all' --forbid=unsafe_code '--allow=clippy::similar_names' '--allow=clippy::must_use_candidate' '--allow=clippy::missing_errors_doc' --test --check-cfg 'cfg(docsrs,test)' --check-cfg 'cfg(feature, values())' -C metadata=f6ec955a438c0e78 -C extra-filename=-3a02f88cdd03a5e2 --out-dir /tmp/cargo-mutants-tlatools-rs-wuBbcL.tmp/target/debug/deps -C incremental=/tmp/cargo-mutants-tlatools-rs-wuBbcL.tmp/target/debug/incremental -L dependency=/tmp/cargo-mutants-tlatools-rs-wuBbcL.tmp/target/debug/deps --extern tla_eval=/tmp/cargo-mutants-tlatools-rs-wuBbcL.tmp/target/debug/deps/libtla_eval-9723028bc8fab821.rlib --extern tla_syntax=/tmp/cargo-mutants-tlatools-rs-wuBbcL.tmp/target/debug/deps/libtla_syntax-169d03993c2aec3f.rlib`
     Running `/home/ops/.rustup/toolchains/stable-x86_64-unknown-linux-gnu/bin/rustc --crate-name standard_operators --edition=2024 crates/tla-eval/tests/standard_operators.rs --error-format=json --json=diagnostic-rendered-ansi,artifacts,future-incompat --emit=dep-info,link -C embed-bitcode=no -C debuginfo=2 '--warn=clippy::pedantic' '--deny=clippy::all' --forbid=unsafe_code '--allow=clippy::similar_names' '--allow=clippy::must_use_candidate' '--allow=clippy::missing_errors_doc' --test --check-cfg 'cfg(docsrs,test)' --check-cfg 'cfg(feature, values())' -C metadata=0fba321265a5ace7 -C extra-filename=-9ff3682c850332fc --out-dir /tmp/cargo-mutants-tlatools-rs-wuBbcL.tmp/target/debug/deps -C incremental=/tmp/cargo-mutants-tlatools-rs-wuBbcL.tmp/target/debug/incremental -L dependency=/tmp/cargo-mutants-tlatools-rs-wuBbcL.tmp/target/debug/deps --extern tla_eval=/tmp/cargo-mutants-tlatools-rs-wuBbcL.tmp/target/debug/deps/libtla_eval-9723028bc8fab821.rlib --extern tla_syntax=/tmp/cargo-mutants-tlatools-rs-wuBbcL.tmp/target/debug/deps/libtla_syntax-169d03993c2aec3f.rlib`
    Finished `test` profile [unoptimized + debuginfo] target(s) in 1.43s
  Executable `/tmp/cargo-mutants-tlatools-rs-wuBbcL.tmp/target/debug/deps/tla_eval-ecdad261fb53d0a2`
  Executable `/tmp/cargo-mutants-tlatools-rs-wuBbcL.tmp/target/debug/deps/evaluate_specs-7aa4b9899970176d`
  Executable `/tmp/cargo-mutants-tlatools-rs-wuBbcL.tmp/target/debug/deps/modules-3a02f88cdd03a5e2`
  Executable `/tmp/cargo-mutants-tlatools-rs-wuBbcL.tmp/target/debug/deps/standard_operators-9ff3682c850332fc`
  Executable `/tmp/cargo-mutants-tlatools-rs-wuBbcL.tmp/target/debug/deps/tla_syntax-7b1a32620c4b87af`
  Executable `/tmp/cargo-mutants-tlatools-rs-wuBbcL.tmp/target/debug/deps/boundaries-9be27ec779ef4ecc`
  Executable `/tmp/cargo-mutants-tlatools-rs-wuBbcL.tmp/target/debug/deps/golden-a7c611b7d1e6a805`
  Executable `/tmp/cargo-mutants-tlatools-rs-wuBbcL.tmp/target/debug/deps/grammar-209c7b39092f9a9f`
  Executable `/tmp/cargo-mutants-tlatools-rs-wuBbcL.tmp/target/debug/deps/parse_specs-f79b0d0a70f894ac`
  Executable `/tmp/cargo-mutants-tlatools-rs-wuBbcL.tmp/target/debug/deps/printing-a0b972b47931cbf0`
  Executable `/tmp/cargo-mutants-tlatools-rs-wuBbcL.tmp/target/debug/deps/queries-2cacbc55350fea8e`
  Executable `/tmp/cargo-mutants-tlatools-rs-wuBbcL.tmp/target/debug/deps/robustness-4657dcdff6c43e2f`

*** result: Success

*** /home/ops/.rustup/toolchains/stable-x86_64-unknown-linux-gnu/bin/cargo test --verbose --package=tla-eval@0.1.0 --package=tla-syntax@0.1.0
       Fresh tla-eval v0.1.0 (/tmp/cargo-mutants-tlatools-rs-wuBbcL.tmp/crates/tla-eval)
       Fresh tla-syntax v0.1.0 (/tmp/cargo-mutants-tlatools-rs-wuBbcL.tmp/crates/tla-syntax)
    Finished `test` profile [unoptimized + debuginfo] target(s) in 0.01s
     Running `/tmp/cargo-mutants-tlatools-rs-wuBbcL.tmp/target/debug/deps/tla_eval-ecdad261fb53d0a2`

running 0 tests

test result: ok. 0 passed; 0 failed; 0 ignored; 0 measured; 0 filtered out; finished in 0.00s

     Running `/tmp/cargo-mutants-tlatools-rs-wuBbcL.tmp/target/debug/deps/evaluate_specs-7aa4b9899970176d`

running 20 tests
test a_missing_constant_is_reported_before_evaluation ... ok
test a_temporal_formula_is_refused_rather_than_guessed ... ok
test a_wrong_effect_is_distinguished_from_an_unmet_guard ... ok
test an_action_evaluated_as_a_predicate_says_so ... ok
test an_allowed_step_has_nothing_to_explain ... ok
test bounded_buffer_rejects_lifo ... ok
test bounded_buffer_accepts_the_protocol ... ok
test bank_transfer_conserves_and_refuses_overdraft ... ok
test bounded_buffer_rejects_overfilling ... ok
test closeness_is_measured_over_all_of_an_actions_conjuncts ... ok
test ring_election_rejects_forwarding_a_smaller_id ... ok
test two_phase_accepts_prepare_and_abort ... ok
test raft_rejects_a_second_vote_in_the_same_term ... ok
test paxos_rejects_a_proposal_without_a_quorum ... ok
test raft_rejects_a_leader_without_a_majority ... ok
test two_phase_rejects_commit_before_every_rm_prepared ... ok
test paxos_accepts_a_first_phase ... ok
test the_closest_action_and_its_blocking_guard_are_named ... ok
test ring_election_builds_its_initial_state ... ok
test raft_accepts_an_election ... ok

test result: ok. 20 passed; 0 failed; 0 ignored; 0 measured; 0 filtered out; finished in 0.01s

     Running `/tmp/cargo-mutants-tlatools-rs-wuBbcL.tmp/target/debug/deps/modules-3a02f88cdd03a5e2`

running 14 tests
test a_module_that_cannot_be_found_is_reported ... ok
test a_lambda_sees_the_state_it_was_written_in ... ok
test a_name_the_with_clause_omits_keeps_its_own_name ... ok
test a_lambda_may_be_passed_and_applied ... ok
test a_module_may_extend_another ... ok
test an_instance_substitutes_constants_and_variables ... ok
test an_infix_operator_the_spec_defines_is_evaluated ... ok
test an_unknown_instance_is_reported_by_name ... ok
test an_operator_may_be_passed_by_name ... ok
test instances_may_be_chained ... ok
test an_operator_symbol_may_be_passed ... ok
test prefix_and_postfix_definitions_are_evaluated ... ok
test instances_of_one_module_keep_their_own_constants ... ok
test priming_reaches_through_a_substitution ... ok

test result: ok. 14 passed; 0 failed; 0 ignored; 0 measured; 0 filtered out; finished in 0.00s

     Running `/tmp/cargo-mutants-tlatools-rs-wuBbcL.tmp/target/debug/deps/standard_operators-9ff3682c850332fc`

running 18 tests
test an_infinite_set_cannot_be_enumerated ... ok
test assert_passes_or_reports_its_message ... ok
test cardinality_counts_a_set ... ok
test cardinality_of_an_infinite_set_is_refused ... ok
test arithmetic_reports_rather_than_wraps ... ok
test a_function_can_be_built_from_pairs ... ok
test head_and_tail_of_an_empty_sequence_are_refused ... ok
test domain_and_application_agree_for_every_representation ... ok
test is_finite_set_distinguishes_the_enumerable ... ok
test functions_records_and_sequences_are_one_thing ... ok
test printing_operators_pass_their_value_through ... ok
test the_graph_of_a_function_can_be_read_back ... ok
test subseq_clamps_and_can_be_empty ... ok
test sequence_operators ... ok
test the_infinite_sets_decide_membership ... ok
test values_describe_themselves ... ok
test the_set_of_sequences_supports_membership_only ... ok
test set_operators ... ok

test result: ok. 18 passed; 0 failed; 0 ignored; 0 measured; 0 filtered out; finished in 0.00s

     Running `/tmp/cargo-mutants-tlatools-rs-wuBbcL.tmp/target/debug/deps/tla_syntax-7b1a32620c4b87af`

running 0 tests

test result: ok. 0 passed; 0 failed; 0 ignored; 0 measured; 0 filtered out; finished in 0.00s

     Running `/tmp/cargo-mutants-tlatools-rs-wuBbcL.tmp/target/debug/deps/boundaries-9be27ec779ef4ecc`

running 12 tests
test a_definition_may_be_named_after_a_keyword ... ok
test a_definition_is_written_with_operands_not_holes ... ok
test a_declaration_ends_the_definition_before_it ... ok
test a_bracketed_left_hand_side_is_found_past_its_brackets ... ok
test a_later_definitions_equals_does_not_end_this_one ... ok
test a_let_instance_keeps_its_substitutions ... ok
test a_prefix_definition_needs_a_name_or_a_hole ... ok
test a_substitution_may_be_an_operator_or_an_expression ... ok
test a_definition_of_any_shape_ends_the_previous_one ... ok
test a_let_instance_survives_printing ... ok
test an_expression_wrapped_into_the_first_column_carries_on ... ok
test an_operator_may_be_the_last_argument ... ok

test result: ok. 12 passed; 0 failed; 0 ignored; 0 measured; 0 filtered out; finished in 0.00s

     Running `/tmp/cargo-mutants-tlatools-rs-wuBbcL.tmp/target/debug/deps/golden-a7c611b7d1e6a805`

running 2 tests
test every_specification_matches_its_golden_form ... ok
test the_golden_form_is_itself_readable ... ok

test result: ok. 2 passed; 0 failed; 0 ignored; 0 measured; 0 filtered out; finished in 0.01s

     Running `/tmp/cargo-mutants-tlatools-rs-wuBbcL.tmp/target/debug/deps/grammar-209c7b39092f9a9f`

running 33 tests
test a_choose_inside_braces_is_not_a_set_filter ... ok
test a_fairness_subscript_may_be_a_tuple ... ok
test a_function_may_be_defined_by_its_graph ... ok
test a_decimal_is_kept_as_written ... ok
test a_let_may_introduce_an_instance ... ok
test a_field_may_be_spelled_like_a_keyword ... ok
test a_module_may_contain_another ... ok
test a_name_may_begin_with_a_digit_or_an_underscore ... ok
test a_named_theorem_keeps_its_statement ... ok
test a_postfix_operator_binds_to_what_precedes_it ... ok
test a_lambda_may_be_passed_where_an_operator_is_wanted ... ok
test a_prefix_operator_definition_still_starts_a_unit ... ok
test a_proof_is_skipped_and_the_module_continues ... ok
test a_unit_that_reads_nothing_is_an_error_not_a_hang ... ok
test a_proof_step_does_not_look_like_a_comparison ... ok
test an_expression_may_continue_into_the_first_column ... ok
test an_infix_operator_can_be_defined ... ok
test an_action_subscript_is_recognised_past_an_inner_colon ... ok
test an_operator_may_be_passed_as_an_argument ... ok
test an_operator_may_follow_a_bulleted_list ... ok
test case_arms_are_separated_by_boxes ... ok
test except_accepts_several_indices_at_once ... ok
test higher_order_parameters_record_their_arity ... ok
test instance_names_may_be_chained_and_take_arguments ... ok
test labels_are_read_and_dropped ... ok
test numbers_may_be_written_in_another_base ... ok
test operators_can_be_declared_by_their_fixity ... ok
test prefix_and_postfix_operators_can_be_defined ... ok
test operators_can_be_passed_by_symbol ... ok
test prose_outside_the_module_is_not_lexed ... ok
test set_filters_and_set_maps_are_told_apart ... ok
test temporal_quantifiers_parse_and_are_marked_as_such ... ok
test the_new_forms_round_trip ... ok

test result: ok. 33 passed; 0 failed; 0 ignored; 0 measured; 0 filtered out; finished in 0.00s

     Running `/tmp/cargo-mutants-tlatools-rs-wuBbcL.tmp/target/debug/deps/parse_specs-f79b0d0a70f894ac`

running 12 tests
test a_missing_header_is_an_error ... ok
test errors_carry_a_position ... ok
test always_binds_tighter_than_conjunction ... ok
test declarations_are_collected ... ok
test junction_lists_are_scoped_by_column ... ok
test instance_substitutions_are_recorded ... ok
test qualified_names_resolve_through_the_instance ... ok
test nested_junctions_nest ... ok
test module_name_and_extends ... ok
test operator_definitions_keep_their_parameters ... ok
test every_fixture_parses ... ok
test printing_round_trips_through_the_parser ... ok

test result: ok. 12 passed; 0 failed; 0 ignored; 0 measured; 0 filtered out; finished in 0.01s

     Running `/tmp/cargo-mutants-tlatools-rs-wuBbcL.tmp/target/debug/deps/printing-a0b972b47931cbf0`

running 7 tests
test a_definition_prints_with_its_parameters ... ok
test every_prefix_and_postfix_operator_survives_printing ... ok
test strings_are_escaped_so_they_can_be_read_back ... ok
test word_operators_keep_their_space ... ok
test parentheses_are_restored_exactly_where_they_are_needed ... ok
test every_infix_operator_survives_printing ... ok
test every_shape_of_expression_survives_printing ... ok

test result: ok. 7 passed; 0 failed; 0 ignored; 0 measured; 0 filtered out; finished in 0.00s

     Running `/tmp/cargo-mutants-tlatools-rs-wuBbcL.tmp/target/debug/deps/queries-2cacbc55350fea8e`

running 3 tests
test temporal_quantifiers_are_marked_and_ordinary_ones_are_not ... ok
test a_guard_does_not_constrain_the_successor_state ... ok
test an_effect_constrains_the_successor_state ... ok

test result: ok. 3 passed; 0 failed; 0 ignored; 0 measured; 0 filtered out; finished in 0.00s

     Running `/tmp/cargo-mutants-tlatools-rs-wuBbcL.tmp/target/debug/deps/robustness-4657dcdff6c43e2f`

running 5 tests
test hostile_fragments_are_errors_and_not_panics ... ok
test nesting_is_bounded_rather_than_fatal ... ok
test every_dropped_line_is_survivable ... ok
test the_nesting_limit_can_be_lowered ... ok
test every_truncation_of_every_fixture_is_survivable ... ok

test result: ok. 5 passed; 0 failed; 0 ignored; 0 measured; 0 filtered out; finished in 2.05s

   Doc-tests tla_eval
     Running `/home/ops/.rustup/toolchains/stable-x86_64-unknown-linux-gnu/bin/rustdoc --edition=2024 --crate-type lib --color auto --crate-name tla_eval --test crates/tla-eval/src/lib.rs --test-run-directory /tmp/cargo-mutants-tlatools-rs-wuBbcL.tmp/crates/tla-eval '--warn=clippy::pedantic' '--deny=clippy::all' --forbid=unsafe_code '--allow=clippy::similar_names' '--allow=clippy::must_use_candidate' '--allow=clippy::missing_errors_doc' --extern tla_eval=/tmp/cargo-mutants-tlatools-rs-wuBbcL.tmp/target/debug/deps/libtla_eval-9723028bc8fab821.rlib --extern tla_syntax=/tmp/cargo-mutants-tlatools-rs-wuBbcL.tmp/target/debug/deps/libtla_syntax-169d03993c2aec3f.rlib -L dependency=/tmp/cargo-mutants-tlatools-rs-wuBbcL.tmp/target/debug/deps -C embed-bitcode=no --check-cfg 'cfg(docsrs,test)' --check-cfg 'cfg(feature, values())' --error-format human`

running 1 test
test crates/tla-eval/src/lib.rs - (line 8) ... ok

test result: ok. 1 passed; 0 failed; 0 ignored; 0 measured; 0 filtered out; finished in 0.00s

all doctests ran in 0.19s; merged doctests compilation took 0.18s
   Doc-tests tla_syntax
     Running `/home/ops/.rustup/toolchains/stable-x86_64-unknown-linux-gnu/bin/rustdoc --edition=2024 --crate-type lib --color auto --crate-name tla_syntax --test crates/tla-syntax/src/lib.rs --test-run-directory /tmp/cargo-mutants-tlatools-rs-wuBbcL.tmp/crates/tla-syntax '--warn=clippy::pedantic' '--deny=clippy::all' --forbid=unsafe_code '--allow=clippy::similar_names' '--allow=clippy::must_use_candidate' '--allow=clippy::missing_errors_doc' --extern tla_syntax=/tmp/cargo-mutants-tlatools-rs-wuBbcL.tmp/target/debug/deps/libtla_syntax-169d03993c2aec3f.rlib -L dependency=/tmp/cargo-mutants-tlatools-rs-wuBbcL.tmp/target/debug/deps -C embed-bitcode=no --check-cfg 'cfg(docsrs,test)' --check-cfg 'cfg(feature, values())' --error-format human`

running 0 tests

test result: ok. 0 passed; 0 failed; 0 ignored; 0 measured; 0 filtered out; finished in 0.00s


*** result: Success
