
*** crates/tla-oracle/src/check.rs:364:5: replace explain -> String with "xyzzy".into()

*** mutation diff:
--- crates/tla-oracle/src/check.rs
+++ replace explain -> String with "xyzzy".into()
@@ -356,33 +356,17 @@
                 .map_err(|e| format!("outcome `{name}`: {e}"))
         })
         .collect()
 }
 
 /// The refinement failure in words, naming what the implementation looked as
 /// though it was trying to do.
 fn explain(from: &State, to: &State, closest: Option<&BlockedReport>) -> String {
-    let head = format!(
-        "no action of the specification takes {} to {}",
-        render(from),
-        render(to)
-    );
-    let Some(near) = closest else {
-        return head;
-    };
-    let why = if near.about_next_state {
-        "which was available here but does not produce that state"
-    } else {
-        "which was not available here"
-    };
-    format!(
-        "{head}. The closest was `{}`, {why}: `{}` does not hold ({} of its {} conjuncts do)",
-        near.action, near.conjunct, near.satisfied, near.total
-    )
+    "xyzzy".into() /* ~ changed by cargo-mutants ~ */
 }
 
 fn render(state: &State) -> String {
     let body: Vec<String> = state
         .iter()
         .map(|(name, value)| format!("{name} = {value}"))
         .collect();
     format!("[{}]", body.join(", "))


*** /home/ops/.rustup/toolchains/stable-x86_64-unknown-linux-gnu/bin/cargo test --no-run --verbose --package=tla-oracle@0.1.0
       Fresh unicode-ident v1.0.24
       Fresh proc-macro2 v1.0.107
       Fresh tla-syntax v0.1.0 (/tmp/cargo-mutants-tlatools-rs-Oau2N9.tmp/crates/tla-syntax)
       Fresh itoa v1.0.18
       Fresh memchr v2.8.3
       Fresh quote v1.0.47
       Fresh serde_core v1.0.229
       Fresh zmij v1.0.23
       Fresh tla-eval v0.1.0 (/tmp/cargo-mutants-tlatools-rs-Oau2N9.tmp/crates/tla-eval)
       Fresh syn v3.0.3
       Fresh serde_json v1.0.151
       Fresh serde_derive v1.0.229
       Fresh serde v1.0.229
       Dirty tla-oracle v0.1.0 (/tmp/cargo-mutants-tlatools-rs-Oau2N9.tmp/crates/tla-oracle): the file `crates/tla-oracle/src/check.rs` has changed (1786402664.969523212s, 1s after last build at 1786402663.890457267s)
   Compiling tla-oracle v0.1.0 (/tmp/cargo-mutants-tlatools-rs-Oau2N9.tmp/crates/tla-oracle)
     Running `/home/ops/.rustup/toolchains/stable-x86_64-unknown-linux-gnu/bin/rustc --crate-name tla_oracle --edition=2024 crates/tla-oracle/src/lib.rs --error-format=json --json=diagnostic-rendered-ansi,artifacts,future-incompat --emit=dep-info,link -C embed-bitcode=no -C debuginfo=2 '--warn=clippy::pedantic' '--deny=clippy::all' --forbid=unsafe_code '--allow=clippy::similar_names' '--allow=clippy::must_use_candidate' '--allow=clippy::missing_errors_doc' --test --check-cfg 'cfg(docsrs,test)' --check-cfg 'cfg(feature, values())' -C metadata=0ab41740dcdd59c9 -C extra-filename=-1cfd7f127e84a435 --out-dir /tmp/cargo-mutants-tlatools-rs-Oau2N9.tmp/target/debug/deps -C incremental=/tmp/cargo-mutants-tlatools-rs-Oau2N9.tmp/target/debug/incremental -L dependency=/tmp/cargo-mutants-tlatools-rs-Oau2N9.tmp/target/debug/deps --extern serde=/tmp/cargo-mutants-tlatools-rs-Oau2N9.tmp/target/debug/deps/libserde-50e58405f4925bd5.rlib --extern serde_json=/tmp/cargo-mutants-tlatools-rs-Oau2N9.tmp/target/debug/deps/libserde_json-1f53e1b7a8e26068.rlib --extern tla_eval=/tmp/cargo-mutants-tlatools-rs-Oau2N9.tmp/target/debug/deps/libtla_eval-9723028bc8fab821.rlib --extern tla_syntax=/tmp/cargo-mutants-tlatools-rs-Oau2N9.tmp/target/debug/deps/libtla_syntax-169d03993c2aec3f.rlib`
     Running `/home/ops/.rustup/toolchains/stable-x86_64-unknown-linux-gnu/bin/rustc --crate-name tla_oracle --edition=2024 crates/tla-oracle/src/lib.rs --error-format=json --json=diagnostic-rendered-ansi,artifacts,future-incompat --crate-type lib --emit=dep-info,metadata,link -C embed-bitcode=no -C debuginfo=2 '--warn=clippy::pedantic' '--deny=clippy::all' --forbid=unsafe_code '--allow=clippy::similar_names' '--allow=clippy::must_use_candidate' '--allow=clippy::missing_errors_doc' --check-cfg 'cfg(docsrs,test)' --check-cfg 'cfg(feature, values())' -C metadata=b83f616a193d2c4f -C extra-filename=-05e96871ddace9ec --out-dir /tmp/cargo-mutants-tlatools-rs-Oau2N9.tmp/target/debug/deps -C incremental=/tmp/cargo-mutants-tlatools-rs-Oau2N9.tmp/target/debug/incremental -L dependency=/tmp/cargo-mutants-tlatools-rs-Oau2N9.tmp/target/debug/deps --extern serde=/tmp/cargo-mutants-tlatools-rs-Oau2N9.tmp/target/debug/deps/libserde-50e58405f4925bd5.rmeta --extern serde_json=/tmp/cargo-mutants-tlatools-rs-Oau2N9.tmp/target/debug/deps/libserde_json-1f53e1b7a8e26068.rmeta --extern tla_eval=/tmp/cargo-mutants-tlatools-rs-Oau2N9.tmp/target/debug/deps/libtla_eval-9723028bc8fab821.rmeta --extern tla_syntax=/tmp/cargo-mutants-tlatools-rs-Oau2N9.tmp/target/debug/deps/libtla_syntax-169d03993c2aec3f.rmeta`
warning: unused variable: `from`
   --> crates/tla-oracle/src/check.rs:363:12
    |
363 | fn explain(from: &State, to: &State, closest: Option<&BlockedReport>) -> String {
    |            ^^^^ help: if this is intentional, prefix it with an underscore: `_from`
    |
    = note: `#[warn(unused_variables)]` (part of `#[warn(unused)]`) on by default

warning: unused variable: `to`
   --> crates/tla-oracle/src/check.rs:363:26
    |
363 | fn explain(from: &State, to: &State, closest: Option<&BlockedReport>) -> String {
    |                          ^^ help: if this is intentional, prefix it with an underscore: `_to`

warning: unused variable: `closest`
   --> crates/tla-oracle/src/check.rs:363:38
    |
363 | fn explain(from: &State, to: &State, closest: Option<&BlockedReport>) -> String {
    |                                      ^^^^^^^ help: if this is intentional, prefix it with an underscore: `_closest`

warning: `tla-oracle` (lib test) generated 3 warnings (3 duplicates)
warning: `tla-oracle` (lib) generated 3 warnings (run `cargo fix --lib -p tla-oracle` to apply 3 suggestions)
     Running `/home/ops/.rustup/toolchains/stable-x86_64-unknown-linux-gnu/bin/rustc --crate-name jobs --edition=2024 crates/tla-oracle/tests/jobs.rs --error-format=json --json=diagnostic-rendered-ansi,artifacts,future-incompat --emit=dep-info,link -C embed-bitcode=no -C debuginfo=2 '--warn=clippy::pedantic' '--deny=clippy::all' --forbid=unsafe_code '--allow=clippy::similar_names' '--allow=clippy::must_use_candidate' '--allow=clippy::missing_errors_doc' --test --check-cfg 'cfg(docsrs,test)' --check-cfg 'cfg(feature, values())' -C metadata=c96bd47a0a5f8df1 -C extra-filename=-9836ff370b14868d --out-dir /tmp/cargo-mutants-tlatools-rs-Oau2N9.tmp/target/debug/deps -C incremental=/tmp/cargo-mutants-tlatools-rs-Oau2N9.tmp/target/debug/incremental -L dependency=/tmp/cargo-mutants-tlatools-rs-Oau2N9.tmp/target/debug/deps --extern serde=/tmp/cargo-mutants-tlatools-rs-Oau2N9.tmp/target/debug/deps/libserde-50e58405f4925bd5.rlib --extern serde_json=/tmp/cargo-mutants-tlatools-rs-Oau2N9.tmp/target/debug/deps/libserde_json-1f53e1b7a8e26068.rlib --extern tla_eval=/tmp/cargo-mutants-tlatools-rs-Oau2N9.tmp/target/debug/deps/libtla_eval-9723028bc8fab821.rlib --extern tla_oracle=/tmp/cargo-mutants-tlatools-rs-Oau2N9.tmp/target/debug/deps/libtla_oracle-05e96871ddace9ec.rlib --extern tla_syntax=/tmp/cargo-mutants-tlatools-rs-Oau2N9.tmp/target/debug/deps/libtla_syntax-169d03993c2aec3f.rlib`
    Finished `test` profile [unoptimized + debuginfo] target(s) in 0.97s
  Executable `/tmp/cargo-mutants-tlatools-rs-Oau2N9.tmp/target/debug/deps/tla_oracle-1cfd7f127e84a435`
  Executable `/tmp/cargo-mutants-tlatools-rs-Oau2N9.tmp/target/debug/deps/jobs-9836ff370b14868d`

*** result: Success

*** /home/ops/.rustup/toolchains/stable-x86_64-unknown-linux-gnu/bin/cargo test --verbose --package=tla-oracle@0.1.0
       Fresh unicode-ident v1.0.24
       Fresh proc-macro2 v1.0.107
       Fresh memchr v2.8.3
       Fresh tla-syntax v0.1.0 (/tmp/cargo-mutants-tlatools-rs-Oau2N9.tmp/crates/tla-syntax)
       Fresh itoa v1.0.18
       Fresh tla-eval v0.1.0 (/tmp/cargo-mutants-tlatools-rs-Oau2N9.tmp/crates/tla-eval)
       Fresh quote v1.0.47
       Fresh serde_core v1.0.229
       Fresh zmij v1.0.23
       Fresh syn v3.0.3
       Fresh serde_json v1.0.151
       Fresh serde_derive v1.0.229
       Fresh serde v1.0.229
warning: unused variable: `from`
   --> crates/tla-oracle/src/check.rs:363:12
    |
363 | fn explain(from: &State, to: &State, closest: Option<&BlockedReport>) -> String {
    |            ^^^^ help: if this is intentional, prefix it with an underscore: `_from`
    |
    = note: `#[warn(unused_variables)]` (part of `#[warn(unused)]`) on by default

warning: unused variable: `to`
   --> crates/tla-oracle/src/check.rs:363:26
    |
363 | fn explain(from: &State, to: &State, closest: Option<&BlockedReport>) -> String {
    |                          ^^ help: if this is intentional, prefix it with an underscore: `_to`

warning: unused variable: `closest`
   --> crates/tla-oracle/src/check.rs:363:38
    |
363 | fn explain(from: &State, to: &State, closest: Option<&BlockedReport>) -> String {
    |                                      ^^^^^^^ help: if this is intentional, prefix it with an underscore: `_closest`

warning: `tla-oracle` (lib) generated 3 warnings (run `cargo fix --lib -p tla-oracle` to apply 3 suggestions)
warning: `tla-oracle` (lib test) generated 3 warnings (3 duplicates)
       Fresh tla-oracle v0.1.0 (/tmp/cargo-mutants-tlatools-rs-Oau2N9.tmp/crates/tla-oracle)
    Finished `test` profile [unoptimized + debuginfo] target(s) in 0.02s
     Running `/tmp/cargo-mutants-tlatools-rs-Oau2N9.tmp/target/debug/deps/tla_oracle-1cfd7f127e84a435`

running 0 tests

test result: ok. 0 passed; 0 failed; 0 ignored; 0 measured; 0 filtered out; finished in 0.00s

     Running `/tmp/cargo-mutants-tlatools-rs-Oau2N9.tmp/target/debug/deps/jobs-9836ff370b14868d`

running 20 tests
test a_broken_specification_is_an_error_not_a_verdict ... ok
test a_boolean_is_not_accepted_where_an_integer_is_wanted ... ok
test a_constant_without_a_value_is_an_error ... ok
test a_state_of_the_wrong_shape_is_a_contract_violation ... ok
test a_missing_variable_is_a_contract_violation ... ok
test a_state_the_specification_cannot_read_is_a_contract_violation ... ok
test an_edge_pointing_outside_the_graph_is_an_error ... ok
test a_reachable_outcome_passes ... ok
test an_illegal_root_is_quoted_in_the_report ... ok
test an_illegal_root_is_an_init_failure ... ok
test an_unparsable_outcome_names_itself ... ok
test a_legal_walk_passes ... ok
test duplicate_members_of_a_set_are_rejected ... ok
test an_illegal_edge_is_named ... ok
test the_status_names_match_the_harness_vocabulary ... ok
test a_refinement_failure_names_the_action_that_came_closest ... FAILED
test an_unreachable_outcome_is_a_coverage_failure ... ok
test an_outcome_that_is_not_a_predicate_is_an_error ... ok
test a_passing_check_carries_no_diagnosis ... ok
test the_verdict_is_readable_as_a_boolean_and_the_counts_are_kept ... ok

failures:

---- a_refinement_failure_names_the_action_that_came_closest stdout ----

thread 'a_refinement_failure_names_the_action_that_came_closest' (753962) panicked at crates/tla-oracle/tests/jobs.rs:177:5:
xyzzy
note: run with `RUST_BACKTRACE=1` environment variable to display a backtrace


failures:
    a_refinement_failure_names_the_action_that_came_closest

test result: FAILED. 19 passed; 1 failed; 0 ignored; 0 measured; 0 filtered out; finished in 0.00s

error: test failed, to rerun pass `-p tla-oracle --test jobs`

*** result: Failure(101)
