
*** crates/tlatools/src/main.rs:66:5: replace usage -> &'static str with ""

*** mutation diff:
--- crates/tlatools/src/main.rs
+++ replace usage -> &'static str with ""
@@ -58,19 +58,10 @@
     let mut buffer = String::new();
     std::io::stdin()
         .read_to_string(&mut buffer)
         .map_err(|e| format!("reading stdin: {e}"))?;
     Ok(buffer)
 }
 
 fn usage() -> &'static str {
-    "usage: tlatools check [JOB.json]
-
-Decide whether an implementation's reachable state graph refines a TLA+
-specification. The job is read from JOB.json, or from stdin when the path is
-omitted or is `-`. The verdict is written to stdout as JSON.
-
-exit status
-  0  the implementation refines the specification
-  1  it does not
-  2  the job could not be carried out"
+    "" /* ~ changed by cargo-mutants ~ */
 }


*** /home/ops/.rustup/toolchains/stable-x86_64-unknown-linux-gnu/bin/cargo test --no-run --verbose --package=tlatools@0.1.0
       Fresh unicode-ident v1.0.24
       Fresh itoa v1.0.18
       Fresh tla-syntax v0.1.0 (/tmp/cargo-mutants-tlatools-rs-h8HYri.tmp/crates/tla-syntax)
       Fresh memchr v2.8.3
       Fresh proc-macro2 v1.0.107
       Fresh tla-eval v0.1.0 (/tmp/cargo-mutants-tlatools-rs-h8HYri.tmp/crates/tla-eval)
       Fresh quote v1.0.47
       Fresh serde_core v1.0.229
       Fresh zmij v1.0.23
       Fresh syn v3.0.3
       Fresh serde_json v1.0.151
       Fresh serde_derive v1.0.229
       Fresh serde v1.0.229
       Fresh tla-oracle v0.1.0 (/tmp/cargo-mutants-tlatools-rs-h8HYri.tmp/crates/tla-oracle)
       Dirty tlatools v0.1.0 (/tmp/cargo-mutants-tlatools-rs-h8HYri.tmp/crates/tlatools): the file `crates/tlatools/src/main.rs` has changed (1786403042.323584491s, 1s after last build at 1786403041.436530280s)
   Compiling tlatools v0.1.0 (/tmp/cargo-mutants-tlatools-rs-h8HYri.tmp/crates/tlatools)
     Running `/home/ops/.rustup/toolchains/stable-x86_64-unknown-linux-gnu/bin/rustc --crate-name tlatools --edition=2024 crates/tlatools/src/main.rs --error-format=json --json=diagnostic-rendered-ansi,artifacts,future-incompat --emit=dep-info,link -C embed-bitcode=no -C debuginfo=2 '--warn=clippy::pedantic' '--deny=clippy::all' --forbid=unsafe_code '--allow=clippy::similar_names' '--allow=clippy::must_use_candidate' '--allow=clippy::missing_errors_doc' --test --check-cfg 'cfg(docsrs,test)' --check-cfg 'cfg(feature, values())' -C metadata=36374a926225a47c -C extra-filename=-d406850af717949e --out-dir /tmp/cargo-mutants-tlatools-rs-h8HYri.tmp/target/debug/deps -C incremental=/tmp/cargo-mutants-tlatools-rs-h8HYri.tmp/target/debug/incremental -L dependency=/tmp/cargo-mutants-tlatools-rs-h8HYri.tmp/target/debug/deps --extern serde_json=/tmp/cargo-mutants-tlatools-rs-h8HYri.tmp/target/debug/deps/libserde_json-1f53e1b7a8e26068.rlib --extern tla_oracle=/tmp/cargo-mutants-tlatools-rs-h8HYri.tmp/target/debug/deps/libtla_oracle-05e96871ddace9ec.rlib`
     Running `/home/ops/.rustup/toolchains/stable-x86_64-unknown-linux-gnu/bin/rustc --crate-name tlatools --edition=2024 crates/tlatools/src/main.rs --error-format=json --json=diagnostic-rendered-ansi,artifacts,future-incompat --crate-type bin --emit=dep-info,link -C embed-bitcode=no -C debuginfo=2 '--warn=clippy::pedantic' '--deny=clippy::all' --forbid=unsafe_code '--allow=clippy::similar_names' '--allow=clippy::must_use_candidate' '--allow=clippy::missing_errors_doc' --check-cfg 'cfg(docsrs,test)' --check-cfg 'cfg(feature, values())' -C metadata=9f89e6ee1f5f57f7 -C extra-filename=-0c91a4427a692f68 --out-dir /tmp/cargo-mutants-tlatools-rs-h8HYri.tmp/target/debug/deps -C incremental=/tmp/cargo-mutants-tlatools-rs-h8HYri.tmp/target/debug/incremental -L dependency=/tmp/cargo-mutants-tlatools-rs-h8HYri.tmp/target/debug/deps --extern serde_json=/tmp/cargo-mutants-tlatools-rs-h8HYri.tmp/target/debug/deps/libserde_json-1f53e1b7a8e26068.rlib --extern tla_oracle=/tmp/cargo-mutants-tlatools-rs-h8HYri.tmp/target/debug/deps/libtla_oracle-05e96871ddace9ec.rlib`
    Finished `test` profile [unoptimized + debuginfo] target(s) in 0.57s
  Executable `/tmp/cargo-mutants-tlatools-rs-h8HYri.tmp/target/debug/deps/tlatools-d406850af717949e`
  Executable `/tmp/cargo-mutants-tlatools-rs-h8HYri.tmp/target/debug/deps/cli-c42c2bec3c92a770`

*** result: Success

*** /home/ops/.rustup/toolchains/stable-x86_64-unknown-linux-gnu/bin/cargo test --verbose --package=tlatools@0.1.0
       Fresh unicode-ident v1.0.24
       Fresh proc-macro2 v1.0.107
       Fresh tla-syntax v0.1.0 (/tmp/cargo-mutants-tlatools-rs-h8HYri.tmp/crates/tla-syntax)
       Fresh itoa v1.0.18
       Fresh memchr v2.8.3
       Fresh quote v1.0.47
       Fresh tla-eval v0.1.0 (/tmp/cargo-mutants-tlatools-rs-h8HYri.tmp/crates/tla-eval)
       Fresh serde_core v1.0.229
       Fresh syn v3.0.3
       Fresh zmij v1.0.23
       Fresh serde_derive v1.0.229
       Fresh serde_json v1.0.151
       Fresh serde v1.0.229
       Fresh tla-oracle v0.1.0 (/tmp/cargo-mutants-tlatools-rs-h8HYri.tmp/crates/tla-oracle)
       Fresh tlatools v0.1.0 (/tmp/cargo-mutants-tlatools-rs-h8HYri.tmp/crates/tlatools)
    Finished `test` profile [unoptimized + debuginfo] target(s) in 0.05s
     Running `/tmp/cargo-mutants-tlatools-rs-h8HYri.tmp/target/debug/deps/tlatools-d406850af717949e`

running 0 tests

test result: ok. 0 passed; 0 failed; 0 ignored; 0 measured; 0 filtered out; finished in 0.00s

     Running `/tmp/cargo-mutants-tlatools-rs-h8HYri.tmp/target/debug/deps/cli-c42c2bec3c92a770`

running 9 tests
test no_command_is_refused_with_usage ... FAILED
test a_missing_file_is_reported_and_is_not_a_verdict ... ok
test an_impossible_job_exits_two ... ok
test malformed_json_is_refused_before_anything_is_decided ... ok
test an_unknown_command_is_refused_with_usage ... FAILED
test help_is_available_and_succeeds ... FAILED
test the_job_may_come_from_a_file ... ok
test a_refining_implementation_exits_zero ... ok
test a_failing_implementation_exits_one ... ok

failures:

---- no_command_is_refused_with_usage stdout ----

thread 'no_command_is_refused_with_usage' (1098028) panicked at crates/tlatools/tests/cli.rs:140:5:
assertion failed: String::from_utf8_lossy(&out.stderr).contains("usage")
note: run with `RUST_BACKTRACE=1` environment variable to display a backtrace

---- an_unknown_command_is_refused_with_usage stdout ----

thread 'an_unknown_command_is_refused_with_usage' (1098022) panicked at crates/tlatools/tests/cli.rs:133:5:
tlatools: unknown command `frobnicate`




---- help_is_available_and_succeeds stdout ----

thread 'help_is_available_and_succeeds' (1098024) panicked at crates/tlatools/tests/cli.rs:123:5:




failures:
    an_unknown_command_is_refused_with_usage
    help_is_available_and_succeeds
    no_command_is_refused_with_usage

test result: FAILED. 6 passed; 3 failed; 0 ignored; 0 measured; 0 filtered out; finished in 0.01s

error: test failed, to rerun pass `-p tlatools --test cli`

*** result: Failure(101)
