
*** crates/tla-syntax/src/parser.rs:416:9: replace Parser::at_proof -> bool with true

*** mutation diff:
--- crates/tla-syntax/src/parser.rs
+++ replace Parser::at_proof -> bool with true
@@ -408,25 +408,17 @@
 
     /// Would a new unit begin `ahead` tokens from here? Used to tell an
     /// operator substitution from the start of an expression.
     fn at_unit_start_after(&self, ahead: usize) -> bool {
         self.toks.get(self.pos + ahead).is_some_and(|t| t.col == 1)
     }
 
     fn at_proof(&self) -> bool {
-        if matches!(self.peek(), Tok::Kw(Kw::Proof)) {
-            return true;
-        }
-        // A proof step is written `<1>2.`, which reaches us as `<`, a number
-        // or name, then `>`. It always begins a line; without that, the `<`
-        // and `>` of an ordinary comparison would look the same.
-        self.begins_line()
-            && matches!(self.peek(), Tok::Op(Op::Lt))
-            && matches!(self.peek_at(2), Tok::Op(Op::Gt))
+        true /* ~ changed by cargo-mutants ~ */
     }
 
     fn begins_line(&self) -> bool {
         self.pos == 0 || self.toks[self.pos - 1].line < self.toks[self.pos].line
     }
 
     /// Does a new module unit begin here? Only tokens in the first column can,
     /// which is what keeps a proof's own keywords from ending it early.


*** /home/ops/.rustup/toolchains/stable-x86_64-unknown-linux-gnu/bin/cargo test --no-run --verbose --package=tla-syntax@0.1.0
       Dirty tla-syntax v0.1.0 (/tmp/cargo-mutants-tlatools-rs-5IbVX6.tmp/crates/tla-syntax): the file `crates/tla-syntax/src/parser.rs` has changed (1786406489.642032661s, 2s after last build at 1786406487.099877865s)
   Compiling tla-syntax v0.1.0 (/tmp/cargo-mutants-tlatools-rs-5IbVX6.tmp/crates/tla-syntax)
     Running `/home/ops/.rustup/toolchains/stable-x86_64-unknown-linux-gnu/bin/rustc --crate-name tla_syntax --edition=2024 crates/tla-syntax/src/lib.rs --error-format=json --json=diagnostic-rendered-ansi,artifacts,future-incompat --emit=dep-info,link -C embed-bitcode=no -C debuginfo=2 '--warn=clippy::pedantic' '--deny=clippy::all' --forbid=unsafe_code '--allow=clippy::similar_names' '--allow=clippy::must_use_candidate' '--allow=clippy::missing_errors_doc' --test --check-cfg 'cfg(docsrs,test)' --check-cfg 'cfg(feature, values())' -C metadata=b9cdaea3d809ecd1 -C extra-filename=-7b1a32620c4b87af --out-dir /tmp/cargo-mutants-tlatools-rs-5IbVX6.tmp/target/debug/deps -C incremental=/tmp/cargo-mutants-tlatools-rs-5IbVX6.tmp/target/debug/incremental -L dependency=/tmp/cargo-mutants-tlatools-rs-5IbVX6.tmp/target/debug/deps`
     Running `/home/ops/.rustup/toolchains/stable-x86_64-unknown-linux-gnu/bin/rustc --crate-name tla_syntax --edition=2024 crates/tla-syntax/src/lib.rs --error-format=json --json=diagnostic-rendered-ansi,artifacts,future-incompat --crate-type lib --emit=dep-info,metadata,link -C embed-bitcode=no -C debuginfo=2 '--warn=clippy::pedantic' '--deny=clippy::all' --forbid=unsafe_code '--allow=clippy::similar_names' '--allow=clippy::must_use_candidate' '--allow=clippy::missing_errors_doc' --check-cfg 'cfg(docsrs,test)' --check-cfg 'cfg(feature, values())' -C metadata=85b1367430153dc6 -C extra-filename=-169d03993c2aec3f --out-dir /tmp/cargo-mutants-tlatools-rs-5IbVX6.tmp/target/debug/deps -C incremental=/tmp/cargo-mutants-tlatools-rs-5IbVX6.tmp/target/debug/incremental -L dependency=/tmp/cargo-mutants-tlatools-rs-5IbVX6.tmp/target/debug/deps`
warning: method `begins_line` is never used
   --> crates/tla-syntax/src/parser.rs:419:8
    |
 71 | impl Parser {
    | ----------- method in this implementation
...
419 |     fn begins_line(&self) -> bool {
    |        ^^^^^^^^^^^
    |
    = note: `#[warn(dead_code)]` (part of `#[warn(unused)]`) on by default

warning: `tla-syntax` (lib test) generated 1 warning (1 duplicate)
warning: `tla-syntax` (lib) generated 1 warning
     Running `/home/ops/.rustup/toolchains/stable-x86_64-unknown-linux-gnu/bin/rustc --crate-name boundaries --edition=2024 crates/tla-syntax/tests/boundaries.rs --error-format=json --json=diagnostic-rendered-ansi,artifacts,future-incompat --emit=dep-info,link -C embed-bitcode=no -C debuginfo=2 '--warn=clippy::pedantic' '--deny=clippy::all' --forbid=unsafe_code '--allow=clippy::similar_names' '--allow=clippy::must_use_candidate' '--allow=clippy::missing_errors_doc' --test --check-cfg 'cfg(docsrs,test)' --check-cfg 'cfg(feature, values())' -C metadata=54b9e5ec2794f140 -C extra-filename=-9be27ec779ef4ecc --out-dir /tmp/cargo-mutants-tlatools-rs-5IbVX6.tmp/target/debug/deps -C incremental=/tmp/cargo-mutants-tlatools-rs-5IbVX6.tmp/target/debug/incremental -L dependency=/tmp/cargo-mutants-tlatools-rs-5IbVX6.tmp/target/debug/deps --extern tla_syntax=/tmp/cargo-mutants-tlatools-rs-5IbVX6.tmp/target/debug/deps/libtla_syntax-169d03993c2aec3f.rlib`
     Running `/home/ops/.rustup/toolchains/stable-x86_64-unknown-linux-gnu/bin/rustc --crate-name printing --edition=2024 crates/tla-syntax/tests/printing.rs --error-format=json --json=diagnostic-rendered-ansi,artifacts,future-incompat --emit=dep-info,link -C embed-bitcode=no -C debuginfo=2 '--warn=clippy::pedantic' '--deny=clippy::all' --forbid=unsafe_code '--allow=clippy::similar_names' '--allow=clippy::must_use_candidate' '--allow=clippy::missing_errors_doc' --test --check-cfg 'cfg(docsrs,test)' --check-cfg 'cfg(feature, values())' -C metadata=630f5e3de7b96aa4 -C extra-filename=-a0b972b47931cbf0 --out-dir /tmp/cargo-mutants-tlatools-rs-5IbVX6.tmp/target/debug/deps -C incremental=/tmp/cargo-mutants-tlatools-rs-5IbVX6.tmp/target/debug/incremental -L dependency=/tmp/cargo-mutants-tlatools-rs-5IbVX6.tmp/target/debug/deps --extern tla_syntax=/tmp/cargo-mutants-tlatools-rs-5IbVX6.tmp/target/debug/deps/libtla_syntax-169d03993c2aec3f.rlib`
     Running `/home/ops/.rustup/toolchains/stable-x86_64-unknown-linux-gnu/bin/rustc --crate-name depth --edition=2024 crates/tla-syntax/examples/depth.rs --error-format=json --json=diagnostic-rendered-ansi,artifacts,future-incompat --crate-type bin --emit=dep-info,link -C embed-bitcode=no -C debuginfo=2 '--warn=clippy::pedantic' '--deny=clippy::all' --forbid=unsafe_code '--allow=clippy::similar_names' '--allow=clippy::must_use_candidate' '--allow=clippy::missing_errors_doc' --check-cfg 'cfg(docsrs,test)' --check-cfg 'cfg(feature, values())' -C metadata=945ad0d3a4da74b3 -C extra-filename=-2ef4d05ce566e5e5 --out-dir /tmp/cargo-mutants-tlatools-rs-5IbVX6.tmp/target/debug/examples -C incremental=/tmp/cargo-mutants-tlatools-rs-5IbVX6.tmp/target/debug/incremental -L dependency=/tmp/cargo-mutants-tlatools-rs-5IbVX6.tmp/target/debug/deps --extern tla_syntax=/tmp/cargo-mutants-tlatools-rs-5IbVX6.tmp/target/debug/deps/libtla_syntax-169d03993c2aec3f.rlib`
     Running `/home/ops/.rustup/toolchains/stable-x86_64-unknown-linux-gnu/bin/rustc --crate-name audit --edition=2024 crates/tla-syntax/examples/audit.rs --error-format=json --json=diagnostic-rendered-ansi,artifacts,future-incompat --crate-type bin --emit=dep-info,link -C embed-bitcode=no -C debuginfo=2 '--warn=clippy::pedantic' '--deny=clippy::all' --forbid=unsafe_code '--allow=clippy::similar_names' '--allow=clippy::must_use_candidate' '--allow=clippy::missing_errors_doc' --check-cfg 'cfg(docsrs,test)' --check-cfg 'cfg(feature, values())' -C metadata=dbbf919ed7279ef0 -C extra-filename=-0e703b0c6e8c99ba --out-dir /tmp/cargo-mutants-tlatools-rs-5IbVX6.tmp/target/debug/examples -C incremental=/tmp/cargo-mutants-tlatools-rs-5IbVX6.tmp/target/debug/incremental -L dependency=/tmp/cargo-mutants-tlatools-rs-5IbVX6.tmp/target/debug/deps --extern tla_syntax=/tmp/cargo-mutants-tlatools-rs-5IbVX6.tmp/target/debug/deps/libtla_syntax-169d03993c2aec3f.rlib`
     Running `/home/ops/.rustup/toolchains/stable-x86_64-unknown-linux-gnu/bin/rustc --crate-name parse_specs --edition=2024 crates/tla-syntax/tests/parse_specs.rs --error-format=json --json=diagnostic-rendered-ansi,artifacts,future-incompat --emit=dep-info,link -C embed-bitcode=no -C debuginfo=2 '--warn=clippy::pedantic' '--deny=clippy::all' --forbid=unsafe_code '--allow=clippy::similar_names' '--allow=clippy::must_use_candidate' '--allow=clippy::missing_errors_doc' --test --check-cfg 'cfg(docsrs,test)' --check-cfg 'cfg(feature, values())' -C metadata=a8f81c428969cd5b -C extra-filename=-f79b0d0a70f894ac --out-dir /tmp/cargo-mutants-tlatools-rs-5IbVX6.tmp/target/debug/deps -C incremental=/tmp/cargo-mutants-tlatools-rs-5IbVX6.tmp/target/debug/incremental -L dependency=/tmp/cargo-mutants-tlatools-rs-5IbVX6.tmp/target/debug/deps --extern tla_syntax=/tmp/cargo-mutants-tlatools-rs-5IbVX6.tmp/target/debug/deps/libtla_syntax-169d03993c2aec3f.rlib`
     Running `/home/ops/.rustup/toolchains/stable-x86_64-unknown-linux-gnu/bin/rustc --crate-name queries --edition=2024 crates/tla-syntax/tests/queries.rs --error-format=json --json=diagnostic-rendered-ansi,artifacts,future-incompat --emit=dep-info,link -C embed-bitcode=no -C debuginfo=2 '--warn=clippy::pedantic' '--deny=clippy::all' --forbid=unsafe_code '--allow=clippy::similar_names' '--allow=clippy::must_use_candidate' '--allow=clippy::missing_errors_doc' --test --check-cfg 'cfg(docsrs,test)' --check-cfg 'cfg(feature, values())' -C metadata=fc19234c6e95ae98 -C extra-filename=-2cacbc55350fea8e --out-dir /tmp/cargo-mutants-tlatools-rs-5IbVX6.tmp/target/debug/deps -C incremental=/tmp/cargo-mutants-tlatools-rs-5IbVX6.tmp/target/debug/incremental -L dependency=/tmp/cargo-mutants-tlatools-rs-5IbVX6.tmp/target/debug/deps --extern tla_syntax=/tmp/cargo-mutants-tlatools-rs-5IbVX6.tmp/target/debug/deps/libtla_syntax-169d03993c2aec3f.rlib`
     Running `/home/ops/.rustup/toolchains/stable-x86_64-unknown-linux-gnu/bin/rustc --crate-name golden --edition=2024 crates/tla-syntax/tests/golden.rs --error-format=json --json=diagnostic-rendered-ansi,artifacts,future-incompat --emit=dep-info,link -C embed-bitcode=no -C debuginfo=2 '--warn=clippy::pedantic' '--deny=clippy::all' --forbid=unsafe_code '--allow=clippy::similar_names' '--allow=clippy::must_use_candidate' '--allow=clippy::missing_errors_doc' --test --check-cfg 'cfg(docsrs,test)' --check-cfg 'cfg(feature, values())' -C metadata=4c148619f516b9d2 -C extra-filename=-a7c611b7d1e6a805 --out-dir /tmp/cargo-mutants-tlatools-rs-5IbVX6.tmp/target/debug/deps -C incremental=/tmp/cargo-mutants-tlatools-rs-5IbVX6.tmp/target/debug/incremental -L dependency=/tmp/cargo-mutants-tlatools-rs-5IbVX6.tmp/target/debug/deps --extern tla_syntax=/tmp/cargo-mutants-tlatools-rs-5IbVX6.tmp/target/debug/deps/libtla_syntax-169d03993c2aec3f.rlib`
     Running `/home/ops/.rustup/toolchains/stable-x86_64-unknown-linux-gnu/bin/rustc --crate-name robustness --edition=2024 crates/tla-syntax/tests/robustness.rs --error-format=json --json=diagnostic-rendered-ansi,artifacts,future-incompat --emit=dep-info,link -C embed-bitcode=no -C debuginfo=2 '--warn=clippy::pedantic' '--deny=clippy::all' --forbid=unsafe_code '--allow=clippy::similar_names' '--allow=clippy::must_use_candidate' '--allow=clippy::missing_errors_doc' --test --check-cfg 'cfg(docsrs,test)' --check-cfg 'cfg(feature, values())' -C metadata=3b1de0d84c0f7391 -C extra-filename=-4657dcdff6c43e2f --out-dir /tmp/cargo-mutants-tlatools-rs-5IbVX6.tmp/target/debug/deps -C incremental=/tmp/cargo-mutants-tlatools-rs-5IbVX6.tmp/target/debug/incremental -L dependency=/tmp/cargo-mutants-tlatools-rs-5IbVX6.tmp/target/debug/deps --extern tla_syntax=/tmp/cargo-mutants-tlatools-rs-5IbVX6.tmp/target/debug/deps/libtla_syntax-169d03993c2aec3f.rlib`
     Running `/home/ops/.rustup/toolchains/stable-x86_64-unknown-linux-gnu/bin/rustc --crate-name grammar --edition=2024 crates/tla-syntax/tests/grammar.rs --error-format=json --json=diagnostic-rendered-ansi,artifacts,future-incompat --emit=dep-info,link -C embed-bitcode=no -C debuginfo=2 '--warn=clippy::pedantic' '--deny=clippy::all' --forbid=unsafe_code '--allow=clippy::similar_names' '--allow=clippy::must_use_candidate' '--allow=clippy::missing_errors_doc' --test --check-cfg 'cfg(docsrs,test)' --check-cfg 'cfg(feature, values())' -C metadata=0802b3514e0199db -C extra-filename=-209c7b39092f9a9f --out-dir /tmp/cargo-mutants-tlatools-rs-5IbVX6.tmp/target/debug/deps -C incremental=/tmp/cargo-mutants-tlatools-rs-5IbVX6.tmp/target/debug/incremental -L dependency=/tmp/cargo-mutants-tlatools-rs-5IbVX6.tmp/target/debug/deps --extern tla_syntax=/tmp/cargo-mutants-tlatools-rs-5IbVX6.tmp/target/debug/deps/libtla_syntax-169d03993c2aec3f.rlib`
    Finished `test` profile [unoptimized + debuginfo] target(s) in 0.32s
  Executable `/tmp/cargo-mutants-tlatools-rs-5IbVX6.tmp/target/debug/deps/tla_syntax-7b1a32620c4b87af`
  Executable `/tmp/cargo-mutants-tlatools-rs-5IbVX6.tmp/target/debug/deps/boundaries-9be27ec779ef4ecc`
  Executable `/tmp/cargo-mutants-tlatools-rs-5IbVX6.tmp/target/debug/deps/golden-a7c611b7d1e6a805`
  Executable `/tmp/cargo-mutants-tlatools-rs-5IbVX6.tmp/target/debug/deps/grammar-209c7b39092f9a9f`
  Executable `/tmp/cargo-mutants-tlatools-rs-5IbVX6.tmp/target/debug/deps/parse_specs-f79b0d0a70f894ac`
  Executable `/tmp/cargo-mutants-tlatools-rs-5IbVX6.tmp/target/debug/deps/printing-a0b972b47931cbf0`
  Executable `/tmp/cargo-mutants-tlatools-rs-5IbVX6.tmp/target/debug/deps/queries-2cacbc55350fea8e`
  Executable `/tmp/cargo-mutants-tlatools-rs-5IbVX6.tmp/target/debug/deps/robustness-4657dcdff6c43e2f`

*** result: Success

*** /home/ops/.rustup/toolchains/stable-x86_64-unknown-linux-gnu/bin/cargo test --verbose --package=tla-syntax@0.1.0
warning: method `begins_line` is never used
   --> crates/tla-syntax/src/parser.rs:419:8
    |
 71 | impl Parser {
    | ----------- method in this implementation
...
419 |     fn begins_line(&self) -> bool {
    |        ^^^^^^^^^^^
    |
    = note: `#[warn(dead_code)]` (part of `#[warn(unused)]`) on by default

warning: `tla-syntax` (lib) generated 1 warning
       Fresh tla-syntax v0.1.0 (/tmp/cargo-mutants-tlatools-rs-5IbVX6.tmp/crates/tla-syntax)
warning: `tla-syntax` (lib test) generated 1 warning (1 duplicate)
    Finished `test` profile [unoptimized + debuginfo] target(s) in 0.01s
     Running `/tmp/cargo-mutants-tlatools-rs-5IbVX6.tmp/target/debug/deps/tla_syntax-7b1a32620c4b87af`

running 0 tests

test result: ok. 0 passed; 0 failed; 0 ignored; 0 measured; 0 filtered out; finished in 0.00s

     Running `/tmp/cargo-mutants-tlatools-rs-5IbVX6.tmp/target/debug/deps/boundaries-9be27ec779ef4ecc`

running 12 tests
test a_bracketed_left_hand_side_is_found_past_its_brackets ... FAILED
test a_declaration_ends_the_definition_before_it ... FAILED
test a_definition_may_be_named_after_a_keyword ... FAILED
test a_definition_of_any_shape_ends_the_previous_one ... FAILED
test a_definition_is_written_with_operands_not_holes ... FAILED
test a_let_instance_keeps_its_substitutions ... ok
test a_later_definitions_equals_does_not_end_this_one ... FAILED
test a_prefix_definition_needs_a_name_or_a_hole ... FAILED
test a_substitution_may_be_an_operator_or_an_expression ... FAILED
test an_expression_wrapped_into_the_first_column_carries_on ... FAILED
test a_let_instance_survives_printing ... ok
test an_operator_may_be_the_last_argument ... FAILED

failures:

---- a_bracketed_left_hand_side_is_found_past_its_brackets stdout ----

thread 'a_bracketed_left_hand_side_is_found_past_its_brackets' (1355969) panicked at crates/tla-syntax/tests/boundaries.rs:19:28:
X is gone
in:
---- MODULE T ----
X == a
Y[i \in [j \in S |-> j]] == i
====
note: run with `RUST_BACKTRACE=1` environment variable to display a backtrace

---- a_declaration_ends_the_definition_before_it stdout ----

thread 'a_declaration_ends_the_definition_before_it' (1355970) panicked at crates/tla-syntax/tests/boundaries.rs:19:28:
X is gone
in:
---- MODULE T ----
X == a
VARIABLE v
====

---- a_definition_may_be_named_after_a_keyword stdout ----

thread 'a_definition_may_be_named_after_a_keyword' (1355972) panicked at crates/tla-syntax/tests/boundaries.rs:170:9:
TRUE == FALSE defines TRUE

---- a_definition_of_any_shape_ends_the_previous_one stdout ----

thread 'a_definition_of_any_shape_ends_the_previous_one' (1355973) panicked at crates/tla-syntax/tests/boundaries.rs:19:28:
X is gone
in:
---- MODULE T ----
X == a
Y == 1
====

---- a_definition_is_written_with_operands_not_holes stdout ----

thread 'a_definition_is_written_with_operands_not_holes' (1355971) panicked at crates/tla-syntax/tests/boundaries.rs:109:9:
`_ ** _ == 1` is not TLA+ and SANY rejects it too

---- a_later_definitions_equals_does_not_end_this_one stdout ----

thread 'a_later_definitions_equals_does_not_end_this_one' (1355974) panicked at crates/tla-syntax/tests/boundaries.rs:77:27:
X

---- a_prefix_definition_needs_a_name_or_a_hole stdout ----

thread 'a_prefix_definition_needs_a_name_or_a_hole' (1355977) panicked at crates/tla-syntax/tests/boundaries.rs:120:5:
assertion failed: defines("-. a == 0 - a", "-")

---- a_substitution_may_be_an_operator_or_an_expression stdout ----

thread 'a_substitution_may_be_an_operator_or_an_expression' (1355978) panicked at crates/tla-syntax/tests/boundaries.rs:136:9:
expected an instance

---- an_expression_wrapped_into_the_first_column_carries_on stdout ----

thread 'an_expression_wrapped_into_the_first_column_carries_on' (1355979) panicked at crates/tla-syntax/tests/boundaries.rs:19:28:
X is gone
in:
---- MODULE T ----
X == a
\/ b
====

---- an_operator_may_be_the_last_argument stdout ----

thread 'an_operator_may_be_the_last_argument' (1355980) panicked at crates/tla-syntax/tests/boundaries.rs:148:10:
X


failures:
    a_bracketed_left_hand_side_is_found_past_its_brackets
    a_declaration_ends_the_definition_before_it
    a_definition_is_written_with_operands_not_holes
    a_definition_may_be_named_after_a_keyword
    a_definition_of_any_shape_ends_the_previous_one
    a_later_definitions_equals_does_not_end_this_one
    a_prefix_definition_needs_a_name_or_a_hole
    a_substitution_may_be_an_operator_or_an_expression
    an_expression_wrapped_into_the_first_column_carries_on
    an_operator_may_be_the_last_argument

test result: FAILED. 2 passed; 10 failed; 0 ignored; 0 measured; 0 filtered out; finished in 0.00s

error: test failed, to rerun pass `-p tla-syntax --test boundaries`

*** result: Failure(101)
