
*** crates/tla-syntax/src/parser.rs:586:9: replace Parser::skip_expression_label -> Option<Result<Expr>> with Some(Ok(Default::default()))

*** mutation diff:
--- crates/tla-syntax/src/parser.rs
+++ replace Parser::skip_expression_label -> Option<Result<Expr>> with Some(Ok(Default::default()))
@@ -578,45 +578,17 @@
         };
         let operand = self.expr(operand_prec)?;
         Ok(Expr::Unary(op, Box::new(operand)))
     }
 
     /// A label names a subexpression so a proof can refer to it. It has no
     /// bearing on the expression's value, so it is dropped.
     fn skip_expression_label(&mut self) -> Option<Result<Expr>> {
-        if !matches!(self.peek(), Tok::Ident(_)) {
-            return None;
-        }
-        let mut ahead = 1;
-        if matches!(self.peek_at(1), Tok::LParen) {
-            let mut depth = 0usize;
-            loop {
-                match self.peek_at(ahead) {
-                    Tok::LParen => depth += 1,
-                    Tok::RParen => {
-                        depth -= 1;
-                        if depth == 0 {
-                            ahead += 1;
-                            break;
-                        }
-                    }
-                    Tok::Eof => return None,
-                    _ => {}
-                }
-                ahead += 1;
-            }
-        }
-        if !matches!(self.peek_at(ahead), Tok::ColonColon) {
-            return None;
-        }
-        for _ in 0..=ahead {
-            self.advance();
-        }
-        Some(self.expr(0))
+        Some(Ok(Default::default())) /* ~ changed by cargo-mutants ~ */
     }
 
     fn postfix(&mut self) -> Result<Expr> {
         let mut e = self.primary()?;
         loop {
             if self.fenced() {
                 break;
             }


*** /home/ops/.rustup/toolchains/stable-x86_64-unknown-linux-gnu/bin/cargo test --no-run --verbose --package=tla-syntax@0.1.0
       Dirty tla-syntax v0.1.0 (/tmp/cargo-mutants-tlatools-rs-ZasLz6.tmp/crates/tla-syntax): the file `crates/tla-syntax/src/parser.rs` has changed (1786402907.075319043s, 2s after last build at 1786402905.268208605s)
   Compiling tla-syntax v0.1.0 (/tmp/cargo-mutants-tlatools-rs-ZasLz6.tmp/crates/tla-syntax)
     Running `/home/ops/.rustup/toolchains/stable-x86_64-unknown-linux-gnu/bin/rustc --crate-name tla_syntax --edition=2024 crates/tla-syntax/src/lib.rs --error-format=json --json=diagnostic-rendered-ansi,artifacts,future-incompat --emit=dep-info,link -C embed-bitcode=no -C debuginfo=2 '--warn=clippy::pedantic' '--deny=clippy::all' --forbid=unsafe_code '--allow=clippy::similar_names' '--allow=clippy::must_use_candidate' '--allow=clippy::missing_errors_doc' --test --check-cfg 'cfg(docsrs,test)' --check-cfg 'cfg(feature, values())' -C metadata=b9cdaea3d809ecd1 -C extra-filename=-7b1a32620c4b87af --out-dir /tmp/cargo-mutants-tlatools-rs-ZasLz6.tmp/target/debug/deps -C incremental=/tmp/cargo-mutants-tlatools-rs-ZasLz6.tmp/target/debug/incremental -L dependency=/tmp/cargo-mutants-tlatools-rs-ZasLz6.tmp/target/debug/deps`
     Running `/home/ops/.rustup/toolchains/stable-x86_64-unknown-linux-gnu/bin/rustc --crate-name tla_syntax --edition=2024 crates/tla-syntax/src/lib.rs --error-format=json --json=diagnostic-rendered-ansi,artifacts,future-incompat --crate-type lib --emit=dep-info,metadata,link -C embed-bitcode=no -C debuginfo=2 '--warn=clippy::pedantic' '--deny=clippy::all' --forbid=unsafe_code '--allow=clippy::similar_names' '--allow=clippy::must_use_candidate' '--allow=clippy::missing_errors_doc' --check-cfg 'cfg(docsrs,test)' --check-cfg 'cfg(feature, values())' -C metadata=85b1367430153dc6 -C extra-filename=-169d03993c2aec3f --out-dir /tmp/cargo-mutants-tlatools-rs-ZasLz6.tmp/target/debug/deps -C incremental=/tmp/cargo-mutants-tlatools-rs-ZasLz6.tmp/target/debug/incremental -L dependency=/tmp/cargo-mutants-tlatools-rs-ZasLz6.tmp/target/debug/deps`
error[E0277]: the trait bound `Expr: Default` is not satisfied
   --> crates/tla-syntax/src/parser.rs:586:17
    |
586 |         Some(Ok(Default::default())) /* ~ changed by cargo-mutants ~ */
    |                 ^^^^^^^^^^^^^^^^^^ unsatisfied trait bound
    |
help: the trait `Default` is not implemented for `Expr`
   --> crates/tla-syntax/src/ast.rs:132:1
    |
132 | pub enum Expr {
    | ^^^^^^^^^^^^^

For more information about this error, try `rustc --explain E0277`.
error: could not compile `tla-syntax` (lib test) due to 1 previous error

Caused by:
  process didn't exit successfully: `/home/ops/.rustup/toolchains/stable-x86_64-unknown-linux-gnu/bin/rustc --crate-name tla_syntax --edition=2024 crates/tla-syntax/src/lib.rs --error-format=json --json=diagnostic-rendered-ansi,artifacts,future-incompat --emit=dep-info,link -C embed-bitcode=no -C debuginfo=2 '--warn=clippy::pedantic' '--deny=clippy::all' --forbid=unsafe_code '--allow=clippy::similar_names' '--allow=clippy::must_use_candidate' '--allow=clippy::missing_errors_doc' --test --check-cfg 'cfg(docsrs,test)' --check-cfg 'cfg(feature, values())' -C metadata=b9cdaea3d809ecd1 -C extra-filename=-7b1a32620c4b87af --out-dir /tmp/cargo-mutants-tlatools-rs-ZasLz6.tmp/target/debug/deps -C incremental=/tmp/cargo-mutants-tlatools-rs-ZasLz6.tmp/target/debug/incremental -L dependency=/tmp/cargo-mutants-tlatools-rs-ZasLz6.tmp/target/debug/deps` (exit status: 1)
warning: build failed, waiting for other jobs to finish...
error: could not compile `tla-syntax` (lib) due to 1 previous error

Caused by:
  process didn't exit successfully: `/home/ops/.rustup/toolchains/stable-x86_64-unknown-linux-gnu/bin/rustc --crate-name tla_syntax --edition=2024 crates/tla-syntax/src/lib.rs --error-format=json --json=diagnostic-rendered-ansi,artifacts,future-incompat --crate-type lib --emit=dep-info,metadata,link -C embed-bitcode=no -C debuginfo=2 '--warn=clippy::pedantic' '--deny=clippy::all' --forbid=unsafe_code '--allow=clippy::similar_names' '--allow=clippy::must_use_candidate' '--allow=clippy::missing_errors_doc' --check-cfg 'cfg(docsrs,test)' --check-cfg 'cfg(feature, values())' -C metadata=85b1367430153dc6 -C extra-filename=-169d03993c2aec3f --out-dir /tmp/cargo-mutants-tlatools-rs-ZasLz6.tmp/target/debug/deps -C incremental=/tmp/cargo-mutants-tlatools-rs-ZasLz6.tmp/target/debug/incremental -L dependency=/tmp/cargo-mutants-tlatools-rs-ZasLz6.tmp/target/debug/deps` (exit status: 1)

*** result: Failure(101)
