
*** crates/tla-syntax/src/parser.rs:977:9: replace Parser::let_form -> Result<Expr> with Ok(Default::default())

*** mutation diff:
--- crates/tla-syntax/src/parser.rs
+++ replace Parser::let_form -> Result<Expr> with Ok(Default::default())
@@ -969,50 +969,17 @@
                     action: Box::new(action),
                 })
             }
             other => Err(self.err_at(at, format!("expected an expression, found {other:?}"))),
         }
     }
 
     fn let_form(&mut self) -> Result<Expr> {
-        let mut defs = Vec::new();
-        let mut instances = Vec::new();
-        while !matches!(self.peek(), Tok::Kw(Kw::In)) {
-            if self.eat(&Tok::Kw(Kw::Recursive)) {
-                self.decl_list()?;
-                continue;
-            }
-            if matches!(self.peek(), Tok::Kw(Kw::Instance)) {
-                let (module, subs) = self.instance_tail()?;
-                instances.push(LetInstance {
-                    name: None,
-                    module,
-                    subs,
-                });
-                continue;
-            }
-            let Tok::Ident(name) = self.peek().clone() else {
-                return Err(self.err("expected a definition inside LET"));
-            };
-            match self.named_definition(name, false)? {
-                Unit::Def(def) => defs.push(def),
-                Unit::Instance { name, module, subs } => {
-                    instances.push(LetInstance { name, module, subs });
-                }
-                _ => return Err(self.err("only definitions may appear inside LET")),
-            }
-        }
-        self.advance();
-        let body = self.expr(0)?;
-        Ok(Expr::Let {
-            defs,
-            instances,
-            body: Box::new(body),
-        })
+        Ok(Default::default()) /* ~ changed by cargo-mutants ~ */
     }
 
     fn case_form(&mut self) -> Result<Expr> {
         let mut arms = Vec::new();
         let mut other = None;
         loop {
             if self.eat(&Tok::Kw(Kw::Other)) {
                 self.expect(&Tok::Arrow)?;


*** /home/ops/.rustup/toolchains/stable-x86_64-unknown-linux-gnu/bin/cargo test --no-run --verbose --package=tla-syntax@0.1.0
       Dirty tla-syntax v0.1.0 (/tmp/cargo-mutants-tlatools-rs-pSIORz.tmp/crates/tla-syntax): the file `crates/tla-syntax/src/parser.rs` has changed (1786406532.779659383s, 2s after last build at 1786406530.137783602s)
   Compiling tla-syntax v0.1.0 (/tmp/cargo-mutants-tlatools-rs-pSIORz.tmp/crates/tla-syntax)
     Running `/home/ops/.rustup/toolchains/stable-x86_64-unknown-linux-gnu/bin/rustc --crate-name tla_syntax --edition=2024 crates/tla-syntax/src/lib.rs --error-format=json --json=diagnostic-rendered-ansi,artifacts,future-incompat --emit=dep-info,link -C embed-bitcode=no -C debuginfo=2 '--warn=clippy::pedantic' '--deny=clippy::all' --forbid=unsafe_code '--allow=clippy::similar_names' '--allow=clippy::must_use_candidate' '--allow=clippy::missing_errors_doc' --test --check-cfg 'cfg(docsrs,test)' --check-cfg 'cfg(feature, values())' -C metadata=b9cdaea3d809ecd1 -C extra-filename=-7b1a32620c4b87af --out-dir /tmp/cargo-mutants-tlatools-rs-pSIORz.tmp/target/debug/deps -C incremental=/tmp/cargo-mutants-tlatools-rs-pSIORz.tmp/target/debug/incremental -L dependency=/tmp/cargo-mutants-tlatools-rs-pSIORz.tmp/target/debug/deps`
     Running `/home/ops/.rustup/toolchains/stable-x86_64-unknown-linux-gnu/bin/rustc --crate-name tla_syntax --edition=2024 crates/tla-syntax/src/lib.rs --error-format=json --json=diagnostic-rendered-ansi,artifacts,future-incompat --crate-type lib --emit=dep-info,metadata,link -C embed-bitcode=no -C debuginfo=2 '--warn=clippy::pedantic' '--deny=clippy::all' --forbid=unsafe_code '--allow=clippy::similar_names' '--allow=clippy::must_use_candidate' '--allow=clippy::missing_errors_doc' --check-cfg 'cfg(docsrs,test)' --check-cfg 'cfg(feature, values())' -C metadata=85b1367430153dc6 -C extra-filename=-169d03993c2aec3f --out-dir /tmp/cargo-mutants-tlatools-rs-pSIORz.tmp/target/debug/deps -C incremental=/tmp/cargo-mutants-tlatools-rs-pSIORz.tmp/target/debug/incremental -L dependency=/tmp/cargo-mutants-tlatools-rs-pSIORz.tmp/target/debug/deps`
warning: unused import: `LetInstance`
 --> crates/tla-syntax/src/parser.rs:1:54
  |
1 | use crate::ast::{Bound, Decl, Def, ExceptPath, Expr, LetInstance, Module, Param, QuantKind, Unit};
  |                                                      ^^^^^^^^^^^
  |
  = note: `#[warn(unused_imports)]` (part of `#[warn(unused)]`) on by default

error[E0277]: the trait bound `Expr: Default` is not satisfied
   --> crates/tla-syntax/src/parser.rs:977:12
    |
977 |         Ok(Default::default()) /* ~ changed by cargo-mutants ~ */
    |            ^^^^^^^^^^^^^^^^^^ unsatisfied trait bound
    |
help: the trait `Default` is not implemented for `Expr`
   --> crates/tla-syntax/src/ast.rs:140:1
    |
140 | pub enum Expr {
    | ^^^^^^^^^^^^^

For more information about this error, try `rustc --explain E0277`.
warning: `tla-syntax` (lib test) generated 1 warning
error: could not compile `tla-syntax` (lib test) due to 1 previous error; 1 warning emitted

Caused by:
  process didn't exit successfully: `/home/ops/.rustup/toolchains/stable-x86_64-unknown-linux-gnu/bin/rustc --crate-name tla_syntax --edition=2024 crates/tla-syntax/src/lib.rs --error-format=json --json=diagnostic-rendered-ansi,artifacts,future-incompat --emit=dep-info,link -C embed-bitcode=no -C debuginfo=2 '--warn=clippy::pedantic' '--deny=clippy::all' --forbid=unsafe_code '--allow=clippy::similar_names' '--allow=clippy::must_use_candidate' '--allow=clippy::missing_errors_doc' --test --check-cfg 'cfg(docsrs,test)' --check-cfg 'cfg(feature, values())' -C metadata=b9cdaea3d809ecd1 -C extra-filename=-7b1a32620c4b87af --out-dir /tmp/cargo-mutants-tlatools-rs-pSIORz.tmp/target/debug/deps -C incremental=/tmp/cargo-mutants-tlatools-rs-pSIORz.tmp/target/debug/incremental -L dependency=/tmp/cargo-mutants-tlatools-rs-pSIORz.tmp/target/debug/deps` (exit status: 1)
warning: build failed, waiting for other jobs to finish...
warning: `tla-syntax` (lib) generated 1 warning (1 duplicate)
error: could not compile `tla-syntax` (lib) due to 1 previous error; 1 warning emitted

Caused by:
  process didn't exit successfully: `/home/ops/.rustup/toolchains/stable-x86_64-unknown-linux-gnu/bin/rustc --crate-name tla_syntax --edition=2024 crates/tla-syntax/src/lib.rs --error-format=json --json=diagnostic-rendered-ansi,artifacts,future-incompat --crate-type lib --emit=dep-info,metadata,link -C embed-bitcode=no -C debuginfo=2 '--warn=clippy::pedantic' '--deny=clippy::all' --forbid=unsafe_code '--allow=clippy::similar_names' '--allow=clippy::must_use_candidate' '--allow=clippy::missing_errors_doc' --check-cfg 'cfg(docsrs,test)' --check-cfg 'cfg(feature, values())' -C metadata=85b1367430153dc6 -C extra-filename=-169d03993c2aec3f --out-dir /tmp/cargo-mutants-tlatools-rs-pSIORz.tmp/target/debug/deps -C incremental=/tmp/cargo-mutants-tlatools-rs-pSIORz.tmp/target/debug/incremental -L dependency=/tmp/cargo-mutants-tlatools-rs-pSIORz.tmp/target/debug/deps` (exit status: 1)

*** result: Failure(101)
