
*** crates/tla-syntax/src/parser.rs:692:9: replace Parser::expr_list -> Result<Vec<Expr>> with Ok(vec![Default::default()])

*** mutation diff:
--- crates/tla-syntax/src/parser.rs
+++ replace Parser::expr_list -> Result<Vec<Expr>> with Ok(vec![Default::default()])
@@ -684,38 +684,17 @@
                 }
                 _ => break,
             }
         }
         Ok(e)
     }
 
     fn expr_list(&mut self, close: &Tok) -> Result<Vec<Expr>> {
-        let mut out = Vec::new();
-        if self.peek() == close {
-            return Ok(out);
-        }
-        loop {
-            // `FoldSet(+, 0, S)` passes the operator itself, not an
-            // application of it.
-            if let Tok::Op(op) = *self.peek()
-                && (matches!(self.peek_at(1), Tok::Comma) || self.peek_at(1) == close)
-            {
-                self.advance();
-                out.push(Expr::Ident(op.symbol().to_string()));
-                if !self.eat(&Tok::Comma) {
-                    return Ok(out);
-                }
-                continue;
-            }
-            out.push(self.expr(0)?);
-            if !self.eat(&Tok::Comma) {
-                return Ok(out);
-            }
-        }
+        Ok(vec![Default::default()]) /* ~ changed by cargo-mutants ~ */
     }
 
     fn primary(&mut self) -> Result<Expr> {
         let at = self.pos;
         match self.advance() {
             Tok::Num(n) => Ok(Expr::Num(n)),
             Tok::Str(s) => Ok(Expr::Str(s)),
             Tok::Kw(Kw::True) => Ok(Expr::Bool(true)),


*** /home/ops/.rustup/toolchains/stable-x86_64-unknown-linux-gnu/bin/cargo test --no-run --verbose --package=tla-syntax@0.1.0
       Dirty tla-syntax v0.1.0 (/tmp/cargo-mutants-tlatools-rs-DsWQO2.tmp/crates/tla-syntax): the file `crates/tla-syntax/src/parser.rs` has changed (1786402930.969779310s, 22s after last build at 1786402908.899430521s)
   Compiling tla-syntax v0.1.0 (/tmp/cargo-mutants-tlatools-rs-DsWQO2.tmp/crates/tla-syntax)
     Running `/home/ops/.rustup/toolchains/stable-x86_64-unknown-linux-gnu/bin/rustc --crate-name tla_syntax --edition=2024 crates/tla-syntax/src/lib.rs --error-format=json --json=diagnostic-rendered-ansi,artifacts,future-incompat --emit=dep-info,link -C embed-bitcode=no -C debuginfo=2 '--warn=clippy::pedantic' '--deny=clippy::all' --forbid=unsafe_code '--allow=clippy::similar_names' '--allow=clippy::must_use_candidate' '--allow=clippy::missing_errors_doc' --test --check-cfg 'cfg(docsrs,test)' --check-cfg 'cfg(feature, values())' -C metadata=b9cdaea3d809ecd1 -C extra-filename=-7b1a32620c4b87af --out-dir /tmp/cargo-mutants-tlatools-rs-DsWQO2.tmp/target/debug/deps -C incremental=/tmp/cargo-mutants-tlatools-rs-DsWQO2.tmp/target/debug/incremental -L dependency=/tmp/cargo-mutants-tlatools-rs-DsWQO2.tmp/target/debug/deps`
     Running `/home/ops/.rustup/toolchains/stable-x86_64-unknown-linux-gnu/bin/rustc --crate-name tla_syntax --edition=2024 crates/tla-syntax/src/lib.rs --error-format=json --json=diagnostic-rendered-ansi,artifacts,future-incompat --crate-type lib --emit=dep-info,metadata,link -C embed-bitcode=no -C debuginfo=2 '--warn=clippy::pedantic' '--deny=clippy::all' --forbid=unsafe_code '--allow=clippy::similar_names' '--allow=clippy::must_use_candidate' '--allow=clippy::missing_errors_doc' --check-cfg 'cfg(docsrs,test)' --check-cfg 'cfg(feature, values())' -C metadata=85b1367430153dc6 -C extra-filename=-169d03993c2aec3f --out-dir /tmp/cargo-mutants-tlatools-rs-DsWQO2.tmp/target/debug/deps -C incremental=/tmp/cargo-mutants-tlatools-rs-DsWQO2.tmp/target/debug/incremental -L dependency=/tmp/cargo-mutants-tlatools-rs-DsWQO2.tmp/target/debug/deps`
error[E0277]: the trait bound `Expr: Default` is not satisfied
   --> crates/tla-syntax/src/parser.rs:692:17
    |
692 |         Ok(vec![Default::default()]) /* ~ changed by cargo-mutants ~ */
    |                 ^^^^^^^^^^^^^^^^^^ unsatisfied trait bound
    |
help: the trait `Default` is not implemented for `Expr`
   --> crates/tla-syntax/src/ast.rs:132:1
    |
132 | pub enum Expr {
    | ^^^^^^^^^^^^^

For more information about this error, try `rustc --explain E0277`.
error: could not compile `tla-syntax` (lib) due to 1 previous error

Caused by:
  process didn't exit successfully: `/home/ops/.rustup/toolchains/stable-x86_64-unknown-linux-gnu/bin/rustc --crate-name tla_syntax --edition=2024 crates/tla-syntax/src/lib.rs --error-format=json --json=diagnostic-rendered-ansi,artifacts,future-incompat --crate-type lib --emit=dep-info,metadata,link -C embed-bitcode=no -C debuginfo=2 '--warn=clippy::pedantic' '--deny=clippy::all' --forbid=unsafe_code '--allow=clippy::similar_names' '--allow=clippy::must_use_candidate' '--allow=clippy::missing_errors_doc' --check-cfg 'cfg(docsrs,test)' --check-cfg 'cfg(feature, values())' -C metadata=85b1367430153dc6 -C extra-filename=-169d03993c2aec3f --out-dir /tmp/cargo-mutants-tlatools-rs-DsWQO2.tmp/target/debug/deps -C incremental=/tmp/cargo-mutants-tlatools-rs-DsWQO2.tmp/target/debug/incremental -L dependency=/tmp/cargo-mutants-tlatools-rs-DsWQO2.tmp/target/debug/deps` (exit status: 1)
warning: build failed, waiting for other jobs to finish...
error: could not compile `tla-syntax` (lib test) due to 1 previous error

Caused by:
  process didn't exit successfully: `/home/ops/.rustup/toolchains/stable-x86_64-unknown-linux-gnu/bin/rustc --crate-name tla_syntax --edition=2024 crates/tla-syntax/src/lib.rs --error-format=json --json=diagnostic-rendered-ansi,artifacts,future-incompat --emit=dep-info,link -C embed-bitcode=no -C debuginfo=2 '--warn=clippy::pedantic' '--deny=clippy::all' --forbid=unsafe_code '--allow=clippy::similar_names' '--allow=clippy::must_use_candidate' '--allow=clippy::missing_errors_doc' --test --check-cfg 'cfg(docsrs,test)' --check-cfg 'cfg(feature, values())' -C metadata=b9cdaea3d809ecd1 -C extra-filename=-7b1a32620c4b87af --out-dir /tmp/cargo-mutants-tlatools-rs-DsWQO2.tmp/target/debug/deps -C incremental=/tmp/cargo-mutants-tlatools-rs-DsWQO2.tmp/target/debug/incremental -L dependency=/tmp/cargo-mutants-tlatools-rs-DsWQO2.tmp/target/debug/deps` (exit status: 1)

*** result: Failure(101)
