
*** crates/tla-syntax/src/print.rs:75:5: replace bare -> fmt::Result with Ok(Default::default())

*** mutation diff:
--- crates/tla-syntax/src/print.rs
+++ replace bare -> fmt::Result with Ok(Default::default())
@@ -67,166 +67,17 @@
     bare(e, f)
 }
 
 #[expect(
     clippy::too_many_lines,
     reason = "one arm per syntactic form; splitting it would only scatter the grammar"
 )]
 fn bare(e: &Expr, f: &mut fmt::Formatter<'_>) -> fmt::Result {
-    match e {
-        Expr::Num(n) => write!(f, "{n}"),
-        Expr::Decimal(text) => f.write_str(text),
-        Expr::Str(s) => write!(f, "\"{}\"", s.replace('\\', "\\\\").replace('"', "\\\"")),
-        Expr::Bool(b) => f.write_str(if *b { "TRUE" } else { "FALSE" }),
-        Expr::Ident(name) => f.write_str(name),
-        Expr::At => f.write_str("@"),
-        Expr::Prime(inner) => {
-            write(inner, ATOM, f)?;
-            f.write_str("'")
-        }
-        Expr::Apply(head, args) => {
-            write(head, ATOM, f)?;
-            write!(f, "({})", list(args))
-        }
-        Expr::FnApply(head, args) => {
-            write(head, ATOM, f)?;
-            write!(f, "[{}]", list(args))
-        }
-        Expr::Field(inner, name) => {
-            write(inner, ATOM, f)?;
-            write!(f, ".{name}")
-        }
-        Expr::Qualified {
-            instance,
-            name,
-            args,
-        } => {
-            write!(f, "{instance}!{name}")?;
-            if args.is_empty() {
-                Ok(())
-            } else {
-                write!(f, "({})", list(args))
-            }
-        }
-        Expr::Unary(op, operand) if op.is_postfix() => {
-            write(operand, ATOM, f)?;
-            f.write_str(op.symbol())
-        }
-        Expr::Unary(op, operand) => {
-            f.write_str(op.symbol())?;
-            if op.is_word() {
-                f.write_str(" ")?;
-            }
-            write(operand, op.prefix_prec(), f)
-        }
-        Expr::Binary(op, lhs, rhs) => {
-            let prec = op.infix_prec().unwrap_or(TRAILING);
-            let (left, right) = if op.is_right_assoc() {
-                (prec + 1, prec)
-            } else {
-                (prec, prec + 1)
-            };
-            write(lhs, left, f)?;
-            // `1..n` is how a range is written; everything else reads better
-            // with room around it.
-            if *op == Op::DotDot {
-                f.write_str(op.symbol())?;
-            } else {
-                write!(f, " {} ", op.symbol())?;
-            }
-            write(rhs, right, f)
-        }
-        Expr::Tuple(items) => write!(f, "<<{}>>", list(items)),
-        Expr::SetEnum(items) => write!(f, "{{{}}}", list(items)),
-        Expr::SetFilter { bound, pred } => write!(f, "{{{bound} : {pred}}}"),
-        Expr::SetMap { expr, bounds } => write!(f, "{{{expr} : {}}}", bounds_list(bounds)),
-        Expr::Record(fields) => write!(f, "[{}]", fields_list(fields, "|->")),
-        Expr::RecordSet(fields) => write!(f, "[{}]", fields_list(fields, ":")),
-        Expr::FnDef { bounds, body } => {
-            write!(f, "[{} |-> {body}]", bounds_list(bounds))
-        }
-        Expr::FnSet { domain, range } => write!(f, "[{domain} -> {range}]"),
-        Expr::Except { base, updates } => {
-            write!(f, "[{base} EXCEPT ")?;
-            for (i, (path, value)) in updates.iter().enumerate() {
-                if i > 0 {
-                    f.write_str(", ")?;
-                }
-                f.write_str("!")?;
-                for step in path {
-                    match step {
-                        ExceptPath::Index(index) => write!(f, "[{index}]")?,
-                        ExceptPath::Field(name) => write!(f, ".{name}")?,
-                    }
-                }
-                write!(f, " = {value}")?;
-            }
-            f.write_str("]")
-        }
-        Expr::Quant { kind, bounds, body } => {
-            let symbol = match kind {
-                QuantKind::Forall => Op::Forall,
-                QuantKind::Exists => Op::Exists,
-                QuantKind::TemporalForall => Op::TemporalForall,
-                QuantKind::TemporalExists => Op::TemporalExists,
-            };
-            write!(f, "{} {} : {body}", symbol.symbol(), bounds_list(bounds))
-        }
-        Expr::Choose { bound, body } => write!(f, "CHOOSE {bound} : {body}"),
-        Expr::Let {
-            defs,
-            instances,
-            body,
-        } => {
-            f.write_str("LET ")?;
-            for (i, def) in defs.iter().enumerate() {
-                if i > 0 {
-                    f.write_str(" ")?;
-                }
-                write!(f, "{def}")?;
-            }
-            for instance in instances {
-                if !defs.is_empty() {
-                    f.write_str(" ")?;
-                }
-                write!(f, "{instance}")?;
-            }
-            write!(f, " IN {body}")
-        }
-        Expr::If {
-            cond,
-            then,
-            otherwise,
-        } => write!(f, "IF {cond} THEN {then} ELSE {otherwise}"),
-        Expr::Case { arms, other } => {
-            f.write_str("CASE ")?;
-            for (i, (guard, result)) in arms.iter().enumerate() {
-                if i > 0 {
-                    f.write_str(" [] ")?;
-                }
-                write!(f, "{guard} -> {result}")?;
-            }
-            match other {
-                Some(value) => write!(f, " [] OTHER -> {value}"),
-                None => Ok(()),
-            }
-        }
-        Expr::Lambda { params, body } => write!(f, "LAMBDA {} : {body}", params_list(params)),
-        Expr::ActionBox { action, subscript } => write!(f, "[{action}]_{subscript}"),
-        Expr::ActionAngle { action, subscript } => write!(f, "<<{action}>>_{subscript}"),
-        Expr::Fairness {
-            strong,
-            subscript,
-            action,
-        } => {
-            let kind = if *strong { "SF" } else { "WF" };
-            write!(f, "{kind}_{subscript}({action})")
-        }
-    }
+    Ok(Default::default()) /* ~ changed by cargo-mutants ~ */
 }
 
 impl fmt::Display for Def {
     fn fmt(&self, f: &mut fmt::Formatter<'_>) -> fmt::Result {
         f.write_str(&self.name)?;
         if !self.params.is_empty() {
             write!(f, "({})", params_list(&self.params))?;
         }


*** /home/ops/.rustup/toolchains/stable-x86_64-unknown-linux-gnu/bin/cargo test --no-run --verbose --package=tla-syntax@0.1.0
    Blocking waiting for file lock on package cache
    Blocking waiting for file lock on package cache
    Blocking waiting for file lock on package cache
       Dirty tla-syntax v0.1.0 (/tmp/cargo-mutants-tlatools-rs-pSIORz.tmp/crates/tla-syntax): the file `crates/tla-syntax/src/parser.rs` has changed (1786406533.336693303s, 1s after last build at 1786406532.948669675s)
   Compiling tla-syntax v0.1.0 (/tmp/cargo-mutants-tlatools-rs-pSIORz.tmp/crates/tla-syntax)
     Running `/home/ops/.rustup/toolchains/stable-x86_64-unknown-linux-gnu/bin/rustc --crate-name tla_syntax --edition=2024 crates/tla-syntax/src/lib.rs --error-format=json --json=diagnostic-rendered-ansi,artifacts,future-incompat --emit=dep-info,link -C embed-bitcode=no -C debuginfo=2 '--warn=clippy::pedantic' '--deny=clippy::all' --forbid=unsafe_code '--allow=clippy::similar_names' '--allow=clippy::must_use_candidate' '--allow=clippy::missing_errors_doc' --test --check-cfg 'cfg(docsrs,test)' --check-cfg 'cfg(feature, values())' -C metadata=b9cdaea3d809ecd1 -C extra-filename=-7b1a32620c4b87af --out-dir /tmp/cargo-mutants-tlatools-rs-pSIORz.tmp/target/debug/deps -C incremental=/tmp/cargo-mutants-tlatools-rs-pSIORz.tmp/target/debug/incremental -L dependency=/tmp/cargo-mutants-tlatools-rs-pSIORz.tmp/target/debug/deps`
     Running `/home/ops/.rustup/toolchains/stable-x86_64-unknown-linux-gnu/bin/rustc --crate-name tla_syntax --edition=2024 crates/tla-syntax/src/lib.rs --error-format=json --json=diagnostic-rendered-ansi,artifacts,future-incompat --crate-type lib --emit=dep-info,metadata,link -C embed-bitcode=no -C debuginfo=2 '--warn=clippy::pedantic' '--deny=clippy::all' --forbid=unsafe_code '--allow=clippy::similar_names' '--allow=clippy::must_use_candidate' '--allow=clippy::missing_errors_doc' --check-cfg 'cfg(docsrs,test)' --check-cfg 'cfg(feature, values())' -C metadata=85b1367430153dc6 -C extra-filename=-169d03993c2aec3f --out-dir /tmp/cargo-mutants-tlatools-rs-pSIORz.tmp/target/debug/deps -C incremental=/tmp/cargo-mutants-tlatools-rs-pSIORz.tmp/target/debug/incremental -L dependency=/tmp/cargo-mutants-tlatools-rs-pSIORz.tmp/target/debug/deps`
warning: unused imports: `ExceptPath` and `QuantKind`
  --> crates/tla-syntax/src/print.rs:17:36
   |
17 | use crate::ast::{Bound, Decl, Def, ExceptPath, Expr, LetInstance, Module, Param, QuantKind, Unit};
   |                                    ^^^^^^^^^^                                    ^^^^^^^^^
   |
   = note: `#[warn(unused_imports)]` (part of `#[warn(unused)]`) on by default

warning: unused import: `crate::token::Op`
  --> crates/tla-syntax/src/print.rs:18:5
   |
18 | use crate::token::Op;
   |     ^^^^^^^^^^^^^^^^

warning: unused variable: `e`
  --> crates/tla-syntax/src/print.rs:74:9
   |
74 | fn bare(e: &Expr, f: &mut fmt::Formatter<'_>) -> fmt::Result {
   |         ^ help: if this is intentional, prefix it with an underscore: `_e`
   |
   = note: `#[warn(unused_variables)]` (part of `#[warn(unused)]`) on by default

warning: unused variable: `f`
  --> crates/tla-syntax/src/print.rs:74:19
   |
74 | fn bare(e: &Expr, f: &mut fmt::Formatter<'_>) -> fmt::Result {
   |                   ^ help: if this is intentional, prefix it with an underscore: `_f`

warning: function `list` is never used
   --> crates/tla-syntax/src/print.rs:107:4
    |
107 | fn list(items: &[Expr]) -> String {
    |    ^^^^
    |
    = note: `#[warn(dead_code)]` (part of `#[warn(unused)]`) on by default

warning: function `bounds_list` is never used
   --> crates/tla-syntax/src/print.rs:115:4
    |
115 | fn bounds_list(bounds: &[Bound]) -> String {
    |    ^^^^^^^^^^^

warning: function `fields_list` is never used
   --> crates/tla-syntax/src/print.rs:123:4
    |
123 | fn fields_list(fields: &[(String, Expr)], separator: &str) -> String {
    |    ^^^^^^^^^^^

warning: `tla-syntax` (lib test) generated 7 warnings (run `cargo fix --lib -p tla-syntax --tests` to apply 4 suggestions)
warning: `tla-syntax` (lib) generated 7 warnings (7 duplicates)
     Running `/home/ops/.rustup/toolchains/stable-x86_64-unknown-linux-gnu/bin/rustc --crate-name boundaries --edition=2024 crates/tla-syntax/tests/boundaries.rs --error-format=json --json=diagnostic-rendered-ansi,artifacts,future-incompat --emit=dep-info,link -C embed-bitcode=no -C debuginfo=2 '--warn=clippy::pedantic' '--deny=clippy::all' --forbid=unsafe_code '--allow=clippy::similar_names' '--allow=clippy::must_use_candidate' '--allow=clippy::missing_errors_doc' --test --check-cfg 'cfg(docsrs,test)' --check-cfg 'cfg(feature, values())' -C metadata=54b9e5ec2794f140 -C extra-filename=-9be27ec779ef4ecc --out-dir /tmp/cargo-mutants-tlatools-rs-pSIORz.tmp/target/debug/deps -C incremental=/tmp/cargo-mutants-tlatools-rs-pSIORz.tmp/target/debug/incremental -L dependency=/tmp/cargo-mutants-tlatools-rs-pSIORz.tmp/target/debug/deps --extern tla_syntax=/tmp/cargo-mutants-tlatools-rs-pSIORz.tmp/target/debug/deps/libtla_syntax-169d03993c2aec3f.rlib`
     Running `/home/ops/.rustup/toolchains/stable-x86_64-unknown-linux-gnu/bin/rustc --crate-name depth --edition=2024 crates/tla-syntax/examples/depth.rs --error-format=json --json=diagnostic-rendered-ansi,artifacts,future-incompat --crate-type bin --emit=dep-info,link -C embed-bitcode=no -C debuginfo=2 '--warn=clippy::pedantic' '--deny=clippy::all' --forbid=unsafe_code '--allow=clippy::similar_names' '--allow=clippy::must_use_candidate' '--allow=clippy::missing_errors_doc' --check-cfg 'cfg(docsrs,test)' --check-cfg 'cfg(feature, values())' -C metadata=945ad0d3a4da74b3 -C extra-filename=-2ef4d05ce566e5e5 --out-dir /tmp/cargo-mutants-tlatools-rs-pSIORz.tmp/target/debug/examples -C incremental=/tmp/cargo-mutants-tlatools-rs-pSIORz.tmp/target/debug/incremental -L dependency=/tmp/cargo-mutants-tlatools-rs-pSIORz.tmp/target/debug/deps --extern tla_syntax=/tmp/cargo-mutants-tlatools-rs-pSIORz.tmp/target/debug/deps/libtla_syntax-169d03993c2aec3f.rlib`
     Running `/home/ops/.rustup/toolchains/stable-x86_64-unknown-linux-gnu/bin/rustc --crate-name parse_specs --edition=2024 crates/tla-syntax/tests/parse_specs.rs --error-format=json --json=diagnostic-rendered-ansi,artifacts,future-incompat --emit=dep-info,link -C embed-bitcode=no -C debuginfo=2 '--warn=clippy::pedantic' '--deny=clippy::all' --forbid=unsafe_code '--allow=clippy::similar_names' '--allow=clippy::must_use_candidate' '--allow=clippy::missing_errors_doc' --test --check-cfg 'cfg(docsrs,test)' --check-cfg 'cfg(feature, values())' -C metadata=a8f81c428969cd5b -C extra-filename=-f79b0d0a70f894ac --out-dir /tmp/cargo-mutants-tlatools-rs-pSIORz.tmp/target/debug/deps -C incremental=/tmp/cargo-mutants-tlatools-rs-pSIORz.tmp/target/debug/incremental -L dependency=/tmp/cargo-mutants-tlatools-rs-pSIORz.tmp/target/debug/deps --extern tla_syntax=/tmp/cargo-mutants-tlatools-rs-pSIORz.tmp/target/debug/deps/libtla_syntax-169d03993c2aec3f.rlib`
     Running `/home/ops/.rustup/toolchains/stable-x86_64-unknown-linux-gnu/bin/rustc --crate-name queries --edition=2024 crates/tla-syntax/tests/queries.rs --error-format=json --json=diagnostic-rendered-ansi,artifacts,future-incompat --emit=dep-info,link -C embed-bitcode=no -C debuginfo=2 '--warn=clippy::pedantic' '--deny=clippy::all' --forbid=unsafe_code '--allow=clippy::similar_names' '--allow=clippy::must_use_candidate' '--allow=clippy::missing_errors_doc' --test --check-cfg 'cfg(docsrs,test)' --check-cfg 'cfg(feature, values())' -C metadata=fc19234c6e95ae98 -C extra-filename=-2cacbc55350fea8e --out-dir /tmp/cargo-mutants-tlatools-rs-pSIORz.tmp/target/debug/deps -C incremental=/tmp/cargo-mutants-tlatools-rs-pSIORz.tmp/target/debug/incremental -L dependency=/tmp/cargo-mutants-tlatools-rs-pSIORz.tmp/target/debug/deps --extern tla_syntax=/tmp/cargo-mutants-tlatools-rs-pSIORz.tmp/target/debug/deps/libtla_syntax-169d03993c2aec3f.rlib`
     Running `/home/ops/.rustup/toolchains/stable-x86_64-unknown-linux-gnu/bin/rustc --crate-name printing --edition=2024 crates/tla-syntax/tests/printing.rs --error-format=json --json=diagnostic-rendered-ansi,artifacts,future-incompat --emit=dep-info,link -C embed-bitcode=no -C debuginfo=2 '--warn=clippy::pedantic' '--deny=clippy::all' --forbid=unsafe_code '--allow=clippy::similar_names' '--allow=clippy::must_use_candidate' '--allow=clippy::missing_errors_doc' --test --check-cfg 'cfg(docsrs,test)' --check-cfg 'cfg(feature, values())' -C metadata=630f5e3de7b96aa4 -C extra-filename=-a0b972b47931cbf0 --out-dir /tmp/cargo-mutants-tlatools-rs-pSIORz.tmp/target/debug/deps -C incremental=/tmp/cargo-mutants-tlatools-rs-pSIORz.tmp/target/debug/incremental -L dependency=/tmp/cargo-mutants-tlatools-rs-pSIORz.tmp/target/debug/deps --extern tla_syntax=/tmp/cargo-mutants-tlatools-rs-pSIORz.tmp/target/debug/deps/libtla_syntax-169d03993c2aec3f.rlib`
     Running `/home/ops/.rustup/toolchains/stable-x86_64-unknown-linux-gnu/bin/rustc --crate-name robustness --edition=2024 crates/tla-syntax/tests/robustness.rs --error-format=json --json=diagnostic-rendered-ansi,artifacts,future-incompat --emit=dep-info,link -C embed-bitcode=no -C debuginfo=2 '--warn=clippy::pedantic' '--deny=clippy::all' --forbid=unsafe_code '--allow=clippy::similar_names' '--allow=clippy::must_use_candidate' '--allow=clippy::missing_errors_doc' --test --check-cfg 'cfg(docsrs,test)' --check-cfg 'cfg(feature, values())' -C metadata=3b1de0d84c0f7391 -C extra-filename=-4657dcdff6c43e2f --out-dir /tmp/cargo-mutants-tlatools-rs-pSIORz.tmp/target/debug/deps -C incremental=/tmp/cargo-mutants-tlatools-rs-pSIORz.tmp/target/debug/incremental -L dependency=/tmp/cargo-mutants-tlatools-rs-pSIORz.tmp/target/debug/deps --extern tla_syntax=/tmp/cargo-mutants-tlatools-rs-pSIORz.tmp/target/debug/deps/libtla_syntax-169d03993c2aec3f.rlib`
     Running `/home/ops/.rustup/toolchains/stable-x86_64-unknown-linux-gnu/bin/rustc --crate-name grammar --edition=2024 crates/tla-syntax/tests/grammar.rs --error-format=json --json=diagnostic-rendered-ansi,artifacts,future-incompat --emit=dep-info,link -C embed-bitcode=no -C debuginfo=2 '--warn=clippy::pedantic' '--deny=clippy::all' --forbid=unsafe_code '--allow=clippy::similar_names' '--allow=clippy::must_use_candidate' '--allow=clippy::missing_errors_doc' --test --check-cfg 'cfg(docsrs,test)' --check-cfg 'cfg(feature, values())' -C metadata=0802b3514e0199db -C extra-filename=-209c7b39092f9a9f --out-dir /tmp/cargo-mutants-tlatools-rs-pSIORz.tmp/target/debug/deps -C incremental=/tmp/cargo-mutants-tlatools-rs-pSIORz.tmp/target/debug/incremental -L dependency=/tmp/cargo-mutants-tlatools-rs-pSIORz.tmp/target/debug/deps --extern tla_syntax=/tmp/cargo-mutants-tlatools-rs-pSIORz.tmp/target/debug/deps/libtla_syntax-169d03993c2aec3f.rlib`
     Running `/home/ops/.rustup/toolchains/stable-x86_64-unknown-linux-gnu/bin/rustc --crate-name audit --edition=2024 crates/tla-syntax/examples/audit.rs --error-format=json --json=diagnostic-rendered-ansi,artifacts,future-incompat --crate-type bin --emit=dep-info,link -C embed-bitcode=no -C debuginfo=2 '--warn=clippy::pedantic' '--deny=clippy::all' --forbid=unsafe_code '--allow=clippy::similar_names' '--allow=clippy::must_use_candidate' '--allow=clippy::missing_errors_doc' --check-cfg 'cfg(docsrs,test)' --check-cfg 'cfg(feature, values())' -C metadata=dbbf919ed7279ef0 -C extra-filename=-0e703b0c6e8c99ba --out-dir /tmp/cargo-mutants-tlatools-rs-pSIORz.tmp/target/debug/examples -C incremental=/tmp/cargo-mutants-tlatools-rs-pSIORz.tmp/target/debug/incremental -L dependency=/tmp/cargo-mutants-tlatools-rs-pSIORz.tmp/target/debug/deps --extern tla_syntax=/tmp/cargo-mutants-tlatools-rs-pSIORz.tmp/target/debug/deps/libtla_syntax-169d03993c2aec3f.rlib`
     Running `/home/ops/.rustup/toolchains/stable-x86_64-unknown-linux-gnu/bin/rustc --crate-name golden --edition=2024 crates/tla-syntax/tests/golden.rs --error-format=json --json=diagnostic-rendered-ansi,artifacts,future-incompat --emit=dep-info,link -C embed-bitcode=no -C debuginfo=2 '--warn=clippy::pedantic' '--deny=clippy::all' --forbid=unsafe_code '--allow=clippy::similar_names' '--allow=clippy::must_use_candidate' '--allow=clippy::missing_errors_doc' --test --check-cfg 'cfg(docsrs,test)' --check-cfg 'cfg(feature, values())' -C metadata=4c148619f516b9d2 -C extra-filename=-a7c611b7d1e6a805 --out-dir /tmp/cargo-mutants-tlatools-rs-pSIORz.tmp/target/debug/deps -C incremental=/tmp/cargo-mutants-tlatools-rs-pSIORz.tmp/target/debug/incremental -L dependency=/tmp/cargo-mutants-tlatools-rs-pSIORz.tmp/target/debug/deps --extern tla_syntax=/tmp/cargo-mutants-tlatools-rs-pSIORz.tmp/target/debug/deps/libtla_syntax-169d03993c2aec3f.rlib`
    Finished `test` profile [unoptimized + debuginfo] target(s) in 0.45s
  Executable `/tmp/cargo-mutants-tlatools-rs-pSIORz.tmp/target/debug/deps/tla_syntax-7b1a32620c4b87af`
  Executable `/tmp/cargo-mutants-tlatools-rs-pSIORz.tmp/target/debug/deps/boundaries-9be27ec779ef4ecc`
  Executable `/tmp/cargo-mutants-tlatools-rs-pSIORz.tmp/target/debug/deps/golden-a7c611b7d1e6a805`
  Executable `/tmp/cargo-mutants-tlatools-rs-pSIORz.tmp/target/debug/deps/grammar-209c7b39092f9a9f`
  Executable `/tmp/cargo-mutants-tlatools-rs-pSIORz.tmp/target/debug/deps/parse_specs-f79b0d0a70f894ac`
  Executable `/tmp/cargo-mutants-tlatools-rs-pSIORz.tmp/target/debug/deps/printing-a0b972b47931cbf0`
  Executable `/tmp/cargo-mutants-tlatools-rs-pSIORz.tmp/target/debug/deps/queries-2cacbc55350fea8e`
  Executable `/tmp/cargo-mutants-tlatools-rs-pSIORz.tmp/target/debug/deps/robustness-4657dcdff6c43e2f`

*** result: Success

*** /home/ops/.rustup/toolchains/stable-x86_64-unknown-linux-gnu/bin/cargo test --verbose --package=tla-syntax@0.1.0
warning: unused imports: `ExceptPath` and `QuantKind`
  --> crates/tla-syntax/src/print.rs:17:36
   |
17 | use crate::ast::{Bound, Decl, Def, ExceptPath, Expr, LetInstance, Module, Param, QuantKind, Unit};
   |                                    ^^^^^^^^^^                                    ^^^^^^^^^
   |
   = note: `#[warn(unused_imports)]` (part of `#[warn(unused)]`) on by default

warning: unused import: `crate::token::Op`
  --> crates/tla-syntax/src/print.rs:18:5
   |
18 | use crate::token::Op;
   |     ^^^^^^^^^^^^^^^^

warning: unused variable: `e`
  --> crates/tla-syntax/src/print.rs:74:9
   |
74 | fn bare(e: &Expr, f: &mut fmt::Formatter<'_>) -> fmt::Result {
   |         ^ help: if this is intentional, prefix it with an underscore: `_e`
   |
   = note: `#[warn(unused_variables)]` (part of `#[warn(unused)]`) on by default

warning: unused variable: `f`
  --> crates/tla-syntax/src/print.rs:74:19
   |
74 | fn bare(e: &Expr, f: &mut fmt::Formatter<'_>) -> fmt::Result {
   |                   ^ help: if this is intentional, prefix it with an underscore: `_f`

warning: function `list` is never used
   --> crates/tla-syntax/src/print.rs:107:4
    |
107 | fn list(items: &[Expr]) -> String {
    |    ^^^^
    |
    = note: `#[warn(dead_code)]` (part of `#[warn(unused)]`) on by default

warning: function `bounds_list` is never used
   --> crates/tla-syntax/src/print.rs:115:4
    |
115 | fn bounds_list(bounds: &[Bound]) -> String {
    |    ^^^^^^^^^^^

warning: function `fields_list` is never used
   --> crates/tla-syntax/src/print.rs:123:4
    |
123 | fn fields_list(fields: &[(String, Expr)], separator: &str) -> String {
    |    ^^^^^^^^^^^

warning: `tla-syntax` (lib) generated 7 warnings (run `cargo fix --lib -p tla-syntax` to apply 4 suggestions)
       Fresh tla-syntax v0.1.0 (/tmp/cargo-mutants-tlatools-rs-pSIORz.tmp/crates/tla-syntax)
warning: `tla-syntax` (lib test) generated 7 warnings (7 duplicates)
    Finished `test` profile [unoptimized + debuginfo] target(s) in 0.01s
     Running `/tmp/cargo-mutants-tlatools-rs-pSIORz.tmp/target/debug/deps/tla_syntax-7b1a32620c4b87af`

running 0 tests

test result: ok. 0 passed; 0 failed; 0 ignored; 0 measured; 0 filtered out; finished in 0.00s

     Running `/tmp/cargo-mutants-tlatools-rs-pSIORz.tmp/target/debug/deps/boundaries-9be27ec779ef4ecc`

running 12 tests
test a_definition_is_written_with_operands_not_holes ... ok
test a_bracketed_left_hand_side_is_found_past_its_brackets ... FAILED
test a_declaration_ends_the_definition_before_it ... FAILED
test a_definition_of_any_shape_ends_the_previous_one ... FAILED
test a_definition_may_be_named_after_a_keyword ... ok
test a_later_definitions_equals_does_not_end_this_one ... FAILED
test a_let_instance_keeps_its_substitutions ... ok
test a_let_instance_survives_printing ... FAILED
test a_prefix_definition_needs_a_name_or_a_hole ... FAILED
test a_substitution_may_be_an_operator_or_an_expression ... ok
test an_expression_wrapped_into_the_first_column_carries_on ... FAILED
test an_operator_may_be_the_last_argument ... ok

failures:

---- a_bracketed_left_hand_side_is_found_past_its_brackets stdout ----

thread 'a_bracketed_left_hand_side_is_found_past_its_brackets' (1426463) panicked at crates/tla-syntax/tests/boundaries.rs:90:9:
assertion `left == right` failed: `Y[i \in [j \in S |-> j]] == i`
  left: ""
 right: "a"
note: run with `RUST_BACKTRACE=1` environment variable to display a backtrace

---- a_declaration_ends_the_definition_before_it stdout ----

thread 'a_declaration_ends_the_definition_before_it' (1426464) panicked at crates/tla-syntax/tests/boundaries.rs:52:9:
assertion `left == right` failed: `VARIABLE v` should end X
  left: ""
 right: "a"

---- a_definition_of_any_shape_ends_the_previous_one stdout ----

thread 'a_definition_of_any_shape_ends_the_previous_one' (1426467) panicked at crates/tla-syntax/tests/boundaries.rs:44:9:
assertion `left == right` failed: `Y == 1` should end X
  left: ""
 right: "a"

---- a_later_definitions_equals_does_not_end_this_one stdout ----

thread 'a_later_definitions_equals_does_not_end_this_one' (1426468) panicked at crates/tla-syntax/tests/boundaries.rs:76:5:
assertion `left == right` failed
  left: ""
 right: "a \\/ b \\/ c"

---- a_let_instance_survives_printing stdout ----

thread 'a_let_instance_survives_printing' (1426470) panicked at crates/tla-syntax/tests/boundaries.rs:190:59:
re-reading ``: parse error at 1:1: expected an expression, found Eof

---- a_prefix_definition_needs_a_name_or_a_hole stdout ----

thread 'a_prefix_definition_needs_a_name_or_a_hole' (1426471) panicked at crates/tla-syntax/tests/boundaries.rs:122:5:
assertion `left == right` failed: with no `==` it is a subtraction
  left: ""
 right: "a - b"

---- an_expression_wrapped_into_the_first_column_carries_on stdout ----

thread 'an_expression_wrapped_into_the_first_column_carries_on' (1426473) panicked at crates/tla-syntax/tests/boundaries.rs:66:9:
assertion `left == right` failed: `\/ b` continues the expression
  left: ""
 right: "a \\/ b"


failures:
    a_bracketed_left_hand_side_is_found_past_its_brackets
    a_declaration_ends_the_definition_before_it
    a_definition_of_any_shape_ends_the_previous_one
    a_later_definitions_equals_does_not_end_this_one
    a_let_instance_survives_printing
    a_prefix_definition_needs_a_name_or_a_hole
    an_expression_wrapped_into_the_first_column_carries_on

test result: FAILED. 5 passed; 7 failed; 0 ignored; 0 measured; 0 filtered out; finished in 0.00s

error: test failed, to rerun pass `-p tla-syntax --test boundaries`

*** result: Failure(101)
