
*** crates/tla-syntax/src/parser.rs:767:9: replace Parser::postfix -> Result<Expr> with Ok(Default::default())

*** mutation diff:
--- crates/tla-syntax/src/parser.rs
+++ replace Parser::postfix -> Result<Expr> with Ok(Default::default())
@@ -759,18 +759,17 @@
         }
         for _ in 0..=ahead {
             self.advance();
         }
         Some(self.expr(0))
     }
 
     fn postfix(&mut self) -> Result<Expr> {
-        let e = self.primary()?;
-        self.continue_postfix(e)
+        Ok(Default::default()) /* ~ changed by cargo-mutants ~ */
     }
 
     fn continue_postfix(&mut self, head: Expr) -> Result<Expr> {
         let mut e = head;
         loop {
             if self.fenced() || self.at_unit_start() {
                 break;
             }


*** /home/ops/.rustup/toolchains/stable-x86_64-unknown-linux-gnu/bin/cargo test --no-run --verbose --package=tla-syntax@0.1.0
       Dirty tla-syntax v0.1.0 (/tmp/cargo-mutants-tlatools-rs-pSIORz.tmp/crates/tla-syntax): the file `crates/tla-syntax/src/parser.rs` has changed (1786406523.014064740s, 1s after last build at 1786406522.674044036s)
   Compiling tla-syntax v0.1.0 (/tmp/cargo-mutants-tlatools-rs-pSIORz.tmp/crates/tla-syntax)
     Running `/home/ops/.rustup/toolchains/stable-x86_64-unknown-linux-gnu/bin/rustc --crate-name tla_syntax --edition=2024 crates/tla-syntax/src/lib.rs --error-format=json --json=diagnostic-rendered-ansi,artifacts,future-incompat --emit=dep-info,link -C embed-bitcode=no -C debuginfo=2 '--warn=clippy::pedantic' '--deny=clippy::all' --forbid=unsafe_code '--allow=clippy::similar_names' '--allow=clippy::must_use_candidate' '--allow=clippy::missing_errors_doc' --test --check-cfg 'cfg(docsrs,test)' --check-cfg 'cfg(feature, values())' -C metadata=b9cdaea3d809ecd1 -C extra-filename=-7b1a32620c4b87af --out-dir /tmp/cargo-mutants-tlatools-rs-pSIORz.tmp/target/debug/deps -C incremental=/tmp/cargo-mutants-tlatools-rs-pSIORz.tmp/target/debug/incremental -L dependency=/tmp/cargo-mutants-tlatools-rs-pSIORz.tmp/target/debug/deps`
     Running `/home/ops/.rustup/toolchains/stable-x86_64-unknown-linux-gnu/bin/rustc --crate-name tla_syntax --edition=2024 crates/tla-syntax/src/lib.rs --error-format=json --json=diagnostic-rendered-ansi,artifacts,future-incompat --crate-type lib --emit=dep-info,metadata,link -C embed-bitcode=no -C debuginfo=2 '--warn=clippy::pedantic' '--deny=clippy::all' --forbid=unsafe_code '--allow=clippy::similar_names' '--allow=clippy::must_use_candidate' '--allow=clippy::missing_errors_doc' --check-cfg 'cfg(docsrs,test)' --check-cfg 'cfg(feature, values())' -C metadata=85b1367430153dc6 -C extra-filename=-169d03993c2aec3f --out-dir /tmp/cargo-mutants-tlatools-rs-pSIORz.tmp/target/debug/deps -C incremental=/tmp/cargo-mutants-tlatools-rs-pSIORz.tmp/target/debug/incremental -L dependency=/tmp/cargo-mutants-tlatools-rs-pSIORz.tmp/target/debug/deps`
error[E0277]: the trait bound `Expr: Default` is not satisfied
   --> crates/tla-syntax/src/parser.rs:767:12
    |
767 |         Ok(Default::default()) /* ~ changed by cargo-mutants ~ */
    |            ^^^^^^^^^^^^^^^^^^ unsatisfied trait bound
    |
help: the trait `Default` is not implemented for `Expr`
   --> crates/tla-syntax/src/ast.rs:140:1
    |
140 | pub enum Expr {
    | ^^^^^^^^^^^^^

For more information about this error, try `rustc --explain E0277`.
error: could not compile `tla-syntax` (lib test) due to 1 previous error

Caused by:
  process didn't exit successfully: `/home/ops/.rustup/toolchains/stable-x86_64-unknown-linux-gnu/bin/rustc --crate-name tla_syntax --edition=2024 crates/tla-syntax/src/lib.rs --error-format=json --json=diagnostic-rendered-ansi,artifacts,future-incompat --emit=dep-info,link -C embed-bitcode=no -C debuginfo=2 '--warn=clippy::pedantic' '--deny=clippy::all' --forbid=unsafe_code '--allow=clippy::similar_names' '--allow=clippy::must_use_candidate' '--allow=clippy::missing_errors_doc' --test --check-cfg 'cfg(docsrs,test)' --check-cfg 'cfg(feature, values())' -C metadata=b9cdaea3d809ecd1 -C extra-filename=-7b1a32620c4b87af --out-dir /tmp/cargo-mutants-tlatools-rs-pSIORz.tmp/target/debug/deps -C incremental=/tmp/cargo-mutants-tlatools-rs-pSIORz.tmp/target/debug/incremental -L dependency=/tmp/cargo-mutants-tlatools-rs-pSIORz.tmp/target/debug/deps` (exit status: 1)
warning: build failed, waiting for other jobs to finish...
error: could not compile `tla-syntax` (lib) due to 1 previous error

Caused by:
  process didn't exit successfully: `/home/ops/.rustup/toolchains/stable-x86_64-unknown-linux-gnu/bin/rustc --crate-name tla_syntax --edition=2024 crates/tla-syntax/src/lib.rs --error-format=json --json=diagnostic-rendered-ansi,artifacts,future-incompat --crate-type lib --emit=dep-info,metadata,link -C embed-bitcode=no -C debuginfo=2 '--warn=clippy::pedantic' '--deny=clippy::all' --forbid=unsafe_code '--allow=clippy::similar_names' '--allow=clippy::must_use_candidate' '--allow=clippy::missing_errors_doc' --check-cfg 'cfg(docsrs,test)' --check-cfg 'cfg(feature, values())' -C metadata=85b1367430153dc6 -C extra-filename=-169d03993c2aec3f --out-dir /tmp/cargo-mutants-tlatools-rs-pSIORz.tmp/target/debug/deps -C incremental=/tmp/cargo-mutants-tlatools-rs-pSIORz.tmp/target/debug/incremental -L dependency=/tmp/cargo-mutants-tlatools-rs-pSIORz.tmp/target/debug/deps` (exit status: 1)

*** result: Failure(101)
