
*** crates/tla-syntax/src/lexer.rs:317:56: replace || with && in Lexer::scan_word

*** mutation diff:
--- crates/tla-syntax/src/lexer.rs
+++ replace || with && in Lexer::scan_word
@@ -309,17 +309,17 @@
             .map(Tok::Num)
             .map_err(|_| self.err(format!("integer literal out of range: {text}")))
     }
 
     fn scan_word(&mut self) -> Tok {
         let start = self.pos;
         while self
             .peek()
-            .is_some_and(|c| c.is_ascii_alphanumeric() || c == '_')
+            .is_some_and(|c| c.is_ascii_alphanumeric() && /* ~ changed by cargo-mutants ~ */ c == '_')
         {
             self.bump();
         }
         let word: String = self.chars[start..self.pos].iter().collect();
 
         // `WF_vars` is one word to the lexer but an operator plus a subscript.
         // `WF_vars` is one word; `WF_<<a, b>>` is the same operator with a
         // subscript the lexer cannot see, so the name is left empty.


*** /home/ops/.rustup/toolchains/stable-x86_64-unknown-linux-gnu/bin/cargo test --no-run --verbose --package=tla-syntax@0.1.0
       Dirty tla-syntax v0.1.0 (/tmp/cargo-mutants-tlatools-rs-h8HYri.tmp/crates/tla-syntax): couldn't read metadata for file `target/debug/deps/libtla_syntax-169d03993c2aec3f.rlib`
   Compiling tla-syntax v0.1.0 (/tmp/cargo-mutants-tlatools-rs-h8HYri.tmp/crates/tla-syntax)
     Running `/home/ops/.rustup/toolchains/stable-x86_64-unknown-linux-gnu/bin/rustc --crate-name tla_syntax --edition=2024 crates/tla-syntax/src/lib.rs --error-format=json --json=diagnostic-rendered-ansi,artifacts,future-incompat --crate-type lib --emit=dep-info,metadata,link -C embed-bitcode=no -C debuginfo=2 '--warn=clippy::pedantic' '--deny=clippy::all' --forbid=unsafe_code '--allow=clippy::similar_names' '--allow=clippy::must_use_candidate' '--allow=clippy::missing_errors_doc' --check-cfg 'cfg(docsrs,test)' --check-cfg 'cfg(feature, values())' -C metadata=85b1367430153dc6 -C extra-filename=-169d03993c2aec3f --out-dir /tmp/cargo-mutants-tlatools-rs-h8HYri.tmp/target/debug/deps -C incremental=/tmp/cargo-mutants-tlatools-rs-h8HYri.tmp/target/debug/incremental -L dependency=/tmp/cargo-mutants-tlatools-rs-h8HYri.tmp/target/debug/deps`
     Running `/home/ops/.rustup/toolchains/stable-x86_64-unknown-linux-gnu/bin/rustc --crate-name tla_syntax --edition=2024 crates/tla-syntax/src/lib.rs --error-format=json --json=diagnostic-rendered-ansi,artifacts,future-incompat --emit=dep-info,link -C embed-bitcode=no -C debuginfo=2 '--warn=clippy::pedantic' '--deny=clippy::all' --forbid=unsafe_code '--allow=clippy::similar_names' '--allow=clippy::must_use_candidate' '--allow=clippy::missing_errors_doc' --test --check-cfg 'cfg(docsrs,test)' --check-cfg 'cfg(feature, values())' -C metadata=b9cdaea3d809ecd1 -C extra-filename=-7b1a32620c4b87af --out-dir /tmp/cargo-mutants-tlatools-rs-h8HYri.tmp/target/debug/deps -C incremental=/tmp/cargo-mutants-tlatools-rs-h8HYri.tmp/target/debug/incremental -L dependency=/tmp/cargo-mutants-tlatools-rs-h8HYri.tmp/target/debug/deps`
     Running `/home/ops/.rustup/toolchains/stable-x86_64-unknown-linux-gnu/bin/rustc --crate-name audit --edition=2024 crates/tla-syntax/examples/audit.rs --error-format=json --json=diagnostic-rendered-ansi,artifacts,future-incompat --crate-type bin --emit=dep-info,link -C embed-bitcode=no -C debuginfo=2 '--warn=clippy::pedantic' '--deny=clippy::all' --forbid=unsafe_code '--allow=clippy::similar_names' '--allow=clippy::must_use_candidate' '--allow=clippy::missing_errors_doc' --check-cfg 'cfg(docsrs,test)' --check-cfg 'cfg(feature, values())' -C metadata=dbbf919ed7279ef0 -C extra-filename=-0e703b0c6e8c99ba --out-dir /tmp/cargo-mutants-tlatools-rs-h8HYri.tmp/target/debug/examples -C incremental=/tmp/cargo-mutants-tlatools-rs-h8HYri.tmp/target/debug/incremental -L dependency=/tmp/cargo-mutants-tlatools-rs-h8HYri.tmp/target/debug/deps --extern tla_syntax=/tmp/cargo-mutants-tlatools-rs-h8HYri.tmp/target/debug/deps/libtla_syntax-169d03993c2aec3f.rlib`
     Running `/home/ops/.rustup/toolchains/stable-x86_64-unknown-linux-gnu/bin/rustc --crate-name parse_specs --edition=2024 crates/tla-syntax/tests/parse_specs.rs --error-format=json --json=diagnostic-rendered-ansi,artifacts,future-incompat --emit=dep-info,link -C embed-bitcode=no -C debuginfo=2 '--warn=clippy::pedantic' '--deny=clippy::all' --forbid=unsafe_code '--allow=clippy::similar_names' '--allow=clippy::must_use_candidate' '--allow=clippy::missing_errors_doc' --test --check-cfg 'cfg(docsrs,test)' --check-cfg 'cfg(feature, values())' -C metadata=a8f81c428969cd5b -C extra-filename=-f79b0d0a70f894ac --out-dir /tmp/cargo-mutants-tlatools-rs-h8HYri.tmp/target/debug/deps -C incremental=/tmp/cargo-mutants-tlatools-rs-h8HYri.tmp/target/debug/incremental -L dependency=/tmp/cargo-mutants-tlatools-rs-h8HYri.tmp/target/debug/deps --extern tla_syntax=/tmp/cargo-mutants-tlatools-rs-h8HYri.tmp/target/debug/deps/libtla_syntax-169d03993c2aec3f.rlib`
     Running `/home/ops/.rustup/toolchains/stable-x86_64-unknown-linux-gnu/bin/rustc --crate-name queries --edition=2024 crates/tla-syntax/tests/queries.rs --error-format=json --json=diagnostic-rendered-ansi,artifacts,future-incompat --emit=dep-info,link -C embed-bitcode=no -C debuginfo=2 '--warn=clippy::pedantic' '--deny=clippy::all' --forbid=unsafe_code '--allow=clippy::similar_names' '--allow=clippy::must_use_candidate' '--allow=clippy::missing_errors_doc' --test --check-cfg 'cfg(docsrs,test)' --check-cfg 'cfg(feature, values())' -C metadata=fc19234c6e95ae98 -C extra-filename=-2cacbc55350fea8e --out-dir /tmp/cargo-mutants-tlatools-rs-h8HYri.tmp/target/debug/deps -C incremental=/tmp/cargo-mutants-tlatools-rs-h8HYri.tmp/target/debug/incremental -L dependency=/tmp/cargo-mutants-tlatools-rs-h8HYri.tmp/target/debug/deps --extern tla_syntax=/tmp/cargo-mutants-tlatools-rs-h8HYri.tmp/target/debug/deps/libtla_syntax-169d03993c2aec3f.rlib`
     Running `/home/ops/.rustup/toolchains/stable-x86_64-unknown-linux-gnu/bin/rustc --crate-name grammar --edition=2024 crates/tla-syntax/tests/grammar.rs --error-format=json --json=diagnostic-rendered-ansi,artifacts,future-incompat --emit=dep-info,link -C embed-bitcode=no -C debuginfo=2 '--warn=clippy::pedantic' '--deny=clippy::all' --forbid=unsafe_code '--allow=clippy::similar_names' '--allow=clippy::must_use_candidate' '--allow=clippy::missing_errors_doc' --test --check-cfg 'cfg(docsrs,test)' --check-cfg 'cfg(feature, values())' -C metadata=0802b3514e0199db -C extra-filename=-209c7b39092f9a9f --out-dir /tmp/cargo-mutants-tlatools-rs-h8HYri.tmp/target/debug/deps -C incremental=/tmp/cargo-mutants-tlatools-rs-h8HYri.tmp/target/debug/incremental -L dependency=/tmp/cargo-mutants-tlatools-rs-h8HYri.tmp/target/debug/deps --extern tla_syntax=/tmp/cargo-mutants-tlatools-rs-h8HYri.tmp/target/debug/deps/libtla_syntax-169d03993c2aec3f.rlib`
     Running `/home/ops/.rustup/toolchains/stable-x86_64-unknown-linux-gnu/bin/rustc --crate-name robustness --edition=2024 crates/tla-syntax/tests/robustness.rs --error-format=json --json=diagnostic-rendered-ansi,artifacts,future-incompat --emit=dep-info,link -C embed-bitcode=no -C debuginfo=2 '--warn=clippy::pedantic' '--deny=clippy::all' --forbid=unsafe_code '--allow=clippy::similar_names' '--allow=clippy::must_use_candidate' '--allow=clippy::missing_errors_doc' --test --check-cfg 'cfg(docsrs,test)' --check-cfg 'cfg(feature, values())' -C metadata=3b1de0d84c0f7391 -C extra-filename=-4657dcdff6c43e2f --out-dir /tmp/cargo-mutants-tlatools-rs-h8HYri.tmp/target/debug/deps -C incremental=/tmp/cargo-mutants-tlatools-rs-h8HYri.tmp/target/debug/incremental -L dependency=/tmp/cargo-mutants-tlatools-rs-h8HYri.tmp/target/debug/deps --extern tla_syntax=/tmp/cargo-mutants-tlatools-rs-h8HYri.tmp/target/debug/deps/libtla_syntax-169d03993c2aec3f.rlib`
     Running `/home/ops/.rustup/toolchains/stable-x86_64-unknown-linux-gnu/bin/rustc --crate-name depth --edition=2024 crates/tla-syntax/examples/depth.rs --error-format=json --json=diagnostic-rendered-ansi,artifacts,future-incompat --crate-type bin --emit=dep-info,link -C embed-bitcode=no -C debuginfo=2 '--warn=clippy::pedantic' '--deny=clippy::all' --forbid=unsafe_code '--allow=clippy::similar_names' '--allow=clippy::must_use_candidate' '--allow=clippy::missing_errors_doc' --check-cfg 'cfg(docsrs,test)' --check-cfg 'cfg(feature, values())' -C metadata=945ad0d3a4da74b3 -C extra-filename=-2ef4d05ce566e5e5 --out-dir /tmp/cargo-mutants-tlatools-rs-h8HYri.tmp/target/debug/examples -C incremental=/tmp/cargo-mutants-tlatools-rs-h8HYri.tmp/target/debug/incremental -L dependency=/tmp/cargo-mutants-tlatools-rs-h8HYri.tmp/target/debug/deps --extern tla_syntax=/tmp/cargo-mutants-tlatools-rs-h8HYri.tmp/target/debug/deps/libtla_syntax-169d03993c2aec3f.rlib`
     Running `/home/ops/.rustup/toolchains/stable-x86_64-unknown-linux-gnu/bin/rustc --crate-name printing --edition=2024 crates/tla-syntax/tests/printing.rs --error-format=json --json=diagnostic-rendered-ansi,artifacts,future-incompat --emit=dep-info,link -C embed-bitcode=no -C debuginfo=2 '--warn=clippy::pedantic' '--deny=clippy::all' --forbid=unsafe_code '--allow=clippy::similar_names' '--allow=clippy::must_use_candidate' '--allow=clippy::missing_errors_doc' --test --check-cfg 'cfg(docsrs,test)' --check-cfg 'cfg(feature, values())' -C metadata=630f5e3de7b96aa4 -C extra-filename=-a0b972b47931cbf0 --out-dir /tmp/cargo-mutants-tlatools-rs-h8HYri.tmp/target/debug/deps -C incremental=/tmp/cargo-mutants-tlatools-rs-h8HYri.tmp/target/debug/incremental -L dependency=/tmp/cargo-mutants-tlatools-rs-h8HYri.tmp/target/debug/deps --extern tla_syntax=/tmp/cargo-mutants-tlatools-rs-h8HYri.tmp/target/debug/deps/libtla_syntax-169d03993c2aec3f.rlib`
    Finished `test` profile [unoptimized + debuginfo] target(s) in 1.33s
  Executable `/tmp/cargo-mutants-tlatools-rs-h8HYri.tmp/target/debug/deps/tla_syntax-7b1a32620c4b87af`
  Executable `/tmp/cargo-mutants-tlatools-rs-h8HYri.tmp/target/debug/deps/grammar-209c7b39092f9a9f`
  Executable `/tmp/cargo-mutants-tlatools-rs-h8HYri.tmp/target/debug/deps/parse_specs-f79b0d0a70f894ac`
  Executable `/tmp/cargo-mutants-tlatools-rs-h8HYri.tmp/target/debug/deps/printing-a0b972b47931cbf0`
  Executable `/tmp/cargo-mutants-tlatools-rs-h8HYri.tmp/target/debug/deps/queries-2cacbc55350fea8e`
  Executable `/tmp/cargo-mutants-tlatools-rs-h8HYri.tmp/target/debug/deps/robustness-4657dcdff6c43e2f`

*** result: Success

*** /home/ops/.rustup/toolchains/stable-x86_64-unknown-linux-gnu/bin/cargo test --verbose --package=tla-syntax@0.1.0
    Blocking waiting for file lock on package cache
    Blocking waiting for file lock on package cache
    Blocking waiting for file lock on package cache
       Fresh tla-syntax v0.1.0 (/tmp/cargo-mutants-tlatools-rs-h8HYri.tmp/crates/tla-syntax)
    Finished `test` profile [unoptimized + debuginfo] target(s) in 0.11s
     Running `/tmp/cargo-mutants-tlatools-rs-h8HYri.tmp/target/debug/deps/tla_syntax-7b1a32620c4b87af`

running 0 tests

test result: ok. 0 passed; 0 failed; 0 ignored; 0 measured; 0 filtered out; finished in 0.00s

     Running `/tmp/cargo-mutants-tlatools-rs-h8HYri.tmp/target/debug/deps/grammar-209c7b39092f9a9f`

running 23 tests

*** result: Timeout
