
*** crates/tla-syntax/src/parser.rs:472:78: replace + with * in Parser::at_definition

*** mutation diff:
--- crates/tla-syntax/src/parser.rs
+++ replace + with * in Parser::at_definition
@@ -464,17 +464,17 @@
                     || match self.peek_at(1) {
                         Tok::LParen | Tok::LBrack => defeq(self.past_brackets(1)),
                         Tok::Op(_) => defeq(2) || (self.is_name(2) && defeq(3)),
                         _ => false,
                     }
             }
             // `-. a ==`, `- a ==`, `-. _ ==`
             Tok::Op(_) => {
-                let after = usize::from(matches!(self.peek_at(1), Tok::Dot)) + 1;
+                let after = usize::from(matches!(self.peek_at(1), Tok::Dot)) * /* ~ changed by cargo-mutants ~ */ 1;
                 self.is_name(after) && defeq(after + 1)
             }
             _ => false,
         }
     }
 
     fn is_name(&self, offset: usize) -> bool {
         matches!(self.peek_at(offset), Tok::Ident(_) | Tok::Underscore)


*** /home/ops/.rustup/toolchains/stable-x86_64-unknown-linux-gnu/bin/cargo test --no-run --verbose --package=tla-syntax@0.1.0
       Dirty tla-syntax v0.1.0 (/tmp/cargo-mutants-tlatools-rs-5IbVX6.tmp/crates/tla-syntax): the file `crates/tla-syntax/src/parser.rs` has changed (1786406496.814469403s, 339020644ns after last build at 1786406496.475448759s)
   Compiling tla-syntax v0.1.0 (/tmp/cargo-mutants-tlatools-rs-5IbVX6.tmp/crates/tla-syntax)
     Running `/home/ops/.rustup/toolchains/stable-x86_64-unknown-linux-gnu/bin/rustc --crate-name tla_syntax --edition=2024 crates/tla-syntax/src/lib.rs --error-format=json --json=diagnostic-rendered-ansi,artifacts,future-incompat --emit=dep-info,link -C embed-bitcode=no -C debuginfo=2 '--warn=clippy::pedantic' '--deny=clippy::all' --forbid=unsafe_code '--allow=clippy::similar_names' '--allow=clippy::must_use_candidate' '--allow=clippy::missing_errors_doc' --test --check-cfg 'cfg(docsrs,test)' --check-cfg 'cfg(feature, values())' -C metadata=b9cdaea3d809ecd1 -C extra-filename=-7b1a32620c4b87af --out-dir /tmp/cargo-mutants-tlatools-rs-5IbVX6.tmp/target/debug/deps -C incremental=/tmp/cargo-mutants-tlatools-rs-5IbVX6.tmp/target/debug/incremental -L dependency=/tmp/cargo-mutants-tlatools-rs-5IbVX6.tmp/target/debug/deps`
     Running `/home/ops/.rustup/toolchains/stable-x86_64-unknown-linux-gnu/bin/rustc --crate-name tla_syntax --edition=2024 crates/tla-syntax/src/lib.rs --error-format=json --json=diagnostic-rendered-ansi,artifacts,future-incompat --crate-type lib --emit=dep-info,metadata,link -C embed-bitcode=no -C debuginfo=2 '--warn=clippy::pedantic' '--deny=clippy::all' --forbid=unsafe_code '--allow=clippy::similar_names' '--allow=clippy::must_use_candidate' '--allow=clippy::missing_errors_doc' --check-cfg 'cfg(docsrs,test)' --check-cfg 'cfg(feature, values())' -C metadata=85b1367430153dc6 -C extra-filename=-169d03993c2aec3f --out-dir /tmp/cargo-mutants-tlatools-rs-5IbVX6.tmp/target/debug/deps -C incremental=/tmp/cargo-mutants-tlatools-rs-5IbVX6.tmp/target/debug/incremental -L dependency=/tmp/cargo-mutants-tlatools-rs-5IbVX6.tmp/target/debug/deps`
     Running `/home/ops/.rustup/toolchains/stable-x86_64-unknown-linux-gnu/bin/rustc --crate-name parse_specs --edition=2024 crates/tla-syntax/tests/parse_specs.rs --error-format=json --json=diagnostic-rendered-ansi,artifacts,future-incompat --emit=dep-info,link -C embed-bitcode=no -C debuginfo=2 '--warn=clippy::pedantic' '--deny=clippy::all' --forbid=unsafe_code '--allow=clippy::similar_names' '--allow=clippy::must_use_candidate' '--allow=clippy::missing_errors_doc' --test --check-cfg 'cfg(docsrs,test)' --check-cfg 'cfg(feature, values())' -C metadata=a8f81c428969cd5b -C extra-filename=-f79b0d0a70f894ac --out-dir /tmp/cargo-mutants-tlatools-rs-5IbVX6.tmp/target/debug/deps -C incremental=/tmp/cargo-mutants-tlatools-rs-5IbVX6.tmp/target/debug/incremental -L dependency=/tmp/cargo-mutants-tlatools-rs-5IbVX6.tmp/target/debug/deps --extern tla_syntax=/tmp/cargo-mutants-tlatools-rs-5IbVX6.tmp/target/debug/deps/libtla_syntax-169d03993c2aec3f.rlib`
     Running `/home/ops/.rustup/toolchains/stable-x86_64-unknown-linux-gnu/bin/rustc --crate-name robustness --edition=2024 crates/tla-syntax/tests/robustness.rs --error-format=json --json=diagnostic-rendered-ansi,artifacts,future-incompat --emit=dep-info,link -C embed-bitcode=no -C debuginfo=2 '--warn=clippy::pedantic' '--deny=clippy::all' --forbid=unsafe_code '--allow=clippy::similar_names' '--allow=clippy::must_use_candidate' '--allow=clippy::missing_errors_doc' --test --check-cfg 'cfg(docsrs,test)' --check-cfg 'cfg(feature, values())' -C metadata=3b1de0d84c0f7391 -C extra-filename=-4657dcdff6c43e2f --out-dir /tmp/cargo-mutants-tlatools-rs-5IbVX6.tmp/target/debug/deps -C incremental=/tmp/cargo-mutants-tlatools-rs-5IbVX6.tmp/target/debug/incremental -L dependency=/tmp/cargo-mutants-tlatools-rs-5IbVX6.tmp/target/debug/deps --extern tla_syntax=/tmp/cargo-mutants-tlatools-rs-5IbVX6.tmp/target/debug/deps/libtla_syntax-169d03993c2aec3f.rlib`
     Running `/home/ops/.rustup/toolchains/stable-x86_64-unknown-linux-gnu/bin/rustc --crate-name depth --edition=2024 crates/tla-syntax/examples/depth.rs --error-format=json --json=diagnostic-rendered-ansi,artifacts,future-incompat --crate-type bin --emit=dep-info,link -C embed-bitcode=no -C debuginfo=2 '--warn=clippy::pedantic' '--deny=clippy::all' --forbid=unsafe_code '--allow=clippy::similar_names' '--allow=clippy::must_use_candidate' '--allow=clippy::missing_errors_doc' --check-cfg 'cfg(docsrs,test)' --check-cfg 'cfg(feature, values())' -C metadata=945ad0d3a4da74b3 -C extra-filename=-2ef4d05ce566e5e5 --out-dir /tmp/cargo-mutants-tlatools-rs-5IbVX6.tmp/target/debug/examples -C incremental=/tmp/cargo-mutants-tlatools-rs-5IbVX6.tmp/target/debug/incremental -L dependency=/tmp/cargo-mutants-tlatools-rs-5IbVX6.tmp/target/debug/deps --extern tla_syntax=/tmp/cargo-mutants-tlatools-rs-5IbVX6.tmp/target/debug/deps/libtla_syntax-169d03993c2aec3f.rlib`
     Running `/home/ops/.rustup/toolchains/stable-x86_64-unknown-linux-gnu/bin/rustc --crate-name boundaries --edition=2024 crates/tla-syntax/tests/boundaries.rs --error-format=json --json=diagnostic-rendered-ansi,artifacts,future-incompat --emit=dep-info,link -C embed-bitcode=no -C debuginfo=2 '--warn=clippy::pedantic' '--deny=clippy::all' --forbid=unsafe_code '--allow=clippy::similar_names' '--allow=clippy::must_use_candidate' '--allow=clippy::missing_errors_doc' --test --check-cfg 'cfg(docsrs,test)' --check-cfg 'cfg(feature, values())' -C metadata=54b9e5ec2794f140 -C extra-filename=-9be27ec779ef4ecc --out-dir /tmp/cargo-mutants-tlatools-rs-5IbVX6.tmp/target/debug/deps -C incremental=/tmp/cargo-mutants-tlatools-rs-5IbVX6.tmp/target/debug/incremental -L dependency=/tmp/cargo-mutants-tlatools-rs-5IbVX6.tmp/target/debug/deps --extern tla_syntax=/tmp/cargo-mutants-tlatools-rs-5IbVX6.tmp/target/debug/deps/libtla_syntax-169d03993c2aec3f.rlib`
     Running `/home/ops/.rustup/toolchains/stable-x86_64-unknown-linux-gnu/bin/rustc --crate-name audit --edition=2024 crates/tla-syntax/examples/audit.rs --error-format=json --json=diagnostic-rendered-ansi,artifacts,future-incompat --crate-type bin --emit=dep-info,link -C embed-bitcode=no -C debuginfo=2 '--warn=clippy::pedantic' '--deny=clippy::all' --forbid=unsafe_code '--allow=clippy::similar_names' '--allow=clippy::must_use_candidate' '--allow=clippy::missing_errors_doc' --check-cfg 'cfg(docsrs,test)' --check-cfg 'cfg(feature, values())' -C metadata=dbbf919ed7279ef0 -C extra-filename=-0e703b0c6e8c99ba --out-dir /tmp/cargo-mutants-tlatools-rs-5IbVX6.tmp/target/debug/examples -C incremental=/tmp/cargo-mutants-tlatools-rs-5IbVX6.tmp/target/debug/incremental -L dependency=/tmp/cargo-mutants-tlatools-rs-5IbVX6.tmp/target/debug/deps --extern tla_syntax=/tmp/cargo-mutants-tlatools-rs-5IbVX6.tmp/target/debug/deps/libtla_syntax-169d03993c2aec3f.rlib`
     Running `/home/ops/.rustup/toolchains/stable-x86_64-unknown-linux-gnu/bin/rustc --crate-name queries --edition=2024 crates/tla-syntax/tests/queries.rs --error-format=json --json=diagnostic-rendered-ansi,artifacts,future-incompat --emit=dep-info,link -C embed-bitcode=no -C debuginfo=2 '--warn=clippy::pedantic' '--deny=clippy::all' --forbid=unsafe_code '--allow=clippy::similar_names' '--allow=clippy::must_use_candidate' '--allow=clippy::missing_errors_doc' --test --check-cfg 'cfg(docsrs,test)' --check-cfg 'cfg(feature, values())' -C metadata=fc19234c6e95ae98 -C extra-filename=-2cacbc55350fea8e --out-dir /tmp/cargo-mutants-tlatools-rs-5IbVX6.tmp/target/debug/deps -C incremental=/tmp/cargo-mutants-tlatools-rs-5IbVX6.tmp/target/debug/incremental -L dependency=/tmp/cargo-mutants-tlatools-rs-5IbVX6.tmp/target/debug/deps --extern tla_syntax=/tmp/cargo-mutants-tlatools-rs-5IbVX6.tmp/target/debug/deps/libtla_syntax-169d03993c2aec3f.rlib`
     Running `/home/ops/.rustup/toolchains/stable-x86_64-unknown-linux-gnu/bin/rustc --crate-name grammar --edition=2024 crates/tla-syntax/tests/grammar.rs --error-format=json --json=diagnostic-rendered-ansi,artifacts,future-incompat --emit=dep-info,link -C embed-bitcode=no -C debuginfo=2 '--warn=clippy::pedantic' '--deny=clippy::all' --forbid=unsafe_code '--allow=clippy::similar_names' '--allow=clippy::must_use_candidate' '--allow=clippy::missing_errors_doc' --test --check-cfg 'cfg(docsrs,test)' --check-cfg 'cfg(feature, values())' -C metadata=0802b3514e0199db -C extra-filename=-209c7b39092f9a9f --out-dir /tmp/cargo-mutants-tlatools-rs-5IbVX6.tmp/target/debug/deps -C incremental=/tmp/cargo-mutants-tlatools-rs-5IbVX6.tmp/target/debug/incremental -L dependency=/tmp/cargo-mutants-tlatools-rs-5IbVX6.tmp/target/debug/deps --extern tla_syntax=/tmp/cargo-mutants-tlatools-rs-5IbVX6.tmp/target/debug/deps/libtla_syntax-169d03993c2aec3f.rlib`
     Running `/home/ops/.rustup/toolchains/stable-x86_64-unknown-linux-gnu/bin/rustc --crate-name golden --edition=2024 crates/tla-syntax/tests/golden.rs --error-format=json --json=diagnostic-rendered-ansi,artifacts,future-incompat --emit=dep-info,link -C embed-bitcode=no -C debuginfo=2 '--warn=clippy::pedantic' '--deny=clippy::all' --forbid=unsafe_code '--allow=clippy::similar_names' '--allow=clippy::must_use_candidate' '--allow=clippy::missing_errors_doc' --test --check-cfg 'cfg(docsrs,test)' --check-cfg 'cfg(feature, values())' -C metadata=4c148619f516b9d2 -C extra-filename=-a7c611b7d1e6a805 --out-dir /tmp/cargo-mutants-tlatools-rs-5IbVX6.tmp/target/debug/deps -C incremental=/tmp/cargo-mutants-tlatools-rs-5IbVX6.tmp/target/debug/incremental -L dependency=/tmp/cargo-mutants-tlatools-rs-5IbVX6.tmp/target/debug/deps --extern tla_syntax=/tmp/cargo-mutants-tlatools-rs-5IbVX6.tmp/target/debug/deps/libtla_syntax-169d03993c2aec3f.rlib`
     Running `/home/ops/.rustup/toolchains/stable-x86_64-unknown-linux-gnu/bin/rustc --crate-name printing --edition=2024 crates/tla-syntax/tests/printing.rs --error-format=json --json=diagnostic-rendered-ansi,artifacts,future-incompat --emit=dep-info,link -C embed-bitcode=no -C debuginfo=2 '--warn=clippy::pedantic' '--deny=clippy::all' --forbid=unsafe_code '--allow=clippy::similar_names' '--allow=clippy::must_use_candidate' '--allow=clippy::missing_errors_doc' --test --check-cfg 'cfg(docsrs,test)' --check-cfg 'cfg(feature, values())' -C metadata=630f5e3de7b96aa4 -C extra-filename=-a0b972b47931cbf0 --out-dir /tmp/cargo-mutants-tlatools-rs-5IbVX6.tmp/target/debug/deps -C incremental=/tmp/cargo-mutants-tlatools-rs-5IbVX6.tmp/target/debug/incremental -L dependency=/tmp/cargo-mutants-tlatools-rs-5IbVX6.tmp/target/debug/deps --extern tla_syntax=/tmp/cargo-mutants-tlatools-rs-5IbVX6.tmp/target/debug/deps/libtla_syntax-169d03993c2aec3f.rlib`
    Finished `test` profile [unoptimized + debuginfo] target(s) in 0.27s
  Executable `/tmp/cargo-mutants-tlatools-rs-5IbVX6.tmp/target/debug/deps/tla_syntax-7b1a32620c4b87af`
  Executable `/tmp/cargo-mutants-tlatools-rs-5IbVX6.tmp/target/debug/deps/boundaries-9be27ec779ef4ecc`
  Executable `/tmp/cargo-mutants-tlatools-rs-5IbVX6.tmp/target/debug/deps/golden-a7c611b7d1e6a805`
  Executable `/tmp/cargo-mutants-tlatools-rs-5IbVX6.tmp/target/debug/deps/grammar-209c7b39092f9a9f`
  Executable `/tmp/cargo-mutants-tlatools-rs-5IbVX6.tmp/target/debug/deps/parse_specs-f79b0d0a70f894ac`
  Executable `/tmp/cargo-mutants-tlatools-rs-5IbVX6.tmp/target/debug/deps/printing-a0b972b47931cbf0`
  Executable `/tmp/cargo-mutants-tlatools-rs-5IbVX6.tmp/target/debug/deps/queries-2cacbc55350fea8e`
  Executable `/tmp/cargo-mutants-tlatools-rs-5IbVX6.tmp/target/debug/deps/robustness-4657dcdff6c43e2f`

*** result: Success

*** /home/ops/.rustup/toolchains/stable-x86_64-unknown-linux-gnu/bin/cargo test --verbose --package=tla-syntax@0.1.0
       Fresh tla-syntax v0.1.0 (/tmp/cargo-mutants-tlatools-rs-5IbVX6.tmp/crates/tla-syntax)
    Finished `test` profile [unoptimized + debuginfo] target(s) in 0.01s
     Running `/tmp/cargo-mutants-tlatools-rs-5IbVX6.tmp/target/debug/deps/tla_syntax-7b1a32620c4b87af`

running 0 tests

test result: ok. 0 passed; 0 failed; 0 ignored; 0 measured; 0 filtered out; finished in 0.00s

     Running `/tmp/cargo-mutants-tlatools-rs-5IbVX6.tmp/target/debug/deps/boundaries-9be27ec779ef4ecc`

running 12 tests
test a_declaration_ends_the_definition_before_it ... ok
test a_bracketed_left_hand_side_is_found_past_its_brackets ... ok
test a_definition_may_be_named_after_a_keyword ... ok
test a_definition_is_written_with_operands_not_holes ... ok
test a_later_definitions_equals_does_not_end_this_one ... ok
test a_let_instance_keeps_its_substitutions ... ok
test a_prefix_definition_needs_a_name_or_a_hole ... FAILED
test a_substitution_may_be_an_operator_or_an_expression ... ok
test an_expression_wrapped_into_the_first_column_carries_on ... ok
test a_definition_of_any_shape_ends_the_previous_one ... FAILED
test a_let_instance_survives_printing ... ok
test an_operator_may_be_the_last_argument ... ok

failures:

---- a_prefix_definition_needs_a_name_or_a_hole stdout ----

thread 'a_prefix_definition_needs_a_name_or_a_hole' (1380963) panicked at crates/tla-syntax/tests/boundaries.rs:120:5:
assertion failed: defines("-. a == 0 - a", "-")
note: run with `RUST_BACKTRACE=1` environment variable to display a backtrace

---- a_definition_of_any_shape_ends_the_previous_one stdout ----

thread 'a_definition_of_any_shape_ends_the_previous_one' (1380959) panicked at crates/tla-syntax/tests/boundaries.rs:16:56:
parse error at 3:2: expected an expression, found Dot
in:
---- MODULE T ----
X == a
-. p == p
====


failures:
    a_definition_of_any_shape_ends_the_previous_one
    a_prefix_definition_needs_a_name_or_a_hole

test result: FAILED. 10 passed; 2 failed; 0 ignored; 0 measured; 0 filtered out; finished in 0.00s

error: test failed, to rerun pass `-p tla-syntax --test boundaries`

*** result: Failure(101)
