
*** crates/tla-syntax/src/lexer.rs:317:28: replace + with - in Lexer::scan_based_number

*** mutation diff:
--- crates/tla-syntax/src/lexer.rs
+++ replace + with - in Lexer::scan_based_number
@@ -309,17 +309,17 @@
             Some('o' | 'O') => (8, "01234567"),
             Some('h' | 'H') => (16, "0123456789abcdefABCDEF"),
             _ => return Ok(None),
         };
         let mut end = self.pos + 2;
         while self.chars.get(end).is_some_and(|c| digits.contains(*c)) {
             end += 1;
         }
-        if end == self.pos + 2 {
+        if end == self.pos - /* ~ changed by cargo-mutants ~ */ 2 {
             return Ok(None);
         }
         let text: String = self.chars[self.pos + 2..end].iter().collect();
         let value = i64::from_str_radix(&text, radix)
             .map_err(|_| self.err(format!("number out of range: {text}")))?;
         self.advance(2 + text.chars().count());
         Ok(Some(Tok::Num(value)))
     }


*** /home/ops/.rustup/toolchains/stable-x86_64-unknown-linux-gnu/bin/cargo test --no-run --verbose --package=tla-syntax@0.1.0
       Dirty tla-syntax v0.1.0 (/tmp/cargo-mutants-tlatools-rs-5mUh25.tmp/crates/tla-syntax): the file `crates/tla-syntax/src/lexer.rs` has changed (1786406153.340554786s, 337020522ns after last build at 1786406153.003534264s)
   Compiling tla-syntax v0.1.0 (/tmp/cargo-mutants-tlatools-rs-5mUh25.tmp/crates/tla-syntax)
     Running `/home/ops/.rustup/toolchains/stable-x86_64-unknown-linux-gnu/bin/rustc --crate-name tla_syntax --edition=2024 crates/tla-syntax/src/lib.rs --error-format=json --json=diagnostic-rendered-ansi,artifacts,future-incompat --emit=dep-info,link -C embed-bitcode=no -C debuginfo=2 '--warn=clippy::pedantic' '--deny=clippy::all' --forbid=unsafe_code '--allow=clippy::similar_names' '--allow=clippy::must_use_candidate' '--allow=clippy::missing_errors_doc' --test --check-cfg 'cfg(docsrs,test)' --check-cfg 'cfg(feature, values())' -C metadata=b9cdaea3d809ecd1 -C extra-filename=-7b1a32620c4b87af --out-dir /tmp/cargo-mutants-tlatools-rs-5mUh25.tmp/target/debug/deps -C incremental=/tmp/cargo-mutants-tlatools-rs-5mUh25.tmp/target/debug/incremental -L dependency=/tmp/cargo-mutants-tlatools-rs-5mUh25.tmp/target/debug/deps`
     Running `/home/ops/.rustup/toolchains/stable-x86_64-unknown-linux-gnu/bin/rustc --crate-name tla_syntax --edition=2024 crates/tla-syntax/src/lib.rs --error-format=json --json=diagnostic-rendered-ansi,artifacts,future-incompat --crate-type lib --emit=dep-info,metadata,link -C embed-bitcode=no -C debuginfo=2 '--warn=clippy::pedantic' '--deny=clippy::all' --forbid=unsafe_code '--allow=clippy::similar_names' '--allow=clippy::must_use_candidate' '--allow=clippy::missing_errors_doc' --check-cfg 'cfg(docsrs,test)' --check-cfg 'cfg(feature, values())' -C metadata=85b1367430153dc6 -C extra-filename=-169d03993c2aec3f --out-dir /tmp/cargo-mutants-tlatools-rs-5mUh25.tmp/target/debug/deps -C incremental=/tmp/cargo-mutants-tlatools-rs-5mUh25.tmp/target/debug/incremental -L dependency=/tmp/cargo-mutants-tlatools-rs-5mUh25.tmp/target/debug/deps`
     Running `/home/ops/.rustup/toolchains/stable-x86_64-unknown-linux-gnu/bin/rustc --crate-name grammar --edition=2024 crates/tla-syntax/tests/grammar.rs --error-format=json --json=diagnostic-rendered-ansi,artifacts,future-incompat --emit=dep-info,link -C embed-bitcode=no -C debuginfo=2 '--warn=clippy::pedantic' '--deny=clippy::all' --forbid=unsafe_code '--allow=clippy::similar_names' '--allow=clippy::must_use_candidate' '--allow=clippy::missing_errors_doc' --test --check-cfg 'cfg(docsrs,test)' --check-cfg 'cfg(feature, values())' -C metadata=0802b3514e0199db -C extra-filename=-209c7b39092f9a9f --out-dir /tmp/cargo-mutants-tlatools-rs-5mUh25.tmp/target/debug/deps -C incremental=/tmp/cargo-mutants-tlatools-rs-5mUh25.tmp/target/debug/incremental -L dependency=/tmp/cargo-mutants-tlatools-rs-5mUh25.tmp/target/debug/deps --extern tla_syntax=/tmp/cargo-mutants-tlatools-rs-5mUh25.tmp/target/debug/deps/libtla_syntax-169d03993c2aec3f.rlib`
     Running `/home/ops/.rustup/toolchains/stable-x86_64-unknown-linux-gnu/bin/rustc --crate-name audit --edition=2024 crates/tla-syntax/examples/audit.rs --error-format=json --json=diagnostic-rendered-ansi,artifacts,future-incompat --crate-type bin --emit=dep-info,link -C embed-bitcode=no -C debuginfo=2 '--warn=clippy::pedantic' '--deny=clippy::all' --forbid=unsafe_code '--allow=clippy::similar_names' '--allow=clippy::must_use_candidate' '--allow=clippy::missing_errors_doc' --check-cfg 'cfg(docsrs,test)' --check-cfg 'cfg(feature, values())' -C metadata=dbbf919ed7279ef0 -C extra-filename=-0e703b0c6e8c99ba --out-dir /tmp/cargo-mutants-tlatools-rs-5mUh25.tmp/target/debug/examples -C incremental=/tmp/cargo-mutants-tlatools-rs-5mUh25.tmp/target/debug/incremental -L dependency=/tmp/cargo-mutants-tlatools-rs-5mUh25.tmp/target/debug/deps --extern tla_syntax=/tmp/cargo-mutants-tlatools-rs-5mUh25.tmp/target/debug/deps/libtla_syntax-169d03993c2aec3f.rlib`
     Running `/home/ops/.rustup/toolchains/stable-x86_64-unknown-linux-gnu/bin/rustc --crate-name parse_specs --edition=2024 crates/tla-syntax/tests/parse_specs.rs --error-format=json --json=diagnostic-rendered-ansi,artifacts,future-incompat --emit=dep-info,link -C embed-bitcode=no -C debuginfo=2 '--warn=clippy::pedantic' '--deny=clippy::all' --forbid=unsafe_code '--allow=clippy::similar_names' '--allow=clippy::must_use_candidate' '--allow=clippy::missing_errors_doc' --test --check-cfg 'cfg(docsrs,test)' --check-cfg 'cfg(feature, values())' -C metadata=a8f81c428969cd5b -C extra-filename=-f79b0d0a70f894ac --out-dir /tmp/cargo-mutants-tlatools-rs-5mUh25.tmp/target/debug/deps -C incremental=/tmp/cargo-mutants-tlatools-rs-5mUh25.tmp/target/debug/incremental -L dependency=/tmp/cargo-mutants-tlatools-rs-5mUh25.tmp/target/debug/deps --extern tla_syntax=/tmp/cargo-mutants-tlatools-rs-5mUh25.tmp/target/debug/deps/libtla_syntax-169d03993c2aec3f.rlib`
     Running `/home/ops/.rustup/toolchains/stable-x86_64-unknown-linux-gnu/bin/rustc --crate-name printing --edition=2024 crates/tla-syntax/tests/printing.rs --error-format=json --json=diagnostic-rendered-ansi,artifacts,future-incompat --emit=dep-info,link -C embed-bitcode=no -C debuginfo=2 '--warn=clippy::pedantic' '--deny=clippy::all' --forbid=unsafe_code '--allow=clippy::similar_names' '--allow=clippy::must_use_candidate' '--allow=clippy::missing_errors_doc' --test --check-cfg 'cfg(docsrs,test)' --check-cfg 'cfg(feature, values())' -C metadata=630f5e3de7b96aa4 -C extra-filename=-a0b972b47931cbf0 --out-dir /tmp/cargo-mutants-tlatools-rs-5mUh25.tmp/target/debug/deps -C incremental=/tmp/cargo-mutants-tlatools-rs-5mUh25.tmp/target/debug/incremental -L dependency=/tmp/cargo-mutants-tlatools-rs-5mUh25.tmp/target/debug/deps --extern tla_syntax=/tmp/cargo-mutants-tlatools-rs-5mUh25.tmp/target/debug/deps/libtla_syntax-169d03993c2aec3f.rlib`
     Running `/home/ops/.rustup/toolchains/stable-x86_64-unknown-linux-gnu/bin/rustc --crate-name queries --edition=2024 crates/tla-syntax/tests/queries.rs --error-format=json --json=diagnostic-rendered-ansi,artifacts,future-incompat --emit=dep-info,link -C embed-bitcode=no -C debuginfo=2 '--warn=clippy::pedantic' '--deny=clippy::all' --forbid=unsafe_code '--allow=clippy::similar_names' '--allow=clippy::must_use_candidate' '--allow=clippy::missing_errors_doc' --test --check-cfg 'cfg(docsrs,test)' --check-cfg 'cfg(feature, values())' -C metadata=fc19234c6e95ae98 -C extra-filename=-2cacbc55350fea8e --out-dir /tmp/cargo-mutants-tlatools-rs-5mUh25.tmp/target/debug/deps -C incremental=/tmp/cargo-mutants-tlatools-rs-5mUh25.tmp/target/debug/incremental -L dependency=/tmp/cargo-mutants-tlatools-rs-5mUh25.tmp/target/debug/deps --extern tla_syntax=/tmp/cargo-mutants-tlatools-rs-5mUh25.tmp/target/debug/deps/libtla_syntax-169d03993c2aec3f.rlib`
     Running `/home/ops/.rustup/toolchains/stable-x86_64-unknown-linux-gnu/bin/rustc --crate-name depth --edition=2024 crates/tla-syntax/examples/depth.rs --error-format=json --json=diagnostic-rendered-ansi,artifacts,future-incompat --crate-type bin --emit=dep-info,link -C embed-bitcode=no -C debuginfo=2 '--warn=clippy::pedantic' '--deny=clippy::all' --forbid=unsafe_code '--allow=clippy::similar_names' '--allow=clippy::must_use_candidate' '--allow=clippy::missing_errors_doc' --check-cfg 'cfg(docsrs,test)' --check-cfg 'cfg(feature, values())' -C metadata=945ad0d3a4da74b3 -C extra-filename=-2ef4d05ce566e5e5 --out-dir /tmp/cargo-mutants-tlatools-rs-5mUh25.tmp/target/debug/examples -C incremental=/tmp/cargo-mutants-tlatools-rs-5mUh25.tmp/target/debug/incremental -L dependency=/tmp/cargo-mutants-tlatools-rs-5mUh25.tmp/target/debug/deps --extern tla_syntax=/tmp/cargo-mutants-tlatools-rs-5mUh25.tmp/target/debug/deps/libtla_syntax-169d03993c2aec3f.rlib`
     Running `/home/ops/.rustup/toolchains/stable-x86_64-unknown-linux-gnu/bin/rustc --crate-name golden --edition=2024 crates/tla-syntax/tests/golden.rs --error-format=json --json=diagnostic-rendered-ansi,artifacts,future-incompat --emit=dep-info,link -C embed-bitcode=no -C debuginfo=2 '--warn=clippy::pedantic' '--deny=clippy::all' --forbid=unsafe_code '--allow=clippy::similar_names' '--allow=clippy::must_use_candidate' '--allow=clippy::missing_errors_doc' --test --check-cfg 'cfg(docsrs,test)' --check-cfg 'cfg(feature, values())' -C metadata=4c148619f516b9d2 -C extra-filename=-a7c611b7d1e6a805 --out-dir /tmp/cargo-mutants-tlatools-rs-5mUh25.tmp/target/debug/deps -C incremental=/tmp/cargo-mutants-tlatools-rs-5mUh25.tmp/target/debug/incremental -L dependency=/tmp/cargo-mutants-tlatools-rs-5mUh25.tmp/target/debug/deps --extern tla_syntax=/tmp/cargo-mutants-tlatools-rs-5mUh25.tmp/target/debug/deps/libtla_syntax-169d03993c2aec3f.rlib`
     Running `/home/ops/.rustup/toolchains/stable-x86_64-unknown-linux-gnu/bin/rustc --crate-name robustness --edition=2024 crates/tla-syntax/tests/robustness.rs --error-format=json --json=diagnostic-rendered-ansi,artifacts,future-incompat --emit=dep-info,link -C embed-bitcode=no -C debuginfo=2 '--warn=clippy::pedantic' '--deny=clippy::all' --forbid=unsafe_code '--allow=clippy::similar_names' '--allow=clippy::must_use_candidate' '--allow=clippy::missing_errors_doc' --test --check-cfg 'cfg(docsrs,test)' --check-cfg 'cfg(feature, values())' -C metadata=3b1de0d84c0f7391 -C extra-filename=-4657dcdff6c43e2f --out-dir /tmp/cargo-mutants-tlatools-rs-5mUh25.tmp/target/debug/deps -C incremental=/tmp/cargo-mutants-tlatools-rs-5mUh25.tmp/target/debug/incremental -L dependency=/tmp/cargo-mutants-tlatools-rs-5mUh25.tmp/target/debug/deps --extern tla_syntax=/tmp/cargo-mutants-tlatools-rs-5mUh25.tmp/target/debug/deps/libtla_syntax-169d03993c2aec3f.rlib`
    Finished `test` profile [unoptimized + debuginfo] target(s) in 0.26s
  Executable `/tmp/cargo-mutants-tlatools-rs-5mUh25.tmp/target/debug/deps/tla_syntax-7b1a32620c4b87af`
  Executable `/tmp/cargo-mutants-tlatools-rs-5mUh25.tmp/target/debug/deps/golden-a7c611b7d1e6a805`
  Executable `/tmp/cargo-mutants-tlatools-rs-5mUh25.tmp/target/debug/deps/grammar-209c7b39092f9a9f`
  Executable `/tmp/cargo-mutants-tlatools-rs-5mUh25.tmp/target/debug/deps/parse_specs-f79b0d0a70f894ac`
  Executable `/tmp/cargo-mutants-tlatools-rs-5mUh25.tmp/target/debug/deps/printing-a0b972b47931cbf0`
  Executable `/tmp/cargo-mutants-tlatools-rs-5mUh25.tmp/target/debug/deps/queries-2cacbc55350fea8e`
  Executable `/tmp/cargo-mutants-tlatools-rs-5mUh25.tmp/target/debug/deps/robustness-4657dcdff6c43e2f`

*** result: Success

*** /home/ops/.rustup/toolchains/stable-x86_64-unknown-linux-gnu/bin/cargo test --verbose --package=tla-syntax@0.1.0
       Fresh tla-syntax v0.1.0 (/tmp/cargo-mutants-tlatools-rs-5mUh25.tmp/crates/tla-syntax)
    Finished `test` profile [unoptimized + debuginfo] target(s) in 0.01s
     Running `/tmp/cargo-mutants-tlatools-rs-5mUh25.tmp/target/debug/deps/tla_syntax-7b1a32620c4b87af`

running 0 tests

test result: ok. 0 passed; 0 failed; 0 ignored; 0 measured; 0 filtered out; finished in 0.00s

     Running `/tmp/cargo-mutants-tlatools-rs-5mUh25.tmp/target/debug/deps/golden-a7c611b7d1e6a805`

running 2 tests
test every_specification_matches_its_golden_form ... ok
test the_golden_form_is_itself_readable ... ok

test result: ok. 2 passed; 0 failed; 0 ignored; 0 measured; 0 filtered out; finished in 0.01s

     Running `/tmp/cargo-mutants-tlatools-rs-5mUh25.tmp/target/debug/deps/grammar-209c7b39092f9a9f`

running 33 tests
test a_decimal_is_kept_as_written ... ok
test a_choose_inside_braces_is_not_a_set_filter ... ok
test a_fairness_subscript_may_be_a_tuple ... ok
test a_field_may_be_spelled_like_a_keyword ... ok
test a_lambda_may_be_passed_where_an_operator_is_wanted ... ok
test a_let_may_introduce_an_instance ... ok
test a_function_may_be_defined_by_its_graph ... ok
test a_module_may_contain_another ... ok
test a_name_may_begin_with_a_digit_or_an_underscore ... ok
test a_named_theorem_keeps_its_statement ... ok
test a_postfix_operator_binds_to_what_precedes_it ... ok
test a_prefix_operator_definition_still_starts_a_unit ... ok
test a_proof_is_skipped_and_the_module_continues ... ok
test a_unit_that_reads_nothing_is_an_error_not_a_hang ... ok
test a_proof_step_does_not_look_like_a_comparison ... ok
test an_expression_may_continue_into_the_first_column ... ok
test an_action_subscript_is_recognised_past_an_inner_colon ... ok
test an_infix_operator_can_be_defined ... ok
test an_operator_may_be_passed_as_an_argument ... ok
test an_operator_may_follow_a_bulleted_list ... ok
test case_arms_are_separated_by_boxes ... ok
test except_accepts_several_indices_at_once ... ok
test higher_order_parameters_record_their_arity ... ok
test labels_are_read_and_dropped ... ok
test instance_names_may_be_chained_and_take_arguments ... ok
test numbers_may_be_written_in_another_base ... FAILED
test operators_can_be_passed_by_symbol ... ok
test operators_can_be_declared_by_their_fixity ... ok
test prefix_and_postfix_operators_can_be_defined ... ok
test prose_outside_the_module_is_not_lexed ... ok
test set_filters_and_set_maps_are_told_apart ... ok
test temporal_quantifiers_parse_and_are_marked_as_such ... ok
test the_new_forms_round_trip ... ok

failures:

---- numbers_may_be_written_in_another_base stdout ----

thread 'numbers_may_be_written_in_another_base' (1223333) panicked at crates/tla-syntax/tests/grammar.rs:12:43:
lex error at 2:8: number out of range: 
in:
---- MODULE T ----
X == a \o b
====================
note: run with `RUST_BACKTRACE=1` environment variable to display a backtrace


failures:
    numbers_may_be_written_in_another_base

test result: FAILED. 32 passed; 1 failed; 0 ignored; 0 measured; 0 filtered out; finished in 0.00s

error: test failed, to rerun pass `-p tla-syntax --test grammar`

*** result: Failure(101)
