
*** crates/tla-oracle/src/check.rs:330:5: replace decode_constants -> Result<BTreeMap<String, Value>, String> with Ok(BTreeMap::from_iter([("xyzzy".into(), Default::default())]))

*** mutation diff:
--- crates/tla-oracle/src/check.rs
+++ replace decode_constants -> Result<BTreeMap<String, Value>, String> with Ok(BTreeMap::from_iter([("xyzzy".into(), Default::default())]))
@@ -322,24 +322,17 @@
         EvalError::Type(_) => Status::Contract,
         _ => Status::Error,
     }
 }
 
 fn decode_constants(
     given: &BTreeMap<String, ConstantSpec>,
 ) -> Result<BTreeMap<String, Value>, String> {
-    given
-        .iter()
-        .map(|(name, spec)| {
-            decode(&spec.value, &spec.schema, name)
-                .map(|v| (name.clone(), v))
-                .map_err(|e| format!("constant {e}"))
-        })
-        .collect()
+    Ok(BTreeMap::from_iter([("xyzzy".into(), Default::default())])) /* ~ changed by cargo-mutants ~ */
 }
 
 fn decode_states(job: &Job) -> Result<Vec<State>, String> {
     job.states
         .iter()
         .enumerate()
         .map(|(i, json)| {
             decode_state(json, &job.schema, &format!("state[{i}]")).map_err(|e| e.to_string())


*** /home/ops/.rustup/toolchains/stable-x86_64-unknown-linux-gnu/bin/cargo test --no-run --verbose --package=tla-oracle@0.1.0
       Fresh unicode-ident v1.0.24
       Fresh proc-macro2 v1.0.107
       Fresh memchr v2.8.3
       Fresh tla-syntax v0.1.0 (/tmp/cargo-mutants-tlatools-rs-DsWQO2.tmp/crates/tla-syntax)
       Fresh itoa v1.0.18
       Fresh tla-eval v0.1.0 (/tmp/cargo-mutants-tlatools-rs-DsWQO2.tmp/crates/tla-eval)
       Fresh quote v1.0.47
       Fresh serde_core v1.0.229
       Fresh zmij v1.0.23
       Fresh syn v3.0.3
       Fresh serde_json v1.0.151
       Fresh serde_derive v1.0.229
       Fresh serde v1.0.229
       Dirty tla-oracle v0.1.0 (/tmp/cargo-mutants-tlatools-rs-DsWQO2.tmp/crates/tla-oracle): the file `crates/tla-oracle/src/check.rs` has changed (1786402663.638441865s, 1s after last build at 1786402662.781389488s)
   Compiling tla-oracle v0.1.0 (/tmp/cargo-mutants-tlatools-rs-DsWQO2.tmp/crates/tla-oracle)
     Running `/home/ops/.rustup/toolchains/stable-x86_64-unknown-linux-gnu/bin/rustc --crate-name tla_oracle --edition=2024 crates/tla-oracle/src/lib.rs --error-format=json --json=diagnostic-rendered-ansi,artifacts,future-incompat --emit=dep-info,link -C embed-bitcode=no -C debuginfo=2 '--warn=clippy::pedantic' '--deny=clippy::all' --forbid=unsafe_code '--allow=clippy::similar_names' '--allow=clippy::must_use_candidate' '--allow=clippy::missing_errors_doc' --test --check-cfg 'cfg(docsrs,test)' --check-cfg 'cfg(feature, values())' -C metadata=0ab41740dcdd59c9 -C extra-filename=-1cfd7f127e84a435 --out-dir /tmp/cargo-mutants-tlatools-rs-DsWQO2.tmp/target/debug/deps -C incremental=/tmp/cargo-mutants-tlatools-rs-DsWQO2.tmp/target/debug/incremental -L dependency=/tmp/cargo-mutants-tlatools-rs-DsWQO2.tmp/target/debug/deps --extern serde=/tmp/cargo-mutants-tlatools-rs-DsWQO2.tmp/target/debug/deps/libserde-50e58405f4925bd5.rlib --extern serde_json=/tmp/cargo-mutants-tlatools-rs-DsWQO2.tmp/target/debug/deps/libserde_json-1f53e1b7a8e26068.rlib --extern tla_eval=/tmp/cargo-mutants-tlatools-rs-DsWQO2.tmp/target/debug/deps/libtla_eval-9723028bc8fab821.rlib --extern tla_syntax=/tmp/cargo-mutants-tlatools-rs-DsWQO2.tmp/target/debug/deps/libtla_syntax-169d03993c2aec3f.rlib`
     Running `/home/ops/.rustup/toolchains/stable-x86_64-unknown-linux-gnu/bin/rustc --crate-name tla_oracle --edition=2024 crates/tla-oracle/src/lib.rs --error-format=json --json=diagnostic-rendered-ansi,artifacts,future-incompat --crate-type lib --emit=dep-info,metadata,link -C embed-bitcode=no -C debuginfo=2 '--warn=clippy::pedantic' '--deny=clippy::all' --forbid=unsafe_code '--allow=clippy::similar_names' '--allow=clippy::must_use_candidate' '--allow=clippy::missing_errors_doc' --check-cfg 'cfg(docsrs,test)' --check-cfg 'cfg(feature, values())' -C metadata=b83f616a193d2c4f -C extra-filename=-05e96871ddace9ec --out-dir /tmp/cargo-mutants-tlatools-rs-DsWQO2.tmp/target/debug/deps -C incremental=/tmp/cargo-mutants-tlatools-rs-DsWQO2.tmp/target/debug/incremental -L dependency=/tmp/cargo-mutants-tlatools-rs-DsWQO2.tmp/target/debug/deps --extern serde=/tmp/cargo-mutants-tlatools-rs-DsWQO2.tmp/target/debug/deps/libserde-50e58405f4925bd5.rmeta --extern serde_json=/tmp/cargo-mutants-tlatools-rs-DsWQO2.tmp/target/debug/deps/libserde_json-1f53e1b7a8e26068.rmeta --extern tla_eval=/tmp/cargo-mutants-tlatools-rs-DsWQO2.tmp/target/debug/deps/libtla_eval-9723028bc8fab821.rmeta --extern tla_syntax=/tmp/cargo-mutants-tlatools-rs-DsWQO2.tmp/target/debug/deps/libtla_syntax-169d03993c2aec3f.rmeta`
warning: unused import: `decode`
 --> crates/tla-oracle/src/check.rs:8:29
  |
8 | use crate::schema::{Schema, decode, decode_state};
  |                             ^^^^^^
  |
  = note: `#[warn(unused_imports)]` (part of `#[warn(unused)]`) on by default

error[E0277]: the trait bound `tla_eval::Value: Default` is not satisfied
   --> crates/tla-oracle/src/check.rs:330:46
    |
330 |     Ok(BTreeMap::from_iter([("xyzzy".into(), Default::default())])) /* ~ changed by cargo-mutants ~ */
    |                                              ^^^^^^^^^^^^^^^^^^ the trait `Default` is not implemented for `tla_eval::Value`

For more information about this error, try `rustc --explain E0277`.
warning: `tla-oracle` (lib test) generated 1 warning
error: could not compile `tla-oracle` (lib test) due to 1 previous error; 1 warning emitted

Caused by:
  process didn't exit successfully: `/home/ops/.rustup/toolchains/stable-x86_64-unknown-linux-gnu/bin/rustc --crate-name tla_oracle --edition=2024 crates/tla-oracle/src/lib.rs --error-format=json --json=diagnostic-rendered-ansi,artifacts,future-incompat --emit=dep-info,link -C embed-bitcode=no -C debuginfo=2 '--warn=clippy::pedantic' '--deny=clippy::all' --forbid=unsafe_code '--allow=clippy::similar_names' '--allow=clippy::must_use_candidate' '--allow=clippy::missing_errors_doc' --test --check-cfg 'cfg(docsrs,test)' --check-cfg 'cfg(feature, values())' -C metadata=0ab41740dcdd59c9 -C extra-filename=-1cfd7f127e84a435 --out-dir /tmp/cargo-mutants-tlatools-rs-DsWQO2.tmp/target/debug/deps -C incremental=/tmp/cargo-mutants-tlatools-rs-DsWQO2.tmp/target/debug/incremental -L dependency=/tmp/cargo-mutants-tlatools-rs-DsWQO2.tmp/target/debug/deps --extern serde=/tmp/cargo-mutants-tlatools-rs-DsWQO2.tmp/target/debug/deps/libserde-50e58405f4925bd5.rlib --extern serde_json=/tmp/cargo-mutants-tlatools-rs-DsWQO2.tmp/target/debug/deps/libserde_json-1f53e1b7a8e26068.rlib --extern tla_eval=/tmp/cargo-mutants-tlatools-rs-DsWQO2.tmp/target/debug/deps/libtla_eval-9723028bc8fab821.rlib --extern tla_syntax=/tmp/cargo-mutants-tlatools-rs-DsWQO2.tmp/target/debug/deps/libtla_syntax-169d03993c2aec3f.rlib` (exit status: 1)
warning: build failed, waiting for other jobs to finish...
warning: `tla-oracle` (lib) generated 1 warning (1 duplicate)
error: could not compile `tla-oracle` (lib) due to 1 previous error; 1 warning emitted

Caused by:
  process didn't exit successfully: `/home/ops/.rustup/toolchains/stable-x86_64-unknown-linux-gnu/bin/rustc --crate-name tla_oracle --edition=2024 crates/tla-oracle/src/lib.rs --error-format=json --json=diagnostic-rendered-ansi,artifacts,future-incompat --crate-type lib --emit=dep-info,metadata,link -C embed-bitcode=no -C debuginfo=2 '--warn=clippy::pedantic' '--deny=clippy::all' --forbid=unsafe_code '--allow=clippy::similar_names' '--allow=clippy::must_use_candidate' '--allow=clippy::missing_errors_doc' --check-cfg 'cfg(docsrs,test)' --check-cfg 'cfg(feature, values())' -C metadata=b83f616a193d2c4f -C extra-filename=-05e96871ddace9ec --out-dir /tmp/cargo-mutants-tlatools-rs-DsWQO2.tmp/target/debug/deps -C incremental=/tmp/cargo-mutants-tlatools-rs-DsWQO2.tmp/target/debug/incremental -L dependency=/tmp/cargo-mutants-tlatools-rs-DsWQO2.tmp/target/debug/deps --extern serde=/tmp/cargo-mutants-tlatools-rs-DsWQO2.tmp/target/debug/deps/libserde-50e58405f4925bd5.rmeta --extern serde_json=/tmp/cargo-mutants-tlatools-rs-DsWQO2.tmp/target/debug/deps/libserde_json-1f53e1b7a8e26068.rmeta --extern tla_eval=/tmp/cargo-mutants-tlatools-rs-DsWQO2.tmp/target/debug/deps/libtla_eval-9723028bc8fab821.rmeta --extern tla_syntax=/tmp/cargo-mutants-tlatools-rs-DsWQO2.tmp/target/debug/deps/libtla_syntax-169d03993c2aec3f.rmeta` (exit status: 1)

*** result: Failure(101)
