
*** crates/tla-syntax/src/parser.rs:216:9: replace Parser::unit_body -> Result<Unit> with Ok(Default::default())

*** mutation diff:
--- crates/tla-syntax/src/parser.rs
+++ replace Parser::unit_body -> Result<Unit> with Ok(Default::default())
@@ -208,91 +208,17 @@
         Ok(Module {
             name,
             extends,
             units,
         })
     }
 
     fn unit_body(&mut self) -> Result<Unit> {
-        if self.at_proof() {
-            self.skip_proof();
-            return Ok(Unit::Opaque);
-        }
-        let local = self.eat(&Tok::Kw(Kw::Local));
-        match self.peek().clone() {
-            Tok::Kw(Kw::Constant) => {
-                self.advance();
-                Ok(Unit::Constants(self.decl_list()?))
-            }
-            Tok::Kw(Kw::Recursive) => {
-                self.advance();
-                Ok(Unit::Recursive(self.decl_list()?))
-            }
-            Tok::Kw(Kw::Variable) => {
-                self.advance();
-                let mut names = vec![self.expect_ident()?];
-                while self.eat(&Tok::Comma) {
-                    names.push(self.expect_ident()?);
-                }
-                Ok(Unit::Variables(names))
-            }
-            Tok::Kw(Kw::Assume) => {
-                self.advance();
-                self.skip_label();
-                match self.recover(|p| p.expr(0)) {
-                    Some(e) => Ok(Unit::Assume(e)),
-                    None => Ok(Unit::Opaque),
-                }
-            }
-            Tok::Kw(Kw::Theorem) => {
-                self.advance();
-                self.skip_label();
-                let statement = self.recover(|p| p.expr(0));
-                self.skip_proof();
-                match statement {
-                    Some(e) => Ok(Unit::Theorem(e)),
-                    None => Ok(Unit::Opaque),
-                }
-            }
-            Tok::Kw(Kw::Proof) => {
-                self.skip_proof();
-                Ok(Unit::Opaque)
-            }
-            Tok::Kw(Kw::Instance) => {
-                let (module, subs) = self.instance_tail()?;
-                Ok(Unit::Instance {
-                    name: None,
-                    module,
-                    subs,
-                })
-            }
-            // `op a == e`, and the `-.` spelling that distinguishes prefix
-            // minus from the infix one.
-            Tok::Op(op) => {
-                self.advance();
-                self.eat(&Tok::Dot);
-                let operand = self.param()?;
-                self.expect(&Tok::DefEq)?;
-                Ok(Unit::Def(Def {
-                    name: op.symbol().to_string(),
-                    params: vec![operand],
-                    body: self.expr(0)?,
-                    local,
-                }))
-            }
-            Tok::Ident(name) => self.named_definition(name, local),
-            // A specification may define something spelled like a keyword.
-            // SANY reads it and complains afterwards; so do we.
-            Tok::Kw(kw) if matches!(self.peek_at(1), Tok::DefEq) && kw.text().is_some() => {
-                let name = kw.text().expect("checked").to_string();
-                self.named_definition(name, local)
-            }
-            other => Err(self.err(format!("expected a declaration, found {other:?}"))),
-        }
+        Ok(Default::default()) /* ~ changed by cargo-mutants ~ */
     }
 
     /// Everything that can follow a name at the head of a definition: an
     /// ordinary or operator definition, a function definition, an instance, or
     /// a definition of an infix or postfix operator whose left operand this is.
     fn named_definition(&mut self, name: String, local: bool) -> Result<Unit> {
         self.advance();
 


*** /home/ops/.rustup/toolchains/stable-x86_64-unknown-linux-gnu/bin/cargo test --no-run --verbose --package=tla-syntax@0.1.0
       Dirty tla-syntax v0.1.0 (/tmp/cargo-mutants-tlatools-rs-5mUh25.tmp/crates/tla-syntax): the file `crates/tla-syntax/src/parser.rs` has changed (1786406155.216669025s, 1s after last build at 1786406154.878648443s)
   Compiling tla-syntax v0.1.0 (/tmp/cargo-mutants-tlatools-rs-5mUh25.tmp/crates/tla-syntax)
     Running `/home/ops/.rustup/toolchains/stable-x86_64-unknown-linux-gnu/bin/rustc --crate-name tla_syntax --edition=2024 crates/tla-syntax/src/lib.rs --error-format=json --json=diagnostic-rendered-ansi,artifacts,future-incompat --emit=dep-info,link -C embed-bitcode=no -C debuginfo=2 '--warn=clippy::pedantic' '--deny=clippy::all' --forbid=unsafe_code '--allow=clippy::similar_names' '--allow=clippy::must_use_candidate' '--allow=clippy::missing_errors_doc' --test --check-cfg 'cfg(docsrs,test)' --check-cfg 'cfg(feature, values())' -C metadata=b9cdaea3d809ecd1 -C extra-filename=-7b1a32620c4b87af --out-dir /tmp/cargo-mutants-tlatools-rs-5mUh25.tmp/target/debug/deps -C incremental=/tmp/cargo-mutants-tlatools-rs-5mUh25.tmp/target/debug/incremental -L dependency=/tmp/cargo-mutants-tlatools-rs-5mUh25.tmp/target/debug/deps`
     Running `/home/ops/.rustup/toolchains/stable-x86_64-unknown-linux-gnu/bin/rustc --crate-name tla_syntax --edition=2024 crates/tla-syntax/src/lib.rs --error-format=json --json=diagnostic-rendered-ansi,artifacts,future-incompat --crate-type lib --emit=dep-info,metadata,link -C embed-bitcode=no -C debuginfo=2 '--warn=clippy::pedantic' '--deny=clippy::all' --forbid=unsafe_code '--allow=clippy::similar_names' '--allow=clippy::must_use_candidate' '--allow=clippy::missing_errors_doc' --check-cfg 'cfg(docsrs,test)' --check-cfg 'cfg(feature, values())' -C metadata=85b1367430153dc6 -C extra-filename=-169d03993c2aec3f --out-dir /tmp/cargo-mutants-tlatools-rs-5mUh25.tmp/target/debug/deps -C incremental=/tmp/cargo-mutants-tlatools-rs-5mUh25.tmp/target/debug/incremental -L dependency=/tmp/cargo-mutants-tlatools-rs-5mUh25.tmp/target/debug/deps`
error[E0277]: the trait bound `Unit: Default` is not satisfied
   --> crates/tla-syntax/src/parser.rs:216:12
    |
216 |         Ok(Default::default()) /* ~ changed by cargo-mutants ~ */
    |            ^^^^^^^^^^^^^^^^^^ unsatisfied trait bound
    |
help: the trait `Default` is not implemented for `Unit`
   --> crates/tla-syntax/src/ast.rs:40:1
    |
 40 | pub enum Unit {
    | ^^^^^^^^^^^^^

For more information about this error, try `rustc --explain E0277`.
error: could not compile `tla-syntax` (lib) due to 1 previous error

Caused by:
  process didn't exit successfully: `/home/ops/.rustup/toolchains/stable-x86_64-unknown-linux-gnu/bin/rustc --crate-name tla_syntax --edition=2024 crates/tla-syntax/src/lib.rs --error-format=json --json=diagnostic-rendered-ansi,artifacts,future-incompat --crate-type lib --emit=dep-info,metadata,link -C embed-bitcode=no -C debuginfo=2 '--warn=clippy::pedantic' '--deny=clippy::all' --forbid=unsafe_code '--allow=clippy::similar_names' '--allow=clippy::must_use_candidate' '--allow=clippy::missing_errors_doc' --check-cfg 'cfg(docsrs,test)' --check-cfg 'cfg(feature, values())' -C metadata=85b1367430153dc6 -C extra-filename=-169d03993c2aec3f --out-dir /tmp/cargo-mutants-tlatools-rs-5mUh25.tmp/target/debug/deps -C incremental=/tmp/cargo-mutants-tlatools-rs-5mUh25.tmp/target/debug/incremental -L dependency=/tmp/cargo-mutants-tlatools-rs-5mUh25.tmp/target/debug/deps` (exit status: 1)
warning: build failed, waiting for other jobs to finish...
error: could not compile `tla-syntax` (lib test) due to 1 previous error

Caused by:
  process didn't exit successfully: `/home/ops/.rustup/toolchains/stable-x86_64-unknown-linux-gnu/bin/rustc --crate-name tla_syntax --edition=2024 crates/tla-syntax/src/lib.rs --error-format=json --json=diagnostic-rendered-ansi,artifacts,future-incompat --emit=dep-info,link -C embed-bitcode=no -C debuginfo=2 '--warn=clippy::pedantic' '--deny=clippy::all' --forbid=unsafe_code '--allow=clippy::similar_names' '--allow=clippy::must_use_candidate' '--allow=clippy::missing_errors_doc' --test --check-cfg 'cfg(docsrs,test)' --check-cfg 'cfg(feature, values())' -C metadata=b9cdaea3d809ecd1 -C extra-filename=-7b1a32620c4b87af --out-dir /tmp/cargo-mutants-tlatools-rs-5mUh25.tmp/target/debug/deps -C incremental=/tmp/cargo-mutants-tlatools-rs-5mUh25.tmp/target/debug/incremental -L dependency=/tmp/cargo-mutants-tlatools-rs-5mUh25.tmp/target/debug/deps` (exit status: 1)

*** result: Failure(101)
