
*** crates/tla-syntax/src/lexer.rs:328:9: replace Lexer::scan_number -> Result<Tok> with Ok(Default::default())

*** mutation diff:
--- crates/tla-syntax/src/lexer.rs
+++ replace Lexer::scan_number -> Result<Tok> with Ok(Default::default())
@@ -320,41 +320,17 @@
         let text: String = self.chars[self.pos + 2..end].iter().collect();
         let value = i64::from_str_radix(&text, radix)
             .map_err(|_| self.err(format!("number out of range: {text}")))?;
         self.advance(2 + text.chars().count());
         Ok(Some(Tok::Num(value)))
     }
 
     fn scan_number(&mut self) -> Result<Tok> {
-        let start = self.pos;
-        while self.peek().is_some_and(|c| c.is_ascii_digit()) {
-            self.bump();
-        }
-        // `1aMessage` is a name, not a number followed by one: TLA+ only asks
-        // that an identifier contain a letter, not that it begin with one.
-        if self
-            .peek()
-            .is_some_and(|c| c.is_ascii_alphabetic() || c == '_')
-        {
-            self.pos = start;
-            return Ok(self.scan_word());
-        }
-        // `123.456` is one number; `1..2` is a range between two.
-        if self.peek() == Some('.') && self.at(1).is_some_and(|c| c.is_ascii_digit()) {
-            self.bump();
-            while self.peek().is_some_and(|c| c.is_ascii_digit()) {
-                self.bump();
-            }
-            return Ok(Tok::Decimal(self.chars[start..self.pos].iter().collect()));
-        }
-        let text: String = self.chars[start..self.pos].iter().collect();
-        text.parse()
-            .map(Tok::Num)
-            .map_err(|_| self.err(format!("integer literal out of range: {text}")))
+        Ok(Default::default()) /* ~ changed by cargo-mutants ~ */
     }
 
     fn scan_word(&mut self) -> Tok {
         let start = self.pos;
         while self
             .peek()
             .is_some_and(|c| c.is_ascii_alphanumeric() || c == '_')
         {


*** /home/ops/.rustup/toolchains/stable-x86_64-unknown-linux-gnu/bin/cargo test --no-run --verbose --package=tla-syntax@0.1.0
       Dirty tla-syntax v0.1.0 (/tmp/cargo-mutants-tlatools-rs-pSIORz.tmp/crates/tla-syntax): the file `crates/tla-syntax/src/lexer.rs` has changed (1786406482.656607307s, 339020644ns after last build at 1786406482.317586663s)
   Compiling tla-syntax v0.1.0 (/tmp/cargo-mutants-tlatools-rs-pSIORz.tmp/crates/tla-syntax)
     Running `/home/ops/.rustup/toolchains/stable-x86_64-unknown-linux-gnu/bin/rustc --crate-name tla_syntax --edition=2024 crates/tla-syntax/src/lib.rs --error-format=json --json=diagnostic-rendered-ansi,artifacts,future-incompat --emit=dep-info,link -C embed-bitcode=no -C debuginfo=2 '--warn=clippy::pedantic' '--deny=clippy::all' --forbid=unsafe_code '--allow=clippy::similar_names' '--allow=clippy::must_use_candidate' '--allow=clippy::missing_errors_doc' --test --check-cfg 'cfg(docsrs,test)' --check-cfg 'cfg(feature, values())' -C metadata=b9cdaea3d809ecd1 -C extra-filename=-7b1a32620c4b87af --out-dir /tmp/cargo-mutants-tlatools-rs-pSIORz.tmp/target/debug/deps -C incremental=/tmp/cargo-mutants-tlatools-rs-pSIORz.tmp/target/debug/incremental -L dependency=/tmp/cargo-mutants-tlatools-rs-pSIORz.tmp/target/debug/deps`
     Running `/home/ops/.rustup/toolchains/stable-x86_64-unknown-linux-gnu/bin/rustc --crate-name tla_syntax --edition=2024 crates/tla-syntax/src/lib.rs --error-format=json --json=diagnostic-rendered-ansi,artifacts,future-incompat --crate-type lib --emit=dep-info,metadata,link -C embed-bitcode=no -C debuginfo=2 '--warn=clippy::pedantic' '--deny=clippy::all' --forbid=unsafe_code '--allow=clippy::similar_names' '--allow=clippy::must_use_candidate' '--allow=clippy::missing_errors_doc' --check-cfg 'cfg(docsrs,test)' --check-cfg 'cfg(feature, values())' -C metadata=85b1367430153dc6 -C extra-filename=-169d03993c2aec3f --out-dir /tmp/cargo-mutants-tlatools-rs-pSIORz.tmp/target/debug/deps -C incremental=/tmp/cargo-mutants-tlatools-rs-pSIORz.tmp/target/debug/incremental -L dependency=/tmp/cargo-mutants-tlatools-rs-pSIORz.tmp/target/debug/deps`
error[E0277]: the trait bound `Tok: Default` is not satisfied
   --> crates/tla-syntax/src/lexer.rs:328:12
    |
328 |         Ok(Default::default()) /* ~ changed by cargo-mutants ~ */
    |            ^^^^^^^^^^^^^^^^^^ unsatisfied trait bound
    |
help: the trait `Default` is not implemented for `Tok`
   --> crates/tla-syntax/src/token.rs:361:1
    |
361 | pub enum Tok {
    | ^^^^^^^^^^^^

For more information about this error, try `rustc --explain E0277`.
error: could not compile `tla-syntax` (lib test) due to 1 previous error

Caused by:
  process didn't exit successfully: `/home/ops/.rustup/toolchains/stable-x86_64-unknown-linux-gnu/bin/rustc --crate-name tla_syntax --edition=2024 crates/tla-syntax/src/lib.rs --error-format=json --json=diagnostic-rendered-ansi,artifacts,future-incompat --emit=dep-info,link -C embed-bitcode=no -C debuginfo=2 '--warn=clippy::pedantic' '--deny=clippy::all' --forbid=unsafe_code '--allow=clippy::similar_names' '--allow=clippy::must_use_candidate' '--allow=clippy::missing_errors_doc' --test --check-cfg 'cfg(docsrs,test)' --check-cfg 'cfg(feature, values())' -C metadata=b9cdaea3d809ecd1 -C extra-filename=-7b1a32620c4b87af --out-dir /tmp/cargo-mutants-tlatools-rs-pSIORz.tmp/target/debug/deps -C incremental=/tmp/cargo-mutants-tlatools-rs-pSIORz.tmp/target/debug/incremental -L dependency=/tmp/cargo-mutants-tlatools-rs-pSIORz.tmp/target/debug/deps` (exit status: 1)
warning: build failed, waiting for other jobs to finish...
error: could not compile `tla-syntax` (lib) due to 1 previous error

Caused by:
  process didn't exit successfully: `/home/ops/.rustup/toolchains/stable-x86_64-unknown-linux-gnu/bin/rustc --crate-name tla_syntax --edition=2024 crates/tla-syntax/src/lib.rs --error-format=json --json=diagnostic-rendered-ansi,artifacts,future-incompat --crate-type lib --emit=dep-info,metadata,link -C embed-bitcode=no -C debuginfo=2 '--warn=clippy::pedantic' '--deny=clippy::all' --forbid=unsafe_code '--allow=clippy::similar_names' '--allow=clippy::must_use_candidate' '--allow=clippy::missing_errors_doc' --check-cfg 'cfg(docsrs,test)' --check-cfg 'cfg(feature, values())' -C metadata=85b1367430153dc6 -C extra-filename=-169d03993c2aec3f --out-dir /tmp/cargo-mutants-tlatools-rs-pSIORz.tmp/target/debug/deps -C incremental=/tmp/cargo-mutants-tlatools-rs-pSIORz.tmp/target/debug/incremental -L dependency=/tmp/cargo-mutants-tlatools-rs-pSIORz.tmp/target/debug/deps` (exit status: 1)

*** result: Failure(101)
