
*** crates/tla-syntax/src/lexer.rs:90:9: replace Lexer::err -> Error with Default::default()

*** mutation diff:
--- crates/tla-syntax/src/lexer.rs
+++ replace Lexer::err -> Error with Default::default()
@@ -82,17 +82,17 @@
         let mut n = 0;
         while self.at(n) == Some(c) {
             n += 1;
         }
         n
     }
 
     fn err(&self, msg: impl Into<String>) -> Error {
-        Error::lex(msg, self.line, self.col)
+        Default::default() /* ~ changed by cargo-mutants ~ */
     }
 
     fn run(mut self) -> Result<Vec<Token>> {
         // Modules nest, so the file ends at the terminator that closes the
         // outermost one, not at the first one seen.
         let mut depth = 0usize;
         loop {
             self.skip_trivia()?;


*** /home/ops/.rustup/toolchains/stable-x86_64-unknown-linux-gnu/bin/cargo test --no-run --verbose --package=tla-syntax@0.1.0
       Dirty tla-syntax v0.1.0 (/tmp/cargo-mutants-tlatools-rs-ZasLz6.tmp/crates/tla-syntax): the file `crates/tla-syntax/src/lexer.rs` has changed (1786402739.148056490s, 6s after last build at 1786402733.931737704s)
   Compiling tla-syntax v0.1.0 (/tmp/cargo-mutants-tlatools-rs-ZasLz6.tmp/crates/tla-syntax)
     Running `/home/ops/.rustup/toolchains/stable-x86_64-unknown-linux-gnu/bin/rustc --crate-name tla_syntax --edition=2024 crates/tla-syntax/src/lib.rs --error-format=json --json=diagnostic-rendered-ansi,artifacts,future-incompat --emit=dep-info,link -C embed-bitcode=no -C debuginfo=2 '--warn=clippy::pedantic' '--deny=clippy::all' --forbid=unsafe_code '--allow=clippy::similar_names' '--allow=clippy::must_use_candidate' '--allow=clippy::missing_errors_doc' --test --check-cfg 'cfg(docsrs,test)' --check-cfg 'cfg(feature, values())' -C metadata=b9cdaea3d809ecd1 -C extra-filename=-7b1a32620c4b87af --out-dir /tmp/cargo-mutants-tlatools-rs-ZasLz6.tmp/target/debug/deps -C incremental=/tmp/cargo-mutants-tlatools-rs-ZasLz6.tmp/target/debug/incremental -L dependency=/tmp/cargo-mutants-tlatools-rs-ZasLz6.tmp/target/debug/deps`
     Running `/home/ops/.rustup/toolchains/stable-x86_64-unknown-linux-gnu/bin/rustc --crate-name tla_syntax --edition=2024 crates/tla-syntax/src/lib.rs --error-format=json --json=diagnostic-rendered-ansi,artifacts,future-incompat --crate-type lib --emit=dep-info,metadata,link -C embed-bitcode=no -C debuginfo=2 '--warn=clippy::pedantic' '--deny=clippy::all' --forbid=unsafe_code '--allow=clippy::similar_names' '--allow=clippy::must_use_candidate' '--allow=clippy::missing_errors_doc' --check-cfg 'cfg(docsrs,test)' --check-cfg 'cfg(feature, values())' -C metadata=85b1367430153dc6 -C extra-filename=-169d03993c2aec3f --out-dir /tmp/cargo-mutants-tlatools-rs-ZasLz6.tmp/target/debug/deps -C incremental=/tmp/cargo-mutants-tlatools-rs-ZasLz6.tmp/target/debug/incremental -L dependency=/tmp/cargo-mutants-tlatools-rs-ZasLz6.tmp/target/debug/deps`
error[E0277]: the trait bound `error::Error: Default` is not satisfied
  --> crates/tla-syntax/src/lexer.rs:90:9
   |
90 |         Default::default() /* ~ changed by cargo-mutants ~ */
   |         ^^^^^^^^^^^^^^^^^^ unsatisfied trait bound
   |
help: the trait `Default` is not implemented for `error::Error`
  --> crates/tla-syntax/src/error.rs:6:1
   |
 6 | pub struct Error {
   | ^^^^^^^^^^^^^^^^

For more information about this error, try `rustc --explain E0277`.
error: could not compile `tla-syntax` (lib test) due to 1 previous error

Caused by:
  process didn't exit successfully: `/home/ops/.rustup/toolchains/stable-x86_64-unknown-linux-gnu/bin/rustc --crate-name tla_syntax --edition=2024 crates/tla-syntax/src/lib.rs --error-format=json --json=diagnostic-rendered-ansi,artifacts,future-incompat --emit=dep-info,link -C embed-bitcode=no -C debuginfo=2 '--warn=clippy::pedantic' '--deny=clippy::all' --forbid=unsafe_code '--allow=clippy::similar_names' '--allow=clippy::must_use_candidate' '--allow=clippy::missing_errors_doc' --test --check-cfg 'cfg(docsrs,test)' --check-cfg 'cfg(feature, values())' -C metadata=b9cdaea3d809ecd1 -C extra-filename=-7b1a32620c4b87af --out-dir /tmp/cargo-mutants-tlatools-rs-ZasLz6.tmp/target/debug/deps -C incremental=/tmp/cargo-mutants-tlatools-rs-ZasLz6.tmp/target/debug/incremental -L dependency=/tmp/cargo-mutants-tlatools-rs-ZasLz6.tmp/target/debug/deps` (exit status: 1)
warning: build failed, waiting for other jobs to finish...
error: could not compile `tla-syntax` (lib) due to 1 previous error

Caused by:
  process didn't exit successfully: `/home/ops/.rustup/toolchains/stable-x86_64-unknown-linux-gnu/bin/rustc --crate-name tla_syntax --edition=2024 crates/tla-syntax/src/lib.rs --error-format=json --json=diagnostic-rendered-ansi,artifacts,future-incompat --crate-type lib --emit=dep-info,metadata,link -C embed-bitcode=no -C debuginfo=2 '--warn=clippy::pedantic' '--deny=clippy::all' --forbid=unsafe_code '--allow=clippy::similar_names' '--allow=clippy::must_use_candidate' '--allow=clippy::missing_errors_doc' --check-cfg 'cfg(docsrs,test)' --check-cfg 'cfg(feature, values())' -C metadata=85b1367430153dc6 -C extra-filename=-169d03993c2aec3f --out-dir /tmp/cargo-mutants-tlatools-rs-ZasLz6.tmp/target/debug/deps -C incremental=/tmp/cargo-mutants-tlatools-rs-ZasLz6.tmp/target/debug/incremental -L dependency=/tmp/cargo-mutants-tlatools-rs-ZasLz6.tmp/target/debug/deps` (exit status: 1)

*** result: Failure(101)
