
*** crates/tla-syntax/src/lexer.rs:254:13: delete match arm ']' in Lexer::scan_punctuation

*** mutation diff:
--- crates/tla-syntax/src/lexer.rs
+++ delete match arm ']' in Lexer::scan_punctuation
@@ -246,17 +246,17 @@
     }
 
     fn scan_punctuation(&mut self, c: char) -> Result<Tok> {
         let at = (self.line, self.col);
         self.bump();
         Ok(match c {
             '(' => Tok::LParen,
             ')' => Tok::RParen,
-            ']' => Tok::RBrack,
+             /* ~ changed by cargo-mutants ~ */
             '{' => Tok::LBrace,
             '}' => Tok::RBrace,
             ',' => Tok::Comma,
             '!' => Tok::Bang,
             '\'' => Tok::Prime,
             '_' => Tok::Underscore,
             '#' => Tok::Op(Op::Neq),
             '+' => Tok::Op(Op::Plus),


*** /home/ops/.rustup/toolchains/stable-x86_64-unknown-linux-gnu/bin/cargo test --no-run --verbose --package=tla-syntax@0.1.0
       Dirty tla-syntax v0.1.0 (/tmp/cargo-mutants-tlatools-rs-h8HYri.tmp/crates/tla-syntax): the file `crates/tla-syntax/src/lexer.rs` has changed (1786402785.589894689s, 2s after last build at 1786402783.429762679s)
   Compiling tla-syntax v0.1.0 (/tmp/cargo-mutants-tlatools-rs-h8HYri.tmp/crates/tla-syntax)
     Running `/home/ops/.rustup/toolchains/stable-x86_64-unknown-linux-gnu/bin/rustc --crate-name tla_syntax --edition=2024 crates/tla-syntax/src/lib.rs --error-format=json --json=diagnostic-rendered-ansi,artifacts,future-incompat --emit=dep-info,link -C embed-bitcode=no -C debuginfo=2 '--warn=clippy::pedantic' '--deny=clippy::all' --forbid=unsafe_code '--allow=clippy::similar_names' '--allow=clippy::must_use_candidate' '--allow=clippy::missing_errors_doc' --test --check-cfg 'cfg(docsrs,test)' --check-cfg 'cfg(feature, values())' -C metadata=b9cdaea3d809ecd1 -C extra-filename=-7b1a32620c4b87af --out-dir /tmp/cargo-mutants-tlatools-rs-h8HYri.tmp/target/debug/deps -C incremental=/tmp/cargo-mutants-tlatools-rs-h8HYri.tmp/target/debug/incremental -L dependency=/tmp/cargo-mutants-tlatools-rs-h8HYri.tmp/target/debug/deps`
     Running `/home/ops/.rustup/toolchains/stable-x86_64-unknown-linux-gnu/bin/rustc --crate-name tla_syntax --edition=2024 crates/tla-syntax/src/lib.rs --error-format=json --json=diagnostic-rendered-ansi,artifacts,future-incompat --crate-type lib --emit=dep-info,metadata,link -C embed-bitcode=no -C debuginfo=2 '--warn=clippy::pedantic' '--deny=clippy::all' --forbid=unsafe_code '--allow=clippy::similar_names' '--allow=clippy::must_use_candidate' '--allow=clippy::missing_errors_doc' --check-cfg 'cfg(docsrs,test)' --check-cfg 'cfg(feature, values())' -C metadata=85b1367430153dc6 -C extra-filename=-169d03993c2aec3f --out-dir /tmp/cargo-mutants-tlatools-rs-h8HYri.tmp/target/debug/deps -C incremental=/tmp/cargo-mutants-tlatools-rs-h8HYri.tmp/target/debug/incremental -L dependency=/tmp/cargo-mutants-tlatools-rs-h8HYri.tmp/target/debug/deps`
     Running `/home/ops/.rustup/toolchains/stable-x86_64-unknown-linux-gnu/bin/rustc --crate-name grammar --edition=2024 crates/tla-syntax/tests/grammar.rs --error-format=json --json=diagnostic-rendered-ansi,artifacts,future-incompat --emit=dep-info,link -C embed-bitcode=no -C debuginfo=2 '--warn=clippy::pedantic' '--deny=clippy::all' --forbid=unsafe_code '--allow=clippy::similar_names' '--allow=clippy::must_use_candidate' '--allow=clippy::missing_errors_doc' --test --check-cfg 'cfg(docsrs,test)' --check-cfg 'cfg(feature, values())' -C metadata=0802b3514e0199db -C extra-filename=-209c7b39092f9a9f --out-dir /tmp/cargo-mutants-tlatools-rs-h8HYri.tmp/target/debug/deps -C incremental=/tmp/cargo-mutants-tlatools-rs-h8HYri.tmp/target/debug/incremental -L dependency=/tmp/cargo-mutants-tlatools-rs-h8HYri.tmp/target/debug/deps --extern tla_syntax=/tmp/cargo-mutants-tlatools-rs-h8HYri.tmp/target/debug/deps/libtla_syntax-169d03993c2aec3f.rlib`
     Running `/home/ops/.rustup/toolchains/stable-x86_64-unknown-linux-gnu/bin/rustc --crate-name parse_specs --edition=2024 crates/tla-syntax/tests/parse_specs.rs --error-format=json --json=diagnostic-rendered-ansi,artifacts,future-incompat --emit=dep-info,link -C embed-bitcode=no -C debuginfo=2 '--warn=clippy::pedantic' '--deny=clippy::all' --forbid=unsafe_code '--allow=clippy::similar_names' '--allow=clippy::must_use_candidate' '--allow=clippy::missing_errors_doc' --test --check-cfg 'cfg(docsrs,test)' --check-cfg 'cfg(feature, values())' -C metadata=a8f81c428969cd5b -C extra-filename=-f79b0d0a70f894ac --out-dir /tmp/cargo-mutants-tlatools-rs-h8HYri.tmp/target/debug/deps -C incremental=/tmp/cargo-mutants-tlatools-rs-h8HYri.tmp/target/debug/incremental -L dependency=/tmp/cargo-mutants-tlatools-rs-h8HYri.tmp/target/debug/deps --extern tla_syntax=/tmp/cargo-mutants-tlatools-rs-h8HYri.tmp/target/debug/deps/libtla_syntax-169d03993c2aec3f.rlib`
     Running `/home/ops/.rustup/toolchains/stable-x86_64-unknown-linux-gnu/bin/rustc --crate-name robustness --edition=2024 crates/tla-syntax/tests/robustness.rs --error-format=json --json=diagnostic-rendered-ansi,artifacts,future-incompat --emit=dep-info,link -C embed-bitcode=no -C debuginfo=2 '--warn=clippy::pedantic' '--deny=clippy::all' --forbid=unsafe_code '--allow=clippy::similar_names' '--allow=clippy::must_use_candidate' '--allow=clippy::missing_errors_doc' --test --check-cfg 'cfg(docsrs,test)' --check-cfg 'cfg(feature, values())' -C metadata=3b1de0d84c0f7391 -C extra-filename=-4657dcdff6c43e2f --out-dir /tmp/cargo-mutants-tlatools-rs-h8HYri.tmp/target/debug/deps -C incremental=/tmp/cargo-mutants-tlatools-rs-h8HYri.tmp/target/debug/incremental -L dependency=/tmp/cargo-mutants-tlatools-rs-h8HYri.tmp/target/debug/deps --extern tla_syntax=/tmp/cargo-mutants-tlatools-rs-h8HYri.tmp/target/debug/deps/libtla_syntax-169d03993c2aec3f.rlib`
     Running `/home/ops/.rustup/toolchains/stable-x86_64-unknown-linux-gnu/bin/rustc --crate-name printing --edition=2024 crates/tla-syntax/tests/printing.rs --error-format=json --json=diagnostic-rendered-ansi,artifacts,future-incompat --emit=dep-info,link -C embed-bitcode=no -C debuginfo=2 '--warn=clippy::pedantic' '--deny=clippy::all' --forbid=unsafe_code '--allow=clippy::similar_names' '--allow=clippy::must_use_candidate' '--allow=clippy::missing_errors_doc' --test --check-cfg 'cfg(docsrs,test)' --check-cfg 'cfg(feature, values())' -C metadata=630f5e3de7b96aa4 -C extra-filename=-a0b972b47931cbf0 --out-dir /tmp/cargo-mutants-tlatools-rs-h8HYri.tmp/target/debug/deps -C incremental=/tmp/cargo-mutants-tlatools-rs-h8HYri.tmp/target/debug/incremental -L dependency=/tmp/cargo-mutants-tlatools-rs-h8HYri.tmp/target/debug/deps --extern tla_syntax=/tmp/cargo-mutants-tlatools-rs-h8HYri.tmp/target/debug/deps/libtla_syntax-169d03993c2aec3f.rlib`
     Running `/home/ops/.rustup/toolchains/stable-x86_64-unknown-linux-gnu/bin/rustc --crate-name queries --edition=2024 crates/tla-syntax/tests/queries.rs --error-format=json --json=diagnostic-rendered-ansi,artifacts,future-incompat --emit=dep-info,link -C embed-bitcode=no -C debuginfo=2 '--warn=clippy::pedantic' '--deny=clippy::all' --forbid=unsafe_code '--allow=clippy::similar_names' '--allow=clippy::must_use_candidate' '--allow=clippy::missing_errors_doc' --test --check-cfg 'cfg(docsrs,test)' --check-cfg 'cfg(feature, values())' -C metadata=fc19234c6e95ae98 -C extra-filename=-2cacbc55350fea8e --out-dir /tmp/cargo-mutants-tlatools-rs-h8HYri.tmp/target/debug/deps -C incremental=/tmp/cargo-mutants-tlatools-rs-h8HYri.tmp/target/debug/incremental -L dependency=/tmp/cargo-mutants-tlatools-rs-h8HYri.tmp/target/debug/deps --extern tla_syntax=/tmp/cargo-mutants-tlatools-rs-h8HYri.tmp/target/debug/deps/libtla_syntax-169d03993c2aec3f.rlib`
     Running `/home/ops/.rustup/toolchains/stable-x86_64-unknown-linux-gnu/bin/rustc --crate-name audit --edition=2024 crates/tla-syntax/examples/audit.rs --error-format=json --json=diagnostic-rendered-ansi,artifacts,future-incompat --crate-type bin --emit=dep-info,link -C embed-bitcode=no -C debuginfo=2 '--warn=clippy::pedantic' '--deny=clippy::all' --forbid=unsafe_code '--allow=clippy::similar_names' '--allow=clippy::must_use_candidate' '--allow=clippy::missing_errors_doc' --check-cfg 'cfg(docsrs,test)' --check-cfg 'cfg(feature, values())' -C metadata=dbbf919ed7279ef0 -C extra-filename=-0e703b0c6e8c99ba --out-dir /tmp/cargo-mutants-tlatools-rs-h8HYri.tmp/target/debug/examples -C incremental=/tmp/cargo-mutants-tlatools-rs-h8HYri.tmp/target/debug/incremental -L dependency=/tmp/cargo-mutants-tlatools-rs-h8HYri.tmp/target/debug/deps --extern tla_syntax=/tmp/cargo-mutants-tlatools-rs-h8HYri.tmp/target/debug/deps/libtla_syntax-169d03993c2aec3f.rlib`
     Running `/home/ops/.rustup/toolchains/stable-x86_64-unknown-linux-gnu/bin/rustc --crate-name depth --edition=2024 crates/tla-syntax/examples/depth.rs --error-format=json --json=diagnostic-rendered-ansi,artifacts,future-incompat --crate-type bin --emit=dep-info,link -C embed-bitcode=no -C debuginfo=2 '--warn=clippy::pedantic' '--deny=clippy::all' --forbid=unsafe_code '--allow=clippy::similar_names' '--allow=clippy::must_use_candidate' '--allow=clippy::missing_errors_doc' --check-cfg 'cfg(docsrs,test)' --check-cfg 'cfg(feature, values())' -C metadata=945ad0d3a4da74b3 -C extra-filename=-2ef4d05ce566e5e5 --out-dir /tmp/cargo-mutants-tlatools-rs-h8HYri.tmp/target/debug/examples -C incremental=/tmp/cargo-mutants-tlatools-rs-h8HYri.tmp/target/debug/incremental -L dependency=/tmp/cargo-mutants-tlatools-rs-h8HYri.tmp/target/debug/deps --extern tla_syntax=/tmp/cargo-mutants-tlatools-rs-h8HYri.tmp/target/debug/deps/libtla_syntax-169d03993c2aec3f.rlib`
    Finished `test` profile [unoptimized + debuginfo] target(s) in 1.98s
  Executable `/tmp/cargo-mutants-tlatools-rs-h8HYri.tmp/target/debug/deps/tla_syntax-7b1a32620c4b87af`
  Executable `/tmp/cargo-mutants-tlatools-rs-h8HYri.tmp/target/debug/deps/grammar-209c7b39092f9a9f`
  Executable `/tmp/cargo-mutants-tlatools-rs-h8HYri.tmp/target/debug/deps/parse_specs-f79b0d0a70f894ac`
  Executable `/tmp/cargo-mutants-tlatools-rs-h8HYri.tmp/target/debug/deps/printing-a0b972b47931cbf0`
  Executable `/tmp/cargo-mutants-tlatools-rs-h8HYri.tmp/target/debug/deps/queries-2cacbc55350fea8e`
  Executable `/tmp/cargo-mutants-tlatools-rs-h8HYri.tmp/target/debug/deps/robustness-4657dcdff6c43e2f`

*** result: Success

*** /home/ops/.rustup/toolchains/stable-x86_64-unknown-linux-gnu/bin/cargo test --verbose --package=tla-syntax@0.1.0
       Fresh tla-syntax v0.1.0 (/tmp/cargo-mutants-tlatools-rs-h8HYri.tmp/crates/tla-syntax)
    Finished `test` profile [unoptimized + debuginfo] target(s) in 0.07s
     Running `/tmp/cargo-mutants-tlatools-rs-h8HYri.tmp/target/debug/deps/tla_syntax-7b1a32620c4b87af`

running 0 tests

test result: ok. 0 passed; 0 failed; 0 ignored; 0 measured; 0 filtered out; finished in 0.00s

     Running `/tmp/cargo-mutants-tlatools-rs-h8HYri.tmp/target/debug/deps/grammar-209c7b39092f9a9f`

running 23 tests
test a_function_may_be_defined_by_its_graph ... FAILED
test a_fairness_subscript_may_be_a_tuple ... ok
test a_choose_inside_braces_is_not_a_set_filter ... ok
test a_name_may_begin_with_a_digit_or_an_underscore ... ok
test a_module_may_contain_another ... ok
test a_named_theorem_keeps_its_statement ... ok
test a_lambda_may_be_passed_where_an_operator_is_wanted ... ok
test a_postfix_operator_binds_to_what_precedes_it ... ok
test a_proof_is_skipped_and_the_module_continues ... ok
test an_action_subscript_is_recognised_past_an_inner_colon ... FAILED
test an_infix_operator_can_be_defined ... ok
test an_operator_may_be_passed_as_an_argument ... ok
test an_operator_may_follow_a_bulleted_list ... ok
test except_accepts_several_indices_at_once ... FAILED
test case_arms_are_separated_by_boxes ... ok
test higher_order_parameters_record_their_arity ... ok
test instance_names_may_be_chained_and_take_arguments ... ok
test labels_are_read_and_dropped ... ok
test prefix_and_postfix_operators_can_be_defined ... ok
test prose_outside_the_module_is_not_lexed ... ok
test set_filters_and_set_maps_are_told_apart ... FAILED
test temporal_quantifiers_parse_and_are_marked_as_such ... ok
test the_new_forms_round_trip ... FAILED

failures:

---- a_function_may_be_defined_by_its_graph stdout ----

thread 'a_function_may_be_defined_by_its_graph' (841025) panicked at crates/tla-syntax/tests/grammar.rs:12:43:
lex error at 2:10: unexpected character ']'
in:
---- MODULE T ----
f[x \in S] == x + 1
====================
note: run with `RUST_BACKTRACE=1` environment variable to display a backtrace

---- an_action_subscript_is_recognised_past_an_inner_colon stdout ----

thread 'an_action_subscript_is_recognised_past_an_inner_colon' (841032) panicked at crates/tla-syntax/tests/grammar.rs:12:43:
lex error at 2:32: unexpected character ']'
in:
---- MODULE T ----
Keeps == [][\A i \in Proc : p[i] = p'[i]]_vars
====================

---- except_accepts_several_indices_at_once stdout ----

thread 'except_accepts_several_indices_at_once' (841037) panicked at crates/tla-syntax/tests/grammar.rs:12:43:
lex error at 2:24: unexpected character ']'
in:
---- MODULE T ----
Set == [f EXCEPT ![a, b] = v]
====================

---- set_filters_and_set_maps_are_told_apart stdout ----

thread 'set_filters_and_set_maps_are_told_apart' (841043) panicked at crates/tla-syntax/tests/grammar.rs:12:43:
lex error at 2:10: unexpected character ']'
in:
---- MODULE T ----
B == {f[x] : x \in S}
====================

---- the_new_forms_round_trip stdout ----

thread 'the_new_forms_round_trip' (841045) panicked at crates/tla-syntax/tests/grammar.rs:257:33:
parsing `[f EXCEPT ![a, b] = v]`: lex error at 1:17: unexpected character ']'


failures:
    a_function_may_be_defined_by_its_graph
    an_action_subscript_is_recognised_past_an_inner_colon
    except_accepts_several_indices_at_once
    set_filters_and_set_maps_are_told_apart
    the_new_forms_round_trip

test result: FAILED. 18 passed; 5 failed; 0 ignored; 0 measured; 0 filtered out; finished in 0.01s

error: test failed, to rerun pass `-p tla-syntax --test grammar`

*** result: Failure(101)
