
*** crates/tla-oracle/src/schema.rs:177:5: replace array -> Result<&'a Vec<Json>> with Ok(Box::leak(Box::new(vec![])))

*** mutation diff:
--- crates/tla-oracle/src/schema.rs
+++ replace array -> Result<&'a Vec<Json>> with Ok(Box::leak(Box::new(vec![])))
@@ -169,20 +169,17 @@
             name.clone(),
             decode(&given[name], field, &format!("{path}.{name}"))?,
         );
     }
     Ok(state)
 }
 
 fn array<'a>(json: &'a Json, path: &str) -> Result<&'a Vec<Json>> {
-    json.as_array().map_or_else(
-        || fail(path, format!("expected an array, got {}", kind_of(json))),
-        Ok,
-    )
+    Ok(Box::leak(Box::new(vec![]))) /* ~ changed by cargo-mutants ~ */
 }
 
 fn object<'a>(json: &'a Json, path: &str) -> Result<&'a serde_json::Map<String, Json>> {
     json.as_object().map_or_else(
         || fail(path, format!("expected an object, got {}", kind_of(json))),
         Ok,
     )
 }


*** /home/ops/.rustup/toolchains/stable-x86_64-unknown-linux-gnu/bin/cargo test --no-run --verbose --package=tla-oracle@0.1.0
    Blocking waiting for file lock on package cache
       Fresh unicode-ident v1.0.24
       Fresh proc-macro2 v1.0.107
       Fresh tla-syntax v0.1.0 (/tmp/cargo-mutants-tlatools-rs-ZasLz6.tmp/crates/tla-syntax)
       Fresh memchr v2.8.3
       Fresh itoa v1.0.18
       Fresh tla-eval v0.1.0 (/tmp/cargo-mutants-tlatools-rs-ZasLz6.tmp/crates/tla-eval)
       Fresh quote v1.0.47
       Fresh serde_core v1.0.229
       Fresh zmij v1.0.23
       Fresh syn v3.0.3
       Fresh serde_json v1.0.151
       Fresh serde_derive v1.0.229
       Fresh serde v1.0.229
       Dirty tla-oracle v0.1.0 (/tmp/cargo-mutants-tlatools-rs-ZasLz6.tmp/crates/tla-oracle): the file `crates/tla-oracle/src/schema.rs` has changed (1786402668.058712002s, 1s after last build at 1786402667.062651130s)
   Compiling tla-oracle v0.1.0 (/tmp/cargo-mutants-tlatools-rs-ZasLz6.tmp/crates/tla-oracle)
     Running `/home/ops/.rustup/toolchains/stable-x86_64-unknown-linux-gnu/bin/rustc --crate-name tla_oracle --edition=2024 crates/tla-oracle/src/lib.rs --error-format=json --json=diagnostic-rendered-ansi,artifacts,future-incompat --emit=dep-info,link -C embed-bitcode=no -C debuginfo=2 '--warn=clippy::pedantic' '--deny=clippy::all' --forbid=unsafe_code '--allow=clippy::similar_names' '--allow=clippy::must_use_candidate' '--allow=clippy::missing_errors_doc' --test --check-cfg 'cfg(docsrs,test)' --check-cfg 'cfg(feature, values())' -C metadata=0ab41740dcdd59c9 -C extra-filename=-1cfd7f127e84a435 --out-dir /tmp/cargo-mutants-tlatools-rs-ZasLz6.tmp/target/debug/deps -C incremental=/tmp/cargo-mutants-tlatools-rs-ZasLz6.tmp/target/debug/incremental -L dependency=/tmp/cargo-mutants-tlatools-rs-ZasLz6.tmp/target/debug/deps --extern serde=/tmp/cargo-mutants-tlatools-rs-ZasLz6.tmp/target/debug/deps/libserde-50e58405f4925bd5.rlib --extern serde_json=/tmp/cargo-mutants-tlatools-rs-ZasLz6.tmp/target/debug/deps/libserde_json-1f53e1b7a8e26068.rlib --extern tla_eval=/tmp/cargo-mutants-tlatools-rs-ZasLz6.tmp/target/debug/deps/libtla_eval-9723028bc8fab821.rlib --extern tla_syntax=/tmp/cargo-mutants-tlatools-rs-ZasLz6.tmp/target/debug/deps/libtla_syntax-169d03993c2aec3f.rlib`
     Running `/home/ops/.rustup/toolchains/stable-x86_64-unknown-linux-gnu/bin/rustc --crate-name tla_oracle --edition=2024 crates/tla-oracle/src/lib.rs --error-format=json --json=diagnostic-rendered-ansi,artifacts,future-incompat --crate-type lib --emit=dep-info,metadata,link -C embed-bitcode=no -C debuginfo=2 '--warn=clippy::pedantic' '--deny=clippy::all' --forbid=unsafe_code '--allow=clippy::similar_names' '--allow=clippy::must_use_candidate' '--allow=clippy::missing_errors_doc' --check-cfg 'cfg(docsrs,test)' --check-cfg 'cfg(feature, values())' -C metadata=b83f616a193d2c4f -C extra-filename=-05e96871ddace9ec --out-dir /tmp/cargo-mutants-tlatools-rs-ZasLz6.tmp/target/debug/deps -C incremental=/tmp/cargo-mutants-tlatools-rs-ZasLz6.tmp/target/debug/incremental -L dependency=/tmp/cargo-mutants-tlatools-rs-ZasLz6.tmp/target/debug/deps --extern serde=/tmp/cargo-mutants-tlatools-rs-ZasLz6.tmp/target/debug/deps/libserde-50e58405f4925bd5.rmeta --extern serde_json=/tmp/cargo-mutants-tlatools-rs-ZasLz6.tmp/target/debug/deps/libserde_json-1f53e1b7a8e26068.rmeta --extern tla_eval=/tmp/cargo-mutants-tlatools-rs-ZasLz6.tmp/target/debug/deps/libtla_eval-9723028bc8fab821.rmeta --extern tla_syntax=/tmp/cargo-mutants-tlatools-rs-ZasLz6.tmp/target/debug/deps/libtla_syntax-169d03993c2aec3f.rmeta`
warning: unused variable: `json`
   --> crates/tla-oracle/src/schema.rs:176:14
    |
176 | fn array<'a>(json: &'a Json, path: &str) -> Result<&'a Vec<Json>> {
    |              ^^^^ help: if this is intentional, prefix it with an underscore: `_json`
    |
    = note: `#[warn(unused_variables)]` (part of `#[warn(unused)]`) on by default

warning: unused variable: `path`
   --> crates/tla-oracle/src/schema.rs:176:30
    |
176 | fn array<'a>(json: &'a Json, path: &str) -> Result<&'a Vec<Json>> {
    |                              ^^^^ help: if this is intentional, prefix it with an underscore: `_path`

warning: `tla-oracle` (lib test) generated 2 warnings (2 duplicates)
warning: `tla-oracle` (lib) generated 2 warnings (run `cargo fix --lib -p tla-oracle` to apply 2 suggestions)
     Running `/home/ops/.rustup/toolchains/stable-x86_64-unknown-linux-gnu/bin/rustc --crate-name jobs --edition=2024 crates/tla-oracle/tests/jobs.rs --error-format=json --json=diagnostic-rendered-ansi,artifacts,future-incompat --emit=dep-info,link -C embed-bitcode=no -C debuginfo=2 '--warn=clippy::pedantic' '--deny=clippy::all' --forbid=unsafe_code '--allow=clippy::similar_names' '--allow=clippy::must_use_candidate' '--allow=clippy::missing_errors_doc' --test --check-cfg 'cfg(docsrs,test)' --check-cfg 'cfg(feature, values())' -C metadata=c96bd47a0a5f8df1 -C extra-filename=-9836ff370b14868d --out-dir /tmp/cargo-mutants-tlatools-rs-ZasLz6.tmp/target/debug/deps -C incremental=/tmp/cargo-mutants-tlatools-rs-ZasLz6.tmp/target/debug/incremental -L dependency=/tmp/cargo-mutants-tlatools-rs-ZasLz6.tmp/target/debug/deps --extern serde=/tmp/cargo-mutants-tlatools-rs-ZasLz6.tmp/target/debug/deps/libserde-50e58405f4925bd5.rlib --extern serde_json=/tmp/cargo-mutants-tlatools-rs-ZasLz6.tmp/target/debug/deps/libserde_json-1f53e1b7a8e26068.rlib --extern tla_eval=/tmp/cargo-mutants-tlatools-rs-ZasLz6.tmp/target/debug/deps/libtla_eval-9723028bc8fab821.rlib --extern tla_oracle=/tmp/cargo-mutants-tlatools-rs-ZasLz6.tmp/target/debug/deps/libtla_oracle-05e96871ddace9ec.rlib --extern tla_syntax=/tmp/cargo-mutants-tlatools-rs-ZasLz6.tmp/target/debug/deps/libtla_syntax-169d03993c2aec3f.rlib`
    Finished `test` profile [unoptimized + debuginfo] target(s) in 0.79s
  Executable `/tmp/cargo-mutants-tlatools-rs-ZasLz6.tmp/target/debug/deps/tla_oracle-1cfd7f127e84a435`
  Executable `/tmp/cargo-mutants-tlatools-rs-ZasLz6.tmp/target/debug/deps/jobs-9836ff370b14868d`

*** result: Success

*** /home/ops/.rustup/toolchains/stable-x86_64-unknown-linux-gnu/bin/cargo test --verbose --package=tla-oracle@0.1.0
       Fresh unicode-ident v1.0.24
       Fresh tla-syntax v0.1.0 (/tmp/cargo-mutants-tlatools-rs-ZasLz6.tmp/crates/tla-syntax)
       Fresh itoa v1.0.18
       Fresh memchr v2.8.3
       Fresh proc-macro2 v1.0.107
       Fresh tla-eval v0.1.0 (/tmp/cargo-mutants-tlatools-rs-ZasLz6.tmp/crates/tla-eval)
       Fresh quote v1.0.47
       Fresh serde_core v1.0.229
       Fresh zmij v1.0.23
       Fresh syn v3.0.3
       Fresh serde_json v1.0.151
       Fresh serde_derive v1.0.229
       Fresh serde v1.0.229
warning: unused variable: `json`
   --> crates/tla-oracle/src/schema.rs:176:14
    |
176 | fn array<'a>(json: &'a Json, path: &str) -> Result<&'a Vec<Json>> {
    |              ^^^^ help: if this is intentional, prefix it with an underscore: `_json`
    |
    = note: `#[warn(unused_variables)]` (part of `#[warn(unused)]`) on by default

warning: unused variable: `path`
   --> crates/tla-oracle/src/schema.rs:176:30
    |
176 | fn array<'a>(json: &'a Json, path: &str) -> Result<&'a Vec<Json>> {
    |                              ^^^^ help: if this is intentional, prefix it with an underscore: `_path`

warning: `tla-oracle` (lib) generated 2 warnings (run `cargo fix --lib -p tla-oracle` to apply 2 suggestions)
warning: `tla-oracle` (lib test) generated 2 warnings (2 duplicates)
       Fresh tla-oracle v0.1.0 (/tmp/cargo-mutants-tlatools-rs-ZasLz6.tmp/crates/tla-oracle)
    Finished `test` profile [unoptimized + debuginfo] target(s) in 0.03s
     Running `/tmp/cargo-mutants-tlatools-rs-ZasLz6.tmp/target/debug/deps/tla_oracle-1cfd7f127e84a435`

running 0 tests

test result: ok. 0 passed; 0 failed; 0 ignored; 0 measured; 0 filtered out; finished in 0.00s

     Running `/tmp/cargo-mutants-tlatools-rs-ZasLz6.tmp/target/debug/deps/jobs-9836ff370b14868d`

running 20 tests
test a_broken_specification_is_an_error_not_a_verdict ... ok
test a_constant_without_a_value_is_an_error ... ok
test a_state_the_specification_cannot_read_is_a_contract_violation ... ok
test a_boolean_is_not_accepted_where_an_integer_is_wanted ... ok
test a_missing_variable_is_a_contract_violation ... ok
test a_state_of_the_wrong_shape_is_a_contract_violation ... FAILED
test an_edge_pointing_outside_the_graph_is_an_error ... ok
test an_illegal_root_is_quoted_in_the_report ... FAILED
test an_illegal_root_is_an_init_failure ... FAILED
test a_passing_check_carries_no_diagnosis ... FAILED
test a_refinement_failure_names_the_action_that_came_closest ... FAILED
test an_unparsable_outcome_names_itself ... ok
test a_reachable_outcome_passes ... FAILED
test duplicate_members_of_a_set_are_rejected ... FAILED
test an_outcome_that_is_not_a_predicate_is_an_error ... ok
test an_illegal_edge_is_named ... FAILED
test a_legal_walk_passes ... FAILED
test an_unreachable_outcome_is_a_coverage_failure ... FAILED
test the_status_names_match_the_harness_vocabulary ... FAILED
test the_verdict_is_readable_as_a_boolean_and_the_counts_are_kept ... FAILED

failures:

---- a_state_of_the_wrong_shape_is_a_contract_violation stdout ----

thread 'a_state_of_the_wrong_shape_is_a_contract_violation' (756822) panicked at crates/tla-oracle/tests/jobs.rs:98:5:
assertion `left == right` failed: all obligations discharged
  left: Pass
 right: Contract
note: run with `RUST_BACKTRACE=1` environment variable to display a backtrace

---- an_illegal_root_is_quoted_in_the_report stdout ----

thread 'an_illegal_root_is_quoted_in_the_report' (756827) panicked at crates/tla-oracle/tests/jobs.rs:222:5:
assertion `left == right` failed
  left: Pass
 right: Init

---- an_illegal_root_is_an_init_failure stdout ----

thread 'an_illegal_root_is_an_init_failure' (756826) panicked at crates/tla-oracle/tests/jobs.rs:53:5:
assertion `left == right` failed: all obligations discharged
  left: Pass
 right: Init

---- a_passing_check_carries_no_diagnosis stdout ----

thread 'a_passing_check_carries_no_diagnosis' (756819) panicked at crates/tla-oracle/tests/jobs.rs:187:5:
assertion failed: report.blocked.is_empty()

---- a_refinement_failure_names_the_action_that_came_closest stdout ----

thread 'a_refinement_failure_names_the_action_that_came_closest' (756821) panicked at crates/tla-oracle/tests/jobs.rs:175:5:
assertion `left == right` failed
  left: "buf' = Append(buf, nextVal)"
 right: "Len(buf) < Capacity"

---- a_reachable_outcome_passes stdout ----

thread 'a_reachable_outcome_passes' (756820) panicked at crates/tla-oracle/tests/jobs.rs:88:5:
assertion `left == right` failed: no action of the specification takes [buf = <<>>, nextVal = 1, received = <<>>] to [buf = <<>>, nextVal = 2, received = <<>>]. The closest was `Put`, which was available here but does not produce that state: `buf' = Append(buf, nextVal)` does not hold (4 of its 5 conjuncts do)
  left: Refines
 right: Pass

---- duplicate_members_of_a_set_are_rejected stdout ----

thread 'duplicate_members_of_a_set_are_rejected' (756831) panicked at crates/tla-oracle/tests/jobs.rs:119:5:
assertion `left == right` failed: the first state the implementation reports is not a legal initial state of the specification: [s = {}]
  left: Init
 right: Contract

---- an_illegal_edge_is_named stdout ----

thread 'an_illegal_edge_is_named' (756825) panicked at crates/tla-oracle/tests/jobs.rs:71:5:
assertion `left == right` failed
  left: (0, 0, 1)
 right: (2, 2, 3)

---- a_legal_walk_passes stdout ----

thread 'a_legal_walk_passes' (756817) panicked at crates/tla-oracle/tests/jobs.rs:45:5:
assertion `left == right` failed: no action of the specification takes [buf = <<>>, nextVal = 1, received = <<>>] to [buf = <<>>, nextVal = 2, received = <<>>]. The closest was `Put`, which was available here but does not produce that state: `buf' = Append(buf, nextVal)` does not hold (4 of its 5 conjuncts do)
  left: Refines
 right: Pass

---- an_unreachable_outcome_is_a_coverage_failure stdout ----

thread 'an_unreachable_outcome_is_a_coverage_failure' (756830) panicked at crates/tla-oracle/tests/jobs.rs:80:5:
assertion `left == right` failed: no action of the specification takes [buf = <<>>, nextVal = 1, received = <<>>] to [buf = <<>>, nextVal = 2, received = <<>>]. The closest was `Put`, which was available here but does not produce that state: `buf' = Append(buf, nextVal)` does not hold (4 of its 5 conjuncts do)
  left: Refines
 right: Coverage

---- the_status_names_match_the_harness_vocabulary stdout ----

thread 'the_status_names_match_the_harness_vocabulary' (756832) panicked at crates/tla-oracle/tests/jobs.rs:157:5:
assertion `left == right` failed
  left: String("pass")
 right: "contract_violation"

---- the_verdict_is_readable_as_a_boolean_and_the_counts_are_kept stdout ----

thread 'the_verdict_is_readable_as_a_boolean_and_the_counts_are_kept' (756833) panicked at crates/tla-oracle/tests/jobs.rs:198:5:
assertion failed: passing.passed()


failures:
    a_legal_walk_passes
    a_passing_check_carries_no_diagnosis
    a_reachable_outcome_passes
    a_refinement_failure_names_the_action_that_came_closest
    a_state_of_the_wrong_shape_is_a_contract_violation
    an_illegal_edge_is_named
    an_illegal_root_is_an_init_failure
    an_illegal_root_is_quoted_in_the_report
    an_unreachable_outcome_is_a_coverage_failure
    duplicate_members_of_a_set_are_rejected
    the_status_names_match_the_harness_vocabulary
    the_verdict_is_readable_as_a_boolean_and_the_counts_are_kept

test result: FAILED. 8 passed; 12 failed; 0 ignored; 0 measured; 0 filtered out; finished in 0.00s

error: test failed, to rerun pass `-p tla-oracle --test jobs`

*** result: Failure(101)
