
*** crates/tla-syntax/src/parser.rs:901:9: replace Parser::primary -> Result<Expr> with Ok(Default::default())

*** mutation diff:
--- crates/tla-syntax/src/parser.rs
+++ replace Parser::primary -> Result<Expr> with Ok(Default::default())
@@ -893,89 +893,17 @@
             Tok::Kw(Kw::Union) => "UNION",
             _ => return None,
         };
         self.advance();
         Some(Expr::Ident(symbol.to_string()))
     }
 
     fn primary(&mut self) -> Result<Expr> {
-        let at = self.pos;
-        match self.advance() {
-            Tok::Num(n) => Ok(Expr::Num(n)),
-            Tok::Decimal(text) => Ok(Expr::Decimal(text)),
-            Tok::Str(s) => Ok(Expr::Str(s)),
-            Tok::Kw(Kw::True) => Ok(Expr::Bool(true)),
-            Tok::Kw(Kw::False) => Ok(Expr::Bool(false)),
-            Tok::Ident(name) => Ok(Expr::Ident(name)),
-            Tok::At => Ok(Expr::At),
-            Tok::LParen => {
-                let e = self.bracketed(|p| p.expr(0))?;
-                self.expect(&Tok::RParen)?;
-                Ok(e)
-            }
-            Tok::LTup => self.tuple_or_action(),
-            Tok::LBrace => self.brace_form(),
-            Tok::LBrack => self.bracket_form(),
-            Tok::Kw(Kw::If) => {
-                let cond = self.expr(0)?;
-                self.expect(&Tok::Kw(Kw::Then))?;
-                let then = self.expr(0)?;
-                self.expect(&Tok::Kw(Kw::Else))?;
-                let otherwise = self.expr(0)?;
-                Ok(Expr::If {
-                    cond: Box::new(cond),
-                    then: Box::new(then),
-                    otherwise: Box::new(otherwise),
-                })
-            }
-            Tok::Kw(Kw::Let) => self.let_form(),
-            Tok::Kw(Kw::Choose) => {
-                let mut bounds = self.bounds(&Tok::Colon)?;
-                self.expect(&Tok::Colon)?;
-                let body = self.expr(0)?;
-                if bounds.len() != 1 {
-                    return Err(self.err("CHOOSE takes exactly one bound variable"));
-                }
-                Ok(Expr::Choose {
-                    bound: Box::new(bounds.remove(0)),
-                    body: Box::new(body),
-                })
-            }
-            Tok::Kw(Kw::Case) => self.case_form(),
-            Tok::Kw(Kw::Lambda) => {
-                let mut params = vec![self.param()?];
-                while self.eat(&Tok::Comma) {
-                    params.push(self.param()?);
-                }
-                self.expect(&Tok::Colon)?;
-                Ok(Expr::Lambda {
-                    params,
-                    body: Box::new(self.expr(0)?),
-                })
-            }
-            // `WF_vars` arrives as one word, but `WF_<<a, b>>` leaves the
-            // subscript for the parser to read.
-            Tok::Fair { strong, subscript } => {
-                let subscript = if subscript.is_empty() {
-                    self.postfix()?
-                } else {
-                    Expr::Ident(subscript)
-                };
-                self.expect(&Tok::LParen)?;
-                let action = self.bracketed(|p| p.expr(0))?;
-                self.expect(&Tok::RParen)?;
-                Ok(Expr::Fairness {
-                    strong,
-                    subscript: Box::new(subscript),
-                    action: Box::new(action),
-                })
-            }
-            other => Err(self.err_at(at, format!("expected an expression, found {other:?}"))),
-        }
+        Ok(Default::default()) /* ~ changed by cargo-mutants ~ */
     }
 
     fn let_form(&mut self) -> Result<Expr> {
         let mut defs = Vec::new();
         let mut instances = Vec::new();
         while !matches!(self.peek(), Tok::Kw(Kw::In)) {
             if self.eat(&Tok::Kw(Kw::Recursive)) {
                 self.decl_list()?;


*** /home/ops/.rustup/toolchains/stable-x86_64-unknown-linux-gnu/bin/cargo test --no-run --verbose --package=tla-syntax@0.1.0
       Dirty tla-syntax v0.1.0 (/tmp/cargo-mutants-tlatools-rs-SknFq3.tmp/crates/tla-syntax): the file `crates/tla-syntax/src/parser.rs` has changed (1786406532.772658957s, 2s after last build at 1786406530.129498011s)
   Compiling tla-syntax v0.1.0 (/tmp/cargo-mutants-tlatools-rs-SknFq3.tmp/crates/tla-syntax)
     Running `/home/ops/.rustup/toolchains/stable-x86_64-unknown-linux-gnu/bin/rustc --crate-name tla_syntax --edition=2024 crates/tla-syntax/src/lib.rs --error-format=json --json=diagnostic-rendered-ansi,artifacts,future-incompat --emit=dep-info,link -C embed-bitcode=no -C debuginfo=2 '--warn=clippy::pedantic' '--deny=clippy::all' --forbid=unsafe_code '--allow=clippy::similar_names' '--allow=clippy::must_use_candidate' '--allow=clippy::missing_errors_doc' --test --check-cfg 'cfg(docsrs,test)' --check-cfg 'cfg(feature, values())' -C metadata=b9cdaea3d809ecd1 -C extra-filename=-7b1a32620c4b87af --out-dir /tmp/cargo-mutants-tlatools-rs-SknFq3.tmp/target/debug/deps -C incremental=/tmp/cargo-mutants-tlatools-rs-SknFq3.tmp/target/debug/incremental -L dependency=/tmp/cargo-mutants-tlatools-rs-SknFq3.tmp/target/debug/deps`
     Running `/home/ops/.rustup/toolchains/stable-x86_64-unknown-linux-gnu/bin/rustc --crate-name tla_syntax --edition=2024 crates/tla-syntax/src/lib.rs --error-format=json --json=diagnostic-rendered-ansi,artifacts,future-incompat --crate-type lib --emit=dep-info,metadata,link -C embed-bitcode=no -C debuginfo=2 '--warn=clippy::pedantic' '--deny=clippy::all' --forbid=unsafe_code '--allow=clippy::similar_names' '--allow=clippy::must_use_candidate' '--allow=clippy::missing_errors_doc' --check-cfg 'cfg(docsrs,test)' --check-cfg 'cfg(feature, values())' -C metadata=85b1367430153dc6 -C extra-filename=-169d03993c2aec3f --out-dir /tmp/cargo-mutants-tlatools-rs-SknFq3.tmp/target/debug/deps -C incremental=/tmp/cargo-mutants-tlatools-rs-SknFq3.tmp/target/debug/incremental -L dependency=/tmp/cargo-mutants-tlatools-rs-SknFq3.tmp/target/debug/deps`
error[E0277]: the trait bound `Expr: Default` is not satisfied
   --> crates/tla-syntax/src/parser.rs:901:12
    |
901 |         Ok(Default::default()) /* ~ changed by cargo-mutants ~ */
    |            ^^^^^^^^^^^^^^^^^^ unsatisfied trait bound
    |
help: the trait `Default` is not implemented for `Expr`
   --> crates/tla-syntax/src/ast.rs:140:1
    |
140 | pub enum Expr {
    | ^^^^^^^^^^^^^

For more information about this error, try `rustc --explain E0277`.
error: could not compile `tla-syntax` (lib test) due to 1 previous error

Caused by:
  process didn't exit successfully: `/home/ops/.rustup/toolchains/stable-x86_64-unknown-linux-gnu/bin/rustc --crate-name tla_syntax --edition=2024 crates/tla-syntax/src/lib.rs --error-format=json --json=diagnostic-rendered-ansi,artifacts,future-incompat --emit=dep-info,link -C embed-bitcode=no -C debuginfo=2 '--warn=clippy::pedantic' '--deny=clippy::all' --forbid=unsafe_code '--allow=clippy::similar_names' '--allow=clippy::must_use_candidate' '--allow=clippy::missing_errors_doc' --test --check-cfg 'cfg(docsrs,test)' --check-cfg 'cfg(feature, values())' -C metadata=b9cdaea3d809ecd1 -C extra-filename=-7b1a32620c4b87af --out-dir /tmp/cargo-mutants-tlatools-rs-SknFq3.tmp/target/debug/deps -C incremental=/tmp/cargo-mutants-tlatools-rs-SknFq3.tmp/target/debug/incremental -L dependency=/tmp/cargo-mutants-tlatools-rs-SknFq3.tmp/target/debug/deps` (exit status: 1)
warning: build failed, waiting for other jobs to finish...
error: could not compile `tla-syntax` (lib) due to 1 previous error

Caused by:
  process didn't exit successfully: `/home/ops/.rustup/toolchains/stable-x86_64-unknown-linux-gnu/bin/rustc --crate-name tla_syntax --edition=2024 crates/tla-syntax/src/lib.rs --error-format=json --json=diagnostic-rendered-ansi,artifacts,future-incompat --crate-type lib --emit=dep-info,metadata,link -C embed-bitcode=no -C debuginfo=2 '--warn=clippy::pedantic' '--deny=clippy::all' --forbid=unsafe_code '--allow=clippy::similar_names' '--allow=clippy::must_use_candidate' '--allow=clippy::missing_errors_doc' --check-cfg 'cfg(docsrs,test)' --check-cfg 'cfg(feature, values())' -C metadata=85b1367430153dc6 -C extra-filename=-169d03993c2aec3f --out-dir /tmp/cargo-mutants-tlatools-rs-SknFq3.tmp/target/debug/deps -C incremental=/tmp/cargo-mutants-tlatools-rs-SknFq3.tmp/target/debug/incremental -L dependency=/tmp/cargo-mutants-tlatools-rs-SknFq3.tmp/target/debug/deps` (exit status: 1)

*** result: Failure(101)
