
*** crates/tla-syntax/src/parser.rs:610:9: replace Parser::instance_tail -> Result<(String, Vec<(String, Expr)>)> with Ok((String::new(), vec![]))

*** mutation diff:
--- crates/tla-syntax/src/parser.rs
+++ replace Parser::instance_tail -> Result<(String, Vec<(String, Expr)>)> with Ok((String::new(), vec![]))
@@ -602,40 +602,17 @@
                 }
             }
             self.expect(&Tok::RParen)?;
         }
         Ok(Param { name, arity })
     }
 
     fn instance_tail(&mut self) -> Result<(String, Vec<(String, Expr)>)> {
-        self.expect(&Tok::Kw(Kw::Instance))?;
-        let module = self.expect_ident()?;
-        let mut subs = Vec::new();
-        if self.eat(&Tok::Kw(Kw::With)) {
-            loop {
-                let name = self.expect_ident()?;
-                self.expect(&Tok::Gets)?;
-                let replacement = if matches!(self.peek_at(1), Tok::Comma | Tok::Eof)
-                    || self.at_unit_start_after(1)
-                {
-                    self.operator_by_symbol()
-                } else {
-                    None
-                };
-                match replacement {
-                    Some(operator) => subs.push((name, operator)),
-                    None => subs.push((name, self.expr(0)?)),
-                }
-                if !self.eat(&Tok::Comma) {
-                    break;
-                }
-            }
-        }
-        Ok((module, subs))
+        Ok((String::new(), vec![])) /* ~ changed by cargo-mutants ~ */
     }
 
     // ------------------------------------------------------------ expression
 
     fn expr(&mut self, min_prec: u8) -> Result<Expr> {
         if self.depth >= self.nesting_limit {
             let limit = self.nesting_limit;
             return Err(self.err(format!("expressions nest more than {limit} deep")));


*** /home/ops/.rustup/toolchains/stable-x86_64-unknown-linux-gnu/bin/cargo test --no-run --verbose --package=tla-syntax@0.1.0
       Dirty tla-syntax v0.1.0 (/tmp/cargo-mutants-tlatools-rs-5mUh25.tmp/crates/tla-syntax): the file `crates/tla-syntax/src/parser.rs` has changed (1786406182.387323492s, 1s after last build at 1786406181.997299743s)
   Compiling tla-syntax v0.1.0 (/tmp/cargo-mutants-tlatools-rs-5mUh25.tmp/crates/tla-syntax)
     Running `/home/ops/.rustup/toolchains/stable-x86_64-unknown-linux-gnu/bin/rustc --crate-name tla_syntax --edition=2024 crates/tla-syntax/src/lib.rs --error-format=json --json=diagnostic-rendered-ansi,artifacts,future-incompat --emit=dep-info,link -C embed-bitcode=no -C debuginfo=2 '--warn=clippy::pedantic' '--deny=clippy::all' --forbid=unsafe_code '--allow=clippy::similar_names' '--allow=clippy::must_use_candidate' '--allow=clippy::missing_errors_doc' --test --check-cfg 'cfg(docsrs,test)' --check-cfg 'cfg(feature, values())' -C metadata=b9cdaea3d809ecd1 -C extra-filename=-7b1a32620c4b87af --out-dir /tmp/cargo-mutants-tlatools-rs-5mUh25.tmp/target/debug/deps -C incremental=/tmp/cargo-mutants-tlatools-rs-5mUh25.tmp/target/debug/incremental -L dependency=/tmp/cargo-mutants-tlatools-rs-5mUh25.tmp/target/debug/deps`
     Running `/home/ops/.rustup/toolchains/stable-x86_64-unknown-linux-gnu/bin/rustc --crate-name tla_syntax --edition=2024 crates/tla-syntax/src/lib.rs --error-format=json --json=diagnostic-rendered-ansi,artifacts,future-incompat --crate-type lib --emit=dep-info,metadata,link -C embed-bitcode=no -C debuginfo=2 '--warn=clippy::pedantic' '--deny=clippy::all' --forbid=unsafe_code '--allow=clippy::similar_names' '--allow=clippy::must_use_candidate' '--allow=clippy::missing_errors_doc' --check-cfg 'cfg(docsrs,test)' --check-cfg 'cfg(feature, values())' -C metadata=85b1367430153dc6 -C extra-filename=-169d03993c2aec3f --out-dir /tmp/cargo-mutants-tlatools-rs-5mUh25.tmp/target/debug/deps -C incremental=/tmp/cargo-mutants-tlatools-rs-5mUh25.tmp/target/debug/incremental -L dependency=/tmp/cargo-mutants-tlatools-rs-5mUh25.tmp/target/debug/deps`
warning: method `at_unit_start_after` is never used
   --> crates/tla-syntax/src/parser.rs:411:8
    |
 71 | impl Parser {
    | ----------- method in this implementation
...
411 |     fn at_unit_start_after(&self, ahead: usize) -> bool {
    |        ^^^^^^^^^^^^^^^^^^^
    |
    = note: `#[warn(dead_code)]` (part of `#[warn(unused)]`) on by default

warning: `tla-syntax` (lib test) generated 1 warning
warning: `tla-syntax` (lib) generated 1 warning (1 duplicate)
     Running `/home/ops/.rustup/toolchains/stable-x86_64-unknown-linux-gnu/bin/rustc --crate-name golden --edition=2024 crates/tla-syntax/tests/golden.rs --error-format=json --json=diagnostic-rendered-ansi,artifacts,future-incompat --emit=dep-info,link -C embed-bitcode=no -C debuginfo=2 '--warn=clippy::pedantic' '--deny=clippy::all' --forbid=unsafe_code '--allow=clippy::similar_names' '--allow=clippy::must_use_candidate' '--allow=clippy::missing_errors_doc' --test --check-cfg 'cfg(docsrs,test)' --check-cfg 'cfg(feature, values())' -C metadata=4c148619f516b9d2 -C extra-filename=-a7c611b7d1e6a805 --out-dir /tmp/cargo-mutants-tlatools-rs-5mUh25.tmp/target/debug/deps -C incremental=/tmp/cargo-mutants-tlatools-rs-5mUh25.tmp/target/debug/incremental -L dependency=/tmp/cargo-mutants-tlatools-rs-5mUh25.tmp/target/debug/deps --extern tla_syntax=/tmp/cargo-mutants-tlatools-rs-5mUh25.tmp/target/debug/deps/libtla_syntax-169d03993c2aec3f.rlib`
     Running `/home/ops/.rustup/toolchains/stable-x86_64-unknown-linux-gnu/bin/rustc --crate-name parse_specs --edition=2024 crates/tla-syntax/tests/parse_specs.rs --error-format=json --json=diagnostic-rendered-ansi,artifacts,future-incompat --emit=dep-info,link -C embed-bitcode=no -C debuginfo=2 '--warn=clippy::pedantic' '--deny=clippy::all' --forbid=unsafe_code '--allow=clippy::similar_names' '--allow=clippy::must_use_candidate' '--allow=clippy::missing_errors_doc' --test --check-cfg 'cfg(docsrs,test)' --check-cfg 'cfg(feature, values())' -C metadata=a8f81c428969cd5b -C extra-filename=-f79b0d0a70f894ac --out-dir /tmp/cargo-mutants-tlatools-rs-5mUh25.tmp/target/debug/deps -C incremental=/tmp/cargo-mutants-tlatools-rs-5mUh25.tmp/target/debug/incremental -L dependency=/tmp/cargo-mutants-tlatools-rs-5mUh25.tmp/target/debug/deps --extern tla_syntax=/tmp/cargo-mutants-tlatools-rs-5mUh25.tmp/target/debug/deps/libtla_syntax-169d03993c2aec3f.rlib`
     Running `/home/ops/.rustup/toolchains/stable-x86_64-unknown-linux-gnu/bin/rustc --crate-name queries --edition=2024 crates/tla-syntax/tests/queries.rs --error-format=json --json=diagnostic-rendered-ansi,artifacts,future-incompat --emit=dep-info,link -C embed-bitcode=no -C debuginfo=2 '--warn=clippy::pedantic' '--deny=clippy::all' --forbid=unsafe_code '--allow=clippy::similar_names' '--allow=clippy::must_use_candidate' '--allow=clippy::missing_errors_doc' --test --check-cfg 'cfg(docsrs,test)' --check-cfg 'cfg(feature, values())' -C metadata=fc19234c6e95ae98 -C extra-filename=-2cacbc55350fea8e --out-dir /tmp/cargo-mutants-tlatools-rs-5mUh25.tmp/target/debug/deps -C incremental=/tmp/cargo-mutants-tlatools-rs-5mUh25.tmp/target/debug/incremental -L dependency=/tmp/cargo-mutants-tlatools-rs-5mUh25.tmp/target/debug/deps --extern tla_syntax=/tmp/cargo-mutants-tlatools-rs-5mUh25.tmp/target/debug/deps/libtla_syntax-169d03993c2aec3f.rlib`
     Running `/home/ops/.rustup/toolchains/stable-x86_64-unknown-linux-gnu/bin/rustc --crate-name robustness --edition=2024 crates/tla-syntax/tests/robustness.rs --error-format=json --json=diagnostic-rendered-ansi,artifacts,future-incompat --emit=dep-info,link -C embed-bitcode=no -C debuginfo=2 '--warn=clippy::pedantic' '--deny=clippy::all' --forbid=unsafe_code '--allow=clippy::similar_names' '--allow=clippy::must_use_candidate' '--allow=clippy::missing_errors_doc' --test --check-cfg 'cfg(docsrs,test)' --check-cfg 'cfg(feature, values())' -C metadata=3b1de0d84c0f7391 -C extra-filename=-4657dcdff6c43e2f --out-dir /tmp/cargo-mutants-tlatools-rs-5mUh25.tmp/target/debug/deps -C incremental=/tmp/cargo-mutants-tlatools-rs-5mUh25.tmp/target/debug/incremental -L dependency=/tmp/cargo-mutants-tlatools-rs-5mUh25.tmp/target/debug/deps --extern tla_syntax=/tmp/cargo-mutants-tlatools-rs-5mUh25.tmp/target/debug/deps/libtla_syntax-169d03993c2aec3f.rlib`
     Running `/home/ops/.rustup/toolchains/stable-x86_64-unknown-linux-gnu/bin/rustc --crate-name depth --edition=2024 crates/tla-syntax/examples/depth.rs --error-format=json --json=diagnostic-rendered-ansi,artifacts,future-incompat --crate-type bin --emit=dep-info,link -C embed-bitcode=no -C debuginfo=2 '--warn=clippy::pedantic' '--deny=clippy::all' --forbid=unsafe_code '--allow=clippy::similar_names' '--allow=clippy::must_use_candidate' '--allow=clippy::missing_errors_doc' --check-cfg 'cfg(docsrs,test)' --check-cfg 'cfg(feature, values())' -C metadata=945ad0d3a4da74b3 -C extra-filename=-2ef4d05ce566e5e5 --out-dir /tmp/cargo-mutants-tlatools-rs-5mUh25.tmp/target/debug/examples -C incremental=/tmp/cargo-mutants-tlatools-rs-5mUh25.tmp/target/debug/incremental -L dependency=/tmp/cargo-mutants-tlatools-rs-5mUh25.tmp/target/debug/deps --extern tla_syntax=/tmp/cargo-mutants-tlatools-rs-5mUh25.tmp/target/debug/deps/libtla_syntax-169d03993c2aec3f.rlib`
     Running `/home/ops/.rustup/toolchains/stable-x86_64-unknown-linux-gnu/bin/rustc --crate-name audit --edition=2024 crates/tla-syntax/examples/audit.rs --error-format=json --json=diagnostic-rendered-ansi,artifacts,future-incompat --crate-type bin --emit=dep-info,link -C embed-bitcode=no -C debuginfo=2 '--warn=clippy::pedantic' '--deny=clippy::all' --forbid=unsafe_code '--allow=clippy::similar_names' '--allow=clippy::must_use_candidate' '--allow=clippy::missing_errors_doc' --check-cfg 'cfg(docsrs,test)' --check-cfg 'cfg(feature, values())' -C metadata=dbbf919ed7279ef0 -C extra-filename=-0e703b0c6e8c99ba --out-dir /tmp/cargo-mutants-tlatools-rs-5mUh25.tmp/target/debug/examples -C incremental=/tmp/cargo-mutants-tlatools-rs-5mUh25.tmp/target/debug/incremental -L dependency=/tmp/cargo-mutants-tlatools-rs-5mUh25.tmp/target/debug/deps --extern tla_syntax=/tmp/cargo-mutants-tlatools-rs-5mUh25.tmp/target/debug/deps/libtla_syntax-169d03993c2aec3f.rlib`
     Running `/home/ops/.rustup/toolchains/stable-x86_64-unknown-linux-gnu/bin/rustc --crate-name printing --edition=2024 crates/tla-syntax/tests/printing.rs --error-format=json --json=diagnostic-rendered-ansi,artifacts,future-incompat --emit=dep-info,link -C embed-bitcode=no -C debuginfo=2 '--warn=clippy::pedantic' '--deny=clippy::all' --forbid=unsafe_code '--allow=clippy::similar_names' '--allow=clippy::must_use_candidate' '--allow=clippy::missing_errors_doc' --test --check-cfg 'cfg(docsrs,test)' --check-cfg 'cfg(feature, values())' -C metadata=630f5e3de7b96aa4 -C extra-filename=-a0b972b47931cbf0 --out-dir /tmp/cargo-mutants-tlatools-rs-5mUh25.tmp/target/debug/deps -C incremental=/tmp/cargo-mutants-tlatools-rs-5mUh25.tmp/target/debug/incremental -L dependency=/tmp/cargo-mutants-tlatools-rs-5mUh25.tmp/target/debug/deps --extern tla_syntax=/tmp/cargo-mutants-tlatools-rs-5mUh25.tmp/target/debug/deps/libtla_syntax-169d03993c2aec3f.rlib`
     Running `/home/ops/.rustup/toolchains/stable-x86_64-unknown-linux-gnu/bin/rustc --crate-name grammar --edition=2024 crates/tla-syntax/tests/grammar.rs --error-format=json --json=diagnostic-rendered-ansi,artifacts,future-incompat --emit=dep-info,link -C embed-bitcode=no -C debuginfo=2 '--warn=clippy::pedantic' '--deny=clippy::all' --forbid=unsafe_code '--allow=clippy::similar_names' '--allow=clippy::must_use_candidate' '--allow=clippy::missing_errors_doc' --test --check-cfg 'cfg(docsrs,test)' --check-cfg 'cfg(feature, values())' -C metadata=0802b3514e0199db -C extra-filename=-209c7b39092f9a9f --out-dir /tmp/cargo-mutants-tlatools-rs-5mUh25.tmp/target/debug/deps -C incremental=/tmp/cargo-mutants-tlatools-rs-5mUh25.tmp/target/debug/incremental -L dependency=/tmp/cargo-mutants-tlatools-rs-5mUh25.tmp/target/debug/deps --extern tla_syntax=/tmp/cargo-mutants-tlatools-rs-5mUh25.tmp/target/debug/deps/libtla_syntax-169d03993c2aec3f.rlib`
    Finished `test` profile [unoptimized + debuginfo] target(s) in 0.33s
  Executable `/tmp/cargo-mutants-tlatools-rs-5mUh25.tmp/target/debug/deps/tla_syntax-7b1a32620c4b87af`
  Executable `/tmp/cargo-mutants-tlatools-rs-5mUh25.tmp/target/debug/deps/golden-a7c611b7d1e6a805`
  Executable `/tmp/cargo-mutants-tlatools-rs-5mUh25.tmp/target/debug/deps/grammar-209c7b39092f9a9f`
  Executable `/tmp/cargo-mutants-tlatools-rs-5mUh25.tmp/target/debug/deps/parse_specs-f79b0d0a70f894ac`
  Executable `/tmp/cargo-mutants-tlatools-rs-5mUh25.tmp/target/debug/deps/printing-a0b972b47931cbf0`
  Executable `/tmp/cargo-mutants-tlatools-rs-5mUh25.tmp/target/debug/deps/queries-2cacbc55350fea8e`
  Executable `/tmp/cargo-mutants-tlatools-rs-5mUh25.tmp/target/debug/deps/robustness-4657dcdff6c43e2f`

*** result: Success

*** /home/ops/.rustup/toolchains/stable-x86_64-unknown-linux-gnu/bin/cargo test --verbose --package=tla-syntax@0.1.0
    Blocking waiting for file lock on package cache
    Blocking waiting for file lock on package cache
    Blocking waiting for file lock on package cache
warning: method `at_unit_start_after` is never used
   --> crates/tla-syntax/src/parser.rs:411:8
    |
 71 | impl Parser {
    | ----------- method in this implementation
...
411 |     fn at_unit_start_after(&self, ahead: usize) -> bool {
    |        ^^^^^^^^^^^^^^^^^^^
    |
    = note: `#[warn(dead_code)]` (part of `#[warn(unused)]`) on by default

warning: `tla-syntax` (lib) generated 1 warning
       Fresh tla-syntax v0.1.0 (/tmp/cargo-mutants-tlatools-rs-5mUh25.tmp/crates/tla-syntax)
warning: `tla-syntax` (lib test) generated 1 warning (1 duplicate)
    Finished `test` profile [unoptimized + debuginfo] target(s) in 0.01s
     Running `/tmp/cargo-mutants-tlatools-rs-5mUh25.tmp/target/debug/deps/tla_syntax-7b1a32620c4b87af`

running 0 tests

test result: ok. 0 passed; 0 failed; 0 ignored; 0 measured; 0 filtered out; finished in 0.00s

     Running `/tmp/cargo-mutants-tlatools-rs-5mUh25.tmp/target/debug/deps/golden-a7c611b7d1e6a805`

running 2 tests
test the_golden_form_is_itself_readable ... FAILED
test every_specification_matches_its_golden_form ... FAILED

failures:

---- the_golden_form_is_itself_readable stdout ----

thread 'the_golden_form_is_itself_readable' (1284985) panicked at crates/tla-syntax/tests/golden.rs:78:70:
TV.tla: parse error at 4:6: cannot make sense of Kw(Instance), and cannot get past it
note: run with `RUST_BACKTRACE=1` environment variable to display a backtrace

---- every_specification_matches_its_golden_form stdout ----

thread 'every_specification_matches_its_golden_form' (1284984) panicked at crates/tla-syntax/tests/golden.rs:38:72:
TV.tla: parse error at 6:6: cannot make sense of Kw(Instance), and cannot get past it


failures:
    every_specification_matches_its_golden_form
    the_golden_form_is_itself_readable

test result: FAILED. 0 passed; 2 failed; 0 ignored; 0 measured; 0 filtered out; finished in 0.00s

error: test failed, to rerun pass `-p tla-syntax --test golden`

*** result: Failure(101)
