
*** crates/tla-syntax/src/parser.rs:155:9: replace Parser::module_body -> Result<Module> with Ok(Default::default())

*** mutation diff:
--- crates/tla-syntax/src/parser.rs
+++ replace Parser::module_body -> Result<Module> with Ok(Default::default())
@@ -147,46 +147,17 @@
         }
         self.advance();
         self.module_body()
     }
 
     /// Everything from `MODULE` to the terminator. Modules nest, so this is
     /// reached both at the top of a file and part-way through one.
     fn module_body(&mut self) -> Result<Module> {
-        self.expect(&Tok::Kw(Kw::Module))?;
-        let name = self.expect_ident()?;
-        self.expect(&Tok::Separator)?;
-
-        let mut extends = Vec::new();
-        let mut units = Vec::new();
-        loop {
-            while self.eat(&Tok::Separator) {}
-            match self.peek() {
-                Tok::ModuleEnd | Tok::Eof => break,
-                Tok::Kw(Kw::Module) => {
-                    let inner = self.module_body()?;
-                    self.expect(&Tok::ModuleEnd)?;
-                    units.push(Unit::Inner(Box::new(inner)));
-                }
-                Tok::Kw(Kw::Extends) => {
-                    self.advance();
-                    extends.push(self.expect_ident()?);
-                    while self.eat(&Tok::Comma) {
-                        extends.push(self.expect_ident()?);
-                    }
-                }
-                _ => units.push(self.unit()?),
-            }
-        }
-        Ok(Module {
-            name,
-            extends,
-            units,
-        })
+        Ok(Default::default()) /* ~ changed by cargo-mutants ~ */
     }
 
     fn unit(&mut self) -> Result<Unit> {
         self.fences.push(1);
         let parsed = self.unit_body();
         self.fences.pop();
         parsed
     }


*** /home/ops/.rustup/toolchains/stable-x86_64-unknown-linux-gnu/bin/cargo test --no-run --verbose --package=tla-syntax@0.1.0
       Dirty tla-syntax v0.1.0 (/tmp/cargo-mutants-tlatools-rs-Oau2N9.tmp/crates/tla-syntax): couldn't read metadata for file `target/debug/deps/libtla_syntax-169d03993c2aec3f.rlib`
   Compiling tla-syntax v0.1.0 (/tmp/cargo-mutants-tlatools-rs-Oau2N9.tmp/crates/tla-syntax)
     Running `/home/ops/.rustup/toolchains/stable-x86_64-unknown-linux-gnu/bin/rustc --crate-name tla_syntax --edition=2024 crates/tla-syntax/src/lib.rs --error-format=json --json=diagnostic-rendered-ansi,artifacts,future-incompat --crate-type lib --emit=dep-info,metadata,link -C embed-bitcode=no -C debuginfo=2 '--warn=clippy::pedantic' '--deny=clippy::all' --forbid=unsafe_code '--allow=clippy::similar_names' '--allow=clippy::must_use_candidate' '--allow=clippy::missing_errors_doc' --check-cfg 'cfg(docsrs,test)' --check-cfg 'cfg(feature, values())' -C metadata=85b1367430153dc6 -C extra-filename=-169d03993c2aec3f --out-dir /tmp/cargo-mutants-tlatools-rs-Oau2N9.tmp/target/debug/deps -C incremental=/tmp/cargo-mutants-tlatools-rs-Oau2N9.tmp/target/debug/incremental -L dependency=/tmp/cargo-mutants-tlatools-rs-Oau2N9.tmp/target/debug/deps`
     Running `/home/ops/.rustup/toolchains/stable-x86_64-unknown-linux-gnu/bin/rustc --crate-name tla_syntax --edition=2024 crates/tla-syntax/src/lib.rs --error-format=json --json=diagnostic-rendered-ansi,artifacts,future-incompat --emit=dep-info,link -C embed-bitcode=no -C debuginfo=2 '--warn=clippy::pedantic' '--deny=clippy::all' --forbid=unsafe_code '--allow=clippy::similar_names' '--allow=clippy::must_use_candidate' '--allow=clippy::missing_errors_doc' --test --check-cfg 'cfg(docsrs,test)' --check-cfg 'cfg(feature, values())' -C metadata=b9cdaea3d809ecd1 -C extra-filename=-7b1a32620c4b87af --out-dir /tmp/cargo-mutants-tlatools-rs-Oau2N9.tmp/target/debug/deps -C incremental=/tmp/cargo-mutants-tlatools-rs-Oau2N9.tmp/target/debug/incremental -L dependency=/tmp/cargo-mutants-tlatools-rs-Oau2N9.tmp/target/debug/deps`
error[E0277]: the trait bound `Module: Default` is not satisfied
   --> crates/tla-syntax/src/parser.rs:155:12
    |
155 |         Ok(Default::default()) /* ~ changed by cargo-mutants ~ */
    |            ^^^^^^^^^^^^^^^^^^ the trait `Default` is not implemented for `Module`
    |
help: consider annotating `Module` with `#[derive(Default)]`
   --> crates/tla-syntax/src/ast.rs:4:1
    |
  4 + #[derive(Default)]
  5 | pub struct Module {
    |

For more information about this error, try `rustc --explain E0277`.
error: could not compile `tla-syntax` (lib) due to 1 previous error

Caused by:
  process didn't exit successfully: `/home/ops/.rustup/toolchains/stable-x86_64-unknown-linux-gnu/bin/rustc --crate-name tla_syntax --edition=2024 crates/tla-syntax/src/lib.rs --error-format=json --json=diagnostic-rendered-ansi,artifacts,future-incompat --crate-type lib --emit=dep-info,metadata,link -C embed-bitcode=no -C debuginfo=2 '--warn=clippy::pedantic' '--deny=clippy::all' --forbid=unsafe_code '--allow=clippy::similar_names' '--allow=clippy::must_use_candidate' '--allow=clippy::missing_errors_doc' --check-cfg 'cfg(docsrs,test)' --check-cfg 'cfg(feature, values())' -C metadata=85b1367430153dc6 -C extra-filename=-169d03993c2aec3f --out-dir /tmp/cargo-mutants-tlatools-rs-Oau2N9.tmp/target/debug/deps -C incremental=/tmp/cargo-mutants-tlatools-rs-Oau2N9.tmp/target/debug/incremental -L dependency=/tmp/cargo-mutants-tlatools-rs-Oau2N9.tmp/target/debug/deps` (exit status: 1)
warning: build failed, waiting for other jobs to finish...
error: could not compile `tla-syntax` (lib test) due to 1 previous error

Caused by:
  process didn't exit successfully: `/home/ops/.rustup/toolchains/stable-x86_64-unknown-linux-gnu/bin/rustc --crate-name tla_syntax --edition=2024 crates/tla-syntax/src/lib.rs --error-format=json --json=diagnostic-rendered-ansi,artifacts,future-incompat --emit=dep-info,link -C embed-bitcode=no -C debuginfo=2 '--warn=clippy::pedantic' '--deny=clippy::all' --forbid=unsafe_code '--allow=clippy::similar_names' '--allow=clippy::must_use_candidate' '--allow=clippy::missing_errors_doc' --test --check-cfg 'cfg(docsrs,test)' --check-cfg 'cfg(feature, values())' -C metadata=b9cdaea3d809ecd1 -C extra-filename=-7b1a32620c4b87af --out-dir /tmp/cargo-mutants-tlatools-rs-Oau2N9.tmp/target/debug/deps -C incremental=/tmp/cargo-mutants-tlatools-rs-Oau2N9.tmp/target/debug/incremental -L dependency=/tmp/cargo-mutants-tlatools-rs-Oau2N9.tmp/target/debug/deps` (exit status: 1)

*** result: Failure(101)
