
*** crates/tla-syntax/src/parser.rs:462:13: delete match arm Tok::Ident(_) in Parser::at_definition

*** mutation diff:
--- crates/tla-syntax/src/parser.rs
+++ delete match arm Tok::Ident(_) in Parser::at_definition
@@ -454,24 +454,17 @@
     ///
     /// Matching the shape matters rather than merely finding a `==` further
     /// on: a generated specification wraps expressions into the first column,
     /// and the next definition's `==` is only a few tokens away.
     fn at_definition(&self) -> bool {
         let defeq = |offset: usize| matches!(self.peek_at(offset), Tok::DefEq);
         match self.peek() {
             // `Name ==`, `Name(..) ==`, `Name[..] ==`, `a + b ==`, `b ^+ ==`
-            Tok::Ident(_) => {
-                defeq(1)
-                    || match self.peek_at(1) {
-                        Tok::LParen | Tok::LBrack => defeq(self.past_brackets(1)),
-                        Tok::Op(_) => defeq(2) || (self.is_name(2) && defeq(3)),
-                        _ => false,
-                    }
-            }
+             /* ~ changed by cargo-mutants ~ */
             // `-. a ==`, `- a ==`, `-. _ ==`
             Tok::Op(_) => {
                 let after = usize::from(matches!(self.peek_at(1), Tok::Dot)) + 1;
                 self.is_name(after) && defeq(after + 1)
             }
             _ => false,
         }
     }


*** /home/ops/.rustup/toolchains/stable-x86_64-unknown-linux-gnu/bin/cargo test --no-run --verbose --package=tla-syntax@0.1.0
       Dirty tla-syntax v0.1.0 (/tmp/cargo-mutants-tlatools-rs-5IbVX6.tmp/crates/tla-syntax): the file `crates/tla-syntax/src/parser.rs` has changed (1786406493.089242568s, 1s after last build at 1786406492.649215774s)
   Compiling tla-syntax v0.1.0 (/tmp/cargo-mutants-tlatools-rs-5IbVX6.tmp/crates/tla-syntax)
     Running `/home/ops/.rustup/toolchains/stable-x86_64-unknown-linux-gnu/bin/rustc --crate-name tla_syntax --edition=2024 crates/tla-syntax/src/lib.rs --error-format=json --json=diagnostic-rendered-ansi,artifacts,future-incompat --emit=dep-info,link -C embed-bitcode=no -C debuginfo=2 '--warn=clippy::pedantic' '--deny=clippy::all' --forbid=unsafe_code '--allow=clippy::similar_names' '--allow=clippy::must_use_candidate' '--allow=clippy::missing_errors_doc' --test --check-cfg 'cfg(docsrs,test)' --check-cfg 'cfg(feature, values())' -C metadata=b9cdaea3d809ecd1 -C extra-filename=-7b1a32620c4b87af --out-dir /tmp/cargo-mutants-tlatools-rs-5IbVX6.tmp/target/debug/deps -C incremental=/tmp/cargo-mutants-tlatools-rs-5IbVX6.tmp/target/debug/incremental -L dependency=/tmp/cargo-mutants-tlatools-rs-5IbVX6.tmp/target/debug/deps`
     Running `/home/ops/.rustup/toolchains/stable-x86_64-unknown-linux-gnu/bin/rustc --crate-name tla_syntax --edition=2024 crates/tla-syntax/src/lib.rs --error-format=json --json=diagnostic-rendered-ansi,artifacts,future-incompat --crate-type lib --emit=dep-info,metadata,link -C embed-bitcode=no -C debuginfo=2 '--warn=clippy::pedantic' '--deny=clippy::all' --forbid=unsafe_code '--allow=clippy::similar_names' '--allow=clippy::must_use_candidate' '--allow=clippy::missing_errors_doc' --check-cfg 'cfg(docsrs,test)' --check-cfg 'cfg(feature, values())' -C metadata=85b1367430153dc6 -C extra-filename=-169d03993c2aec3f --out-dir /tmp/cargo-mutants-tlatools-rs-5IbVX6.tmp/target/debug/deps -C incremental=/tmp/cargo-mutants-tlatools-rs-5IbVX6.tmp/target/debug/incremental -L dependency=/tmp/cargo-mutants-tlatools-rs-5IbVX6.tmp/target/debug/deps`
warning: method `past_brackets` is never used
   --> crates/tla-syntax/src/parser.rs:477:8
    |
 71 | impl Parser {
    | ----------- method in this implementation
...
477 |     fn past_brackets(&self, offset: usize) -> usize {
    |        ^^^^^^^^^^^^^
    |
    = note: `#[warn(dead_code)]` (part of `#[warn(unused)]`) on by default

warning: `tla-syntax` (lib test) generated 1 warning
warning: `tla-syntax` (lib) generated 1 warning (1 duplicate)
     Running `/home/ops/.rustup/toolchains/stable-x86_64-unknown-linux-gnu/bin/rustc --crate-name boundaries --edition=2024 crates/tla-syntax/tests/boundaries.rs --error-format=json --json=diagnostic-rendered-ansi,artifacts,future-incompat --emit=dep-info,link -C embed-bitcode=no -C debuginfo=2 '--warn=clippy::pedantic' '--deny=clippy::all' --forbid=unsafe_code '--allow=clippy::similar_names' '--allow=clippy::must_use_candidate' '--allow=clippy::missing_errors_doc' --test --check-cfg 'cfg(docsrs,test)' --check-cfg 'cfg(feature, values())' -C metadata=54b9e5ec2794f140 -C extra-filename=-9be27ec779ef4ecc --out-dir /tmp/cargo-mutants-tlatools-rs-5IbVX6.tmp/target/debug/deps -C incremental=/tmp/cargo-mutants-tlatools-rs-5IbVX6.tmp/target/debug/incremental -L dependency=/tmp/cargo-mutants-tlatools-rs-5IbVX6.tmp/target/debug/deps --extern tla_syntax=/tmp/cargo-mutants-tlatools-rs-5IbVX6.tmp/target/debug/deps/libtla_syntax-169d03993c2aec3f.rlib`
     Running `/home/ops/.rustup/toolchains/stable-x86_64-unknown-linux-gnu/bin/rustc --crate-name depth --edition=2024 crates/tla-syntax/examples/depth.rs --error-format=json --json=diagnostic-rendered-ansi,artifacts,future-incompat --crate-type bin --emit=dep-info,link -C embed-bitcode=no -C debuginfo=2 '--warn=clippy::pedantic' '--deny=clippy::all' --forbid=unsafe_code '--allow=clippy::similar_names' '--allow=clippy::must_use_candidate' '--allow=clippy::missing_errors_doc' --check-cfg 'cfg(docsrs,test)' --check-cfg 'cfg(feature, values())' -C metadata=945ad0d3a4da74b3 -C extra-filename=-2ef4d05ce566e5e5 --out-dir /tmp/cargo-mutants-tlatools-rs-5IbVX6.tmp/target/debug/examples -C incremental=/tmp/cargo-mutants-tlatools-rs-5IbVX6.tmp/target/debug/incremental -L dependency=/tmp/cargo-mutants-tlatools-rs-5IbVX6.tmp/target/debug/deps --extern tla_syntax=/tmp/cargo-mutants-tlatools-rs-5IbVX6.tmp/target/debug/deps/libtla_syntax-169d03993c2aec3f.rlib`
     Running `/home/ops/.rustup/toolchains/stable-x86_64-unknown-linux-gnu/bin/rustc --crate-name audit --edition=2024 crates/tla-syntax/examples/audit.rs --error-format=json --json=diagnostic-rendered-ansi,artifacts,future-incompat --crate-type bin --emit=dep-info,link -C embed-bitcode=no -C debuginfo=2 '--warn=clippy::pedantic' '--deny=clippy::all' --forbid=unsafe_code '--allow=clippy::similar_names' '--allow=clippy::must_use_candidate' '--allow=clippy::missing_errors_doc' --check-cfg 'cfg(docsrs,test)' --check-cfg 'cfg(feature, values())' -C metadata=dbbf919ed7279ef0 -C extra-filename=-0e703b0c6e8c99ba --out-dir /tmp/cargo-mutants-tlatools-rs-5IbVX6.tmp/target/debug/examples -C incremental=/tmp/cargo-mutants-tlatools-rs-5IbVX6.tmp/target/debug/incremental -L dependency=/tmp/cargo-mutants-tlatools-rs-5IbVX6.tmp/target/debug/deps --extern tla_syntax=/tmp/cargo-mutants-tlatools-rs-5IbVX6.tmp/target/debug/deps/libtla_syntax-169d03993c2aec3f.rlib`
     Running `/home/ops/.rustup/toolchains/stable-x86_64-unknown-linux-gnu/bin/rustc --crate-name golden --edition=2024 crates/tla-syntax/tests/golden.rs --error-format=json --json=diagnostic-rendered-ansi,artifacts,future-incompat --emit=dep-info,link -C embed-bitcode=no -C debuginfo=2 '--warn=clippy::pedantic' '--deny=clippy::all' --forbid=unsafe_code '--allow=clippy::similar_names' '--allow=clippy::must_use_candidate' '--allow=clippy::missing_errors_doc' --test --check-cfg 'cfg(docsrs,test)' --check-cfg 'cfg(feature, values())' -C metadata=4c148619f516b9d2 -C extra-filename=-a7c611b7d1e6a805 --out-dir /tmp/cargo-mutants-tlatools-rs-5IbVX6.tmp/target/debug/deps -C incremental=/tmp/cargo-mutants-tlatools-rs-5IbVX6.tmp/target/debug/incremental -L dependency=/tmp/cargo-mutants-tlatools-rs-5IbVX6.tmp/target/debug/deps --extern tla_syntax=/tmp/cargo-mutants-tlatools-rs-5IbVX6.tmp/target/debug/deps/libtla_syntax-169d03993c2aec3f.rlib`
     Running `/home/ops/.rustup/toolchains/stable-x86_64-unknown-linux-gnu/bin/rustc --crate-name parse_specs --edition=2024 crates/tla-syntax/tests/parse_specs.rs --error-format=json --json=diagnostic-rendered-ansi,artifacts,future-incompat --emit=dep-info,link -C embed-bitcode=no -C debuginfo=2 '--warn=clippy::pedantic' '--deny=clippy::all' --forbid=unsafe_code '--allow=clippy::similar_names' '--allow=clippy::must_use_candidate' '--allow=clippy::missing_errors_doc' --test --check-cfg 'cfg(docsrs,test)' --check-cfg 'cfg(feature, values())' -C metadata=a8f81c428969cd5b -C extra-filename=-f79b0d0a70f894ac --out-dir /tmp/cargo-mutants-tlatools-rs-5IbVX6.tmp/target/debug/deps -C incremental=/tmp/cargo-mutants-tlatools-rs-5IbVX6.tmp/target/debug/incremental -L dependency=/tmp/cargo-mutants-tlatools-rs-5IbVX6.tmp/target/debug/deps --extern tla_syntax=/tmp/cargo-mutants-tlatools-rs-5IbVX6.tmp/target/debug/deps/libtla_syntax-169d03993c2aec3f.rlib`
     Running `/home/ops/.rustup/toolchains/stable-x86_64-unknown-linux-gnu/bin/rustc --crate-name printing --edition=2024 crates/tla-syntax/tests/printing.rs --error-format=json --json=diagnostic-rendered-ansi,artifacts,future-incompat --emit=dep-info,link -C embed-bitcode=no -C debuginfo=2 '--warn=clippy::pedantic' '--deny=clippy::all' --forbid=unsafe_code '--allow=clippy::similar_names' '--allow=clippy::must_use_candidate' '--allow=clippy::missing_errors_doc' --test --check-cfg 'cfg(docsrs,test)' --check-cfg 'cfg(feature, values())' -C metadata=630f5e3de7b96aa4 -C extra-filename=-a0b972b47931cbf0 --out-dir /tmp/cargo-mutants-tlatools-rs-5IbVX6.tmp/target/debug/deps -C incremental=/tmp/cargo-mutants-tlatools-rs-5IbVX6.tmp/target/debug/incremental -L dependency=/tmp/cargo-mutants-tlatools-rs-5IbVX6.tmp/target/debug/deps --extern tla_syntax=/tmp/cargo-mutants-tlatools-rs-5IbVX6.tmp/target/debug/deps/libtla_syntax-169d03993c2aec3f.rlib`
     Running `/home/ops/.rustup/toolchains/stable-x86_64-unknown-linux-gnu/bin/rustc --crate-name queries --edition=2024 crates/tla-syntax/tests/queries.rs --error-format=json --json=diagnostic-rendered-ansi,artifacts,future-incompat --emit=dep-info,link -C embed-bitcode=no -C debuginfo=2 '--warn=clippy::pedantic' '--deny=clippy::all' --forbid=unsafe_code '--allow=clippy::similar_names' '--allow=clippy::must_use_candidate' '--allow=clippy::missing_errors_doc' --test --check-cfg 'cfg(docsrs,test)' --check-cfg 'cfg(feature, values())' -C metadata=fc19234c6e95ae98 -C extra-filename=-2cacbc55350fea8e --out-dir /tmp/cargo-mutants-tlatools-rs-5IbVX6.tmp/target/debug/deps -C incremental=/tmp/cargo-mutants-tlatools-rs-5IbVX6.tmp/target/debug/incremental -L dependency=/tmp/cargo-mutants-tlatools-rs-5IbVX6.tmp/target/debug/deps --extern tla_syntax=/tmp/cargo-mutants-tlatools-rs-5IbVX6.tmp/target/debug/deps/libtla_syntax-169d03993c2aec3f.rlib`
     Running `/home/ops/.rustup/toolchains/stable-x86_64-unknown-linux-gnu/bin/rustc --crate-name grammar --edition=2024 crates/tla-syntax/tests/grammar.rs --error-format=json --json=diagnostic-rendered-ansi,artifacts,future-incompat --emit=dep-info,link -C embed-bitcode=no -C debuginfo=2 '--warn=clippy::pedantic' '--deny=clippy::all' --forbid=unsafe_code '--allow=clippy::similar_names' '--allow=clippy::must_use_candidate' '--allow=clippy::missing_errors_doc' --test --check-cfg 'cfg(docsrs,test)' --check-cfg 'cfg(feature, values())' -C metadata=0802b3514e0199db -C extra-filename=-209c7b39092f9a9f --out-dir /tmp/cargo-mutants-tlatools-rs-5IbVX6.tmp/target/debug/deps -C incremental=/tmp/cargo-mutants-tlatools-rs-5IbVX6.tmp/target/debug/incremental -L dependency=/tmp/cargo-mutants-tlatools-rs-5IbVX6.tmp/target/debug/deps --extern tla_syntax=/tmp/cargo-mutants-tlatools-rs-5IbVX6.tmp/target/debug/deps/libtla_syntax-169d03993c2aec3f.rlib`
     Running `/home/ops/.rustup/toolchains/stable-x86_64-unknown-linux-gnu/bin/rustc --crate-name robustness --edition=2024 crates/tla-syntax/tests/robustness.rs --error-format=json --json=diagnostic-rendered-ansi,artifacts,future-incompat --emit=dep-info,link -C embed-bitcode=no -C debuginfo=2 '--warn=clippy::pedantic' '--deny=clippy::all' --forbid=unsafe_code '--allow=clippy::similar_names' '--allow=clippy::must_use_candidate' '--allow=clippy::missing_errors_doc' --test --check-cfg 'cfg(docsrs,test)' --check-cfg 'cfg(feature, values())' -C metadata=3b1de0d84c0f7391 -C extra-filename=-4657dcdff6c43e2f --out-dir /tmp/cargo-mutants-tlatools-rs-5IbVX6.tmp/target/debug/deps -C incremental=/tmp/cargo-mutants-tlatools-rs-5IbVX6.tmp/target/debug/incremental -L dependency=/tmp/cargo-mutants-tlatools-rs-5IbVX6.tmp/target/debug/deps --extern tla_syntax=/tmp/cargo-mutants-tlatools-rs-5IbVX6.tmp/target/debug/deps/libtla_syntax-169d03993c2aec3f.rlib`
    Finished `test` profile [unoptimized + debuginfo] target(s) in 0.34s
  Executable `/tmp/cargo-mutants-tlatools-rs-5IbVX6.tmp/target/debug/deps/tla_syntax-7b1a32620c4b87af`
  Executable `/tmp/cargo-mutants-tlatools-rs-5IbVX6.tmp/target/debug/deps/boundaries-9be27ec779ef4ecc`
  Executable `/tmp/cargo-mutants-tlatools-rs-5IbVX6.tmp/target/debug/deps/golden-a7c611b7d1e6a805`
  Executable `/tmp/cargo-mutants-tlatools-rs-5IbVX6.tmp/target/debug/deps/grammar-209c7b39092f9a9f`
  Executable `/tmp/cargo-mutants-tlatools-rs-5IbVX6.tmp/target/debug/deps/parse_specs-f79b0d0a70f894ac`
  Executable `/tmp/cargo-mutants-tlatools-rs-5IbVX6.tmp/target/debug/deps/printing-a0b972b47931cbf0`
  Executable `/tmp/cargo-mutants-tlatools-rs-5IbVX6.tmp/target/debug/deps/queries-2cacbc55350fea8e`
  Executable `/tmp/cargo-mutants-tlatools-rs-5IbVX6.tmp/target/debug/deps/robustness-4657dcdff6c43e2f`

*** result: Success

*** /home/ops/.rustup/toolchains/stable-x86_64-unknown-linux-gnu/bin/cargo test --verbose --package=tla-syntax@0.1.0
warning: method `past_brackets` is never used
   --> crates/tla-syntax/src/parser.rs:477:8
    |
 71 | impl Parser {
    | ----------- method in this implementation
...
477 |     fn past_brackets(&self, offset: usize) -> usize {
    |        ^^^^^^^^^^^^^
    |
    = note: `#[warn(dead_code)]` (part of `#[warn(unused)]`) on by default

warning: `tla-syntax` (lib) generated 1 warning
       Fresh tla-syntax v0.1.0 (/tmp/cargo-mutants-tlatools-rs-5IbVX6.tmp/crates/tla-syntax)
warning: `tla-syntax` (lib test) generated 1 warning (1 duplicate)
    Finished `test` profile [unoptimized + debuginfo] target(s) in 0.01s
     Running `/tmp/cargo-mutants-tlatools-rs-5IbVX6.tmp/target/debug/deps/tla_syntax-7b1a32620c4b87af`

running 0 tests

test result: ok. 0 passed; 0 failed; 0 ignored; 0 measured; 0 filtered out; finished in 0.00s

     Running `/tmp/cargo-mutants-tlatools-rs-5IbVX6.tmp/target/debug/deps/boundaries-9be27ec779ef4ecc`

running 12 tests
test a_declaration_ends_the_definition_before_it ... ok
test a_bracketed_left_hand_side_is_found_past_its_brackets ... ok
test a_definition_is_written_with_operands_not_holes ... ok
test a_definition_may_be_named_after_a_keyword ... ok
test a_later_definitions_equals_does_not_end_this_one ... ok
test a_let_instance_keeps_its_substitutions ... ok
test a_let_instance_survives_printing ... ok
test a_definition_of_any_shape_ends_the_previous_one ... ok
test a_prefix_definition_needs_a_name_or_a_hole ... ok
test a_substitution_may_be_an_operator_or_an_expression ... ok
test an_expression_wrapped_into_the_first_column_carries_on ... ok
test an_operator_may_be_the_last_argument ... ok

test result: ok. 12 passed; 0 failed; 0 ignored; 0 measured; 0 filtered out; finished in 0.00s

     Running `/tmp/cargo-mutants-tlatools-rs-5IbVX6.tmp/target/debug/deps/golden-a7c611b7d1e6a805`

running 2 tests
test every_specification_matches_its_golden_form ... ok
test the_golden_form_is_itself_readable ... ok

test result: ok. 2 passed; 0 failed; 0 ignored; 0 measured; 0 filtered out; finished in 0.01s

     Running `/tmp/cargo-mutants-tlatools-rs-5IbVX6.tmp/target/debug/deps/grammar-209c7b39092f9a9f`

running 33 tests
test a_choose_inside_braces_is_not_a_set_filter ... ok
test a_decimal_is_kept_as_written ... ok
test a_fairness_subscript_may_be_a_tuple ... ok
test a_function_may_be_defined_by_its_graph ... ok
test a_field_may_be_spelled_like_a_keyword ... ok
test a_lambda_may_be_passed_where_an_operator_is_wanted ... ok
test a_let_may_introduce_an_instance ... ok
test a_module_may_contain_another ... ok
test a_name_may_begin_with_a_digit_or_an_underscore ... ok
test a_named_theorem_keeps_its_statement ... ok
test a_postfix_operator_binds_to_what_precedes_it ... ok
test a_prefix_operator_definition_still_starts_a_unit ... ok
test a_unit_that_reads_nothing_is_an_error_not_a_hang ... ok
test a_proof_is_skipped_and_the_module_continues ... FAILED
test a_proof_step_does_not_look_like_a_comparison ... FAILED
test an_expression_may_continue_into_the_first_column ... ok
test an_action_subscript_is_recognised_past_an_inner_colon ... ok
test an_infix_operator_can_be_defined ... ok
test an_operator_may_follow_a_bulleted_list ... ok
test an_operator_may_be_passed_as_an_argument ... ok
test case_arms_are_separated_by_boxes ... ok
test higher_order_parameters_record_their_arity ... ok
test instance_names_may_be_chained_and_take_arguments ... ok
test except_accepts_several_indices_at_once ... ok
test numbers_may_be_written_in_another_base ... ok
test labels_are_read_and_dropped ... ok
test operators_can_be_declared_by_their_fixity ... ok
test operators_can_be_passed_by_symbol ... ok
test prose_outside_the_module_is_not_lexed ... ok
test prefix_and_postfix_operators_can_be_defined ... ok
test set_filters_and_set_maps_are_told_apart ... ok
test temporal_quantifiers_parse_and_are_marked_as_such ... ok
test the_new_forms_round_trip ... ok

failures:

---- a_proof_is_skipped_and_the_module_continues stdout ----

thread 'a_proof_is_skipped_and_the_module_continues' (1373416) panicked at crates/tla-syntax/tests/grammar.rs:207:5:
the definition after the proof is still read
note: run with `RUST_BACKTRACE=1` environment variable to display a backtrace

---- a_proof_step_does_not_look_like_a_comparison stdout ----

thread 'a_proof_step_does_not_look_like_a_comparison' (1373417) panicked at crates/tla-syntax/tests/grammar.rs:381:5:
the proof was skipped


failures:
    a_proof_is_skipped_and_the_module_continues
    a_proof_step_does_not_look_like_a_comparison

test result: FAILED. 31 passed; 2 failed; 0 ignored; 0 measured; 0 filtered out; finished in 0.00s

error: test failed, to rerun pass `-p tla-syntax --test grammar`

*** result: Failure(101)
