
*** crates/tla-syntax/src/parser.rs:423:13: replace && with || in Parser::at_proof

*** mutation diff:
--- crates/tla-syntax/src/parser.rs
+++ replace && with || in Parser::at_proof
@@ -415,17 +415,17 @@
     fn at_proof(&self) -> bool {
         if matches!(self.peek(), Tok::Kw(Kw::Proof)) {
             return true;
         }
         // A proof step is written `<1>2.`, which reaches us as `<`, a number
         // or name, then `>`. It always begins a line; without that, the `<`
         // and `>` of an ordinary comparison would look the same.
         self.begins_line()
-            && matches!(self.peek(), Tok::Op(Op::Lt))
+            || /* ~ changed by cargo-mutants ~ */ matches!(self.peek(), Tok::Op(Op::Lt))
             && matches!(self.peek_at(2), Tok::Op(Op::Gt))
     }
 
     fn begins_line(&self) -> bool {
         self.pos == 0 || self.toks[self.pos - 1].line < self.toks[self.pos].line
     }
 
     /// Does a new module unit begin here? Only tokens in the first column can,


*** /home/ops/.rustup/toolchains/stable-x86_64-unknown-linux-gnu/bin/cargo test --no-run --verbose --package=tla-syntax@0.1.0
       Dirty tla-syntax v0.1.0 (/tmp/cargo-mutants-tlatools-rs-wuBbcL.tmp/crates/tla-syntax): the file `crates/tla-syntax/src/parser.rs` has changed (1786406490.733099098s, 2s after last build at 1786406488.190944302s)
   Compiling tla-syntax v0.1.0 (/tmp/cargo-mutants-tlatools-rs-wuBbcL.tmp/crates/tla-syntax)
     Running `/home/ops/.rustup/toolchains/stable-x86_64-unknown-linux-gnu/bin/rustc --crate-name tla_syntax --edition=2024 crates/tla-syntax/src/lib.rs --error-format=json --json=diagnostic-rendered-ansi,artifacts,future-incompat --emit=dep-info,link -C embed-bitcode=no -C debuginfo=2 '--warn=clippy::pedantic' '--deny=clippy::all' --forbid=unsafe_code '--allow=clippy::similar_names' '--allow=clippy::must_use_candidate' '--allow=clippy::missing_errors_doc' --test --check-cfg 'cfg(docsrs,test)' --check-cfg 'cfg(feature, values())' -C metadata=b9cdaea3d809ecd1 -C extra-filename=-7b1a32620c4b87af --out-dir /tmp/cargo-mutants-tlatools-rs-wuBbcL.tmp/target/debug/deps -C incremental=/tmp/cargo-mutants-tlatools-rs-wuBbcL.tmp/target/debug/incremental -L dependency=/tmp/cargo-mutants-tlatools-rs-wuBbcL.tmp/target/debug/deps`
     Running `/home/ops/.rustup/toolchains/stable-x86_64-unknown-linux-gnu/bin/rustc --crate-name tla_syntax --edition=2024 crates/tla-syntax/src/lib.rs --error-format=json --json=diagnostic-rendered-ansi,artifacts,future-incompat --crate-type lib --emit=dep-info,metadata,link -C embed-bitcode=no -C debuginfo=2 '--warn=clippy::pedantic' '--deny=clippy::all' --forbid=unsafe_code '--allow=clippy::similar_names' '--allow=clippy::must_use_candidate' '--allow=clippy::missing_errors_doc' --check-cfg 'cfg(docsrs,test)' --check-cfg 'cfg(feature, values())' -C metadata=85b1367430153dc6 -C extra-filename=-169d03993c2aec3f --out-dir /tmp/cargo-mutants-tlatools-rs-wuBbcL.tmp/target/debug/deps -C incremental=/tmp/cargo-mutants-tlatools-rs-wuBbcL.tmp/target/debug/incremental -L dependency=/tmp/cargo-mutants-tlatools-rs-wuBbcL.tmp/target/debug/deps`
     Running `/home/ops/.rustup/toolchains/stable-x86_64-unknown-linux-gnu/bin/rustc --crate-name parse_specs --edition=2024 crates/tla-syntax/tests/parse_specs.rs --error-format=json --json=diagnostic-rendered-ansi,artifacts,future-incompat --emit=dep-info,link -C embed-bitcode=no -C debuginfo=2 '--warn=clippy::pedantic' '--deny=clippy::all' --forbid=unsafe_code '--allow=clippy::similar_names' '--allow=clippy::must_use_candidate' '--allow=clippy::missing_errors_doc' --test --check-cfg 'cfg(docsrs,test)' --check-cfg 'cfg(feature, values())' -C metadata=a8f81c428969cd5b -C extra-filename=-f79b0d0a70f894ac --out-dir /tmp/cargo-mutants-tlatools-rs-wuBbcL.tmp/target/debug/deps -C incremental=/tmp/cargo-mutants-tlatools-rs-wuBbcL.tmp/target/debug/incremental -L dependency=/tmp/cargo-mutants-tlatools-rs-wuBbcL.tmp/target/debug/deps --extern tla_syntax=/tmp/cargo-mutants-tlatools-rs-wuBbcL.tmp/target/debug/deps/libtla_syntax-169d03993c2aec3f.rlib`
     Running `/home/ops/.rustup/toolchains/stable-x86_64-unknown-linux-gnu/bin/rustc --crate-name golden --edition=2024 crates/tla-syntax/tests/golden.rs --error-format=json --json=diagnostic-rendered-ansi,artifacts,future-incompat --emit=dep-info,link -C embed-bitcode=no -C debuginfo=2 '--warn=clippy::pedantic' '--deny=clippy::all' --forbid=unsafe_code '--allow=clippy::similar_names' '--allow=clippy::must_use_candidate' '--allow=clippy::missing_errors_doc' --test --check-cfg 'cfg(docsrs,test)' --check-cfg 'cfg(feature, values())' -C metadata=4c148619f516b9d2 -C extra-filename=-a7c611b7d1e6a805 --out-dir /tmp/cargo-mutants-tlatools-rs-wuBbcL.tmp/target/debug/deps -C incremental=/tmp/cargo-mutants-tlatools-rs-wuBbcL.tmp/target/debug/incremental -L dependency=/tmp/cargo-mutants-tlatools-rs-wuBbcL.tmp/target/debug/deps --extern tla_syntax=/tmp/cargo-mutants-tlatools-rs-wuBbcL.tmp/target/debug/deps/libtla_syntax-169d03993c2aec3f.rlib`
     Running `/home/ops/.rustup/toolchains/stable-x86_64-unknown-linux-gnu/bin/rustc --crate-name boundaries --edition=2024 crates/tla-syntax/tests/boundaries.rs --error-format=json --json=diagnostic-rendered-ansi,artifacts,future-incompat --emit=dep-info,link -C embed-bitcode=no -C debuginfo=2 '--warn=clippy::pedantic' '--deny=clippy::all' --forbid=unsafe_code '--allow=clippy::similar_names' '--allow=clippy::must_use_candidate' '--allow=clippy::missing_errors_doc' --test --check-cfg 'cfg(docsrs,test)' --check-cfg 'cfg(feature, values())' -C metadata=54b9e5ec2794f140 -C extra-filename=-9be27ec779ef4ecc --out-dir /tmp/cargo-mutants-tlatools-rs-wuBbcL.tmp/target/debug/deps -C incremental=/tmp/cargo-mutants-tlatools-rs-wuBbcL.tmp/target/debug/incremental -L dependency=/tmp/cargo-mutants-tlatools-rs-wuBbcL.tmp/target/debug/deps --extern tla_syntax=/tmp/cargo-mutants-tlatools-rs-wuBbcL.tmp/target/debug/deps/libtla_syntax-169d03993c2aec3f.rlib`
     Running `/home/ops/.rustup/toolchains/stable-x86_64-unknown-linux-gnu/bin/rustc --crate-name printing --edition=2024 crates/tla-syntax/tests/printing.rs --error-format=json --json=diagnostic-rendered-ansi,artifacts,future-incompat --emit=dep-info,link -C embed-bitcode=no -C debuginfo=2 '--warn=clippy::pedantic' '--deny=clippy::all' --forbid=unsafe_code '--allow=clippy::similar_names' '--allow=clippy::must_use_candidate' '--allow=clippy::missing_errors_doc' --test --check-cfg 'cfg(docsrs,test)' --check-cfg 'cfg(feature, values())' -C metadata=630f5e3de7b96aa4 -C extra-filename=-a0b972b47931cbf0 --out-dir /tmp/cargo-mutants-tlatools-rs-wuBbcL.tmp/target/debug/deps -C incremental=/tmp/cargo-mutants-tlatools-rs-wuBbcL.tmp/target/debug/incremental -L dependency=/tmp/cargo-mutants-tlatools-rs-wuBbcL.tmp/target/debug/deps --extern tla_syntax=/tmp/cargo-mutants-tlatools-rs-wuBbcL.tmp/target/debug/deps/libtla_syntax-169d03993c2aec3f.rlib`
     Running `/home/ops/.rustup/toolchains/stable-x86_64-unknown-linux-gnu/bin/rustc --crate-name grammar --edition=2024 crates/tla-syntax/tests/grammar.rs --error-format=json --json=diagnostic-rendered-ansi,artifacts,future-incompat --emit=dep-info,link -C embed-bitcode=no -C debuginfo=2 '--warn=clippy::pedantic' '--deny=clippy::all' --forbid=unsafe_code '--allow=clippy::similar_names' '--allow=clippy::must_use_candidate' '--allow=clippy::missing_errors_doc' --test --check-cfg 'cfg(docsrs,test)' --check-cfg 'cfg(feature, values())' -C metadata=0802b3514e0199db -C extra-filename=-209c7b39092f9a9f --out-dir /tmp/cargo-mutants-tlatools-rs-wuBbcL.tmp/target/debug/deps -C incremental=/tmp/cargo-mutants-tlatools-rs-wuBbcL.tmp/target/debug/incremental -L dependency=/tmp/cargo-mutants-tlatools-rs-wuBbcL.tmp/target/debug/deps --extern tla_syntax=/tmp/cargo-mutants-tlatools-rs-wuBbcL.tmp/target/debug/deps/libtla_syntax-169d03993c2aec3f.rlib`
     Running `/home/ops/.rustup/toolchains/stable-x86_64-unknown-linux-gnu/bin/rustc --crate-name queries --edition=2024 crates/tla-syntax/tests/queries.rs --error-format=json --json=diagnostic-rendered-ansi,artifacts,future-incompat --emit=dep-info,link -C embed-bitcode=no -C debuginfo=2 '--warn=clippy::pedantic' '--deny=clippy::all' --forbid=unsafe_code '--allow=clippy::similar_names' '--allow=clippy::must_use_candidate' '--allow=clippy::missing_errors_doc' --test --check-cfg 'cfg(docsrs,test)' --check-cfg 'cfg(feature, values())' -C metadata=fc19234c6e95ae98 -C extra-filename=-2cacbc55350fea8e --out-dir /tmp/cargo-mutants-tlatools-rs-wuBbcL.tmp/target/debug/deps -C incremental=/tmp/cargo-mutants-tlatools-rs-wuBbcL.tmp/target/debug/incremental -L dependency=/tmp/cargo-mutants-tlatools-rs-wuBbcL.tmp/target/debug/deps --extern tla_syntax=/tmp/cargo-mutants-tlatools-rs-wuBbcL.tmp/target/debug/deps/libtla_syntax-169d03993c2aec3f.rlib`
     Running `/home/ops/.rustup/toolchains/stable-x86_64-unknown-linux-gnu/bin/rustc --crate-name robustness --edition=2024 crates/tla-syntax/tests/robustness.rs --error-format=json --json=diagnostic-rendered-ansi,artifacts,future-incompat --emit=dep-info,link -C embed-bitcode=no -C debuginfo=2 '--warn=clippy::pedantic' '--deny=clippy::all' --forbid=unsafe_code '--allow=clippy::similar_names' '--allow=clippy::must_use_candidate' '--allow=clippy::missing_errors_doc' --test --check-cfg 'cfg(docsrs,test)' --check-cfg 'cfg(feature, values())' -C metadata=3b1de0d84c0f7391 -C extra-filename=-4657dcdff6c43e2f --out-dir /tmp/cargo-mutants-tlatools-rs-wuBbcL.tmp/target/debug/deps -C incremental=/tmp/cargo-mutants-tlatools-rs-wuBbcL.tmp/target/debug/incremental -L dependency=/tmp/cargo-mutants-tlatools-rs-wuBbcL.tmp/target/debug/deps --extern tla_syntax=/tmp/cargo-mutants-tlatools-rs-wuBbcL.tmp/target/debug/deps/libtla_syntax-169d03993c2aec3f.rlib`
     Running `/home/ops/.rustup/toolchains/stable-x86_64-unknown-linux-gnu/bin/rustc --crate-name audit --edition=2024 crates/tla-syntax/examples/audit.rs --error-format=json --json=diagnostic-rendered-ansi,artifacts,future-incompat --crate-type bin --emit=dep-info,link -C embed-bitcode=no -C debuginfo=2 '--warn=clippy::pedantic' '--deny=clippy::all' --forbid=unsafe_code '--allow=clippy::similar_names' '--allow=clippy::must_use_candidate' '--allow=clippy::missing_errors_doc' --check-cfg 'cfg(docsrs,test)' --check-cfg 'cfg(feature, values())' -C metadata=dbbf919ed7279ef0 -C extra-filename=-0e703b0c6e8c99ba --out-dir /tmp/cargo-mutants-tlatools-rs-wuBbcL.tmp/target/debug/examples -C incremental=/tmp/cargo-mutants-tlatools-rs-wuBbcL.tmp/target/debug/incremental -L dependency=/tmp/cargo-mutants-tlatools-rs-wuBbcL.tmp/target/debug/deps --extern tla_syntax=/tmp/cargo-mutants-tlatools-rs-wuBbcL.tmp/target/debug/deps/libtla_syntax-169d03993c2aec3f.rlib`
     Running `/home/ops/.rustup/toolchains/stable-x86_64-unknown-linux-gnu/bin/rustc --crate-name depth --edition=2024 crates/tla-syntax/examples/depth.rs --error-format=json --json=diagnostic-rendered-ansi,artifacts,future-incompat --crate-type bin --emit=dep-info,link -C embed-bitcode=no -C debuginfo=2 '--warn=clippy::pedantic' '--deny=clippy::all' --forbid=unsafe_code '--allow=clippy::similar_names' '--allow=clippy::must_use_candidate' '--allow=clippy::missing_errors_doc' --check-cfg 'cfg(docsrs,test)' --check-cfg 'cfg(feature, values())' -C metadata=945ad0d3a4da74b3 -C extra-filename=-2ef4d05ce566e5e5 --out-dir /tmp/cargo-mutants-tlatools-rs-wuBbcL.tmp/target/debug/examples -C incremental=/tmp/cargo-mutants-tlatools-rs-wuBbcL.tmp/target/debug/incremental -L dependency=/tmp/cargo-mutants-tlatools-rs-wuBbcL.tmp/target/debug/deps --extern tla_syntax=/tmp/cargo-mutants-tlatools-rs-wuBbcL.tmp/target/debug/deps/libtla_syntax-169d03993c2aec3f.rlib`
    Finished `test` profile [unoptimized + debuginfo] target(s) in 0.27s
  Executable `/tmp/cargo-mutants-tlatools-rs-wuBbcL.tmp/target/debug/deps/tla_syntax-7b1a32620c4b87af`
  Executable `/tmp/cargo-mutants-tlatools-rs-wuBbcL.tmp/target/debug/deps/boundaries-9be27ec779ef4ecc`
  Executable `/tmp/cargo-mutants-tlatools-rs-wuBbcL.tmp/target/debug/deps/golden-a7c611b7d1e6a805`
  Executable `/tmp/cargo-mutants-tlatools-rs-wuBbcL.tmp/target/debug/deps/grammar-209c7b39092f9a9f`
  Executable `/tmp/cargo-mutants-tlatools-rs-wuBbcL.tmp/target/debug/deps/parse_specs-f79b0d0a70f894ac`
  Executable `/tmp/cargo-mutants-tlatools-rs-wuBbcL.tmp/target/debug/deps/printing-a0b972b47931cbf0`
  Executable `/tmp/cargo-mutants-tlatools-rs-wuBbcL.tmp/target/debug/deps/queries-2cacbc55350fea8e`
  Executable `/tmp/cargo-mutants-tlatools-rs-wuBbcL.tmp/target/debug/deps/robustness-4657dcdff6c43e2f`

*** result: Success

*** /home/ops/.rustup/toolchains/stable-x86_64-unknown-linux-gnu/bin/cargo test --verbose --package=tla-syntax@0.1.0
       Fresh tla-syntax v0.1.0 (/tmp/cargo-mutants-tlatools-rs-wuBbcL.tmp/crates/tla-syntax)
    Finished `test` profile [unoptimized + debuginfo] target(s) in 0.01s
     Running `/tmp/cargo-mutants-tlatools-rs-wuBbcL.tmp/target/debug/deps/tla_syntax-7b1a32620c4b87af`

running 0 tests

test result: ok. 0 passed; 0 failed; 0 ignored; 0 measured; 0 filtered out; finished in 0.00s

     Running `/tmp/cargo-mutants-tlatools-rs-wuBbcL.tmp/target/debug/deps/boundaries-9be27ec779ef4ecc`

running 12 tests
test a_declaration_ends_the_definition_before_it ... FAILED
test a_definition_is_written_with_operands_not_holes ... FAILED
test a_bracketed_left_hand_side_is_found_past_its_brackets ... FAILED
test a_definition_may_be_named_after_a_keyword ... FAILED
test a_definition_of_any_shape_ends_the_previous_one ... FAILED
test a_later_definitions_equals_does_not_end_this_one ... FAILED
test a_let_instance_keeps_its_substitutions ... ok
test a_prefix_definition_needs_a_name_or_a_hole ... FAILED
test a_substitution_may_be_an_operator_or_an_expression ... FAILED
test an_expression_wrapped_into_the_first_column_carries_on ... FAILED
test a_let_instance_survives_printing ... ok
test an_operator_may_be_the_last_argument ... FAILED

failures:

---- a_declaration_ends_the_definition_before_it stdout ----

thread 'a_declaration_ends_the_definition_before_it' (1359529) panicked at crates/tla-syntax/tests/boundaries.rs:19:28:
X is gone
in:
---- MODULE T ----
X == a
VARIABLE v
====
note: run with `RUST_BACKTRACE=1` environment variable to display a backtrace

---- a_definition_is_written_with_operands_not_holes stdout ----

thread 'a_definition_is_written_with_operands_not_holes' (1359530) panicked at crates/tla-syntax/tests/boundaries.rs:109:9:
`_ ** _ == 1` is not TLA+ and SANY rejects it too

---- a_bracketed_left_hand_side_is_found_past_its_brackets stdout ----

thread 'a_bracketed_left_hand_side_is_found_past_its_brackets' (1359528) panicked at crates/tla-syntax/tests/boundaries.rs:19:28:
X is gone
in:
---- MODULE T ----
X == a
Y[i \in [j \in S |-> j]] == i
====

---- a_definition_may_be_named_after_a_keyword stdout ----

thread 'a_definition_may_be_named_after_a_keyword' (1359531) panicked at crates/tla-syntax/tests/boundaries.rs:170:9:
TRUE == FALSE defines TRUE

---- a_definition_of_any_shape_ends_the_previous_one stdout ----

thread 'a_definition_of_any_shape_ends_the_previous_one' (1359532) panicked at crates/tla-syntax/tests/boundaries.rs:19:28:
X is gone
in:
---- MODULE T ----
X == a
Y == 1
====

---- a_later_definitions_equals_does_not_end_this_one stdout ----

thread 'a_later_definitions_equals_does_not_end_this_one' (1359533) panicked at crates/tla-syntax/tests/boundaries.rs:77:27:
X

---- a_prefix_definition_needs_a_name_or_a_hole stdout ----

thread 'a_prefix_definition_needs_a_name_or_a_hole' (1359536) panicked at crates/tla-syntax/tests/boundaries.rs:120:5:
assertion failed: defines("-. a == 0 - a", "-")

---- a_substitution_may_be_an_operator_or_an_expression stdout ----

thread 'a_substitution_may_be_an_operator_or_an_expression' (1359537) panicked at crates/tla-syntax/tests/boundaries.rs:136:9:
expected an instance

---- an_expression_wrapped_into_the_first_column_carries_on stdout ----

thread 'an_expression_wrapped_into_the_first_column_carries_on' (1359538) panicked at crates/tla-syntax/tests/boundaries.rs:19:28:
X is gone
in:
---- MODULE T ----
X == a
\/ b
====

---- an_operator_may_be_the_last_argument stdout ----

thread 'an_operator_may_be_the_last_argument' (1359539) panicked at crates/tla-syntax/tests/boundaries.rs:148:10:
X


failures:
    a_bracketed_left_hand_side_is_found_past_its_brackets
    a_declaration_ends_the_definition_before_it
    a_definition_is_written_with_operands_not_holes
    a_definition_may_be_named_after_a_keyword
    a_definition_of_any_shape_ends_the_previous_one
    a_later_definitions_equals_does_not_end_this_one
    a_prefix_definition_needs_a_name_or_a_hole
    a_substitution_may_be_an_operator_or_an_expression
    an_expression_wrapped_into_the_first_column_carries_on
    an_operator_may_be_the_last_argument

test result: FAILED. 2 passed; 10 failed; 0 ignored; 0 measured; 0 filtered out; finished in 0.00s

error: test failed, to rerun pass `-p tla-syntax --test boundaries`

*** result: Failure(101)
