
*** crates/tla-syntax/src/print.rs:55:5: replace write -> fmt::Result with Ok(Default::default())

*** mutation diff:
--- crates/tla-syntax/src/print.rs
+++ replace write -> fmt::Result with Ok(Default::default())
@@ -47,22 +47,17 @@
         | Expr::If { .. }
         | Expr::Case { .. }
         | Expr::Lambda { .. } => TRAILING,
         _ => ATOM,
     }
 }
 
 fn write(e: &Expr, min: u8, f: &mut fmt::Formatter<'_>) -> fmt::Result {
-    if precedence(e) < min {
-        write!(f, "(")?;
-        write(e, TRAILING, f)?;
-        return write!(f, ")");
-    }
-    bare(e, f)
+    Ok(Default::default()) /* ~ changed by cargo-mutants ~ */
 }
 
 #[expect(
     clippy::too_many_lines,
     reason = "one arm per syntactic form; splitting it would only scatter the grammar"
 )]
 fn bare(e: &Expr, f: &mut fmt::Formatter<'_>) -> fmt::Result {
     match e {


*** /home/ops/.rustup/toolchains/stable-x86_64-unknown-linux-gnu/bin/cargo test --no-run --verbose --package=tla-syntax@0.1.0
    Blocking waiting for file lock on package cache
       Dirty tla-syntax v0.1.0 (/tmp/cargo-mutants-tlatools-rs-DsWQO2.tmp/crates/tla-syntax): the file `crates/tla-syntax/src/print.rs` has changed (1786402980.241790475s, 3s after last build at 1786402977.933649420s)
   Compiling tla-syntax v0.1.0 (/tmp/cargo-mutants-tlatools-rs-DsWQO2.tmp/crates/tla-syntax)
     Running `/home/ops/.rustup/toolchains/stable-x86_64-unknown-linux-gnu/bin/rustc --crate-name tla_syntax --edition=2024 crates/tla-syntax/src/lib.rs --error-format=json --json=diagnostic-rendered-ansi,artifacts,future-incompat --emit=dep-info,link -C embed-bitcode=no -C debuginfo=2 '--warn=clippy::pedantic' '--deny=clippy::all' --forbid=unsafe_code '--allow=clippy::similar_names' '--allow=clippy::must_use_candidate' '--allow=clippy::missing_errors_doc' --test --check-cfg 'cfg(docsrs,test)' --check-cfg 'cfg(feature, values())' -C metadata=b9cdaea3d809ecd1 -C extra-filename=-7b1a32620c4b87af --out-dir /tmp/cargo-mutants-tlatools-rs-DsWQO2.tmp/target/debug/deps -C incremental=/tmp/cargo-mutants-tlatools-rs-DsWQO2.tmp/target/debug/incremental -L dependency=/tmp/cargo-mutants-tlatools-rs-DsWQO2.tmp/target/debug/deps`
     Running `/home/ops/.rustup/toolchains/stable-x86_64-unknown-linux-gnu/bin/rustc --crate-name tla_syntax --edition=2024 crates/tla-syntax/src/lib.rs --error-format=json --json=diagnostic-rendered-ansi,artifacts,future-incompat --crate-type lib --emit=dep-info,metadata,link -C embed-bitcode=no -C debuginfo=2 '--warn=clippy::pedantic' '--deny=clippy::all' --forbid=unsafe_code '--allow=clippy::similar_names' '--allow=clippy::must_use_candidate' '--allow=clippy::missing_errors_doc' --check-cfg 'cfg(docsrs,test)' --check-cfg 'cfg(feature, values())' -C metadata=85b1367430153dc6 -C extra-filename=-169d03993c2aec3f --out-dir /tmp/cargo-mutants-tlatools-rs-DsWQO2.tmp/target/debug/deps -C incremental=/tmp/cargo-mutants-tlatools-rs-DsWQO2.tmp/target/debug/incremental -L dependency=/tmp/cargo-mutants-tlatools-rs-DsWQO2.tmp/target/debug/deps`
warning: unused variable: `e`
  --> crates/tla-syntax/src/print.rs:54:10
   |
54 | fn write(e: &Expr, min: u8, f: &mut fmt::Formatter<'_>) -> fmt::Result {
   |          ^ help: if this is intentional, prefix it with an underscore: `_e`
   |
   = note: `#[warn(unused_variables)]` (part of `#[warn(unused)]`) on by default

warning: unused variable: `min`
  --> crates/tla-syntax/src/print.rs:54:20
   |
54 | fn write(e: &Expr, min: u8, f: &mut fmt::Formatter<'_>) -> fmt::Result {
   |                    ^^^ help: if this is intentional, prefix it with an underscore: `_min`

warning: unused variable: `f`
  --> crates/tla-syntax/src/print.rs:54:29
   |
54 | fn write(e: &Expr, min: u8, f: &mut fmt::Formatter<'_>) -> fmt::Result {
   |                             ^ help: if this is intentional, prefix it with an underscore: `_f`

warning: constant `ATOM` is never used
  --> crates/tla-syntax/src/print.rs:17:7
   |
17 | const ATOM: u8 = u8::MAX;
   |       ^^^^
   |
   = note: `#[warn(dead_code)]` (part of `#[warn(unused)]`) on by default

warning: function `precedence` is never used
  --> crates/tla-syntax/src/print.rs:39:4
   |
39 | fn precedence(e: &Expr) -> u8 {
   |    ^^^^^^^^^^

warning: function `bare` is never used
  --> crates/tla-syntax/src/print.rs:62:4
   |
62 | fn bare(e: &Expr, f: &mut fmt::Formatter<'_>) -> fmt::Result {
   |    ^^^^

warning: function `list` is never used
   --> crates/tla-syntax/src/print.rs:227:4
    |
227 | fn list(items: &[Expr]) -> String {
    |    ^^^^

warning: function `bounds_list` is never used
   --> crates/tla-syntax/src/print.rs:235:4
    |
235 | fn bounds_list(bounds: &[Bound]) -> String {
    |    ^^^^^^^^^^^

warning: function `fields_list` is never used
   --> crates/tla-syntax/src/print.rs:243:4
    |
243 | fn fields_list(fields: &[(String, Expr)], separator: &str) -> String {
    |    ^^^^^^^^^^^

warning: `tla-syntax` (lib test) generated 9 warnings (run `cargo fix --lib -p tla-syntax --tests` to apply 3 suggestions)
warning: `tla-syntax` (lib) generated 9 warnings (9 duplicates)
     Running `/home/ops/.rustup/toolchains/stable-x86_64-unknown-linux-gnu/bin/rustc --crate-name parse_specs --edition=2024 crates/tla-syntax/tests/parse_specs.rs --error-format=json --json=diagnostic-rendered-ansi,artifacts,future-incompat --emit=dep-info,link -C embed-bitcode=no -C debuginfo=2 '--warn=clippy::pedantic' '--deny=clippy::all' --forbid=unsafe_code '--allow=clippy::similar_names' '--allow=clippy::must_use_candidate' '--allow=clippy::missing_errors_doc' --test --check-cfg 'cfg(docsrs,test)' --check-cfg 'cfg(feature, values())' -C metadata=a8f81c428969cd5b -C extra-filename=-f79b0d0a70f894ac --out-dir /tmp/cargo-mutants-tlatools-rs-DsWQO2.tmp/target/debug/deps -C incremental=/tmp/cargo-mutants-tlatools-rs-DsWQO2.tmp/target/debug/incremental -L dependency=/tmp/cargo-mutants-tlatools-rs-DsWQO2.tmp/target/debug/deps --extern tla_syntax=/tmp/cargo-mutants-tlatools-rs-DsWQO2.tmp/target/debug/deps/libtla_syntax-169d03993c2aec3f.rlib`
     Running `/home/ops/.rustup/toolchains/stable-x86_64-unknown-linux-gnu/bin/rustc --crate-name robustness --edition=2024 crates/tla-syntax/tests/robustness.rs --error-format=json --json=diagnostic-rendered-ansi,artifacts,future-incompat --emit=dep-info,link -C embed-bitcode=no -C debuginfo=2 '--warn=clippy::pedantic' '--deny=clippy::all' --forbid=unsafe_code '--allow=clippy::similar_names' '--allow=clippy::must_use_candidate' '--allow=clippy::missing_errors_doc' --test --check-cfg 'cfg(docsrs,test)' --check-cfg 'cfg(feature, values())' -C metadata=3b1de0d84c0f7391 -C extra-filename=-4657dcdff6c43e2f --out-dir /tmp/cargo-mutants-tlatools-rs-DsWQO2.tmp/target/debug/deps -C incremental=/tmp/cargo-mutants-tlatools-rs-DsWQO2.tmp/target/debug/incremental -L dependency=/tmp/cargo-mutants-tlatools-rs-DsWQO2.tmp/target/debug/deps --extern tla_syntax=/tmp/cargo-mutants-tlatools-rs-DsWQO2.tmp/target/debug/deps/libtla_syntax-169d03993c2aec3f.rlib`
     Running `/home/ops/.rustup/toolchains/stable-x86_64-unknown-linux-gnu/bin/rustc --crate-name grammar --edition=2024 crates/tla-syntax/tests/grammar.rs --error-format=json --json=diagnostic-rendered-ansi,artifacts,future-incompat --emit=dep-info,link -C embed-bitcode=no -C debuginfo=2 '--warn=clippy::pedantic' '--deny=clippy::all' --forbid=unsafe_code '--allow=clippy::similar_names' '--allow=clippy::must_use_candidate' '--allow=clippy::missing_errors_doc' --test --check-cfg 'cfg(docsrs,test)' --check-cfg 'cfg(feature, values())' -C metadata=0802b3514e0199db -C extra-filename=-209c7b39092f9a9f --out-dir /tmp/cargo-mutants-tlatools-rs-DsWQO2.tmp/target/debug/deps -C incremental=/tmp/cargo-mutants-tlatools-rs-DsWQO2.tmp/target/debug/incremental -L dependency=/tmp/cargo-mutants-tlatools-rs-DsWQO2.tmp/target/debug/deps --extern tla_syntax=/tmp/cargo-mutants-tlatools-rs-DsWQO2.tmp/target/debug/deps/libtla_syntax-169d03993c2aec3f.rlib`
     Running `/home/ops/.rustup/toolchains/stable-x86_64-unknown-linux-gnu/bin/rustc --crate-name depth --edition=2024 crates/tla-syntax/examples/depth.rs --error-format=json --json=diagnostic-rendered-ansi,artifacts,future-incompat --crate-type bin --emit=dep-info,link -C embed-bitcode=no -C debuginfo=2 '--warn=clippy::pedantic' '--deny=clippy::all' --forbid=unsafe_code '--allow=clippy::similar_names' '--allow=clippy::must_use_candidate' '--allow=clippy::missing_errors_doc' --check-cfg 'cfg(docsrs,test)' --check-cfg 'cfg(feature, values())' -C metadata=945ad0d3a4da74b3 -C extra-filename=-2ef4d05ce566e5e5 --out-dir /tmp/cargo-mutants-tlatools-rs-DsWQO2.tmp/target/debug/examples -C incremental=/tmp/cargo-mutants-tlatools-rs-DsWQO2.tmp/target/debug/incremental -L dependency=/tmp/cargo-mutants-tlatools-rs-DsWQO2.tmp/target/debug/deps --extern tla_syntax=/tmp/cargo-mutants-tlatools-rs-DsWQO2.tmp/target/debug/deps/libtla_syntax-169d03993c2aec3f.rlib`
     Running `/home/ops/.rustup/toolchains/stable-x86_64-unknown-linux-gnu/bin/rustc --crate-name queries --edition=2024 crates/tla-syntax/tests/queries.rs --error-format=json --json=diagnostic-rendered-ansi,artifacts,future-incompat --emit=dep-info,link -C embed-bitcode=no -C debuginfo=2 '--warn=clippy::pedantic' '--deny=clippy::all' --forbid=unsafe_code '--allow=clippy::similar_names' '--allow=clippy::must_use_candidate' '--allow=clippy::missing_errors_doc' --test --check-cfg 'cfg(docsrs,test)' --check-cfg 'cfg(feature, values())' -C metadata=fc19234c6e95ae98 -C extra-filename=-2cacbc55350fea8e --out-dir /tmp/cargo-mutants-tlatools-rs-DsWQO2.tmp/target/debug/deps -C incremental=/tmp/cargo-mutants-tlatools-rs-DsWQO2.tmp/target/debug/incremental -L dependency=/tmp/cargo-mutants-tlatools-rs-DsWQO2.tmp/target/debug/deps --extern tla_syntax=/tmp/cargo-mutants-tlatools-rs-DsWQO2.tmp/target/debug/deps/libtla_syntax-169d03993c2aec3f.rlib`
     Running `/home/ops/.rustup/toolchains/stable-x86_64-unknown-linux-gnu/bin/rustc --crate-name printing --edition=2024 crates/tla-syntax/tests/printing.rs --error-format=json --json=diagnostic-rendered-ansi,artifacts,future-incompat --emit=dep-info,link -C embed-bitcode=no -C debuginfo=2 '--warn=clippy::pedantic' '--deny=clippy::all' --forbid=unsafe_code '--allow=clippy::similar_names' '--allow=clippy::must_use_candidate' '--allow=clippy::missing_errors_doc' --test --check-cfg 'cfg(docsrs,test)' --check-cfg 'cfg(feature, values())' -C metadata=630f5e3de7b96aa4 -C extra-filename=-a0b972b47931cbf0 --out-dir /tmp/cargo-mutants-tlatools-rs-DsWQO2.tmp/target/debug/deps -C incremental=/tmp/cargo-mutants-tlatools-rs-DsWQO2.tmp/target/debug/incremental -L dependency=/tmp/cargo-mutants-tlatools-rs-DsWQO2.tmp/target/debug/deps --extern tla_syntax=/tmp/cargo-mutants-tlatools-rs-DsWQO2.tmp/target/debug/deps/libtla_syntax-169d03993c2aec3f.rlib`
     Running `/home/ops/.rustup/toolchains/stable-x86_64-unknown-linux-gnu/bin/rustc --crate-name audit --edition=2024 crates/tla-syntax/examples/audit.rs --error-format=json --json=diagnostic-rendered-ansi,artifacts,future-incompat --crate-type bin --emit=dep-info,link -C embed-bitcode=no -C debuginfo=2 '--warn=clippy::pedantic' '--deny=clippy::all' --forbid=unsafe_code '--allow=clippy::similar_names' '--allow=clippy::must_use_candidate' '--allow=clippy::missing_errors_doc' --check-cfg 'cfg(docsrs,test)' --check-cfg 'cfg(feature, values())' -C metadata=dbbf919ed7279ef0 -C extra-filename=-0e703b0c6e8c99ba --out-dir /tmp/cargo-mutants-tlatools-rs-DsWQO2.tmp/target/debug/examples -C incremental=/tmp/cargo-mutants-tlatools-rs-DsWQO2.tmp/target/debug/incremental -L dependency=/tmp/cargo-mutants-tlatools-rs-DsWQO2.tmp/target/debug/deps --extern tla_syntax=/tmp/cargo-mutants-tlatools-rs-DsWQO2.tmp/target/debug/deps/libtla_syntax-169d03993c2aec3f.rlib`
    Finished `test` profile [unoptimized + debuginfo] target(s) in 0.92s
  Executable `/tmp/cargo-mutants-tlatools-rs-DsWQO2.tmp/target/debug/deps/tla_syntax-7b1a32620c4b87af`
  Executable `/tmp/cargo-mutants-tlatools-rs-DsWQO2.tmp/target/debug/deps/grammar-209c7b39092f9a9f`
  Executable `/tmp/cargo-mutants-tlatools-rs-DsWQO2.tmp/target/debug/deps/parse_specs-f79b0d0a70f894ac`
  Executable `/tmp/cargo-mutants-tlatools-rs-DsWQO2.tmp/target/debug/deps/printing-a0b972b47931cbf0`
  Executable `/tmp/cargo-mutants-tlatools-rs-DsWQO2.tmp/target/debug/deps/queries-2cacbc55350fea8e`
  Executable `/tmp/cargo-mutants-tlatools-rs-DsWQO2.tmp/target/debug/deps/robustness-4657dcdff6c43e2f`

*** result: Success

*** /home/ops/.rustup/toolchains/stable-x86_64-unknown-linux-gnu/bin/cargo test --verbose --package=tla-syntax@0.1.0
warning: unused variable: `e`
  --> crates/tla-syntax/src/print.rs:54:10
   |
54 | fn write(e: &Expr, min: u8, f: &mut fmt::Formatter<'_>) -> fmt::Result {
   |          ^ help: if this is intentional, prefix it with an underscore: `_e`
   |
   = note: `#[warn(unused_variables)]` (part of `#[warn(unused)]`) on by default

warning: unused variable: `min`
  --> crates/tla-syntax/src/print.rs:54:20
   |
54 | fn write(e: &Expr, min: u8, f: &mut fmt::Formatter<'_>) -> fmt::Result {
   |                    ^^^ help: if this is intentional, prefix it with an underscore: `_min`

warning: unused variable: `f`
  --> crates/tla-syntax/src/print.rs:54:29
   |
54 | fn write(e: &Expr, min: u8, f: &mut fmt::Formatter<'_>) -> fmt::Result {
   |                             ^ help: if this is intentional, prefix it with an underscore: `_f`

warning: constant `ATOM` is never used
  --> crates/tla-syntax/src/print.rs:17:7
   |
17 | const ATOM: u8 = u8::MAX;
   |       ^^^^
   |
   = note: `#[warn(dead_code)]` (part of `#[warn(unused)]`) on by default

warning: function `precedence` is never used
  --> crates/tla-syntax/src/print.rs:39:4
   |
39 | fn precedence(e: &Expr) -> u8 {
   |    ^^^^^^^^^^

warning: function `bare` is never used
  --> crates/tla-syntax/src/print.rs:62:4
   |
62 | fn bare(e: &Expr, f: &mut fmt::Formatter<'_>) -> fmt::Result {
   |    ^^^^

warning: function `list` is never used
   --> crates/tla-syntax/src/print.rs:227:4
    |
227 | fn list(items: &[Expr]) -> String {
    |    ^^^^

warning: function `bounds_list` is never used
   --> crates/tla-syntax/src/print.rs:235:4
    |
235 | fn bounds_list(bounds: &[Bound]) -> String {
    |    ^^^^^^^^^^^

warning: function `fields_list` is never used
   --> crates/tla-syntax/src/print.rs:243:4
    |
243 | fn fields_list(fields: &[(String, Expr)], separator: &str) -> String {
    |    ^^^^^^^^^^^

warning: `tla-syntax` (lib) generated 9 warnings (run `cargo fix --lib -p tla-syntax` to apply 3 suggestions)
       Fresh tla-syntax v0.1.0 (/tmp/cargo-mutants-tlatools-rs-DsWQO2.tmp/crates/tla-syntax)
warning: `tla-syntax` (lib test) generated 9 warnings (9 duplicates)
    Finished `test` profile [unoptimized + debuginfo] target(s) in 0.01s
     Running `/tmp/cargo-mutants-tlatools-rs-DsWQO2.tmp/target/debug/deps/tla_syntax-7b1a32620c4b87af`

running 0 tests

test result: ok. 0 passed; 0 failed; 0 ignored; 0 measured; 0 filtered out; finished in 0.00s

     Running `/tmp/cargo-mutants-tlatools-rs-DsWQO2.tmp/target/debug/deps/grammar-209c7b39092f9a9f`

running 23 tests
test a_function_may_be_defined_by_its_graph ... ok
test a_fairness_subscript_may_be_a_tuple ... ok
test a_module_may_contain_another ... ok
test a_choose_inside_braces_is_not_a_set_filter ... ok
test a_named_theorem_keeps_its_statement ... ok
test a_name_may_begin_with_a_digit_or_an_underscore ... ok
test a_lambda_may_be_passed_where_an_operator_is_wanted ... ok
test a_postfix_operator_binds_to_what_precedes_it ... ok
test a_proof_is_skipped_and_the_module_continues ... ok
test an_infix_operator_can_be_defined ... ok
test an_action_subscript_is_recognised_past_an_inner_colon ... ok
test an_operator_may_be_passed_as_an_argument ... ok
test an_operator_may_follow_a_bulleted_list ... ok
test except_accepts_several_indices_at_once ... ok
test case_arms_are_separated_by_boxes ... ok
test higher_order_parameters_record_their_arity ... ok
test instance_names_may_be_chained_and_take_arguments ... ok
test labels_are_read_and_dropped ... FAILED
test prefix_and_postfix_operators_can_be_defined ... ok
test prose_outside_the_module_is_not_lexed ... ok
test set_filters_and_set_maps_are_told_apart ... ok
test temporal_quantifiers_parse_and_are_marked_as_such ... ok
test the_new_forms_round_trip ... FAILED

failures:

---- labels_are_read_and_dropped stdout ----

thread 'labels_are_read_and_dropped' (1024784) panicked at crates/tla-syntax/tests/grammar.rs:223:5:
assertion `left == right` failed
  left: ""
 right: "x = 1 /\\ y = 2"
note: run with `RUST_BACKTRACE=1` environment variable to display a backtrace

---- the_new_forms_round_trip stdout ----

thread 'the_new_forms_round_trip' (1024789) panicked at crates/tla-syntax/tests/grammar.rs:260:33:
re-reading ``: parse error at 1:1: expected an expression, found Eof


failures:
    labels_are_read_and_dropped
    the_new_forms_round_trip

test result: FAILED. 21 passed; 2 failed; 0 ignored; 0 measured; 0 filtered out; finished in 0.00s

error: test failed, to rerun pass `-p tla-syntax --test grammar`

*** result: Failure(101)
